Scenario - comrecognition long version
Logfile written - 05/04/2023 14:59:23

Subject	Trial	Event Type	Code	Time	TTime	Uncertainty	Duration	Uncertainty	ReqTime	ReqDur	Stim Type	Pair Index

P003	1	Picture	rec001	10164	0	1	40163	1	0	40000	other	0
P003	1	Response	A	47065	36902	1
P003	2	Picture	rec002	60326	0	1	40163	1	0	40000	other	0
P003	2	Response	A	69745	9419	1
P003	3	Picture	rec003	110488	0	1	40163	1	0	40000	other	0
P003	3	Response	L	117585	7097	1
P003	4	Picture	rec004	160651	0	1	40163	1	0	40000	other	0
P003	4	Response	A	167015	6365	1
P003	5	Picture	rec005	210813	0	1	40163	1	0	40000	other	0
P003	5	Response	A	215655	4842	1
P003	6	Picture	rec006	260975	0	1	40163	1	0	40000	other	0
P003	6	Response	A	271075	10100	1
P003	7	Picture	rec007	311137	0	1	40163	1	0	40000	other	0
P003	7	Response	A	324985	13848	1
P003	8	Picture	rec008	361300	0	1	40163	1	0	40000	other	0
P003	8	Response	A	375725	14425	1
P003	9	Picture	rec009	411462	0	1	40163	1	0	40000	other	0
P003	9	Response	L	419635	8173	1
P003	10	Picture	rec010	461624	0	1	40163	1	0	40000	other	0
P003	10	Response	A	467945	6320	1
P003	11	Picture	rec011	511787	0	1	40163	1	0	40000	other	0
P003	11	Response	L	524565	12779	1
P003	12	Picture	rec012	561949	0	1	40163	1	0	40000	other	0
P003	12	Response	L	577254	15305	1
P003	13	Picture	rec013	612111	0	1	40163	1	0	40000	other	0
P003	13	Response	A	618635	6523	1
P003	14	Picture	rec014	662274	0	1	40163	1	0	40000	other	0
P003	14	Response	L	672894	10621	1
P003	15	Picture	rec015	712436	0	1	40163	1	0	40000	other	0
P003	15	Response	L	723465	11029	1
P003	16	Picture	rec016	762598	0	1	40163	1	0	40000	other	0
P003	16	Response	A	772894	10296	1
P003	17	Picture	rec017	812760	0	1	40163	1	0	40000	other	0
P003	17	Response	A	817934	5174	1
P003	18	Picture	rec018	862923	0	1	40163	1	0	40000	other	0
P003	18	Response	L	876144	13222	1
P003	19	Picture	rec019	913085	0	1	40163	1	0	40000	other	0
P003	19	Response	L	925634	12549	1
P003	20	Picture	rec020	963247	0	1	40163	1	0	40000	other	0
P003	20	Response	A	970934	7687	1
P003	21	Picture	rec021	1013410	0	1	40163	1	0	40000	other	0
P003	21	Response	A	1029094	15684	1
P003	22	Picture	rec022	1063572	0	1	40163	1	0	40000	other	0
P003	22	Response	L	1078454	14883	1
P003	23	Picture	rec023	1113734	0	1	40163	1	0	40000	other	0
P003	23	Response	L	1144454	30720	1
P003	24	Picture	rec024	1163897	0	1	40163	1	0	40000	other	0
P003	24	Response	A	1170604	6707	1
P003	25	Picture	rec025	1214059	0	1	40163	1	0	40000	other	0
P003	25	Response	L	1224164	10105	1
P003	26	Picture	rec026	1264221	0	1	40163	1	0	40000	other	0
P003	26	Response	A	1276464	12243	1
P003	27	Picture	rec027	1314383	0	1	40163	1	0	40000	other	0
P003	27	Response	L	1322014	7630	1
P003	28	Picture	rec028	1364546	0	1	40163	1	0	40000	other	0
P003	28	Response	L	1376564	12018	1
P003	29	Picture	rec029	1414708	0	1	40163	1	0	40000	other	0
P003	29	Response	A	1421613	6905	1
P003	30	Picture	rec030	1464870	0	1	40163	1	0	40000	other	0
P003	30	Response	A	1472663	7793	1
P003	31	Picture	rec031	1515033	0	1	40163	1	0	40000	other	0
P003	31	Response	A	1530243	15211	1
P003	32	Picture	rec032	1565195	0	1	40163	1	0	40000	other	0
P003	32	Response	L	1592093	26898	1
P003	33	Picture	rec033	1615357	0	1	40163	1	0	40000	other	0
P003	33	Response	L	1633753	18396	1
P003	34	Picture	rec034	1665520	0	1	40163	1	0	40000	other	0
P003	34	Response	A	1672913	7393	1
P003	35	Picture	rec035	1715682	0	1	40163	1	0	40000	other	0
P003	35	Response	A	1729463	13781	1
P003	36	Picture	rec036	1765844	0	1	40163	1	0	40000	other	0
P003	36	Response	A	1772333	6489	1
P003	37	Picture	rec037	1816006	0	1	40163	1	0	40000	other	0
P003	37	Response	L	1825553	9546	1
P003	38	Picture	rec038	1866169	0	1	40163	1	0	40000	other	0
P003	38	Response	L	1892233	26064	1
P003	39	Picture	rec039	1916331	0	1	40163	1	0	40000	other	0
P003	39	Response	A	1922953	6622	1
P003	40	Picture	rec040	1966493	0	1	40163	1	0	40000	other	0
P003	40	Response	L	1986373	19880	1
P003	41	Picture	rec041	2016656	0	1	40163	1	0	40000	other	0
P003	41	Response	L	2026502	9847	1
P003	42	Picture	rec042	2066818	0	1	40163	1	0	40000	other	0
P003	42	Response	L	2077632	10814	1
P003	43	Picture	rec043	2116980	0	1	40163	1	0	40000	other	0
P003	43	Response	A	2125002	8022	1
P003	44	Picture	rec044	2167143	0	1	40163	1	0	40000	other	0
P003	44	Response	L	2174593	7450	1
P003	45	Picture	rec045	2217305	0	1	40163	1	0	40000	other	0
P003	45	Response	L	2252632	35328	1
P003	46	Picture	rec046	2267467	0	1	40163	1	0	40000	other	0
P003	46	Response	A	2279393	11925	1
P003	47	Picture	rec047	2317629	0	1	40163	1	0	40000	other	0
P003	47	Response	A	2326182	8553	1
P003	48	Picture	rec048	2367792	0	1	40163	1	0	40000	other	0
P003	48	Response	A	2374012	6220	1
P003	49	Picture	rec049	2417954	0	1	40163	1	0	40000	other	0
P003	49	Response	A	2424492	6538	1
P003	50	Picture	rec050	2468116	0	1	40163	1	0	40000	other	0
P003	50	Response	A	2474662	6546	1
P003	51	Picture	rec052	2518279	0	1	40163	1	0	40000	other	0
P003	51	Response	A	2548652	30373	1
P003	52	Picture	rec053	2568441	0	1	40163	1	0	40000	other	0
P003	52	Response	L	2580622	12181	1
P003	53	Picture	rec054	2618603	0	1	40163	1	0	40000	other	0
P003	53	Response	L	2627812	9209	1
P003	54	Picture	rec055	2668766	0	1	40163	1	0	40000	other	0
P003	54	Response	L	2681542	12776	1
P003	55	Picture	rec057	2718928	0	1	40163	1	0	40000	other	0
P003	55	Response	L	2731752	12824	1
P003	56	Picture	rec058	2769090	0	1	40163	1	0	40000	other	0
P003	56	Response	A	2790342	21251	1
P003	57	Picture	rec059	2819252	0	1	40163	1	0	40000	other	0
P003	57	Response	L	2832942	13689	1
P003	58	Picture	rec060	2869415	0	1	40163	1	0	40000	other	0
P003	58	Response	L	2881982	12567	1
P003	59	Picture	rec061	2919577	0	1	40163	1	0	40000	other	0
P003	59	Response	L	2943901	24324	1
P003	60	Picture	rec062	2969739	0	1	40163	1	0	40000	other	0
P003	60	Response	A	2979161	9422	1
P003	61	Picture	rec063	3019902	0	1	40163	1	0	40000	other	0
P003	61	Response	L	3029741	9840	1
P003	62	Picture	rec064	3070064	0	1	40163	1	0	40000	other	0
P003	62	Response	L	3079422	9358	1
P003	63	Picture	rec065	3120226	0	1	40163	1	0	40000	other	0
P003	63	Response	L	3128702	8475	1
P003	64	Picture	rec066	3170389	0	1	40163	1	0	40000	other	0
P003	64	Response	A	3177231	6843	1
P003	65	Picture	rec068	3220551	0	1	40163	1	0	40000	other	0
P003	65	Response	A	3226891	6340	1
P003	66	Picture	rec069	3270713	0	1	40163	1	0	40000	other	0
P003	66	Response	A	3282261	11548	1
P003	67	Picture	rec070	3320875	0	1	40163	1	0	40000	other	0
P003	67	Response	L	3329681	8805	1
P003	68	Picture	rec073	3371038	0	1	40163	1	0	40000	other	0
P003	68	Response	L	3382491	11453	1
P003	69	Picture	rec074	3421200	0	1	40163	1	0	40000	other	0
P003	69	Response	A	3426751	5551	1
P003	70	Picture	rec075	3471362	0	1	40163	1	0	40000	other	0
P003	70	Response	L	3486721	15359	1
P003	71	Picture	rec076	3521525	0	1	40163	1	0	40000	other	0
P003	71	Response	A	3556311	34786	1
P003	72	Picture	rec077	3571687	0	1	40163	1	0	40000	other	0
P003	72	Response	L	3592571	20884	1
P003	73	Picture	rec078	3621849	0	1	40163	1	0	40000	other	0
P003	73	Response	A	3629141	7291	1
P003	74	Picture	rec079	3672012	0	1	40163	1	0	40000	other	0
P003	74	Response	L	3687730	15718	1
P003	75	Picture	rec081	3722174	0	1	40163	1	0	40000	other	0
P003	75	Response	L	3729470	7296	1
P003	76	Picture	rec082	3772336	0	1	40163	1	0	40000	other	0
P003	76	Response	A	3780111	7774	1
P003	77	Picture	rec083	3822498	0	1	40163	1	0	40000	other	0
P003	77	Response	L	3829890	7392	1
P003	78	Picture	rec085	3872661	0	1	40163	1	0	40000	other	0
P003	78	Response	L	3879770	7109	1
P003	79	Picture	rec086	3922823	0	1	40163	1	0	40000	other	0
P003	79	Response	L	3931120	8297	1
P003	80	Picture	rec087	3972985	0	1	40163	1	0	40000	other	0
P003	80	Response	L	3991590	18605	1
P003	81	Picture	rec088	4023148	0	1	40163	1	0	40000	other	0
P003	81	Response	L	4031220	8072	1
P003	82	Picture	rec090	4073310	0	1	40163	1	0	40000	other	0
P003	82	Response	L	4081360	8050	1
P003	83	Picture	rec091	4123472	0	1	40163	1	0	40000	other	0
P003	83	Response	L	4131230	7758	1
