Scenario - comrecognition long version
Logfile written - 05/17/2023 15:00:00

Subject	Trial	Event Type	Code	Time	TTime	Uncertainty	Duration	Uncertainty	ReqTime	ReqDur	Stim Type	Pair Index

P004	1	Picture	rec001	10166	0	1	40163	1	0	40000	other	0
P004	1	Response	L	36084	25918	1
P004	2	Picture	rec002	60329	0	1	40163	1	0	40000	other	0
P004	2	Response	L	72485	12156	1
P004	3	Picture	rec003	110491	0	1	40163	1	0	40000	other	0
P004	3	Response	A	122604	12114	1
P004	4	Picture	rec004	160653	0	1	40163	1	0	40000	other	0
P004	4	Response	A	171853	11200	1
P004	5	Picture	rec005	210815	0	1	40163	1	0	40000	other	0
P004	5	Response	A	223774	12959	1
P004	6	Picture	rec006	260978	0	1	40163	1	0	40000	other	0
P004	6	Response	A	301913	40935	1
P004	7	Picture	rec007	311140	0	1	40163	1	0	40000	other	0
P004	7	Response	A	324094	12954	1
P004	8	Picture	rec008	361302	0	1	40163	1	0	40000	other	0
P004	8	Response	L	373484	12182	1
P004	9	Picture	rec009	411465	0	1	40163	1	0	40000	other	0
P004	9	Response	A	449924	38459	1
P004	10	Picture	rec010	461627	0	1	40163	1	0	40000	other	0
P004	10	Response	A	471653	10026	1
P004	11	Picture	rec011	511789	0	1	40163	1	0	40000	other	0
P004	11	Response	A	531434	19645	1
P004	12	Picture	rec012	561952	0	1	40163	1	0	40000	other	0
P004	12	Response	A	571804	9852	1
P004	13	Picture	rec013	612114	0	1	40163	1	0	40000	other	0
P004	13	Response	L	626104	13990	1
P004	14	Picture	rec014	662276	0	1	40163	1	0	40000	other	0
P004	14	Response	L	676434	14157	1
P004	15	Picture	rec015	712438	0	1	40163	1	0	40000	other	0
P004	15	Response	L	727753	15315	1
P004	16	Picture	rec016	762601	0	1	40163	1	0	40000	other	0
P004	16	Response	A	774123	11522	1
P004	17	Picture	rec017	812763	0	1	40163	1	0	40000	other	0
P004	17	Response	A	823613	10850	1
P004	18	Picture	rec018	862925	0	1	40163	1	0	40000	other	0
P004	18	Response	A	873425	10500	1
P004	19	Picture	rec019	913088	0	1	40163	1	0	40000	other	0
P004	19	Response	A	922153	9066	1
P004	20	Picture	rec020	963250	0	1	40163	1	0	40000	other	0
P004	20	Response	A	973923	10673	1
P004	21	Picture	rec021	1013412	0	1	40163	1	0	40000	other	0
P004	21	Response	L	1025873	12461	1
P004	22	Picture	rec022	1063575	0	1	40163	1	0	40000	other	0
P004	22	Response	A	1077762	14187	1
P004	23	Picture	rec023	1113737	0	1	40163	1	0	40000	other	0
P004	23	Response	L	1147873	34136	1
P004	24	Picture	rec024	1163899	0	1	40163	1	0	40000	other	0
P004	24	Response	L	1185702	21803	1
P004	25	Picture	rec025	1214061	0	1	40163	1	0	40000	other	0
P004	25	Response	L	1227313	13251	1
P004	26	Picture	rec026	1264224	0	1	40163	1	0	40000	other	0
P004	26	Response	L	1273593	9369	1
P004	27	Picture	rec027	1314386	0	1	40163	1	0	40000	other	0
P004	27	Response	L	1326483	12097	1
P004	28	Picture	rec028	1364548	0	1	40163	1	0	40000	other	0
P004	28	Response	L	1375933	11385	1
P004	29	Picture	rec029	1414711	0	1	40163	1	0	40000	other	0
P004	29	Response	L	1425801	11090	1
P004	30	Picture	rec030	1464873	0	1	40163	1	0	40000	other	0
P004	30	Response	A	1477963	13090	1
P004	31	Picture	rec031	1515035	0	1	40163	1	0	40000	other	0
P004	31	Response	L	1530482	15446	1
P004	32	Picture	rec032	1565198	0	1	40163	1	0	40000	other	0
P004	32	Response	A	1578423	13225	1
P004	33	Picture	rec033	1615360	0	1	40163	1	0	40000	other	0
P004	33	Response	A	1628902	13542	1
P004	34	Picture	rec034	1665522	0	1	40163	1	0	40000	other	0
P004	34	Response	L	1679081	13559	1
P004	35	Picture	rec035	1715684	0	1	40163	1	0	40000	other	0
P004	35	Response	L	1733202	17518	1
P004	36	Picture	rec036	1765847	0	1	40163	1	0	40000	other	0
P004	36	Response	A	1778651	12805	1
P004	37	Picture	rec037	1816009	0	1	40163	1	0	40000	other	0
P004	37	Response	L	1839322	23313	1
P004	38	Picture	rec038	1866171	0	1	40163	1	0	40000	other	0
P004	38	Response	L	1894222	28050	1
P004	39	Picture	rec039	1916334	0	1	40163	1	0	40000	other	0
P004	39	Response	A	1939862	23528	1
P004	40	Picture	rec040	1966496	0	1	40163	1	0	40000	other	0
P004	40	Response	L	1980582	14086	1
P004	41	Picture	rec041	2016658	0	1	40163	1	0	40000	other	0
P004	41	Response	L	2029221	12563	1
P004	42	Picture	rec042	2066821	0	1	40163	1	0	40000	other	0
P004	42	Response	L	2079082	12261	1
P004	43	Picture	rec043	2116983	0	1	40163	1	0	40000	other	0
P004	43	Response	L	2135810	18827	1
P004	44	Picture	rec044	2167145	0	1	40163	1	0	40000	other	0
P004	44	Response	A	2186901	19756	1
P004	45	Picture	rec045	2217307	0	1	40163	1	0	40000	other	0
P004	45	Response	L	2231220	13913	1
P004	46	Picture	rec046	2267470	0	1	40163	1	0	40000	other	0
P004	46	Response	L	2287601	20131	1
P004	47	Picture	rec047	2317632	0	1	40163	1	0	40000	other	0
P004	47	Response	L	2344351	26719	1
P004	48	Picture	rec048	2367794	0	1	40163	1	0	40000	other	0
P004	48	Response	A	2385011	17217	1
P004	49	Picture	rec049	2417957	0	1	40163	1	0	40000	other	0
P004	49	Response	A	2431251	13295	1
P004	50	Picture	rec050	2468119	0	1	40163	1	0	40000	other	0
P004	50	Response	A	2488751	20632	1
P004	51	Picture	rec052	2518281	0	1	40163	1	0	40000	other	0
P004	51	Response	L	2536442	18161	1
P004	52	Picture	rec053	2568444	0	1	40163	1	0	40000	other	0
P004	52	Response	L	2585040	16596	1
P004	53	Picture	rec054	2618606	0	1	40163	1	0	40000	other	0
P004	53	Response	L	2649741	31135	1
P004	54	Picture	rec055	2668768	0	1	40163	1	0	40000	other	0
P004	54	Response	L	2689640	20871	1
P004	55	Picture	rec057	2718930	0	1	40163	1	0	40000	other	0
P004	55	Response	L	2733831	14900	1
P004	56	Picture	rec058	2769093	0	1	40163	1	0	40000	other	0
P004	56	Response	L	2786681	17588	1
P004	57	Picture	rec059	2819255	0	1	40163	1	0	40000	other	0
P004	57	Response	L	2829420	10165	1
P004	58	Picture	rec060	2869417	0	1	40163	1	0	40000	other	0
P004	58	Response	L	2879120	9703	1
P004	59	Picture	rec061	2919580	0	1	40163	1	0	40000	other	0
P004	59	Response	L	2938401	18821	1
P004	60	Picture	rec062	2969742	0	1	40163	1	0	40000	other	0
P004	60	Response	A	2992420	22678	1
P004	61	Picture	rec063	3019904	0	1	40163	1	0	40000	other	0
P004	61	Response	L	3030430	10526	1
P004	62	Picture	rec064	3070067	0	1	40163	1	0	40000	other	0
P004	62	Response	L	3084250	14184	1
P004	63	Picture	rec065	3120229	0	1	40163	1	0	40000	other	0
P004	63	Response	L	3133840	13611	1
P004	64	Picture	rec066	3170391	0	1	40163	1	0	40000	other	0
P004	64	Response	A	3186190	15799	1
P004	65	Picture	rec068	3220554	0	1	40163	1	0	40000	other	0
P004	65	Response	A	3235200	14647	1
P004	66	Picture	rec069	3270716	0	1	40163	1	0	40000	other	0
P004	66	Response	L	3285950	15234	1
P004	67	Picture	rec070	3320878	0	1	40163	1	0	40000	other	0
P004	67	Response	A	3339760	18882	1
P004	68	Picture	rec073	3371040	0	1	40163	1	0	40000	other	0
P004	68	Response	L	3390190	19150	1
P004	69	Picture	rec074	3421203	0	1	40163	1	0	40000	other	0
P004	69	Response	L	3437309	16107	1
P004	70	Picture	rec075	3471365	0	1	40163	1	0	40000	other	0
P004	70	Response	L	3485220	13855	1
P004	71	Picture	rec076	3521527	0	1	40163	1	0	40000	other	0
P004	71	Response	L	3533349	11822	1
P004	72	Picture	rec077	3571690	0	1	40163	1	0	40000	other	0
P004	72	Response	L	3589050	17360	1
P004	73	Picture	rec078	3621852	0	1	40163	1	0	40000	other	0
P004	73	Response	A	3639800	17948	1
P004	74	Picture	rec079	3672014	0	1	40163	1	0	40000	other	0
P004	74	Response	L	3683129	11115	1
P004	75	Picture	rec081	3722177	0	1	40163	1	0	40000	other	0
P004	75	Response	L	3737082	14905	1
P004	76	Picture	rec082	3772339	0	1	40163	1	0	40000	other	0
P004	76	Response	L	3783330	10991	1
P004	77	Picture	rec083	3822501	0	1	40163	1	0	40000	other	0
P004	77	Response	L	3836379	13878	1
P004	78	Picture	rec085	3872663	0	1	40163	1	0	40000	other	0
P004	78	Response	L	3884570	11906	1
P004	79	Picture	rec086	3922826	0	1	40163	1	0	40000	other	0
P004	79	Response	A	3949139	26313	1
P004	80	Picture	rec087	3972988	0	1	40163	1	0	40000	other	0
P004	80	Response	L	3994019	21031	1
P004	81	Picture	rec088	4023150	0	1	40163	1	0	40000	other	0
P004	81	Response	L	4034189	11039	1
P004	82	Picture	rec090	4073313	0	1	40163	1	0	40000	other	0
P004	82	Response	L	4083989	10677	1
P004	83	Picture	rec091	4123475	0	1	40163	1	0	40000	other	0
P004	83	Response	L	4132299	8824	1
