Scenario - comrecognition long version
Logfile written - 05/18/2023 14:57:27

Subject	Trial	Event Type	Code	Time	TTime	Uncertainty	Duration	Uncertainty	ReqTime	ReqDur	Stim Type	Pair Index

P005	1	Picture	rec001	10166	0	1	40163	1	0	40000	other	0
P005	1	Response	L	36036	25870	1
P005	1	Response	L	39226	29060	1
P005	2	Picture	rec002	60328	0	1	40163	1	0	40000	other	0
P005	2	Response	L	79996	19668	1
P005	3	Picture	rec003	110491	0	1	40163	1	0	40000	other	0
P005	3	Response	L	129346	18855	1
P005	4	Picture	rec004	160653	0	1	40163	1	0	40000	other	0
P005	4	Response	A	177956	17303	1
P005	5	Picture	rec005	210815	0	1	40163	1	0	40000	other	0
P005	5	Response	A	222166	11351	1
P005	6	Picture	rec006	260978	0	1	40163	1	0	40000	other	0
P005	6	Response	A	273066	12089	1
P005	7	Picture	rec007	311140	0	1	40163	1	0	40000	other	0
P005	7	Response	A	324646	13506	1
P005	8	Picture	rec008	361302	0	1	40163	1	0	40000	other	0
P005	8	Response	L	387626	26324	1
P005	9	Picture	rec009	411465	0	1	40163	1	0	40000	other	0
P005	9	Response	L	422796	11331	1
P005	10	Picture	rec010	461627	0	1	40163	1	0	40000	other	0
P005	10	Response	A	470566	8939	1
P005	11	Picture	rec011	511789	0	1	40163	1	0	40000	other	0
P005	11	Response	L	531566	19777	1
P005	12	Picture	rec012	561951	0	1	40163	1	0	40000	other	0
P005	12	Response	L	586206	24254	1
P005	13	Picture	rec013	612114	0	1	40163	1	0	40000	other	0
P005	13	Response	A	628386	16272	1
P005	14	Picture	rec014	662276	0	1	40163	1	0	40000	other	0
P005	14	Response	A	676876	14600	1
P005	15	Picture	rec015	712438	0	1	40163	1	0	40000	other	0
P005	15	Response	L	726945	14507	1
P005	16	Picture	rec016	762601	0	1	40163	1	0	40000	other	0
P005	16	Response	L	793735	31135	1
P005	17	Picture	rec017	812763	0	1	40163	1	0	40000	other	0
P005	17	Response	A	826125	13362	1
P005	18	Picture	rec018	862925	0	1	40163	1	0	40000	other	0
P005	18	Response	A	873285	10360	1
P005	19	Picture	rec019	913088	0	1	40163	1	0	40000	other	0
P005	19	Response	A	920805	7717	1
P005	20	Picture	rec020	963250	0	1	40163	1	0	40000	other	0
P005	20	Response	A	970475	7225	1
P005	21	Picture	rec021	1013412	0	1	40163	1	0	40000	other	0
P005	21	Response	A	1034915	21503	1
P005	22	Picture	rec022	1063574	0	1	40163	1	0	40000	other	0
P005	22	Response	A	1072615	9041	1
P005	23	Picture	rec023	1113737	0	1	40163	1	0	40000	other	0
P005	23	Response	L	1130425	16688	1
P005	24	Picture	rec024	1163899	0	1	40163	1	0	40000	other	0
P005	24	Response	L	1174175	10276	1
P005	25	Picture	rec025	1214061	0	1	40163	1	0	40000	other	0
P005	25	Response	L	1225214	11153	1
P005	26	Picture	rec026	1264224	0	1	40163	1	0	40000	other	0
P005	26	Response	L	1282674	18451	1
P005	27	Picture	rec027	1314386	0	1	40163	1	0	40000	other	0
P005	27	Response	L	1322775	8389	1
P005	28	Picture	rec028	1364548	0	1	40163	1	0	40000	other	0
P005	28	Response	L	1381575	17027	1
P005	29	Picture	rec029	1414711	0	1	40163	1	0	40000	other	0
P005	29	Response	A	1425414	10703	1
P005	30	Picture	rec030	1464873	0	1	40163	1	0	40000	other	0
P005	30	Response	L	1479925	15052	1
P005	31	Picture	rec031	1515035	0	1	40163	1	0	40000	other	0
P005	31	Response	L	1531595	16560	1
P005	32	Picture	rec032	1565197	0	1	40163	1	0	40000	other	0
P005	32	Response	L	1578264	13067	1
P005	33	Picture	rec033	1615360	0	1	40163	1	0	40000	other	0
P005	33	Response	A	1625484	10125	1
P005	34	Picture	rec034	1665522	0	1	40163	1	0	40000	other	0
P005	34	Response	A	1674234	8712	1
P005	35	Picture	rec035	1715684	0	1	40163	1	0	40000	other	0
P005	35	Response	L	1730314	14630	1
P005	36	Picture	rec036	1765847	0	1	40163	1	0	40000	other	0
P005	36	Response	A	1771824	5978	1
P005	37	Picture	rec037	1816009	0	1	40163	1	0	40000	other	0
P005	37	Response	L	1826984	10975	1
P005	38	Picture	rec038	1866171	0	1	40163	1	0	40000	other	0
P005	38	Response	L	1899644	33473	1
P005	39	Picture	rec039	1916334	0	1	40163	1	0	40000	other	0
P005	39	Response	L	1936604	20270	1
P005	40	Picture	rec040	1966496	0	1	40163	1	0	40000	other	0
P005	40	Response	L	1978594	12098	1
P005	41	Picture	rec041	2016658	0	1	40163	1	0	40000	other	0
P005	41	Response	L	2026364	9705	1
P005	42	Picture	rec042	2066820	0	1	40163	1	0	40000	other	0
P005	42	Response	A	2087034	20214	1
P005	43	Picture	rec043	2116983	0	1	40163	1	0	40000	other	0
P005	43	Response	L	2124854	7871	1
P005	44	Picture	rec044	2167145	0	1	40163	1	0	40000	other	0
P005	44	Response	L	2175043	7898	1
P005	45	Picture	rec045	2217307	0	1	40163	1	0	40000	other	0
P005	45	Response	L	2227384	10076	1
P005	46	Picture	rec046	2267470	0	1	40163	1	0	40000	other	0
P005	46	Response	A	2280684	13214	1
P005	47	Picture	rec047	2317632	0	1	40163	1	0	40000	other	0
P005	47	Response	A	2329303	11671	1
P005	48	Picture	rec048	2367794	0	1	40163	1	0	40000	other	0
P005	48	Response	A	2376404	8609	1
P005	49	Picture	rec049	2417957	0	1	40163	1	0	40000	other	0
P005	49	Response	A	2427963	10006	1
P005	50	Picture	rec050	2468119	0	1	40163	1	0	40000	other	0
P005	50	Response	A	2479223	11104	1
P005	51	Picture	rec052	2518281	0	1	40163	1	0	40000	other	0
P005	51	Response	L	2527403	9122	1
P005	52	Picture	rec053	2568443	0	1	40163	1	0	40000	other	0
P005	52	Response	L	2579973	11529	1
P005	53	Picture	rec054	2618606	0	1	40163	1	0	40000	other	0
P005	53	Response	A	2630703	12097	1
P005	54	Picture	rec055	2668768	0	1	40163	1	0	40000	other	0
P005	54	Response	L	2697993	29225	1
P005	55	Picture	rec057	2718930	0	1	40163	1	0	40000	other	0
P005	55	Response	L	2728423	9493	1
P005	56	Picture	rec058	2769093	0	1	40163	1	0	40000	other	0
P005	56	Response	A	2780203	11110	1
P005	57	Picture	rec059	2819255	0	1	40163	1	0	40000	other	0
P005	57	Response	L	2827223	7968	1
P005	58	Picture	rec060	2869417	0	1	40163	1	0	40000	other	0
P005	58	Response	L	2883333	13916	1
P005	59	Picture	rec061	2919580	0	1	40163	1	0	40000	other	0
P005	59	Response	A	2929243	9663	1
P005	60	Picture	rec062	2969742	0	1	40163	1	0	40000	other	0
P005	60	Response	A	2979913	10171	1
P005	61	Picture	rec063	3019904	0	1	40163	1	0	40000	other	0
P005	61	Response	L	3028292	8388	1
P005	62	Picture	rec064	3070066	0	1	40163	1	0	40000	other	0
P005	62	Response	A	3083252	13186	1
P005	63	Picture	rec065	3120229	0	1	40163	1	0	40000	other	0
P005	63	Response	L	3132993	12764	1
P005	64	Picture	rec066	3170391	0	1	40163	1	0	40000	other	0
P005	64	Response	A	3177172	6781	1
P005	65	Picture	rec068	3220553	0	1	40163	1	0	40000	other	0
P005	65	Response	A	3231082	10529	1
P005	66	Picture	rec069	3270716	0	1	40163	1	0	40000	other	0
P005	66	Response	L	3294932	24217	1
P005	67	Picture	rec070	3320878	0	1	40163	1	0	40000	other	0
P005	67	Response	A	3350822	29944	1
P005	68	Picture	rec073	3371040	0	1	40163	1	0	40000	other	0
P005	68	Response	L	3384042	13002	1
P005	69	Picture	rec074	3421203	0	1	40163	1	0	40000	other	0
P005	69	Response	L	3435612	14409	1
P005	70	Picture	rec075	3471365	0	1	40163	1	0	40000	other	0
P005	70	Response	L	3484032	12667	1
P005	71	Picture	rec076	3521527	0	1	40163	1	0	40000	other	0
P005	71	Response	L	3533351	11824	1
P005	72	Picture	rec077	3571689	0	1	40163	1	0	40000	other	0
P005	72	Response	A	3596802	25112	1
P005	73	Picture	rec078	3621852	0	1	40163	1	0	40000	other	0
P005	73	Response	A	3628382	6530	1
P005	74	Picture	rec079	3672014	0	1	40163	1	0	40000	other	0
P005	74	Response	L	3679341	7327	1
P005	75	Picture	rec081	3722176	0	1	40163	1	0	40000	other	0
P005	75	Response	L	3730642	8465	1
P005	76	Picture	rec082	3772339	0	1	40163	1	0	40000	other	0
P005	76	Response	A	3784652	12313	1
P005	77	Picture	rec083	3822501	0	1	40163	1	0	40000	other	0
P005	77	Response	A	3833221	10720	1
P005	78	Picture	rec085	3872663	0	1	40163	1	0	40000	other	0
P005	78	Response	L	3881921	9258	1
P005	79	Picture	rec086	3922825	0	1	40163	1	0	40000	other	0
P005	79	Response	L	3937531	14706	1
P005	80	Picture	rec087	3972988	0	1	40163	1	0	40000	other	0
P005	80	Response	A	4006152	33164	1
P005	81	Picture	rec088	4023150	0	1	40163	1	0	40000	other	0
P005	81	Response	L	4034241	11091	1
P005	82	Picture	rec090	4073313	0	1	40163	1	0	40000	other	0
P005	82	Response	L	4090821	17509	1
P005	83	Picture	rec091	4123475	0	1	40163	1	0	40000	other	0
P005	83	Response	L	4130941	7466	1
