Scenario - comrecognition long version
Logfile written - 05/19/2023 14:48:53

Subject	Trial	Event Type	Code	Time	TTime	Uncertainty	Duration	Uncertainty	ReqTime	ReqDur	Stim Type	Pair Index

P006	1	Picture	rec001	10166	0	1	40163	1	0	40000	other	0
P006	1	Response	L	35492	25325	1
P006	2	Picture	rec002	60329	0	1	40163	1	0	40000	other	0
P006	2	Response	L	79422	19093	1
P006	3	Picture	rec003	110491	0	1	40163	1	0	40000	other	0
P006	3	Response	L	132092	21600	1
P006	4	Picture	rec004	160653	0	1	40163	1	0	40000	other	0
P006	4	Response	L	186393	25739	1
P006	5	Picture	rec005	210816	0	1	40163	1	0	40000	other	0
P006	5	Response	A	220522	9706	1
P006	6	Picture	rec006	260978	0	1	40163	1	0	40000	other	0
P006	6	Response	L	276242	15264	1
P006	7	Picture	rec007	311141	0	1	40163	1	0	40000	other	0
P006	7	Response	A	318682	7541	1
P006	8	Picture	rec008	361303	0	1	40163	1	0	40000	other	0
P006	8	Response	A	377712	16409	1
P006	9	Picture	rec009	411465	0	1	40163	1	0	40000	other	0
P006	9	Response	L	429342	17876	1
P006	10	Picture	rec010	461628	0	1	40163	1	0	40000	other	0
P006	10	Response	A	469653	8025	1
P006	11	Picture	rec011	511790	0	1	40163	1	0	40000	other	0
P006	11	Response	L	525812	14022	1
P006	12	Picture	rec012	561952	0	1	40163	1	0	40000	other	0
P006	12	Response	L	589102	27149	1
P006	13	Picture	rec013	612115	0	1	40163	1	0	40000	other	0
P006	13	Response	A	629012	16898	1
P006	14	Picture	rec014	662277	0	1	40163	1	0	40000	other	0
P006	14	Response	L	682552	20275	1
P006	15	Picture	rec015	712439	0	1	40163	1	0	40000	other	0
P006	15	Response	L	724892	12453	1
P006	16	Picture	rec016	762602	0	1	40163	1	0	40000	other	0
P006	16	Response	A	769782	7181	1
P006	17	Picture	rec017	812764	0	1	40163	1	0	40000	other	0
P006	17	Response	A	823342	10578	1
P006	18	Picture	rec018	862927	0	1	40163	1	0	40000	other	0
P006	18	Response	L	876682	13756	1
P006	19	Picture	rec019	913089	0	1	40163	1	0	40000	other	0
P006	19	Response	A	937452	24363	1
P006	20	Picture	rec020	963251	0	1	40163	1	0	40000	other	0
P006	20	Response	A	978272	15020	1
P006	21	Picture	rec021	1013414	0	1	40163	1	0	40000	other	0
P006	21	Response	A	1024042	10629	1
P006	22	Picture	rec022	1063576	0	1	40163	1	0	40000	other	0
P006	22	Response	L	1078592	15016	1
P006	23	Picture	rec023	1113738	0	1	40163	1	0	40000	other	0
P006	23	Response	L	1128412	14673	1
P006	24	Picture	rec024	1163901	0	1	40163	1	0	40000	other	0
P006	24	Response	A	1175662	11761	1
P006	25	Picture	rec025	1214063	0	1	40163	1	0	40000	other	0
P006	25	Response	L	1224282	10219	1
P006	26	Picture	rec026	1264226	0	1	40163	1	0	40000	other	0
P006	26	Response	L	1292322	28097	1
P006	27	Picture	rec027	1314388	0	1	40163	1	0	40000	other	0
P006	27	Response	L	1335362	20974	1
P006	28	Picture	rec028	1364550	0	1	40163	1	0	40000	other	0
P006	28	Response	L	1379502	14951	1
P006	29	Picture	rec029	1414713	0	1	40163	1	0	40000	other	0
P006	29	Response	A	1424451	9739	1
P006	30	Picture	rec030	1464875	0	1	40163	1	0	40000	other	0
P006	30	Response	A	1477892	13017	1
P006	31	Picture	rec031	1515037	0	1	40163	1	0	40000	other	0
P006	31	Response	L	1535022	19985	1
P006	32	Picture	rec032	1565200	0	1	40163	1	0	40000	other	0
P006	32	Response	A	1574642	9442	1
P006	33	Picture	rec033	1615362	0	1	40163	1	0	40000	other	0
P006	33	Response	A	1629722	14360	1
P006	34	Picture	rec034	1665524	0	1	40163	1	0	40000	other	0
P006	34	Response	L	1683032	17507	1
P006	35	Picture	rec035	1715687	0	1	40163	1	0	40000	other	0
P006	35	Response	L	1730572	14885	1
P006	36	Picture	rec036	1765849	0	1	40163	1	0	40000	other	0
P006	36	Response	A	1773952	8103	1
P006	37	Picture	rec037	1816012	0	1	40163	1	0	40000	other	0
P006	37	Response	L	1827302	11290	1
P006	38	Picture	rec038	1866174	0	1	40163	1	0	40000	other	0
P006	38	Response	L	1884442	18268	1
P006	39	Picture	rec039	1916336	0	1	40163	1	0	40000	other	0
P006	39	Response	A	1925582	9245	1
P006	40	Picture	rec040	1966499	0	1	40163	1	0	40000	other	0
P006	40	Response	L	1977723	11225	1
P006	41	Picture	rec041	2016661	0	1	40163	1	0	40000	other	0
P006	41	Response	A	2027602	10941	1
P006	42	Picture	rec042	2066817	0	7	40170	7	0	40000	other	0
P006	42	Response	L	2087302	20485	1
P006	43	Picture	rec043	2116986	0	1	40163	1	0	40000	other	0
P006	43	Response	L	2127262	10276	1
P006	44	Picture	rec044	2167148	0	1	40163	1	0	40000	other	0
P006	44	Response	A	2174082	6934	1
P006	45	Picture	rec045	2217310	0	1	40163	1	0	40000	other	0
P006	45	Response	A	2233092	15782	1
P006	46	Picture	rec046	2267473	0	1	40163	1	0	40000	other	0
P006	46	Response	A	2277373	9900	1
P006	47	Picture	rec047	2317635	0	1	40163	1	0	40000	other	0
P006	47	Response	A	2329142	11507	1
P006	48	Picture	rec048	2367798	0	1	40163	1	0	40000	other	0
P006	48	Response	A	2375062	7265	1
P006	49	Picture	rec049	2417960	0	1	40163	1	0	40000	other	0
P006	49	Response	A	2426822	8862	1
P006	50	Picture	rec050	2468122	0	1	40163	1	0	40000	other	0
P006	50	Response	A	2478752	10630	1
P006	51	Picture	rec052	2518285	0	1	40163	1	0	40000	other	0
P006	51	Response	A	2528732	10447	1
P006	52	Picture	rec053	2568447	0	1	40163	1	0	40000	other	0
P006	52	Response	L	2586832	18385	1
P006	53	Picture	rec054	2618609	0	1	40163	1	0	40000	other	0
P006	53	Response	A	2657592	38982	1
P006	54	Picture	rec055	2668772	0	1	40163	1	0	40000	other	0
P006	54	Response	A	2676372	7600	1
P006	55	Picture	rec057	2718934	0	1	40163	1	0	40000	other	0
P006	55	Response	L	2735262	16328	1
P006	56	Picture	rec058	2769097	0	1	40163	1	0	40000	other	0
P006	56	Response	A	2780572	11475	1
P006	57	Picture	rec059	2819259	0	1	40163	1	0	40000	other	0
P006	57	Response	L	2829993	10734	1
P006	58	Picture	rec060	2869421	0	1	40163	1	0	40000	other	0
P006	58	Response	L	2879653	10231	1
P006	59	Picture	rec061	2919583	0	1	40163	1	0	40000	other	0
P006	59	Response	L	2929122	9539	1
P006	60	Picture	rec062	2969746	0	1	40163	1	0	40000	other	0
P006	60	Response	A	2980261	10515	1
P006	61	Picture	rec063	3019908	0	1	40163	1	0	40000	other	0
P006	61	Response	L	3030872	10964	1
P006	62	Picture	rec064	3070071	0	1	40163	1	0	40000	other	0
P006	62	Response	A	3076392	6322	1
P006	63	Picture	rec065	3120233	0	1	40163	1	0	40000	other	0
P006	63	Response	L	3138813	18579	1
P006	64	Picture	rec066	3170395	0	1	40163	1	0	40000	other	0
P006	64	Response	L	3183592	13197	1
P006	65	Picture	rec068	3220558	0	1	40163	1	0	40000	other	0
P006	65	Response	A	3231582	11024	1
P006	66	Picture	rec069	3270720	0	1	40163	1	0	40000	other	0
P006	66	Response	A	3285792	15071	1
P006	67	Picture	rec070	3320883	0	1	40163	1	0	40000	other	0
P006	67	Response	A	3330482	9600	1
P006	68	Picture	rec073	3371045	0	1	40163	1	0	40000	other	0
P006	68	Response	L	3383032	11987	1
P006	69	Picture	rec074	3421207	0	1	40163	1	0	40000	other	0
P006	69	Response	L	3443772	22565	1
P006	70	Picture	rec075	3471370	0	1	40163	1	0	40000	other	0
P006	70	Response	L	3491382	20012	1
P006	71	Picture	rec076	3521532	0	1	40163	1	0	40000	other	0
P006	71	Response	A	3532372	10840	1
P006	72	Picture	rec077	3571694	0	1	40163	1	0	40000	other	0
P006	72	Response	L	3582502	10807	1
P006	73	Picture	rec078	3621857	0	1	40163	1	0	40000	other	0
P006	73	Response	A	3629691	7835	1
P006	74	Picture	rec079	3672019	0	1	40163	1	0	40000	other	0
P006	74	Response	L	3684833	12813	1
P006	75	Picture	rec081	3722181	0	1	40163	1	0	40000	other	0
P006	75	Response	L	3741131	18950	1
P006	76	Picture	rec082	3772344	0	1	40163	1	0	40000	other	0
P006	76	Response	A	3781782	9438	1
P006	77	Picture	rec083	3822506	0	1	40163	1	0	40000	other	0
P006	77	Response	L	3839382	16876	1
P006	78	Picture	rec085	3872669	0	1	40163	1	0	40000	other	0
P006	78	Response	L	3882442	9773	1
P006	79	Picture	rec086	3922831	0	1	40163	1	0	40000	other	0
P006	79	Response	A	3930542	7711	1
P006	80	Picture	rec087	3972993	0	1	40163	1	0	40000	other	0
P006	80	Response	L	3983292	10299	1
P006	81	Picture	rec088	4023156	0	1	40163	1	0	40000	other	0
P006	81	Response	L	4031053	7898	1
P006	82	Picture	rec090	4073318	0	1	40163	1	0	40000	other	0
P006	82	Response	L	4082292	8974	1
P006	83	Picture	rec091	4123480	0	1	40163	1	0	40000	other	0
P006	83	Response	L	4134342	10862	1
