Scenario - comrecognition long version
Logfile written - 05/25/2023 15:00:29

Subject	Trial	Event Type	Code	Time	TTime	Uncertainty	Duration	Uncertainty	ReqTime	ReqDur	Stim Type	Pair Index

P007	1	Picture	rec001	10166	0	1	40163	1	0	40000	other	0
P007	1	Response	L	22017	11851	1
P007	2	Picture	rec002	60329	0	1	40163	1	0	40000	other	0
P007	2	Response	A	70506	10178	1
P007	3	Picture	rec003	110491	0	1	40163	1	0	40000	other	0
P007	3	Response	A	132016	21525	1
P007	4	Picture	rec004	160653	0	1	40163	1	0	40000	other	0
P007	4	Response	A	168176	7523	1
P007	5	Picture	rec005	210816	0	1	40163	1	0	40000	other	0
P007	5	Response	A	220647	9831	1
P007	6	Picture	rec006	260978	0	1	40163	1	0	40000	other	0
P007	6	Response	L	271066	10088	1
P007	7	Picture	rec007	311140	0	1	40163	1	0	40000	other	0
P007	7	Response	A	319868	8728	1
P007	8	Picture	rec008	361303	0	1	40163	1	0	40000	other	0
P007	8	Response	L	373186	11883	1
P007	9	Picture	rec009	411465	0	1	40163	1	0	40000	other	0
P007	9	Response	L	419876	8411	1
P007	10	Picture	rec010	461628	0	1	40163	1	0	40000	other	0
P007	10	Response	A	467026	5398	1
P007	11	Picture	rec011	511790	0	1	40163	1	0	40000	other	0
P007	11	Response	L	520226	8436	1
P007	12	Picture	rec012	561952	0	1	40163	1	0	40000	other	0
P007	12	Response	L	570886	8934	1
P007	13	Picture	rec013	612115	0	1	40163	1	0	40000	other	0
P007	13	Response	A	621096	8982	1
P007	14	Picture	rec014	662277	0	1	40163	1	0	40000	other	0
P007	14	Response	L	669906	7629	1
P007	15	Picture	rec015	712439	0	1	40163	1	0	40000	other	0
P007	15	Response	L	720407	7967	1
P007	16	Picture	rec016	762602	0	1	40163	1	0	40000	other	0
P007	16	Response	A	771386	8784	1
P007	17	Picture	rec017	812764	0	1	40163	1	0	40000	other	0
P007	17	Response	A	821366	8602	1
P007	18	Picture	rec018	862926	0	1	40163	1	0	40000	other	0
P007	18	Response	L	873106	10180	1
P007	19	Picture	rec019	913089	0	1	40163	1	0	40000	other	0
P007	19	Response	A	920456	7367	1
P007	20	Picture	rec020	963251	0	1	40163	1	0	40000	other	0
P007	20	Response	A	973316	10065	1
P007	21	Picture	rec021	1013414	0	1	40163	1	0	40000	other	0
P007	21	Response	L	1025506	12092	1
P007	22	Picture	rec022	1063576	0	1	40163	1	0	40000	other	0
P007	22	Response	L	1072867	9291	1
P007	23	Picture	rec023	1113738	0	1	40163	1	0	40000	other	0
P007	23	Response	L	1124106	10368	1
P007	24	Picture	rec024	1163901	0	1	40163	1	0	40000	other	0
P007	24	Response	L	1171417	7516	1
P007	25	Picture	rec025	1214063	0	1	40163	1	0	40000	other	0
P007	25	Response	L	1222486	8423	1
P007	26	Picture	rec026	1264225	0	1	40163	1	0	40000	other	0
P007	26	Response	A	1273166	8940	1
P007	27	Picture	rec027	1314388	0	1	40163	1	0	40000	other	0
P007	27	Response	L	1320567	6179	1
P007	28	Picture	rec028	1364550	0	1	40163	1	0	40000	other	0
P007	28	Response	L	1375546	10996	1
P007	29	Picture	rec029	1414713	0	1	40163	1	0	40000	other	0
P007	29	Response	A	1424726	10013	1
P007	30	Picture	rec030	1464875	0	1	40163	1	0	40000	other	0
P007	30	Response	L	1474236	9362	1
P007	31	Picture	rec031	1515037	0	1	40163	1	0	40000	other	0
P007	31	Response	A	1525746	10709	1
P007	32	Picture	rec032	1565200	0	1	40163	1	0	40000	other	0
P007	32	Response	A	1574956	9756	1
P007	33	Picture	rec033	1615362	0	1	40163	1	0	40000	other	0
P007	33	Response	A	1623516	8154	1
P007	34	Picture	rec034	1665524	0	1	40163	1	0	40000	other	0
P007	34	Response	A	1674246	8722	1
P007	35	Picture	rec035	1715687	0	1	40163	1	0	40000	other	0
P007	35	Response	A	1728436	12749	1
P007	36	Picture	rec036	1765849	0	1	40163	1	0	40000	other	0
P007	36	Response	A	1771856	6007	1
P007	37	Picture	rec037	1816011	0	1	40163	1	0	40000	other	0
P007	37	Response	L	1822946	6934	1
P007	38	Picture	rec038	1866174	0	1	40163	1	0	40000	other	0
P007	38	Response	A	1878206	12032	1
P007	39	Picture	rec039	1916336	0	1	40163	1	0	40000	other	0
P007	39	Response	L	1926066	9730	1
P007	40	Picture	rec040	1966499	0	1	40163	1	0	40000	other	0
P007	40	Response	L	1974856	8357	1
P007	41	Picture	rec041	2016661	0	1	40163	1	0	40000	other	0
P007	41	Response	L	2027776	11115	1
P007	42	Picture	rec042	2066823	0	1	40163	1	0	40000	other	0
P007	42	Response	A	2077337	10513	1
P007	43	Picture	rec043	2116986	0	1	40163	1	0	40000	other	0
P007	43	Response	L	2125776	8790	1
P007	44	Picture	rec044	2167148	0	1	40163	1	0	40000	other	0
P007	44	Response	L	2173496	6348	1
P007	45	Picture	rec045	2217310	0	1	40163	1	0	40000	other	0
P007	45	Response	L	2226076	8766	1
P007	46	Picture	rec046	2267473	0	1	40163	1	0	40000	other	0
P007	46	Response	A	2277167	9694	1
P007	47	Picture	rec047	2317635	0	1	40163	1	0	40000	other	0
P007	47	Response	A	2327006	9371	1
P007	48	Picture	rec048	2367797	0	1	40163	1	0	40000	other	0
P007	48	Response	A	2375076	7279	1
P007	49	Picture	rec049	2417960	0	1	40163	1	0	40000	other	0
P007	49	Response	A	2425767	7807	1
P007	50	Picture	rec050	2468122	0	1	40163	1	0	40000	other	0
P007	50	Response	A	2475906	7784	1
P007	51	Picture	rec052	2518285	0	1	40163	1	0	40000	other	0
P007	51	Response	L	2524806	6521	1
P007	52	Picture	rec053	2568447	0	1	40163	1	0	40000	other	0
P007	52	Response	A	2584126	15679	1
P007	53	Picture	rec054	2618609	0	1	40163	1	0	40000	other	0
P007	53	Response	A	2629776	11167	1
P007	54	Picture	rec055	2668772	0	1	40163	1	0	40000	other	0
P007	54	Response	A	2675599	6828	1
P007	55	Picture	rec057	2718934	0	1	40163	1	0	40000	other	0
P007	55	Response	L	2726236	7302	1
P007	56	Picture	rec058	2769096	0	1	40163	1	0	40000	other	0
P007	56	Response	L	2786676	17580	1
P007	57	Picture	rec059	2819259	0	1	40163	1	0	40000	other	0
P007	57	Response	A	2824686	5428	1
P007	58	Picture	rec060	2869421	0	1	40163	1	0	40000	other	0
P007	58	Response	L	2877236	7815	1
P007	59	Picture	rec061	2919584	0	1	40163	1	0	40000	other	0
P007	59	Response	A	2934347	14763	1
P007	60	Picture	rec062	2969746	0	1	40163	1	0	40000	other	0
P007	60	Response	L	2978906	9160	1
P007	61	Picture	rec063	3019908	0	1	40163	1	0	40000	other	0
P007	61	Response	L	3033716	13808	1
P007	62	Picture	rec064	3070071	0	1	40163	1	0	40000	other	0
P007	62	Response	L	3083146	13075	1
P007	63	Picture	rec065	3120233	0	1	40163	1	0	40000	other	0
P007	63	Response	L	3128436	8203	1
P007	64	Picture	rec066	3170395	0	1	40163	1	0	40000	other	0
P007	64	Response	L	3177337	6941	1
P007	65	Picture	rec068	3220558	0	1	40163	1	0	40000	other	0
P007	65	Response	A	3226886	6328	1
P007	66	Picture	rec069	3270720	0	1	40163	1	0	40000	other	0
P007	66	Response	A	3280687	9966	1
P007	67	Picture	rec070	3320882	0	1	40163	1	0	40000	other	0
P007	67	Response	A	3328456	7573	1
P007	68	Picture	rec073	3371045	0	1	40163	1	0	40000	other	0
P007	68	Response	L	3389796	18751	1
P007	69	Picture	rec074	3421207	0	1	40163	1	0	40000	other	0
P007	69	Response	L	3431588	10380	1
P007	70	Picture	rec075	3471370	0	1	40163	1	0	40000	other	0
P007	70	Response	A	3490307	18937	1
P007	71	Picture	rec076	3521532	0	1	40163	1	0	40000	other	0
P007	71	Response	A	3533366	11834	1
P007	72	Picture	rec077	3571694	0	1	40163	1	0	40000	other	0
P007	72	Response	L	3584406	12711	1
P007	73	Picture	rec078	3621857	0	1	40163	1	0	40000	other	0
P007	73	Response	A	3629286	7430	1
P007	74	Picture	rec079	3672019	0	1	40163	1	0	40000	other	0
P007	74	Response	A	3682456	10437	1
P007	75	Picture	rec081	3722181	0	1	40163	1	0	40000	other	0
P007	75	Response	L	3731376	9195	1
P007	76	Picture	rec082	3772344	0	1	40163	1	0	40000	other	0
P007	76	Response	A	3781026	8682	1
P007	77	Picture	rec083	3822506	0	1	40163	1	0	40000	other	0
P007	77	Response	A	3831126	8620	1
P007	78	Picture	rec085	3872668	0	1	40163	1	0	40000	other	0
P007	78	Response	A	3883087	10418	1
P007	79	Picture	rec086	3922831	0	1	40163	1	0	40000	other	0
P007	79	Response	L	3938696	15865	1
P007	80	Picture	rec087	3972993	0	1	40163	1	0	40000	other	0
P007	80	Response	L	3983776	10783	1
P007	81	Picture	rec088	4023156	0	1	40163	1	0	40000	other	0
P007	81	Response	L	4031216	8061	1
P007	82	Picture	rec090	4073318	0	1	40163	1	0	40000	other	0
P007	82	Response	L	4088026	14708	1
P007	83	Picture	rec091	4123480	0	1	40163	1	0	40000	other	0
P007	83	Response	A	4137886	14406	1
