Scenario - comrecognition long version
Logfile written - 06/05/2023 14:57:28

Subject	Trial	Event Type	Code	Time	TTime	Uncertainty	Duration	Uncertainty	ReqTime	ReqDur	Stim Type	Pair Index

P009	1	Picture	rec001	10166	0	1	40163	1	0	40000	other	0
P009	1	Response	L	18830	8664	1
P009	1	Response	A	31840	21674	1
P009	2	Picture	rec002	60329	0	1	40163	1	0	40000	other	0
P009	2	Response	A	68360	8031	1
P009	2	Response	A	100260	39932	1
P009	3	Picture	rec003	110491	0	1	40163	1	0	40000	other	0
P009	3	Response	L	117330	6839	1
P009	4	Picture	rec004	160653	0	1	40163	1	0	40000	other	0
P009	4	Response	A	168520	7867	1
P009	5	Picture	rec005	210815	0	1	40163	1	0	40000	other	0
P009	5	Response	A	217560	6745	1
P009	6	Picture	rec006	260978	0	1	40163	1	0	40000	other	0
P009	6	Response	A	269320	8342	1
P009	7	Picture	rec007	311140	0	1	40163	1	0	40000	other	0
P009	7	Response	A	323510	12370	1
P009	8	Picture	rec008	361302	0	1	40163	1	0	40000	other	0
P009	8	Response	L	370980	9678	1
P009	8	Response	L	402680	41378	1
P009	9	Picture	rec009	411464	0	1	40163	1	0	40000	other	0
P009	9	Response	L	418810	7345	1
P009	10	Picture	rec010	461627	0	1	40163	1	0	40000	other	0
P009	10	Response	A	467440	5813	1
P009	11	Picture	rec011	511789	0	1	40163	1	0	40000	other	0
P009	11	Response	L	518419	6630	1
P009	12	Picture	rec012	561951	0	1	40163	1	0	40000	other	0
P009	12	Response	L	576640	14689	1
P009	13	Picture	rec013	612114	0	1	40163	1	0	40000	other	0
P009	13	Response	L	620820	8706	1
P009	13	Response	A	625319	13205	1
P009	14	Picture	rec014	662276	0	1	40163	1	0	40000	other	0
P009	14	Response	A	669369	7093	1
P009	15	Picture	rec015	712438	0	1	40163	1	0	40000	other	0
P009	15	Response	L	719499	7061	1
P009	16	Picture	rec016	762600	0	1	40163	1	0	40000	other	0
P009	16	Response	A	771889	9289	1
P009	17	Picture	rec017	812763	0	1	40163	1	0	40000	other	0
P009	17	Response	A	818629	5866	1
P009	18	Picture	rec018	862925	0	1	40163	1	0	40000	other	0
P009	18	Response	L	869279	6354	1
P009	18	Response	A	873519	10594	1
P009	19	Picture	rec019	913087	0	1	40163	1	0	40000	other	0
P009	19	Response	A	920380	7293	1
P009	20	Picture	rec020	963249	0	1	40163	1	0	40000	other	0
P009	20	Response	A	969389	6139	1
P009	21	Picture	rec021	1013412	0	1	40163	1	0	40000	other	0
P009	21	Response	A	1025711	12299	1
P009	22	Picture	rec022	1063574	0	1	40163	1	0	40000	other	0
P009	22	Response	A	1070089	6515	1
P009	23	Picture	rec023	1113736	0	1	40163	1	0	40000	other	0
P009	23	Response	L	1121458	7722	1
P009	23	Response	L	1143798	30062	1
P009	23	Response	L	1147198	33462	1
P009	24	Picture	rec024	1163899	0	1	40163	1	0	40000	other	0
P009	24	Response	A	1172639	8740	1
P009	25	Picture	rec025	1214061	0	1	40163	1	0	40000	other	0
P009	25	Response	L	1219858	5797	1
P009	26	Picture	rec026	1264223	0	1	40163	1	0	40000	other	0
P009	26	Response	A	1275968	11745	1
P009	27	Picture	rec027	1314385	0	1	40163	1	0	40000	other	0
P009	27	Response	L	1321837	7452	1
P009	28	Picture	rec028	1364548	0	1	40163	1	0	40000	other	0
P009	28	Response	L	1372918	8370	1
P009	29	Picture	rec029	1414710	0	1	40163	1	0	40000	other	0
P009	29	Response	A	1422528	7818	1
P009	30	Picture	rec030	1464872	0	1	40163	1	0	40000	other	0
P009	30	Response	L	1472508	7635	1
P009	31	Picture	rec031	1515035	0	1	40163	1	0	40000	other	0
P009	31	Response	A	1538837	23803	1
P009	32	Picture	rec032	1565197	0	1	40163	1	0	40000	other	0
P009	32	Response	L	1572068	6871	1
P009	33	Picture	rec033	1615359	0	1	40163	1	0	40000	other	0
P009	33	Response	A	1621947	6588	1
P009	34	Picture	rec034	1665521	0	1	40163	1	0	40000	other	0
P009	34	Response	A	1673758	8236	1
P009	35	Picture	rec035	1715684	0	1	40163	1	0	40000	other	0
P009	35	Response	L	1723427	7744	1
P009	36	Picture	rec036	1765846	0	1	40163	1	0	40000	other	0
P009	36	Response	A	1771297	5451	1
P009	37	Picture	rec037	1816008	0	1	40163	1	0	40000	other	0
P009	37	Response	L	1822647	6639	1
P009	38	Picture	rec038	1866170	0	1	40163	1	0	40000	other	0
P009	38	Response	L	1882448	16277	1
P009	39	Picture	rec039	1916333	0	1	40163	1	0	40000	other	0
P009	39	Response	A	1925377	9044	1
P009	40	Picture	rec040	1966495	0	1	40163	1	0	40000	other	0
P009	40	Response	L	1974037	7542	1
P009	41	Picture	rec041	2016657	0	1	40163	1	0	40000	other	0
P009	41	Response	L	2023907	7249	1
P009	42	Picture	rec042	2066820	0	1	40163	1	0	40000	other	0
P009	42	Response	L	2073779	6959	1
P009	43	Picture	rec043	2116982	0	1	40163	1	0	40000	other	0
P009	43	Response	L	2130277	13295	1
P009	44	Picture	rec044	2167144	0	1	40163	1	0	40000	other	0
P009	44	Response	A	2174487	7343	1
P009	45	Picture	rec045	2217306	0	1	40163	1	0	40000	other	0
P009	45	Response	L	2225559	8253	1
P009	46	Picture	rec046	2267469	0	1	40163	1	0	40000	other	0
P009	46	Response	A	2273277	5808	1
P009	47	Picture	rec047	2317631	0	1	40163	1	0	40000	other	0
P009	47	Response	A	2332516	14885	1
P009	48	Picture	rec048	2367793	0	1	40163	1	0	40000	other	0
P009	48	Response	A	2373758	5965	1
P009	49	Picture	rec049	2417956	0	1	40163	1	0	40000	other	0
P009	49	Response	A	2427895	9940	1
P009	50	Picture	rec050	2468118	0	1	40163	1	0	40000	other	0
P009	50	Response	A	2477836	9718	1
P009	51	Picture	rec052	2518280	0	1	40163	1	0	40000	other	0
P009	51	Response	L	2525937	7657	1
P009	52	Picture	rec053	2568442	0	1	40163	1	0	40000	other	0
P009	52	Response	L	2579615	11173	1
P009	53	Picture	rec054	2618605	0	1	40163	1	0	40000	other	0
P009	53	Response	A	2625896	7291	1
P009	54	Picture	rec055	2668767	0	1	40163	1	0	40000	other	0
P009	54	Response	A	2678286	9519	1
P009	55	Picture	rec057	2718929	0	1	40163	1	0	40000	other	0
P009	55	Response	L	2725795	6866	1
P009	56	Picture	rec058	2769091	0	1	40163	1	0	40000	other	0
P009	56	Response	A	2780826	11734	1
P009	57	Picture	rec059	2819254	0	1	40163	1	0	40000	other	0
P009	57	Response	L	2826045	6792	1
P009	58	Picture	rec060	2869416	0	1	40163	1	0	40000	other	0
P009	58	Response	L	2876235	6819	1
P009	59	Picture	rec061	2919578	0	1	40163	1	0	40000	other	0
P009	59	Response	A	2926705	7127	1
P009	60	Picture	rec062	2969741	0	1	40163	1	0	40000	other	0
P009	60	Response	A	2977906	8166	1
P009	61	Picture	rec063	3019903	0	1	40163	1	0	40000	other	0
P009	61	Response	L	3027255	7352	1
P009	62	Picture	rec064	3070065	0	1	40163	1	0	40000	other	0
P009	62	Response	A	3079605	9539	1
P009	63	Picture	rec065	3120227	0	1	40163	1	0	40000	other	0
P009	63	Response	L	3128115	7887	1
P009	64	Picture	rec066	3170390	0	1	40163	1	0	40000	other	0
P009	64	Response	A	3176775	6385	1
P009	65	Picture	rec068	3220552	0	1	40163	1	0	40000	other	0
P009	65	Response	A	3226535	5983	1
P009	66	Picture	rec069	3270714	0	1	40163	1	0	40000	other	0
P009	66	Response	L	3289814	19100	1
P009	67	Picture	rec070	3320876	0	1	40163	1	0	40000	other	0
P009	67	Response	A	3327874	6998	1
P009	68	Picture	rec073	3371039	0	1	40163	1	0	40000	other	0
P009	68	Response	L	3380134	9096	1
P009	69	Picture	rec074	3421201	0	1	40163	1	0	40000	other	0
P009	69	Response	L	3432854	11653	1
P009	70	Picture	rec075	3471363	0	1	40163	1	0	40000	other	0
P009	70	Response	A	3481504	10141	1
P009	71	Picture	rec076	3521526	0	1	40163	1	0	40000	other	0
P009	71	Response	A	3550964	29438	1
P009	72	Picture	rec077	3571688	0	1	40163	1	0	40000	other	0
P009	72	Response	A	3579074	7386	1
P009	73	Picture	rec078	3621850	0	1	40163	1	0	40000	other	0
P009	73	Response	A	3628174	6324	1
P009	74	Picture	rec079	3672012	0	1	40163	1	0	40000	other	0
P009	74	Response	L	3680074	8061	1
P009	75	Picture	rec081	3722175	0	1	40163	1	0	40000	other	0
P009	75	Response	L	3732094	9919	1
P009	76	Picture	rec082	3772337	0	1	40163	1	0	40000	other	0
P009	76	Response	A	3784194	11857	1
P009	77	Picture	rec083	3822499	0	1	40163	1	0	40000	other	0
P009	77	Response	A	3831334	8835	1
P009	78	Picture	rec085	3872661	0	1	40163	1	0	40000	other	0
P009	78	Response	A	3882593	9932	1
P009	79	Picture	rec086	3922824	0	1	40163	1	0	40000	other	0
P009	79	Response	L	3929243	6420	1
P009	80	Picture	rec087	3972986	0	1	40163	1	0	40000	other	0
P009	80	Response	L	4000874	27888	1
P009	81	Picture	rec088	4023148	0	1	40163	1	0	40000	other	0
P009	81	Response	L	4031233	8084	1
P009	82	Picture	rec090	4073311	0	1	40163	1	0	40000	other	0
P009	82	Response	L	4080073	6762	1
P009	83	Picture	rec091	4123473	0	1	40163	1	0	40000	other	0
P009	83	Response	L	4130354	6881	1
