Scenario - comrecognition long version
Logfile written - 06/02/2023 14:38:51

Subject	Trial	Event Type	Code	Time	TTime	Uncertainty	Duration	Uncertainty	ReqTime	ReqDur	Stim Type	Pair Index

P010	1	Picture	rec001	10166	0	1	40163	1	0	40000	other	0
P010	1	Response	A	32067	21900	1
P010	2	Picture	rec002	60328	0	1	40163	1	0	40000	other	0
P010	2	Response	L	91736	31408	1
P010	3	Picture	rec003	110491	0	1	40163	1	0	40000	other	0
P010	3	Response	L	131086	20596	1
P010	4	Picture	rec004	160653	0	1	40163	1	0	40000	other	0
P010	4	Response	A	169946	9293	1
P010	5	Picture	rec005	210815	0	1	40163	1	0	40000	other	0
P010	5	Response	A	223226	12411	1
P010	6	Picture	rec006	260978	0	1	40163	1	0	40000	other	0
P010	6	Response	A	275126	14148	1
P010	7	Picture	rec007	311140	0	1	40163	1	0	40000	other	0
P010	7	Response	A	333686	22546	1
P010	8	Picture	rec008	361302	0	1	40163	1	0	40000	other	0
P010	8	Response	A	390696	29394	1
P010	9	Picture	rec009	411464	0	1	40163	1	0	40000	other	0
P010	9	Response	L	421386	9921	1
P010	10	Picture	rec010	461627	0	1	40163	1	0	40000	other	0
P010	10	Response	A	468385	6759	1
P010	11	Picture	rec011	511789	0	1	40163	1	0	40000	other	0
P010	11	Response	L	524086	12297	1
P010	12	Picture	rec012	561951	0	1	40163	1	0	40000	other	0
P010	12	Response	L	581595	19644	1
P010	13	Picture	rec013	612113	0	1	40163	1	0	40000	other	0
P010	13	Response	A	620766	8653	1
P010	14	Picture	rec014	662276	0	1	40163	1	0	40000	other	0
P010	14	Response	A	674505	12229	1
P010	15	Picture	rec015	712438	0	1	40163	1	0	40000	other	0
P010	15	Response	L	723075	10637	1
P010	16	Picture	rec016	762600	0	1	40163	1	0	40000	other	0
P010	16	Response	A	769535	6935	1
P010	17	Picture	rec017	812763	0	1	40163	1	0	40000	other	0
P010	17	Response	A	819607	6845	1
P010	18	Picture	rec018	862925	0	1	40163	1	0	40000	other	0
P010	18	Response	A	871985	9060	1
P010	19	Picture	rec019	913087	0	1	40163	1	0	40000	other	0
P010	19	Response	L	948475	35388	1
P010	20	Picture	rec020	963249	0	1	40163	1	0	40000	other	0
P010	20	Response	L	972385	9135	1
P010	21	Picture	rec021	1013412	0	1	40163	1	0	40000	other	0
P010	21	Response	A	1043585	30173	1
P010	22	Picture	rec022	1063574	0	1	40163	1	0	40000	other	0
P010	22	Response	L	1074825	11251	1
P010	23	Picture	rec023	1113736	0	1	40163	1	0	40000	other	0
P010	23	Response	L	1123284	9548	1
P010	24	Picture	rec024	1163899	0	1	40163	1	0	40000	other	0
P010	24	Response	A	1177795	13896	1
P010	25	Picture	rec025	1214061	0	1	40163	1	0	40000	other	0
P010	25	Response	L	1220854	6793	1
P010	26	Picture	rec026	1264223	0	1	40163	1	0	40000	other	0
P010	26	Response	A	1280224	16001	1
P010	27	Picture	rec027	1314385	0	1	40163	1	0	40000	other	0
P010	27	Response	L	1325754	11369	1
P010	28	Picture	rec028	1364548	0	1	40163	1	0	40000	other	0
P010	28	Response	L	1382194	17646	1
P010	29	Picture	rec029	1414710	0	1	40163	1	0	40000	other	0
P010	29	Response	A	1422364	7654	1
P010	30	Picture	rec030	1464872	0	1	40163	1	0	40000	other	0
P010	30	Response	L	1489314	24442	1
P010	31	Picture	rec031	1515034	0	1	40163	1	0	40000	other	0
P010	31	Response	A	1550603	35569	1
P010	32	Picture	rec032	1565197	0	1	40163	1	0	40000	other	0
P010	32	Response	L	1586073	20877	1
P010	33	Picture	rec033	1615359	0	1	40163	1	0	40000	other	0
P010	33	Response	A	1626053	10694	1
P010	34	Picture	rec034	1665521	0	1	40163	1	0	40000	other	0
P010	34	Response	A	1672974	7452	1
P010	35	Picture	rec035	1715684	0	1	40163	1	0	40000	other	0
P010	35	Response	L	1734173	18490	1
P010	36	Picture	rec036	1765846	0	1	40163	1	0	40000	other	0
P010	36	Response	A	1771554	5708	1
P010	37	Picture	rec037	1816008	0	1	40163	1	0	40000	other	0
P010	37	Response	L	1844393	28385	1
P010	38	Picture	rec038	1866170	0	1	40163	1	0	40000	other	0
P010	38	Response	A	1908453	42283	1
P010	39	Picture	rec039	1916333	0	1	40163	1	0	40000	other	0
P010	39	Response	A	1930433	14100	1
P010	40	Picture	rec040	1966495	0	1	40163	1	0	40000	other	0
P010	40	Response	L	1976153	9658	1
P010	41	Picture	rec041	2016657	0	1	40163	1	0	40000	other	0
P010	41	Response	L	2029763	13106	1
P010	42	Picture	rec042	2066819	0	1	40163	1	0	40000	other	0
P010	42	Response	A	2086813	19993	1
P010	43	Picture	rec043	2116982	0	1	40163	1	0	40000	other	0
P010	43	Response	L	2127903	10921	1
P010	44	Picture	rec044	2167144	0	1	40163	1	0	40000	other	0
P010	44	Response	L	2175553	8409	1
P010	45	Picture	rec045	2217306	0	1	40163	1	0	40000	other	0
P010	45	Response	L	2241282	23976	1
P010	46	Picture	rec046	2267469	0	1	40163	1	0	40000	other	0
P010	46	Response	A	2274072	6604	1
P010	47	Picture	rec047	2317631	0	1	40163	1	0	40000	other	0
P010	47	Response	A	2333192	15562	1
P010	48	Picture	rec048	2367793	0	1	40163	1	0	40000	other	0
P010	48	Response	A	2374422	6629	1
P010	49	Picture	rec049	2417955	0	1	40163	1	0	40000	other	0
P010	49	Response	A	2425572	7617	1
P010	50	Picture	rec050	2468118	0	1	40163	1	0	40000	other	0
P010	50	Response	A	2477672	9555	1
P010	51	Picture	rec052	2518280	0	1	40163	1	0	40000	other	0
P010	51	Response	L	2536112	17832	1
P010	52	Picture	rec053	2568442	0	1	40163	1	0	40000	other	0
P010	52	Response	A	2588992	20550	1
P010	53	Picture	rec054	2618605	0	1	40163	1	0	40000	other	0
P010	53	Response	L	2632012	13407	1
P010	54	Picture	rec055	2668767	0	1	40163	1	0	40000	other	0
P010	54	Response	A	2691012	22245	1
P010	55	Picture	rec057	2718929	0	1	40163	1	0	40000	other	0
P010	55	Response	A	2732832	13903	1
P010	56	Picture	rec058	2769091	0	1	40163	1	0	40000	other	0
P010	56	Response	A	2777781	8690	1
P010	57	Picture	rec059	2819254	0	1	40163	1	0	40000	other	0
P010	57	Response	L	2827682	8428	1
P010	58	Picture	rec060	2869416	0	1	40163	1	0	40000	other	0
P010	58	Response	L	2899501	30085	1
P010	59	Picture	rec061	2919578	0	1	40163	1	0	40000	other	0
P010	59	Response	A	2930131	10553	1
P010	60	Picture	rec062	2969740	0	1	40163	1	0	40000	other	0
P010	60	Response	A	2977491	7751	1
P010	61	Picture	rec063	3019903	0	1	40163	1	0	40000	other	0
P010	61	Response	A	3032901	12999	1
P010	62	Picture	rec064	3070065	0	1	40163	1	0	40000	other	0
P010	62	Response	A	3078661	8596	1
P010	63	Picture	rec065	3120227	0	1	40163	1	0	40000	other	0
P010	63	Response	L	3130951	10723	1
P010	64	Picture	rec066	3170390	0	1	40163	1	0	40000	other	0
P010	64	Response	A	3179301	8912	1
P010	65	Picture	rec068	3220552	0	1	40163	1	0	40000	other	0
P010	65	Response	A	3230911	10359	1
P010	66	Picture	rec069	3270714	0	1	40163	1	0	40000	other	0
P010	66	Response	L	3298421	27706	1
P010	67	Picture	rec070	3320876	0	1	40163	1	0	40000	other	0
P010	67	Response	A	3327621	6745	1
P010	68	Picture	rec073	3371039	0	1	40163	1	0	40000	other	0
P010	68	Response	L	3400030	28991	1
P010	69	Picture	rec074	3421201	0	1	40163	1	0	40000	other	0
P010	69	Response	L	3444450	23249	1
P010	70	Picture	rec075	3471363	0	1	40163	1	0	40000	other	0
P010	70	Response	L	3490370	19007	1
P010	71	Picture	rec076	3521525	0	1	40163	1	0	40000	other	0
P010	71	Response	L	3553111	31585	1
P010	72	Picture	rec077	3571688	0	1	40163	1	0	40000	other	0
P010	72	Response	A	3600150	28462	1
P010	73	Picture	rec078	3621850	0	1	40163	1	0	40000	other	0
P010	73	Response	A	3628310	6460	1
P010	74	Picture	rec079	3672012	0	1	40163	1	0	40000	other	0
P010	74	Response	L	3679771	7759	1
P010	75	Picture	rec081	3722175	0	1	40163	1	0	40000	other	0
P010	75	Response	L	3732771	10596	1
P010	76	Picture	rec082	3772337	0	1	40163	1	0	40000	other	0
P010	76	Response	A	3784150	11813	1
P010	77	Picture	rec083	3822499	0	1	40163	1	0	40000	other	0
P010	77	Response	A	3862910	40411	1
P010	78	Picture	rec085	3872661	0	1	40163	1	0	40000	other	0
P010	78	Response	L	3879810	7149	1
P010	79	Picture	rec086	3922824	0	1	40163	1	0	40000	other	0
P010	79	Response	L	3944730	21906	1
P010	80	Picture	rec087	3972986	0	1	40163	1	0	40000	other	0
P010	80	Response	L	3996539	23553	1
P010	81	Picture	rec088	4023148	0	1	40163	1	0	40000	other	0
P010	81	Response	L	4035939	12791	1
P010	82	Picture	rec090	4073311	0	1	40163	1	0	40000	other	0
P010	82	Response	A	4085779	12468	1
P010	83	Picture	rec091	4123473	0	1	40163	1	0	40000	other	0
P010	83	Response	L	4148769	25296	1
