Scenario - comrecognition long version
Logfile written - 06/08/2023 14:45:53

Subject	Trial	Event Type	Code	Time	TTime	Uncertainty	Duration	Uncertainty	ReqTime	ReqDur	Stim Type	Pair Index

P011	1	Picture	rec001	10166	0	1	40163	1	0	40000	other	0
P011	1	Response	L	24379	14213	1
P011	2	Picture	rec002	60329	0	1	40163	1	0	40000	other	0
P011	2	Response	A	67958	7630	1
P011	3	Picture	rec003	110491	0	1	40163	1	0	40000	other	0
P011	3	Response	A	124759	14268	1
P011	4	Picture	rec004	160653	0	1	40163	1	0	40000	other	0
P011	4	Response	A	167359	6705	1
P011	5	Picture	rec005	210815	0	1	40163	1	0	40000	other	0
P011	5	Response	A	217439	6623	1
P011	6	Picture	rec006	260978	0	1	40163	1	0	40000	other	0
P011	6	Response	A	267418	6441	1
P011	7	Picture	rec007	311140	0	1	40163	1	0	40000	other	0
P011	7	Response	A	318878	7738	1
P011	8	Picture	rec008	361302	0	1	40163	1	0	40000	other	0
P011	8	Response	A	367308	6006	1
P011	9	Picture	rec009	411464	0	1	40163	1	0	40000	other	0
P011	9	Response	L	422958	11494	1
P011	10	Picture	rec010	461627	0	1	40163	1	0	40000	other	0
P011	10	Response	A	467478	5851	1
P011	11	Picture	rec011	511789	0	1	40163	1	0	40000	other	0
P011	11	Response	L	519918	8129	1
P011	12	Picture	rec012	561951	0	1	40163	1	0	40000	other	0
P011	12	Response	L	571127	9176	1
P011	13	Picture	rec013	612113	0	1	40163	1	0	40000	other	0
P011	13	Response	A	633548	21434	1
P011	14	Picture	rec014	662276	0	1	40163	1	0	40000	other	0
P011	14	Response	A	685557	23281	1
P011	15	Picture	rec015	712438	0	1	40163	1	0	40000	other	0
P011	15	Response	L	720998	8560	1
P011	16	Picture	rec016	762600	0	1	40163	1	0	40000	other	0
P011	16	Response	A	770197	7597	1
P011	17	Picture	rec017	812762	0	1	40163	1	0	40000	other	0
P011	17	Response	A	819048	6286	1
P011	18	Picture	rec018	862925	0	1	40163	1	0	40000	other	0
P011	18	Response	L	872377	9453	1
P011	19	Picture	rec019	913087	0	1	40163	1	0	40000	other	0
P011	19	Response	A	922477	9390	1
P011	20	Picture	rec020	963249	0	1	40163	1	0	40000	other	0
P011	20	Response	A	973717	10468	1
P011	21	Picture	rec021	1013411	0	1	40163	1	0	40000	other	0
P011	21	Response	A	1031956	18545	1
P011	22	Picture	rec022	1063574	0	1	40163	1	0	40000	other	0
P011	22	Response	A	1072917	9343	1
P011	23	Picture	rec023	1113736	0	1	40163	1	0	40000	other	0
P011	23	Response	L	1123046	9311	1
P011	24	Picture	rec024	1163898	0	1	40163	1	0	40000	other	0
P011	24	Response	L	1175956	12058	1
P011	25	Picture	rec025	1214060	0	1	40163	1	0	40000	other	0
P011	25	Response	L	1224756	10696	1
P011	26	Picture	rec026	1264223	0	1	40163	1	0	40000	other	0
P011	26	Response	L	1275786	11563	1
P011	27	Picture	rec027	1314385	0	1	40163	1	0	40000	other	0
P011	27	Response	L	1327276	12891	1
P011	28	Picture	rec028	1364547	0	1	40163	1	0	40000	other	0
P011	28	Response	L	1373046	8499	1
P011	29	Picture	rec029	1414709	0	1	40163	1	0	40000	other	0
P011	29	Response	A	1423367	8657	1
P011	30	Picture	rec030	1464872	0	1	40163	1	0	40000	other	0
P011	30	Response	L	1476936	12064	1
P011	31	Picture	rec031	1515034	0	1	40163	1	0	40000	other	0
P011	31	Response	A	1533535	18502	1
P011	32	Picture	rec032	1565196	0	1	40163	1	0	40000	other	0
P011	32	Response	A	1576065	10869	1
P011	33	Picture	rec033	1615358	0	1	40163	1	0	40000	other	0
P011	33	Response	A	1633585	18227	1
P011	34	Picture	rec034	1665521	0	1	40163	1	0	40000	other	0
P011	34	Response	A	1674395	8875	1
P011	35	Picture	rec035	1715683	0	1	40163	1	0	40000	other	0
P011	35	Response	A	1736375	20692	1
P011	36	Picture	rec036	1765845	0	1	40163	1	0	40000	other	0
P011	36	Response	A	1772915	7070	1
P011	37	Picture	rec037	1816007	0	1	40163	1	0	40000	other	0
P011	37	Response	L	1823655	7647	1
P011	38	Picture	rec038	1866169	0	1	40163	1	0	40000	other	0
P011	38	Response	L	1885764	19595	1
P011	39	Picture	rec039	1916332	0	1	40163	1	0	40000	other	0
P011	39	Response	A	1924754	8422	1
P011	40	Picture	rec040	1966494	0	1	40163	1	0	40000	other	0
P011	40	Response	L	1977594	11100	1
P011	41	Picture	rec041	2016656	0	1	40163	1	0	40000	other	0
P011	41	Response	A	2027364	10708	1
P011	42	Picture	rec042	2066818	0	1	40163	1	0	40000	other	0
P011	42	Response	A	2078705	11886	1
P011	43	Picture	rec043	2116981	0	1	40163	1	0	40000	other	0
P011	43	Response	A	2129133	12153	1
P011	44	Picture	rec044	2167143	0	1	40163	1	0	40000	other	0
P011	44	Response	A	2190864	23721	1
P011	45	Picture	rec045	2217305	0	1	40163	1	0	40000	other	0
P011	45	Response	L	2229563	12258	1
P011	46	Picture	rec046	2267467	0	1	40163	1	0	40000	other	0
P011	46	Response	A	2274874	7406	1
P011	47	Picture	rec047	2317630	0	1	40163	1	0	40000	other	0
P011	47	Response	L	2329313	11684	1
P011	48	Picture	rec048	2367792	0	1	40163	1	0	40000	other	0
P011	48	Response	A	2373933	6142	1
P011	49	Picture	rec049	2417954	0	1	40163	1	0	40000	other	0
P011	49	Response	A	2430683	12729	1
P011	50	Picture	rec050	2468116	0	1	40163	1	0	40000	other	0
P011	50	Response	A	2475403	7287	1
P011	51	Picture	rec052	2518279	0	1	40163	1	0	40000	other	0
P011	51	Response	L	2526993	8714	1
P011	52	Picture	rec053	2568441	0	1	40163	1	0	40000	other	0
P011	52	Response	A	2584763	16322	1
P011	53	Picture	rec054	2618603	0	1	40163	1	0	40000	other	0
P011	53	Response	L	2626473	7870	1
P011	54	Picture	rec055	2668765	0	1	40163	1	0	40000	other	0
P011	54	Response	L	2677322	8557	1
P011	55	Picture	rec057	2718928	0	1	40163	1	0	40000	other	0
P011	55	Response	A	2731192	12265	1
P011	56	Picture	rec058	2769090	0	1	40163	1	0	40000	other	0
P011	56	Response	L	2786712	17623	1
P011	57	Picture	rec059	2819252	0	1	40163	1	0	40000	other	0
P011	57	Response	L	2829122	9870	1
P011	58	Picture	rec060	2869414	0	1	40163	1	0	40000	other	0
P011	58	Response	L	2876623	7209	1
P011	59	Picture	rec061	2919577	0	1	40163	1	0	40000	other	0
P011	59	Response	A	2928162	8585	1
P011	60	Picture	rec062	2969739	0	1	40163	1	0	40000	other	0
P011	60	Response	A	2978761	9022	1
P011	61	Picture	rec063	3019901	0	1	40163	1	0	40000	other	0
P011	61	Response	L	3030973	11072	1
P011	62	Picture	rec064	3070063	0	1	40163	1	0	40000	other	0
P011	62	Response	A	3085832	15768	1
P011	63	Picture	rec065	3120226	0	1	40163	1	0	40000	other	0
P011	63	Response	L	3130962	10736	1
P011	64	Picture	rec066	3170388	0	1	40163	1	0	40000	other	0
P011	64	Response	A	3177952	7564	1
P011	65	Picture	rec068	3220550	0	1	40163	1	0	40000	other	0
P011	65	Response	A	3227861	7311	1
P011	66	Picture	rec069	3270712	0	1	40163	1	0	40000	other	0
P011	66	Response	L	3286651	15938	1
P011	67	Picture	rec070	3320875	0	1	40163	1	0	40000	other	0
P011	67	Response	A	3335732	14857	1
P011	68	Picture	rec073	3371037	0	1	40163	1	0	40000	other	0
P011	68	Response	L	3380940	9903	1
P011	69	Picture	rec074	3421199	0	1	40163	1	0	40000	other	0
P011	69	Response	L	3432081	10882	1
P011	70	Picture	rec075	3471361	0	1	40163	1	0	40000	other	0
P011	70	Response	L	3480261	8900	1
P011	71	Picture	rec076	3521524	0	1	40163	1	0	40000	other	0
P011	71	Response	L	3534461	12937	1
P011	72	Picture	rec077	3571686	0	1	40163	1	0	40000	other	0
P011	72	Response	L	3585360	13674	1
P011	73	Picture	rec078	3621848	0	1	40163	1	0	40000	other	0
P011	73	Response	A	3635501	13653	1
P011	74	Picture	rec079	3672010	0	1	40163	1	0	40000	other	0
P011	74	Response	L	3680009	7999	1
P011	75	Picture	rec081	3722173	0	1	40163	1	0	40000	other	0
P011	75	Response	L	3731521	9348	1
P011	76	Picture	rec082	3772335	0	1	40163	1	0	40000	other	0
P011	76	Response	A	3781810	9475	1
P011	77	Picture	rec083	3822497	0	1	40163	1	0	40000	other	0
P011	77	Response	A	3835850	13353	1
P011	78	Picture	rec085	3872659	0	1	40163	1	0	40000	other	0
P011	78	Response	L	3879800	7141	1
P011	79	Picture	rec086	3922822	0	1	40163	1	0	40000	other	0
P011	79	Response	L	3947000	24178	1
P011	80	Picture	rec087	3972984	0	1	40163	1	0	40000	other	0
P011	80	Response	L	3980280	7296	1
P011	81	Picture	rec088	4023146	0	1	40163	1	0	40000	other	0
P011	81	Response	L	4032639	9493	1
P011	82	Picture	rec090	4073308	0	1	40163	1	0	40000	other	0
P011	82	Response	A	4085069	11761	1
P011	83	Picture	rec091	4123470	0	1	40163	1	0	40000	other	0
P011	83	Response	L	4136909	13439	1
