Scenario - comrecognition long version
Logfile written - 06/09/2023 14:39:33

Subject	Trial	Event Type	Code	Time	TTime	Uncertainty	Duration	Uncertainty	ReqTime	ReqDur	Stim Type	Pair Index

P012	1	Picture	rec001	10166	0	1	40163	1	0	40000	other	0
P012	1	Response	A	24908	14741	1
P012	2	Picture	rec002	60329	0	1	40163	1	0	40000	other	0
P012	2	Response	A	70929	10601	1
P012	3	Picture	rec003	110491	0	1	40163	1	0	40000	other	0
P012	3	Response	L	122607	12117	1
P012	4	Picture	rec004	160653	0	1	40163	1	0	40000	other	0
P012	4	Response	A	167909	7256	1
P012	5	Picture	rec005	210815	0	1	40163	1	0	40000	other	0
P012	5	Response	A	219689	8874	1
P012	6	Picture	rec006	260978	0	1	40163	1	0	40000	other	0
P012	6	Response	A	268186	7209	1
P012	7	Picture	rec007	311140	0	1	40163	1	0	40000	other	0
P012	7	Response	A	319027	7887	1
P012	8	Picture	rec008	361302	0	1	40163	1	0	40000	other	0
P012	8	Response	A	388806	27504	1
P012	9	Picture	rec009	411464	0	1	40163	1	0	40000	other	0
P012	9	Response	L	420107	8642	1
P012	10	Picture	rec010	461627	0	1	40163	1	0	40000	other	0
P012	10	Response	A	467518	5892	1
P012	11	Picture	rec011	511789	0	1	40163	1	0	40000	other	0
P012	11	Response	L	519117	7328	1
P012	12	Picture	rec012	561951	0	1	40163	1	0	40000	other	0
P012	12	Response	L	571957	10006	1
P012	13	Picture	rec013	612113	0	1	40163	1	0	40000	other	0
P012	13	Response	A	619647	7534	1
P012	14	Picture	rec014	662276	0	1	40163	1	0	40000	other	0
P012	14	Response	A	672958	10683	1
P012	15	Picture	rec015	712438	0	1	40163	1	0	40000	other	0
P012	15	Response	L	724157	11719	1
P012	16	Picture	rec016	762600	0	1	40163	1	0	40000	other	0
P012	16	Response	A	770577	7977	1
P012	17	Picture	rec017	812762	0	1	40163	1	0	40000	other	0
P012	17	Response	A	818718	5956	1
P012	18	Picture	rec018	862924	0	1	40163	1	0	40000	other	0
P012	18	Response	A	872725	9800	1
P012	19	Picture	rec019	913087	0	1	40163	1	0	40000	other	0
P012	19	Response	A	925595	12508	1
P012	20	Picture	rec020	963249	0	1	40163	1	0	40000	other	0
P012	20	Response	A	969685	6436	1
P012	21	Picture	rec021	1013411	0	1	40163	1	0	40000	other	0
P012	21	Response	A	1023054	9643	1
P012	22	Picture	rec022	1063574	0	1	40163	1	0	40000	other	0
P012	22	Response	L	1071864	8291	1
P012	22	Response	A	1089714	26141	1
P012	23	Picture	rec023	1113736	0	1	40163	1	0	40000	other	0
P012	23	Response	L	1124704	10969	1
P012	24	Picture	rec024	1163898	0	1	40163	1	0	40000	other	0
P012	24	Response	A	1173074	9176	1
P012	25	Picture	rec025	1214060	0	1	40163	1	0	40000	other	0
P012	25	Response	L	1225964	11904	1
P012	26	Picture	rec026	1264222	0	1	40163	1	0	40000	other	0
P012	26	Response	A	1279915	15692	1
P012	27	Picture	rec027	1314385	0	1	40163	1	0	40000	other	0
P012	27	Response	A	1326105	11721	1
P012	28	Picture	rec028	1364547	0	1	40163	1	0	40000	other	0
P012	28	Response	L	1378786	14239	1
P012	29	Picture	rec029	1414709	0	1	40163	1	0	40000	other	0
P012	29	Response	A	1424093	9384	1
P012	30	Picture	rec030	1464871	0	1	40163	1	0	40000	other	0
P012	30	Response	L	1485996	21124	1
P012	31	Picture	rec031	1515034	0	1	40163	1	0	40000	other	0
P012	31	Response	L	1533376	18342	1
P012	32	Picture	rec032	1565196	0	1	40163	1	0	40000	other	0
P012	32	Response	A	1573685	8489	1
P012	33	Picture	rec033	1615358	0	1	40163	1	0	40000	other	0
P012	33	Response	A	1626235	10877	1
P012	34	Picture	rec034	1665520	0	1	40163	1	0	40000	other	0
P012	34	Response	A	1680213	14693	1
P012	35	Picture	rec035	1715683	0	1	40163	1	0	40000	other	0
P012	35	Response	L	1729886	14203	1
P012	36	Picture	rec036	1765845	0	1	40163	1	0	40000	other	0
P012	36	Response	A	1771334	5489	1
P012	37	Picture	rec037	1816007	0	1	40163	1	0	40000	other	0
P012	37	Response	L	1825115	9108	1
P012	38	Picture	rec038	1866169	0	1	40163	1	0	40000	other	0
P012	38	Response	L	1889022	22853	1
P012	39	Picture	rec039	1916332	0	1	40163	1	0	40000	other	0
P012	39	Response	A	1941594	25263	1
P012	40	Picture	rec040	1966494	0	1	40163	1	0	40000	other	0
P012	40	Response	L	1977234	10740	1
P012	41	Picture	rec041	2016656	0	1	40163	1	0	40000	other	0
P012	41	Response	L	2025295	8638	1
P012	42	Picture	rec042	2066818	0	1	40163	1	0	40000	other	0
P012	42	Response	A	2080174	13356	1
P012	43	Picture	rec043	2116981	0	1	40163	1	0	40000	other	0
P012	43	Response	A	2127172	10191	1
P012	44	Picture	rec044	2167143	0	1	40163	1	0	40000	other	0
P012	44	Response	A	2205182	38039	1
P012	45	Picture	rec045	2217305	0	1	40163	1	0	40000	other	0
P012	45	Response	L	2223822	6517	1
P012	46	Picture	rec046	2267467	0	1	40163	1	0	40000	other	0
P012	46	Response	A	2273913	6446	1
P012	47	Picture	rec047	2317630	0	1	40163	1	0	40000	other	0
P012	47	Response	L	2330331	12702	1
P012	48	Picture	rec048	2367792	0	1	40163	1	0	40000	other	0
P012	48	Response	A	2373012	5220	1
P012	49	Picture	rec049	2417954	0	1	40163	1	0	40000	other	0
P012	49	Response	A	2426804	8849	1
P012	50	Picture	rec050	2468116	0	1	40163	1	0	40000	other	0
P012	50	Response	A	2475581	7464	1
P012	51	Picture	rec052	2518279	0	1	40163	1	0	40000	other	0
P012	51	Response	L	2533254	14975	1
P012	52	Picture	rec053	2568441	0	1	40163	1	0	40000	other	0
P012	52	Response	L	2580243	11802	1
P012	53	Picture	rec054	2618603	0	1	40163	1	0	40000	other	0
P012	53	Response	A	2627401	8797	1
P012	54	Picture	rec055	2668765	0	1	40163	1	0	40000	other	0
P012	54	Response	A	2677690	8925	1
P012	55	Picture	rec057	2718928	0	1	40163	1	0	40000	other	0
P012	55	Response	L	2729863	10935	1
P012	56	Picture	rec058	2769090	0	1	40163	1	0	40000	other	0
P012	56	Response	A	2779302	10212	1
P012	57	Picture	rec059	2819252	0	1	40163	1	0	40000	other	0
P012	57	Response	L	2826410	7158	1
P012	58	Picture	rec060	2869414	0	1	40163	1	0	40000	other	0
P012	58	Response	L	2878092	8678	1
P012	59	Picture	rec061	2919577	0	1	40163	1	0	40000	other	0
P012	59	Response	A	2928140	8563	1
P012	60	Picture	rec062	2969739	0	1	40163	1	0	40000	other	0
P012	60	Response	A	2987545	17806	1
P012	61	Picture	rec063	3019901	0	1	40163	1	0	40000	other	0
P012	61	Response	L	3029621	9720	1
P012	62	Picture	rec064	3070063	0	1	40163	1	0	40000	other	0
P012	62	Response	L	3077380	7316	1
P012	62	Response	A	3086080	16016	1
P012	63	Picture	rec065	3120226	0	1	40163	1	0	40000	other	0
P012	63	Response	L	3130190	9964	1
P012	64	Picture	rec066	3170388	0	1	40163	1	0	40000	other	0
P012	64	Response	A	3177810	7422	1
P012	65	Picture	rec068	3220550	0	1	40163	1	0	40000	other	0
P012	65	Response	A	3229417	8867	1
P012	66	Picture	rec069	3270712	0	1	40163	1	0	40000	other	0
P012	66	Response	L	3280739	10027	1
P012	67	Picture	rec070	3320875	0	1	40163	1	0	40000	other	0
P012	67	Response	A	3329560	8686	1
P012	68	Picture	rec073	3371037	0	1	40163	1	0	40000	other	0
P012	68	Response	L	3380989	9952	1
P012	69	Picture	rec074	3421199	0	1	40163	1	0	40000	other	0
P012	69	Response	L	3434899	13700	1
P012	70	Picture	rec075	3471361	0	1	40163	1	0	40000	other	0
P012	70	Response	L	3481279	9918	1
P012	71	Picture	rec076	3521524	0	1	40163	1	0	40000	other	0
P012	71	Response	A	3533049	11525	1
P012	72	Picture	rec077	3571686	0	1	40163	1	0	40000	other	0
P012	72	Response	A	3587829	16143	1
P012	73	Picture	rec078	3621848	0	1	40163	1	0	40000	other	0
P012	73	Response	A	3627818	5970	1
P012	74	Picture	rec079	3672010	0	1	40163	1	0	40000	other	0
P012	74	Response	L	3680108	8098	1
P012	75	Picture	rec081	3722173	0	1	40163	1	0	40000	other	0
P012	75	Response	L	3735738	13566	1
P012	76	Picture	rec082	3772335	0	1	40163	1	0	40000	other	0
P012	76	Response	A	3779468	7133	1
P012	77	Picture	rec083	3822497	0	1	40163	1	0	40000	other	0
P012	77	Response	A	3833288	10791	1
P012	78	Picture	rec085	3872659	0	1	40163	1	0	40000	other	0
P012	78	Response	L	3882618	9959	1
P012	79	Picture	rec086	3922822	0	1	40163	1	0	40000	other	0
P012	79	Response	A	3930559	7737	1
P012	80	Picture	rec087	3972984	0	1	40163	1	0	40000	other	0
P012	80	Response	L	3981977	8994	1
P012	81	Picture	rec088	4023146	0	1	40163	1	0	40000	other	0
P012	81	Response	L	4032448	9302	1
P012	82	Picture	rec090	4073308	0	1	40163	1	0	40000	other	0
P012	82	Response	A	4099908	26600	1
P012	82	Response	L	4100417	27109	1
P012	83	Picture	rec091	4123471	0	1	40163	1	0	40000	other	0
P012	83	Response	A	4130607	7137	1
