Scenario - comrecognition long version
Logfile written - 06/12/2023 14:55:33

Subject	Trial	Event Type	Code	Time	TTime	Uncertainty	Duration	Uncertainty	ReqTime	ReqDur	Stim Type	Pair Index

P013	1	Picture	rec001	10166	0	1	40163	1	0	40000	other	0
P013	2	Picture	rec002	60329	0	1	40163	1	0	40000	other	0
P013	2	Response	A	73677	13348	1
P013	3	Picture	rec003	110491	0	1	40163	1	0	40000	other	0
P013	3	Response	L	120686	10195	1
P013	4	Picture	rec004	160653	0	1	40163	1	0	40000	other	0
P013	4	Response	L	173989	13336	1
P013	5	Picture	rec005	210815	0	1	40163	1	0	40000	other	0
P013	5	Response	A	223536	12720	1
P013	6	Picture	rec006	260978	0	1	40163	1	0	40000	other	0
P013	6	Response	A	270607	9629	1
P013	7	Picture	rec007	311140	0	1	40163	1	0	40000	other	0
P013	7	Response	A	320326	9186	1
P013	8	Picture	rec008	361302	0	1	40163	1	0	40000	other	0
P013	8	Response	A	383165	21863	1
P013	9	Picture	rec009	411464	0	1	40163	1	0	40000	other	0
P013	9	Response	L	423536	12072	1
P013	10	Picture	rec010	461627	0	1	40163	1	0	40000	other	0
P013	10	Response	A	468555	6928	1
P013	11	Picture	rec011	511789	0	1	40163	1	0	40000	other	0
P013	11	Response	L	522686	10897	1
P013	12	Picture	rec012	561951	0	1	40163	1	0	40000	other	0
P013	12	Response	L	572645	10694	1
P013	13	Picture	rec013	612113	0	1	40163	1	0	40000	other	0
P013	13	Response	L	632726	20613	1
P013	14	Picture	rec014	662276	0	1	40163	1	0	40000	other	0
P013	14	Response	A	675844	13568	1
P013	15	Picture	rec015	712438	0	1	40163	1	0	40000	other	0
P013	15	Response	L	723855	11418	1
P013	16	Picture	rec016	762600	0	1	40163	1	0	40000	other	0
P013	16	Response	L	774866	12265	1
P013	17	Picture	rec017	812762	0	1	40163	1	0	40000	other	0
P013	17	Response	A	826825	14063	1
P013	18	Picture	rec018	862925	0	1	40163	1	0	40000	other	0
P013	18	Response	A	873316	10391	1
P013	19	Picture	rec019	913087	0	1	40163	1	0	40000	other	0
P013	19	Response	A	923775	10688	1
P013	20	Picture	rec020	963249	0	1	40163	1	0	40000	other	0
P013	20	Response	A	972545	9296	1
P013	21	Picture	rec021	1013411	0	1	40163	1	0	40000	other	0
P013	21	Response	A	1027465	14054	1
P013	22	Picture	rec022	1063574	0	1	40163	1	0	40000	other	0
P013	22	Response	L	1091684	28111	1
P013	23	Picture	rec023	1113736	0	1	40163	1	0	40000	other	0
P013	23	Response	L	1126394	12659	1
P013	24	Picture	rec024	1163898	0	1	40163	1	0	40000	other	0
P013	24	Response	L	1175144	11246	1
P013	25	Picture	rec025	1214060	0	1	40163	1	0	40000	other	0
P013	25	Response	L	1223014	8954	1
P013	26	Picture	rec026	1264223	0	1	40163	1	0	40000	other	0
P013	26	Response	A	1280121	15899	1
P013	27	Picture	rec027	1314385	0	1	40163	1	0	40000	other	0
P013	27	Response	L	1323764	9379	1
P013	28	Picture	rec028	1364547	0	1	40163	1	0	40000	other	0
P013	28	Response	L	1379473	14926	1
P013	29	Picture	rec029	1414709	0	1	40163	1	0	40000	other	0
P013	29	Response	A	1424134	9424	1
P013	30	Picture	rec030	1464872	0	1	40163	1	0	40000	other	0
P013	30	Response	L	1480464	15592	1
P013	31	Picture	rec031	1515034	0	1	40163	1	0	40000	other	0
P013	31	Response	L	1532174	17140	1
P013	32	Picture	rec032	1565196	0	1	40163	1	0	40000	other	0
P013	32	Response	L	1581793	16597	1
P013	33	Picture	rec033	1615358	0	1	40163	1	0	40000	other	0
P013	33	Response	A	1627903	12545	1
P013	34	Picture	rec034	1665521	0	1	40163	1	0	40000	other	0
P013	34	Response	L	1678483	12963	1
P013	35	Picture	rec035	1715683	0	1	40163	1	0	40000	other	0
P013	35	Response	L	1729661	13979	1
P013	36	Picture	rec036	1765845	0	1	40163	1	0	40000	other	0
P013	36	Response	A	1774703	8858	1
P013	37	Picture	rec037	1816007	0	1	40163	1	0	40000	other	0
P013	37	Response	L	1826851	10844	1
P013	38	Picture	rec038	1866170	0	1	40163	1	0	40000	other	0
P013	38	Response	L	1879113	12943	1
P013	39	Picture	rec039	1916332	0	1	40163	1	0	40000	other	0
P013	39	Response	A	1946543	30211	1
P013	40	Picture	rec040	1966494	0	1	40163	1	0	40000	other	0
P013	40	Response	L	1978932	12438	1
P013	41	Picture	rec041	2016656	0	1	40163	1	0	40000	other	0
P013	41	Response	L	2031053	14396	1
P013	42	Picture	rec042	2066819	0	1	40163	1	0	40000	other	0
P013	42	Response	A	2090273	23455	1
P013	43	Picture	rec043	2116981	0	1	40163	1	0	40000	other	0
P013	43	Response	L	2128712	11731	1
P013	44	Picture	rec044	2167142	0	1	40164	1	0	40000	other	0
P013	44	Response	L	2184452	17309	1
P013	45	Picture	rec045	2217305	0	1	40163	1	0	40000	other	0
P013	45	Response	L	2229661	12356	1
P013	46	Picture	rec046	2267467	0	1	40163	1	0	40000	other	0
P013	46	Response	A	2276432	8965	1
P013	47	Picture	rec047	2317630	0	1	40163	1	0	40000	other	0
P013	47	Response	A	2331661	14032	1
P013	48	Picture	rec048	2367792	0	1	40163	1	0	40000	other	0
P013	48	Response	A	2377332	9540	1
P013	49	Picture	rec049	2417954	0	1	40163	1	0	40000	other	0
P013	49	Response	A	2432051	14097	1
P013	50	Picture	rec050	2468116	0	1	40163	1	0	40000	other	0
P013	50	Response	A	2477992	9875	1
P013	51	Picture	rec052	2518279	0	1	40163	1	0	40000	other	0
P013	51	Response	L	2529021	10742	1
P013	52	Picture	rec053	2568441	0	1	40163	1	0	40000	other	0
P013	52	Response	A	2595872	27431	1
P013	53	Picture	rec054	2618603	0	1	40163	1	0	40000	other	0
P013	53	Response	L	2631451	12847	1
P013	54	Picture	rec055	2668765	0	1	40163	1	0	40000	other	0
P013	54	Response	L	2684251	15486	1
P013	55	Picture	rec057	2718928	0	1	40163	1	0	40000	other	0
P013	55	Response	L	2731831	12903	1
P013	56	Picture	rec058	2769090	0	1	40163	1	0	40000	other	0
P013	56	Response	A	2793251	24161	1
P013	57	Picture	rec059	2819252	0	1	40163	1	0	40000	other	0
P013	57	Response	L	2836375	17122	1
P013	58	Picture	rec060	2869414	0	1	40163	1	0	40000	other	0
P013	58	Response	L	2883130	13715	1
P013	59	Picture	rec061	2919577	0	1	40163	1	0	40000	other	0
P013	59	Response	L	2929491	9915	1
P013	60	Picture	rec062	2969739	0	1	40163	1	0	40000	other	0
P013	60	Response	A	2979591	9852	1
P013	61	Picture	rec063	3019901	0	1	40163	1	0	40000	other	0
P013	61	Response	L	3033299	13397	1
P013	62	Picture	rec064	3070063	0	1	40163	1	0	40000	other	0
P013	62	Response	A	3083700	13637	1
P013	63	Picture	rec065	3120226	0	1	40163	1	0	40000	other	0
P013	63	Response	L	3131139	10914	1
P013	64	Picture	rec066	3170388	0	1	40163	1	0	40000	other	0
P013	64	Response	A	3179870	9482	1
P013	65	Picture	rec068	3220550	0	1	40163	1	0	40000	other	0
P013	65	Response	A	3230490	9940	1
P013	66	Picture	rec069	3270712	0	1	40163	1	0	40000	other	0
P013	66	Response	L	3283580	12867	1
P013	67	Picture	rec070	3320875	0	1	40163	1	0	40000	other	0
P013	67	Response	L	3337909	17035	1
P013	68	Picture	rec073	3371037	0	1	40163	1	0	40000	other	0
P013	68	Response	A	3380659	9622	1
P013	69	Picture	rec074	3421199	0	1	40163	1	0	40000	other	0
P013	69	Response	L	3434118	12919	1
P013	70	Picture	rec075	3471361	0	1	40163	1	0	40000	other	0
P013	70	Response	A	3484319	12957	1
P013	71	Picture	rec076	3521524	0	1	40163	1	0	40000	other	0
P013	71	Response	A	3537348	15825	1
P013	72	Picture	rec077	3571686	0	1	40163	1	0	40000	other	0
P013	72	Response	A	3582499	10813	1
P013	73	Picture	rec078	3621848	0	1	40163	1	0	40000	other	0
P013	73	Response	A	3629668	7820	1
P013	74	Picture	rec079	3672010	0	1	40163	1	0	40000	other	0
P013	74	Response	L	3682604	10593	1
P013	75	Picture	rec081	3722173	0	1	40163	1	0	40000	other	0
P013	75	Response	L	3733135	10962	1
P013	76	Picture	rec082	3772335	0	1	40163	1	0	40000	other	0
P013	76	Response	A	3783598	11263	1
P013	77	Picture	rec083	3822497	0	1	40163	1	0	40000	other	0
P013	77	Response	L	3833948	11451	1
P013	78	Picture	rec085	3872659	0	1	40163	1	0	40000	other	0
P013	78	Response	A	3885258	12599	1
P013	79	Picture	rec086	3922822	0	1	40163	1	0	40000	other	0
P013	79	Response	L	3933677	10856	1
P013	80	Picture	rec087	3972984	0	1	40163	1	0	40000	other	0
P013	80	Response	L	3988598	15614	1
P013	81	Picture	rec088	4023146	0	1	40163	1	0	40000	other	0
P013	81	Response	L	4031847	8701	1
P013	82	Picture	rec090	4073308	0	1	40163	1	0	40000	other	0
P013	82	Response	A	4090637	17329	1
P013	83	Picture	rec091	4123471	0	1	40163	1	0	40000	other	0
P013	83	Response	L	4134248	10777	1
