Scenario - comrecognition long version
Logfile written - 06/13/2023 15:32:41

Subject	Trial	Event Type	Code	Time	TTime	Uncertainty	Duration	Uncertainty	ReqTime	ReqDur	Stim Type	Pair Index

P014	1	Picture	rec001	10165	0	1	40163	1	0	40000	other	0
P014	1	Response	L	28621	18456	1
P014	2	Picture	rec002	60327	0	1	40163	1	0	40000	other	0
P014	2	Response	L	75361	15034	1
P014	3	Picture	rec003	110489	0	1	40163	1	0	40000	other	0
P014	3	Response	L	122361	11872	1
P014	4	Picture	rec004	160651	0	1	40163	1	0	40000	other	0
P014	4	Response	A	171051	10399	1
P014	5	Picture	rec005	210814	0	1	40163	1	0	40000	other	0
P014	5	Response	A	218251	7437	1
P014	6	Picture	rec006	260976	0	1	40163	1	0	40000	other	0
P014	6	Response	A	267951	6975	1
P014	7	Picture	rec007	311138	0	1	40163	1	0	40000	other	0
P014	7	Response	A	319560	8422	1
P014	8	Picture	rec008	361300	0	1	40163	1	0	40000	other	0
P014	8	Response	A	382880	21580	1
P014	9	Picture	rec009	411463	0	1	40163	1	0	40000	other	0
P014	9	Response	L	420120	8658	1
P014	10	Picture	rec010	461625	0	1	40163	1	0	40000	other	0
P014	10	Response	A	469040	7415	1
P014	11	Picture	rec011	511787	0	1	40163	1	0	40000	other	0
P014	11	Response	L	522730	10943	1
P014	12	Picture	rec012	561949	0	1	40163	1	0	40000	other	0
P014	12	Response	L	575119	13170	1
P014	13	Picture	rec013	612112	0	1	40163	1	0	40000	other	0
P014	13	Response	A	622360	10248	1
P014	14	Picture	rec014	662274	0	1	40163	1	0	40000	other	0
P014	14	Response	A	673440	11166	1
P014	15	Picture	rec015	712436	0	1	40163	1	0	40000	other	0
P014	15	Response	L	723589	11153	1
P014	16	Picture	rec016	762598	0	1	40163	1	0	40000	other	0
P014	16	Response	L	773139	10541	1
P014	17	Picture	rec017	812761	0	1	40163	1	0	40000	other	0
P014	17	Response	A	820689	7929	1
P014	18	Picture	rec018	862923	0	1	40163	1	0	40000	other	0
P014	18	Response	A	873290	10368	1
P014	19	Picture	rec019	913085	0	1	40163	1	0	40000	other	0
P014	19	Response	A	919538	6453	1
P014	20	Picture	rec020	963247	0	1	40163	1	0	40000	other	0
P014	20	Response	A	972699	9452	1
P014	21	Picture	rec021	1013410	0	1	40163	1	0	40000	other	0
P014	21	Response	L	1036459	23049	1
P014	22	Picture	rec022	1063572	0	1	40163	1	0	40000	other	0
P014	22	Response	A	1071529	7957	1
P014	23	Picture	rec023	1113734	0	1	40163	1	0	40000	other	0
P014	23	Response	L	1121849	8115	1
P014	24	Picture	rec024	1163896	0	1	40163	1	0	40000	other	0
P014	24	Response	A	1177598	13702	1
P014	25	Picture	rec025	1214059	0	1	40163	1	0	40000	other	0
P014	25	Response	L	1220408	6349	1
P014	26	Picture	rec026	1264221	0	1	40163	1	0	40000	other	0
P014	26	Response	A	1288878	24658	1
P014	27	Picture	rec027	1314383	0	1	40163	1	0	40000	other	0
P014	27	Response	L	1321108	6725	1
P014	28	Picture	rec028	1364545	0	1	40163	1	0	40000	other	0
P014	28	Response	L	1373118	8572	1
P014	29	Picture	rec029	1414708	0	1	40163	1	0	40000	other	0
P014	29	Response	A	1423627	8920	1
P014	30	Picture	rec030	1464870	0	1	40163	1	0	40000	other	0
P014	30	Response	L	1475208	10338	1
P014	31	Picture	rec031	1515032	0	1	40163	1	0	40000	other	0
P014	31	Response	L	1529948	14916	1
P014	32	Picture	rec032	1565194	0	1	40163	1	0	40000	other	0
P014	32	Response	A	1574957	9763	1
P014	33	Picture	rec033	1615357	0	1	40163	1	0	40000	other	0
P014	33	Response	A	1621887	6531	1
P014	34	Picture	rec034	1665519	0	1	40163	1	0	40000	other	0
P014	34	Response	L	1679257	13738	1
P014	35	Picture	rec035	1715681	0	1	40163	1	0	40000	other	0
P014	35	Response	A	1726197	10516	1
P014	36	Picture	rec036	1765843	0	1	40163	1	0	40000	other	0
P014	36	Response	A	1771227	5384	1
P014	37	Picture	rec037	1816006	0	1	40163	1	0	40000	other	0
P014	37	Response	L	1823417	7411	1
P014	38	Picture	rec038	1866168	0	1	40163	1	0	40000	other	0
P014	38	Response	L	1877247	11079	1
P014	39	Picture	rec039	1916330	0	1	40163	1	0	40000	other	0
P014	39	Response	A	1933216	16886	1
P014	40	Picture	rec040	1966492	0	1	40163	1	0	40000	other	0
P014	40	Response	L	1975896	9404	1
P014	41	Picture	rec041	2016655	0	1	40163	1	0	40000	other	0
P014	41	Response	L	2026356	9701	1
P014	42	Picture	rec042	2066817	0	1	40163	1	0	40000	other	0
P014	42	Response	L	2073946	7129	1
P014	43	Picture	rec043	2116979	0	1	40163	1	0	40000	other	0
P014	43	Response	L	2127616	10637	1
P014	44	Picture	rec044	2167141	0	1	40163	1	0	40000	other	0
P014	44	Response	A	2176796	9655	1
P014	45	Picture	rec045	2217304	0	1	40163	1	0	40000	other	0
P014	45	Response	L	2224956	7652	1
P014	46	Picture	rec046	2267466	0	1	40163	1	0	40000	other	0
P014	46	Response	A	2275906	8440	1
P014	47	Picture	rec047	2317628	0	1	40163	1	0	40000	other	0
P014	47	Response	L	2330636	13008	1
P014	48	Picture	rec048	2367790	0	1	40163	1	0	40000	other	0
P014	48	Response	A	2373466	5676	1
P014	49	Picture	rec049	2417952	0	1	40163	1	0	40000	other	0
P014	49	Response	A	2426955	9003	1
P014	50	Picture	rec050	2468115	0	1	40163	1	0	40000	other	0
P014	50	Response	A	2476805	8690	1
P014	51	Picture	rec052	2518277	0	1	40163	1	0	40000	other	0
P014	51	Response	L	2525716	7439	1
P014	52	Picture	rec053	2568439	0	1	40163	1	0	40000	other	0
P014	52	Response	L	2579014	10575	1
P014	53	Picture	rec054	2618601	0	1	40163	1	0	40000	other	0
P014	53	Response	A	2636435	17833	1
P014	54	Picture	rec055	2668764	0	1	40163	1	0	40000	other	0
P014	54	Response	L	2676394	7631	1
P014	55	Picture	rec057	2718926	0	1	40163	1	0	40000	other	0
P014	55	Response	L	2729314	10388	1
P014	56	Picture	rec058	2769088	0	1	40163	1	0	40000	other	0
P014	56	Response	L	2799895	30806	1
P014	57	Picture	rec059	2819250	0	1	40163	1	0	40000	other	0
P014	57	Response	L	2826654	7404	1
P014	58	Picture	rec060	2869413	0	1	40163	1	0	40000	other	0
P014	58	Response	L	2876434	7022	1
P014	59	Picture	rec061	2919575	0	1	40163	1	0	40000	other	0
P014	59	Response	A	2928054	8479	1
P014	60	Picture	rec062	2969737	0	1	40163	1	0	40000	other	0
P014	60	Response	A	2977594	7857	1
P014	61	Picture	rec063	3019899	0	1	40163	1	0	40000	other	0
P014	61	Response	L	3029054	9155	1
P014	62	Picture	rec064	3070062	0	1	40163	1	0	40000	other	0
P014	62	Response	A	3077135	7073	1
P014	63	Picture	rec065	3120224	0	1	40163	1	0	40000	other	0
P014	63	Response	L	3127064	6840	1
P014	64	Picture	rec066	3170386	0	1	40163	1	0	40000	other	0
P014	64	Response	A	3178024	7637	1
P014	65	Picture	rec068	3220548	0	1	40163	1	0	40000	other	0
P014	65	Response	A	3231484	10935	1
P014	66	Picture	rec069	3270711	0	1	40163	1	0	40000	other	0
P014	66	Response	L	3278573	7863	1
P014	67	Picture	rec070	3320873	0	1	40163	1	0	40000	other	0
P014	67	Response	A	3329564	8691	1
P014	68	Picture	rec073	3371035	0	1	40163	1	0	40000	other	0
P014	68	Response	L	3379583	8548	1
P014	69	Picture	rec074	3421197	0	1	40163	1	0	40000	other	0
P014	69	Response	L	3429943	8746	1
P014	70	Picture	rec075	3471360	0	1	40163	1	0	40000	other	0
P014	70	Response	L	3478363	7003	1
P014	71	Picture	rec076	3521522	0	1	40163	1	0	40000	other	0
P014	71	Response	L	3536613	15091	1
P014	72	Picture	rec077	3571684	0	1	40163	1	0	40000	other	0
P014	72	Response	A	3588503	16818	1
P014	73	Picture	rec078	3621846	0	1	40163	1	0	40000	other	0
P014	73	Response	A	3628332	6486	1
P014	74	Picture	rec079	3672009	0	1	40163	1	0	40000	other	0
P014	74	Response	L	3679582	7574	1
P014	75	Picture	rec081	3722171	0	1	40163	1	0	40000	other	0
P014	75	Response	L	3731382	9211	1
P014	76	Picture	rec082	3772333	0	1	40163	1	0	40000	other	0
P014	76	Response	A	3781474	9141	1
P014	77	Picture	rec083	3822495	0	1	40163	1	0	40000	other	0
P014	77	Response	L	3829523	7027	1
P014	78	Picture	rec085	3872658	0	1	40163	1	0	40000	other	0
P014	78	Response	L	3882002	9344	1
P014	79	Picture	rec086	3922820	0	1	40163	1	0	40000	other	0
P014	79	Response	L	3930762	7942	1
P014	80	Picture	rec087	3972982	0	1	40163	1	0	40000	other	0
P014	80	Response	L	3981492	8510	1
P014	81	Picture	rec088	4023144	0	1	40163	1	0	40000	other	0
P014	81	Response	L	4029762	6618	1
P014	82	Picture	rec090	4073307	0	1	40163	1	0	40000	other	0
P014	82	Response	L	4079942	6636	1
P014	83	Picture	rec091	4123469	0	1	40163	1	0	40000	other	0
P014	83	Response	L	4131381	7912	1
