Scenario - comrecognition long version
Logfile written - 06/19/2023 15:05:36

Subject	Trial	Event Type	Code	Time	TTime	Uncertainty	Duration	Uncertainty	ReqTime	ReqDur	Stim Type	Pair Index

P017	1	Picture	rec001	10166	0	1	40163	1	0	40000	other	0
P017	1	Response	L	28940	18774	1
P017	2	Picture	rec002	60329	0	1	40163	1	0	40000	other	0
P017	2	Response	L	68680	8352	1
P017	3	Picture	rec003	110491	0	1	40163	1	0	40000	other	0
P017	3	Response	L	121880	11389	1
P017	4	Picture	rec004	160653	0	1	40163	1	0	40000	other	0
P017	4	Response	A	168999	8346	1
P017	5	Picture	rec005	210815	0	1	40163	1	0	40000	other	0
P017	5	Response	A	218399	7584	1
P017	6	Picture	rec006	260978	0	1	40163	1	0	40000	other	0
P017	6	Response	A	268049	7071	1
P017	7	Picture	rec007	311140	0	1	40163	1	0	40000	other	0
P017	7	Response	A	330149	19009	1
P017	8	Picture	rec008	361302	0	1	40163	1	0	40000	other	0
P017	8	Response	L	372979	11677	1
P017	9	Picture	rec009	411464	0	1	40163	1	0	40000	other	0
P017	9	Response	L	419319	7855	1
P017	10	Picture	rec010	461627	0	1	40163	1	0	40000	other	0
P017	10	Response	A	467909	6282	1
P017	11	Picture	rec011	511789	0	1	40163	1	0	40000	other	0
P017	11	Response	L	519948	8159	1
P017	12	Picture	rec012	561951	0	1	40163	1	0	40000	other	0
P017	12	Response	L	572849	10898	1
P017	13	Picture	rec013	612113	0	1	40163	1	0	40000	other	0
P017	13	Response	A	619349	7235	1
P017	14	Picture	rec014	662276	0	1	40163	1	0	40000	other	0
P017	14	Response	A	671728	9452	1
P017	15	Picture	rec015	712438	0	1	40163	1	0	40000	other	0
P017	15	Response	L	718798	6360	1
P017	16	Picture	rec016	762600	0	1	40163	1	0	40000	other	0
P017	16	Response	A	771768	9168	1
P017	17	Picture	rec017	812762	0	1	40163	1	0	40000	other	0
P017	17	Response	L	830609	17846	1
P017	18	Picture	rec018	862925	0	1	40163	1	0	40000	other	0
P017	18	Response	A	872488	9564	1
P017	19	Picture	rec019	913087	0	1	40163	1	0	40000	other	0
P017	19	Response	A	918968	5881	1
P017	20	Picture	rec020	963249	0	1	40163	1	0	40000	other	0
P017	20	Response	A	969968	6719	1
P017	21	Picture	rec021	1013411	0	1	40163	1	0	40000	other	0
P017	21	Response	L	1024137	10726	1
P017	22	Picture	rec022	1063574	0	1	40163	1	0	40000	other	0
P017	22	Response	L	1071527	7954	1
P017	23	Picture	rec023	1113736	0	1	40163	1	0	40000	other	0
P017	23	Response	L	1122187	8451	1
P017	24	Picture	rec024	1163898	0	1	40163	1	0	40000	other	0
P017	24	Response	L	1180418	16519	1
P017	25	Picture	rec025	1214060	0	1	40163	1	0	40000	other	0
P017	25	Response	L	1223257	9197	1
P017	26	Picture	rec026	1264223	0	1	40163	1	0	40000	other	0
P017	26	Response	L	1277187	12965	1
P017	27	Picture	rec027	1314385	0	1	40163	1	0	40000	other	0
P017	27	Response	L	1324827	10442	1
P017	28	Picture	rec028	1364547	0	1	40163	1	0	40000	other	0
P017	28	Response	L	1372857	8310	1
P017	29	Picture	rec029	1414709	0	1	40163	1	0	40000	other	0
P017	29	Response	A	1422147	7437	1
P017	30	Picture	rec030	1464872	0	1	40163	1	0	40000	other	0
P017	30	Response	L	1477917	13045	1
P017	31	Picture	rec031	1515034	0	1	40163	1	0	40000	other	0
P017	31	Response	L	1529277	14243	1
P017	32	Picture	rec032	1565196	0	1	40163	1	0	40000	other	0
P017	32	Response	L	1578897	13701	1
P017	33	Picture	rec033	1615358	0	1	40163	1	0	40000	other	0
P017	33	Response	L	1630616	15258	1
P017	34	Picture	rec034	1665521	0	1	40163	1	0	40000	other	0
P017	34	Response	L	1675586	10066	1
P017	35	Picture	rec035	1715683	0	1	40163	1	0	40000	other	0
P017	35	Response	A	1727196	11513	1
P017	36	Picture	rec036	1765845	0	1	40163	1	0	40000	other	0
P017	36	Response	A	1772156	6311	1
P017	37	Picture	rec037	1816007	0	1	40163	1	0	40000	other	0
P017	37	Response	L	1825605	9598	1
P017	38	Picture	rec038	1866170	0	1	40163	1	0	40000	other	0
P017	38	Response	L	1887645	21475	1
P017	39	Picture	rec039	1916332	0	1	40163	1	0	40000	other	0
P017	39	Response	L	1927486	11154	1
P017	40	Picture	rec040	1966494	0	1	40163	1	0	40000	other	0
P017	40	Response	L	1975715	9221	1
P017	41	Picture	rec041	2016656	0	1	40163	1	0	40000	other	0
P017	41	Response	L	2028946	12289	1
P017	42	Picture	rec042	2066818	0	1	40163	1	0	40000	other	0
P017	42	Response	L	2073795	6977	1
P017	43	Picture	rec043	2116981	0	1	40163	1	0	40000	other	0
P017	43	Response	L	2134785	17804	1
P017	44	Picture	rec044	2167143	0	1	40163	1	0	40000	other	0
P017	44	Response	L	2176324	9181	1
P017	45	Picture	rec045	2217305	0	1	40163	1	0	40000	other	0
P017	45	Response	L	2236215	18910	1
P017	46	Picture	rec046	2267468	0	1	40163	1	0	40000	other	0
P017	46	Response	A	2279474	12007	1
P017	47	Picture	rec047	2317630	0	1	40163	1	0	40000	other	0
P017	47	Response	A	2331525	13895	1
P017	48	Picture	rec048	2367792	0	1	40163	1	0	40000	other	0
P017	48	Response	A	2374604	6812	1
P017	49	Picture	rec049	2417954	0	1	40163	1	0	40000	other	0
P017	49	Response	A	2429654	11700	1
P017	50	Picture	rec050	2468116	0	1	40163	1	0	40000	other	0
P017	50	Response	A	2476054	7938	1
P017	51	Picture	rec052	2518279	0	1	40163	1	0	40000	other	0
P017	51	Response	L	2541714	23435	1
P017	52	Picture	rec053	2568441	0	1	40163	1	0	40000	other	0
P017	52	Response	A	2583144	14703	1
P017	53	Picture	rec054	2618603	0	1	40163	1	0	40000	other	0
P017	53	Response	L	2629923	11320	1
P017	54	Picture	rec055	2668765	0	1	40163	1	0	40000	other	0
P017	54	Response	A	2681414	12648	1
P017	55	Picture	rec057	2718928	0	1	40163	1	0	40000	other	0
P017	55	Response	A	2743413	24486	1
P017	56	Picture	rec058	2769090	0	1	40163	1	0	40000	other	0
P017	56	Response	L	2783833	14743	1
P017	57	Picture	rec059	2819252	0	1	40163	1	0	40000	other	0
P017	57	Response	L	2829744	10492	1
P017	58	Picture	rec060	2869414	0	1	40163	1	0	40000	other	0
P017	58	Response	L	2878224	8810	1
P017	59	Picture	rec061	2919577	0	1	40163	1	0	40000	other	0
P017	59	Response	L	2926340	6763	1
P017	60	Picture	rec062	2969739	0	1	40163	1	0	40000	other	0
P017	60	Response	L	2978753	9014	1
P017	61	Picture	rec063	3019901	0	1	40163	1	0	40000	other	0
P017	61	Response	L	3027212	7311	1
P017	62	Picture	rec064	3070063	0	1	40163	1	0	40000	other	0
P017	62	Response	A	3076753	6689	1
P017	63	Picture	rec065	3120226	0	1	40163	1	0	40000	other	0
P017	63	Response	L	3135283	15057	1
P017	64	Picture	rec066	3170388	0	1	40163	1	0	40000	other	0
P017	64	Response	A	3178733	8345	1
P017	65	Picture	rec068	3220550	0	1	40163	1	0	40000	other	0
P017	65	Response	A	3228603	8052	1
P017	66	Picture	rec069	3270712	0	1	40163	1	0	40000	other	0
P017	66	Response	L	3280572	9860	1
P017	67	Picture	rec070	3320875	0	1	40163	1	0	40000	other	0
P017	67	Response	L	3331722	10847	1
P017	68	Picture	rec073	3371037	0	1	40163	1	0	40000	other	0
P017	68	Response	L	3379832	8795	1
P017	69	Picture	rec074	3421199	0	1	40163	1	0	40000	other	0
P017	69	Response	L	3429011	7811	1
P017	70	Picture	rec075	3471361	0	1	40163	1	0	40000	other	0
P017	70	Response	L	3478412	7050	1
P017	71	Picture	rec076	3521524	0	1	40163	1	0	40000	other	0
P017	71	Response	L	3541662	20138	1
P017	72	Picture	rec077	3571686	0	1	40163	1	0	40000	other	0
P017	72	Response	L	3594701	23015	1
P017	73	Picture	rec078	3621848	0	1	40163	1	0	40000	other	0
P017	73	Response	A	3628542	6693	1
P017	74	Picture	rec079	3672010	0	1	40163	1	0	40000	other	0
P017	74	Response	L	3680521	8511	1
P017	75	Picture	rec081	3722173	0	1	40163	1	0	40000	other	0
P017	75	Response	L	3732531	10359	1
P017	76	Picture	rec082	3772335	0	1	40163	1	0	40000	other	0
P017	76	Response	A	3783971	11636	1
P017	77	Picture	rec083	3822497	0	1	40163	1	0	40000	other	0
P017	77	Response	L	3833041	10544	1
P017	78	Picture	rec085	3872659	0	1	40163	1	0	40000	other	0
P017	78	Response	L	3892561	19902	1
P017	79	Picture	rec086	3922822	0	1	40163	1	0	40000	other	0
P017	79	Response	A	3935340	12518	1
P017	80	Picture	rec087	3972984	0	1	40163	1	0	40000	other	0
P017	80	Response	L	3989481	16497	1
P017	81	Picture	rec088	4023146	0	1	40163	1	0	40000	other	0
P017	81	Response	L	4031970	8823	1
P017	82	Picture	rec090	4073308	0	1	40163	1	0	40000	other	0
P017	82	Response	A	4102410	29102	1
P017	83	Picture	rec091	4123471	0	1	40163	1	0	40000	other	0
P017	83	Response	L	4140590	17119	1
