Scenario - comrecognition long version
Logfile written - 06/26/2023 15:09:23

Subject	Trial	Event Type	Code	Time	TTime	Uncertainty	Duration	Uncertainty	ReqTime	ReqDur	Stim Type	Pair Index

P018	1	Picture	rec001	10166	0	1	40163	1	0	40000	other	0
P018	1	Response	L	20640	10474	1
P018	2	Picture	rec002	60329	0	1	40163	1	0	40000	other	0
P018	2	Response	A	72411	12082	1
P018	3	Picture	rec003	110491	0	1	40163	1	0	40000	other	0
P018	3	Response	L	124641	14151	1
P018	4	Picture	rec004	160653	0	1	40163	1	0	40000	other	0
P018	4	Response	A	170421	9768	1
P018	5	Picture	rec005	210815	0	1	40163	1	0	40000	other	0
P018	5	Response	A	218581	7766	1
P018	6	Picture	rec006	260978	0	1	40163	1	0	40000	other	0
P018	6	Response	A	267920	6942	1
P018	7	Picture	rec007	311140	0	1	40163	1	0	40000	other	0
P018	7	Response	A	318561	7421	1
P018	8	Picture	rec008	361302	0	1	40163	1	0	40000	other	0
P018	8	Response	A	374511	13208	1
P018	9	Picture	rec009	411465	0	1	40163	1	0	40000	other	0
P018	9	Response	L	423720	12256	1
P018	10	Picture	rec010	461627	0	1	40163	1	0	40000	other	0
P018	10	Response	A	469390	7763	1
P018	11	Picture	rec011	511789	0	1	40163	1	0	40000	other	0
P018	11	Response	L	525939	14150	1
P018	12	Picture	rec012	561951	0	1	40163	1	0	40000	other	0
P018	12	Response	L	572611	10659	1
P018	13	Picture	rec013	612114	0	1	40163	1	0	40000	other	0
P018	13	Response	A	623712	11598	1
P018	14	Picture	rec014	662276	0	1	40163	1	0	40000	other	0
P018	14	Response	L	670739	8463	1
P018	15	Picture	rec015	712438	0	1	40163	1	0	40000	other	0
P018	15	Response	L	724640	12202	1
P018	16	Picture	rec016	762600	0	1	40163	1	0	40000	other	0
P018	16	Response	L	773019	10418	1
P018	17	Picture	rec017	812763	0	1	40163	1	0	40000	other	0
P018	17	Response	A	818370	5608	1
P018	18	Picture	rec018	862925	0	1	40163	1	0	40000	other	0
P018	18	Response	A	870810	7885	1
P018	19	Picture	rec019	913087	0	1	40163	1	0	40000	other	0
P018	19	Response	A	925828	12741	1
P018	20	Picture	rec020	963250	0	1	40163	1	0	40000	other	0
P018	20	Response	A	971321	8072	1
P018	21	Picture	rec021	1013412	0	1	40163	1	0	40000	other	0
P018	21	Response	A	1022451	9039	1
P018	22	Picture	rec022	1063574	0	1	40163	1	0	40000	other	0
P018	22	Response	A	1074940	11366	1
P018	23	Picture	rec023	1113736	0	1	40163	1	0	40000	other	0
P018	23	Response	L	1122020	8284	1
P018	24	Picture	rec024	1163899	0	1	40163	1	0	40000	other	0
P018	24	Response	A	1173610	9712	1
P018	25	Picture	rec025	1214061	0	1	40163	1	0	40000	other	0
P018	25	Response	L	1224340	10279	1
P018	26	Picture	rec026	1264223	0	1	40163	1	0	40000	other	0
P018	26	Response	A	1274800	10577	1
P018	27	Picture	rec027	1314385	0	1	40163	1	0	40000	other	0
P018	27	Response	L	1328850	14465	1
P018	28	Picture	rec028	1364548	0	1	40163	1	0	40000	other	0
P018	28	Response	L	1376517	11970	1
P018	29	Picture	rec029	1414710	0	1	40163	1	0	40000	other	0
P018	29	Response	A	1423960	9250	1
P018	30	Picture	rec030	1464872	0	1	40163	1	0	40000	other	0
P018	30	Response	A	1478578	13706	1
P018	31	Picture	rec031	1515035	0	1	40163	1	0	40000	other	0
P018	31	Response	A	1525710	10675	1
P018	32	Picture	rec032	1565197	0	1	40163	1	0	40000	other	0
P018	32	Response	A	1573859	8663	1
P018	33	Picture	rec033	1615359	0	1	40163	1	0	40000	other	0
P018	33	Response	A	1623370	8010	1
P018	34	Picture	rec034	1665521	0	1	40163	1	0	40000	other	0
P018	34	Response	A	1679889	14367	1
P018	35	Picture	rec035	1715684	0	1	40163	1	0	40000	other	0
P018	35	Response	A	1726399	10716	1
P018	36	Picture	rec036	1765846	0	1	40163	1	0	40000	other	0
P018	36	Response	A	1772679	6833	1
P018	37	Picture	rec037	1816008	0	1	40163	1	0	40000	other	0
P018	37	Response	L	1824479	8471	1
P018	38	Picture	rec038	1866170	0	1	40163	1	0	40000	other	0
P018	38	Response	A	1875739	9568	1
P018	39	Picture	rec039	1916333	0	1	40163	1	0	40000	other	0
P018	39	Response	A	1927448	11116	1
P018	40	Picture	rec040	1966495	0	1	40163	1	0	40000	other	0
P018	40	Response	L	1984158	17663	1
P018	41	Picture	rec041	2016657	0	1	40163	1	0	40000	other	0
P018	41	Response	L	2029028	12370	1
P018	42	Picture	rec042	2066820	0	1	40163	1	0	40000	other	0
P018	42	Response	A	2078697	11877	1
P018	43	Picture	rec043	2116982	0	1	40163	1	0	40000	other	0
P018	43	Response	L	2135219	18237	1
P018	44	Picture	rec044	2167144	0	1	40163	1	0	40000	other	0
P018	44	Response	L	2176598	9454	1
P018	45	Picture	rec045	2217306	0	1	40163	1	0	40000	other	0
P018	45	Response	L	2227037	9731	1
P018	46	Picture	rec046	2267469	0	1	40163	1	0	40000	other	0
P018	46	Response	A	2278618	11149	1
P018	47	Picture	rec047	2317631	0	1	40163	1	0	40000	other	0
P018	47	Response	L	2330036	12405	1
P018	48	Picture	rec048	2367793	0	1	40163	1	0	40000	other	0
P018	48	Response	A	2375247	7454	1
P018	49	Picture	rec049	2417955	0	1	40163	1	0	40000	other	0
P018	49	Response	A	2425846	7890	1
P018	50	Picture	rec050	2468118	0	1	40163	1	0	40000	other	0
P018	50	Response	A	2479898	11780	1
P018	51	Picture	rec052	2518280	0	1	40163	1	0	40000	other	0
P018	51	Response	L	2528965	10685	1
P018	52	Picture	rec053	2568442	0	1	40163	1	0	40000	other	0
P018	52	Response	L	2580895	12452	1
P018	53	Picture	rec054	2618605	0	1	40163	1	0	40000	other	0
P018	53	Response	L	2632267	13662	1
P018	54	Picture	rec055	2668767	0	1	40163	1	0	40000	other	0
P018	54	Response	A	2679036	10270	1
P018	55	Picture	rec057	2718929	0	1	40163	1	0	40000	other	0
P018	55	Response	L	2729127	10198	1
P018	56	Picture	rec058	2769091	0	1	40163	1	0	40000	other	0
P018	56	Response	A	2781157	12066	1
P018	57	Picture	rec059	2819254	0	1	40163	1	0	40000	other	0
P018	57	Response	L	2830426	11172	1
P018	58	Picture	rec060	2869416	0	1	40163	1	0	40000	other	0
P018	58	Response	L	2880067	10651	1
P018	59	Picture	rec061	2919578	0	1	40163	1	0	40000	other	0
P018	59	Response	A	2934898	15320	1
P018	60	Picture	rec062	2969741	0	1	40163	1	0	40000	other	0
P018	60	Response	L	2984817	15077	1
P018	61	Picture	rec063	3019903	0	1	40163	1	0	40000	other	0
P018	61	Response	L	3037027	17124	1
P018	62	Picture	rec064	3070065	0	1	40163	1	0	40000	other	0
P018	62	Response	L	3081877	11812	1
P018	63	Picture	rec065	3120227	0	1	40163	1	0	40000	other	0
P018	63	Response	L	3133576	13349	1
P018	64	Picture	rec066	3170390	0	1	40163	1	0	40000	other	0
P018	64	Response	L	3185967	15577	1
P018	65	Picture	rec068	3220552	0	1	40163	1	0	40000	other	0
P018	65	Response	A	3229157	8605	1
P018	66	Picture	rec069	3270714	0	1	40163	1	0	40000	other	0
P018	66	Response	L	3280407	9693	1
P018	67	Picture	rec070	3320876	0	1	40163	1	0	40000	other	0
P018	67	Response	A	3335466	14590	1
P018	68	Picture	rec073	3371039	0	1	40163	1	0	40000	other	0
P018	68	Response	L	3382547	11508	1
P018	69	Picture	rec074	3421201	0	1	40163	1	0	40000	other	0
P018	69	Response	L	3431756	10555	1
P018	70	Picture	rec075	3471363	0	1	40163	1	0	40000	other	0
P018	70	Response	L	3479946	8583	1
P018	71	Picture	rec076	3521526	0	1	40163	1	0	40000	other	0
P018	71	Response	A	3537357	15831	1
P018	72	Picture	rec077	3571688	0	1	40163	1	0	40000	other	0
P018	72	Response	L	3585046	13358	1
P018	73	Picture	rec078	3621850	0	1	40163	1	0	40000	other	0
P018	73	Response	A	3628876	7026	1
P018	74	Picture	rec079	3672012	0	1	40163	1	0	40000	other	0
P018	74	Response	L	3683846	11834	1
P018	75	Picture	rec081	3722175	0	1	40163	1	0	40000	other	0
P018	75	Response	L	3733475	11300	1
P018	76	Picture	rec082	3772337	0	1	40163	1	0	40000	other	0
P018	76	Response	A	3780965	8628	1
P018	77	Picture	rec083	3822499	0	1	40163	1	0	40000	other	0
P018	77	Response	A	3840004	17505	1
P018	78	Picture	rec085	3872661	0	1	40163	1	0	40000	other	0
P018	78	Response	L	3880745	8084	1
P018	79	Picture	rec086	3922824	0	1	40163	1	0	40000	other	0
P018	79	Response	A	3936915	14092	1
P018	80	Picture	rec087	3972986	0	1	40163	1	0	40000	other	0
P018	80	Response	L	3989595	16609	1
P018	81	Picture	rec088	4023148	0	1	40163	1	0	40000	other	0
P018	81	Response	L	4032655	9507	1
P018	82	Picture	rec090	4073311	0	1	40163	1	0	40000	other	0
P018	82	Response	A	4091605	18295	1
P018	83	Picture	rec091	4123473	0	1	40163	1	0	40000	other	0
P018	83	Response	L	4134875	11402	1
