Scenario - comrecognition long version
Logfile written - 07/12/2023 14:58:36

Subject	Trial	Event Type	Code	Time	TTime	Uncertainty	Duration	Uncertainty	ReqTime	ReqDur	Stim Type	Pair Index

P021	1	Picture	rec001	10166	0	1	40163	1	0	40000	other	0
P021	1	Response	A	28499	18332	1
P021	2	Picture	rec002	60329	0	1	40163	1	0	40000	other	0
P021	2	Response	A	77609	17281	1
P021	3	Picture	rec003	110491	0	1	40163	1	0	40000	other	0
P021	3	Response	L	133679	23188	1
P021	4	Picture	rec004	160653	0	1	40163	1	0	40000	other	0
P021	4	Response	L	184279	23626	1
P021	5	Picture	rec005	210815	0	1	40163	1	0	40000	other	0
P021	5	Response	A	222179	11364	1
P021	6	Picture	rec006	260978	0	1	40163	1	0	40000	other	0
P021	6	Response	A	273199	12221	1
P021	7	Picture	rec007	311140	0	1	40163	1	0	40000	other	0
P021	7	Response	A	328449	17309	1
P021	8	Picture	rec008	361302	0	1	40163	1	0	40000	other	0
P021	8	Response	L	377639	16336	1
P021	9	Picture	rec009	411465	0	1	40163	1	0	40000	other	0
P021	9	Response	L	428309	16845	1
P021	10	Picture	rec010	461627	0	1	40163	1	0	40000	other	0
P021	10	Response	A	470528	8902	1
P021	11	Picture	rec011	511789	0	1	40163	1	0	40000	other	0
P021	11	Response	L	525719	13930	1
P021	12	Picture	rec012	561951	0	1	40163	1	0	40000	other	0
P021	12	Response	L	574158	12207	1
P021	13	Picture	rec013	612114	0	1	40163	1	0	40000	other	0
P021	13	Response	A	623318	11204	1
P021	14	Picture	rec014	662276	0	1	40163	1	0	40000	other	0
P021	14	Response	A	679108	16832	1
P021	15	Picture	rec015	712438	0	1	40163	1	0	40000	other	0
P021	15	Response	L	722948	10510	1
P021	16	Picture	rec016	762600	0	1	40163	1	0	40000	other	0
P021	16	Response	A	772917	10317	1
P021	17	Picture	rec017	812763	0	1	40163	1	0	40000	other	0
P021	17	Response	A	824627	11864	1
P021	18	Picture	rec018	862925	0	1	40163	1	0	40000	other	0
P021	18	Response	A	874067	11142	1
P021	19	Picture	rec019	913087	0	1	40163	1	0	40000	other	0
P021	19	Response	A	924278	11190	1
P021	20	Picture	rec020	963250	0	1	40163	1	0	40000	other	0
P021	20	Response	A	973218	9968	1
P021	21	Picture	rec021	1013412	0	1	40163	1	0	40000	other	0
P021	21	Response	A	1032367	18956	1
P021	22	Picture	rec022	1063574	0	1	40163	1	0	40000	other	0
P021	22	Response	A	1075377	11803	1
P021	23	Picture	rec023	1113736	0	1	40163	1	0	40000	other	0
P021	23	Response	L	1125227	11491	1
P021	24	Picture	rec024	1163899	0	1	40163	1	0	40000	other	0
P021	24	Response	A	1176897	12998	1
P021	25	Picture	rec025	1214061	0	1	40163	1	0	40000	other	0
P021	25	Response	L	1225477	11416	1
P021	26	Picture	rec026	1264223	0	1	40163	1	0	40000	other	0
P021	26	Response	A	1277567	13344	1
P021	27	Picture	rec027	1314385	0	1	40156	8	0	40000	other	0
P021	27	Response	L	1329197	14812	1
P021	28	Picture	rec028	1364548	0	1	40163	1	0	40000	other	0
P021	28	Response	L	1376937	12389	1
P021	29	Picture	rec029	1414710	0	1	40163	1	0	40000	other	0
P021	29	Response	A	1425846	11136	1
P021	30	Picture	rec030	1464872	0	1	40163	1	0	40000	other	0
P021	30	Response	A	1480687	15815	1
P021	31	Picture	rec031	1515035	0	1	40163	1	0	40000	other	0
P021	31	Response	A	1529076	14042	1
P021	32	Picture	rec032	1565197	0	1	40163	1	0	40000	other	0
P021	32	Response	A	1576616	11420	1
P021	33	Picture	rec033	1615359	0	1	40163	1	0	40000	other	0
P021	33	Response	A	1626466	11107	1
P021	34	Picture	rec034	1665521	0	1	40163	1	0	40000	other	0
P021	34	Response	A	1677106	11585	1
P021	35	Picture	rec035	1715684	0	1	40163	1	0	40000	other	0
P021	35	Response	A	1736387	20703	1
P021	36	Picture	rec036	1765846	0	1	40163	1	0	40000	other	0
P021	36	Response	A	1773885	8039	1
P021	37	Picture	rec037	1816008	0	1	40163	1	0	40000	other	0
P021	37	Response	L	1830545	14537	1
P021	38	Picture	rec038	1866170	0	1	40163	1	0	40000	other	0
P021	38	Response	A	1891356	25186	1
P021	39	Picture	rec039	1916333	0	1	40163	1	0	40000	other	0
P021	39	Response	L	1938586	22253	1
P021	40	Picture	rec040	1966495	0	1	40163	1	0	40000	other	0
P021	40	Response	L	1979516	13021	1
P021	41	Picture	rec041	2016657	0	1	40163	1	0	40000	other	0
P021	41	Response	L	2031086	14429	1
P021	42	Picture	rec042	2066820	0	1	40163	1	0	40000	other	0
P021	42	Response	A	2077365	10545	1
P021	43	Picture	rec043	2116982	0	1	40163	1	0	40000	other	0
P021	43	Response	A	2130066	13084	1
P021	44	Picture	rec044	2167144	0	1	40163	1	0	40000	other	0
P021	44	Response	A	2183445	16301	1
P021	45	Picture	rec045	2217306	0	1	40163	1	0	40000	other	0
P021	45	Response	L	2228185	10879	1
P021	46	Picture	rec046	2267469	0	1	40163	1	0	40000	other	0
P021	46	Response	A	2276425	8956	1
P021	47	Picture	rec047	2317631	0	1	40163	1	0	40000	other	0
P021	47	Response	L	2333525	15894	1
P021	48	Picture	rec048	2367793	0	1	40163	1	0	40000	other	0
P021	48	Response	A	2376074	8281	1
P021	49	Picture	rec049	2417955	0	1	40163	1	0	40000	other	0
P021	49	Response	A	2429405	11450	1
P021	50	Picture	rec050	2468118	0	1	40163	1	0	40000	other	0
P021	50	Response	A	2477195	9077	1
P021	51	Picture	rec052	2518280	0	1	40163	1	0	40000	other	0
P021	51	Response	L	2527394	9114	1
P021	52	Picture	rec053	2568442	0	1	40163	1	0	40000	other	0
P021	52	Response	L	2582224	13782	1
P021	53	Picture	rec054	2618604	0	1	40163	1	0	40000	other	0
P021	53	Response	A	2631724	13120	1
P021	54	Picture	rec055	2668767	0	1	40163	1	0	40000	other	0
P021	54	Response	L	2685164	16398	1
P021	55	Picture	rec057	2718929	0	1	40163	1	0	40000	other	0
P021	55	Response	A	2728274	9345	1
P021	56	Picture	rec058	2769091	0	1	40163	1	0	40000	other	0
P021	56	Response	A	2781394	12303	1
P021	57	Picture	rec059	2819254	0	1	40163	1	0	40000	other	0
P021	57	Response	L	2829654	10400	1
P021	58	Picture	rec060	2869416	0	1	40163	1	0	40000	other	0
P021	58	Response	L	2880284	10868	1
P021	59	Picture	rec061	2919578	0	1	40163	1	0	40000	other	0
P021	59	Response	L	2939543	19965	1
P021	60	Picture	rec062	2969740	0	1	40163	1	0	40000	other	0
P021	60	Response	A	2976123	6383	1
P021	61	Picture	rec063	3019903	0	1	40163	1	0	40000	other	0
P021	61	Response	L	3029954	10051	1
P021	62	Picture	rec064	3070065	0	1	40163	1	0	40000	other	0
P021	62	Response	L	3086293	16229	1
P021	63	Picture	rec065	3120227	0	1	40163	1	0	40000	other	0
P021	63	Response	L	3131893	11666	1
P021	64	Picture	rec066	3170389	0	1	40163	1	0	40000	other	0
P021	64	Response	A	3182494	12104	1
P021	65	Picture	rec068	3220552	0	1	40163	1	0	40000	other	0
P021	65	Response	A	3231993	11441	1
P021	66	Picture	rec069	3270714	0	1	40163	1	0	40000	other	0
P021	66	Response	L	3287141	16427	1
P021	67	Picture	rec070	3320876	0	1	40163	1	0	40000	other	0
P021	67	Response	A	3329542	8666	1
P021	68	Picture	rec073	3371039	0	1	40163	1	0	40000	other	0
P021	68	Response	L	3381042	10004	1
P021	69	Picture	rec074	3421201	0	1	40163	1	0	40000	other	0
P021	69	Response	L	3433833	12632	1
P021	70	Picture	rec075	3471363	0	1	40163	1	0	40000	other	0
P021	70	Response	L	3482653	11290	1
P021	71	Picture	rec076	3521525	0	1	40163	1	0	40000	other	0
P021	71	Response	A	3536233	14708	1
P021	72	Picture	rec077	3571688	0	1	40163	1	0	40000	other	0
P021	72	Response	L	3586033	14345	1
P021	73	Picture	rec078	3621850	0	1	40163	1	0	40000	other	0
P021	73	Response	A	3630232	8383	1
P021	74	Picture	rec079	3672012	0	1	40163	1	0	40000	other	0
P021	74	Response	L	3680983	8970	1
P021	75	Picture	rec081	3722174	0	1	40163	1	0	40000	other	0
P021	75	Response	L	3731934	9760	1
P021	76	Picture	rec082	3772337	0	1	40163	1	0	40000	other	0
P021	76	Response	A	3783702	11365	1
P021	77	Picture	rec083	3822499	0	1	40163	1	0	40000	other	0
P021	77	Response	A	3835611	13112	1
P021	78	Picture	rec085	3872661	0	1	40163	1	0	40000	other	0
P021	78	Response	L	3886062	13401	1
P021	79	Picture	rec086	3922824	0	1	40163	1	0	40000	other	0
P021	79	Response	A	3941442	18619	1
P021	80	Picture	rec087	3972986	0	1	40163	1	0	40000	other	0
P021	80	Response	L	3981942	8956	1
P021	81	Picture	rec088	4023148	0	1	40163	1	0	40000	other	0
P021	81	Response	L	4033571	10423	1
P021	82	Picture	rec090	4073310	0	1	40163	1	0	40000	other	0
P021	82	Response	L	4087651	14341	1
P021	83	Picture	rec091	4123473	0	1	40163	1	0	40000	other	0
P021	83	Response	A	4142901	19429	1
