Scenario - comrecognition long version
Logfile written - 07/19/2023 14:51:07

Subject	Trial	Event Type	Code	Time	TTime	Uncertainty	Duration	Uncertainty	ReqTime	ReqDur	Stim Type	Pair Index

P022	1	Picture	rec001	10166	0	1	40163	1	0	40000	other	0
P022	1	Response	A	53698	43532	1
P022	2	Picture	rec002	60329	0	1	40163	1	0	40000	other	0
P022	2	Response	L	77218	16890	1
P022	3	Picture	rec003	110491	0	1	40163	1	0	40000	other	0
P022	3	Response	L	127640	17148	1
P022	4	Picture	rec004	160653	0	1	40163	1	0	40000	other	0
P022	4	Response	L	170368	9714	1
P022	5	Picture	rec005	210816	0	1	40163	1	0	40000	other	0
P022	5	Response	L	221939	11123	1
P022	6	Picture	rec006	260978	0	1	40163	1	0	40000	other	0
P022	6	Response	A	269049	8070	1
P022	7	Picture	rec007	311141	0	1	40163	1	0	40000	other	0
P022	7	Response	L	320408	9268	1
P022	8	Picture	rec008	361303	0	1	40163	1	0	40000	other	0
P022	8	Response	L	376748	15445	1
P022	9	Picture	rec009	411465	0	1	40163	1	0	40000	other	0
P022	9	Response	L	421358	9892	1
P022	10	Picture	rec010	461628	0	1	40163	1	0	40000	other	0
P022	10	Response	A	469908	8280	1
P022	11	Picture	rec011	511790	0	1	40163	1	0	40000	other	0
P022	11	Response	L	519949	8159	1
P022	12	Picture	rec012	561952	0	1	40163	1	0	40000	other	0
P022	12	Response	L	569959	8006	1
P022	13	Picture	rec013	612115	0	1	40163	1	0	40000	other	0
P022	13	Response	A	620189	8074	1
P022	14	Picture	rec014	662277	0	1	40163	1	0	40000	other	0
P022	14	Response	L	670618	8341	1
P022	15	Picture	rec015	712440	0	1	40163	1	0	40000	other	0
P022	15	Response	L	722858	10419	1
P022	16	Picture	rec016	762602	0	1	40163	1	0	40000	other	0
P022	16	Response	L	770818	8216	1
P022	17	Picture	rec017	812764	0	1	40163	1	0	40000	other	0
P022	17	Response	A	822568	9803	1
P022	18	Picture	rec018	862927	0	1	40163	1	0	40000	other	0
P022	18	Response	L	875508	12581	1
P022	19	Picture	rec019	913089	0	1	40163	1	0	40000	other	0
P022	19	Response	L	926118	13029	1
P022	20	Picture	rec020	963251	0	1	40163	1	0	40000	other	0
P022	20	Response	L	973608	10357	1
P022	21	Picture	rec021	1013414	0	1	40163	1	0	40000	other	0
P022	21	Response	L	1035008	21595	1
P022	22	Picture	rec022	1063576	0	1	40163	1	0	40000	other	0
P022	22	Response	L	1076428	12852	1
P022	23	Picture	rec023	1113739	0	1	40163	1	0	40000	other	0
P022	23	Response	L	1124628	10890	1
P022	24	Picture	rec024	1163901	0	1	40163	1	0	40000	other	0
P022	24	Response	L	1184598	20697	1
P022	25	Picture	rec025	1214063	0	1	40163	1	0	40000	other	0
P022	25	Response	L	1225198	11135	1
P022	26	Picture	rec026	1264226	0	1	40163	1	0	40000	other	0
P022	26	Response	L	1279838	15613	1
P022	27	Picture	rec027	1314388	0	1	40163	1	0	40000	other	0
P022	27	Response	L	1323558	9170	1
P022	28	Picture	rec028	1364550	0	1	40163	1	0	40000	other	0
P022	28	Response	L	1373198	8648	1
P022	29	Picture	rec029	1414713	0	1	40163	1	0	40000	other	0
P022	29	Response	A	1423338	8625	1
P022	30	Picture	rec030	1464875	0	1	40163	1	0	40000	other	0
P022	30	Response	L	1476048	11173	1
P022	31	Picture	rec031	1515037	0	1	40163	1	0	40000	other	0
P022	31	Response	A	1522518	7481	1
P022	32	Picture	rec032	1565200	0	1	40163	1	0	40000	other	0
P022	32	Response	L	1575718	10518	1
P022	33	Picture	rec033	1615362	0	1	40163	1	0	40000	other	0
P022	33	Response	L	1631978	16616	1
P022	34	Picture	rec034	1665525	0	1	40163	1	0	40000	other	0
P022	34	Response	L	1689508	23984	1
P022	35	Picture	rec035	1715687	0	1	40163	1	0	40000	other	0
P022	35	Response	L	1722998	7311	1
P022	36	Picture	rec036	1765849	0	1	40163	1	0	40000	other	0
P022	36	Response	A	1776738	10888	1
P022	37	Picture	rec037	1816012	0	1	40163	1	0	40000	other	0
P022	37	Response	L	1826388	10377	1
P022	38	Picture	rec038	1866174	0	1	40163	1	0	40000	other	0
P022	38	Response	L	1875329	9154	1
P022	39	Picture	rec039	1916336	0	1	40163	1	0	40000	other	0
P022	39	Response	L	1939488	23151	1
P022	40	Picture	rec040	1966499	0	1	40163	1	0	40000	other	0
P022	40	Response	L	1977058	10559	1
P022	41	Picture	rec041	2016661	0	1	40163	1	0	40000	other	0
P022	41	Response	L	2033968	17307	1
P022	42	Picture	rec042	2066823	0	1	40163	1	0	40000	other	0
P022	42	Response	L	2079488	12665	1
P022	43	Picture	rec043	2116986	0	1	40163	1	0	40000	other	0
P022	43	Response	L	2126508	9522	1
P022	44	Picture	rec044	2167148	0	1	40163	1	0	40000	other	0
P022	44	Response	L	2174168	7020	1
P022	45	Picture	rec045	2217311	0	1	40163	1	0	40000	other	0
P022	45	Response	L	2225128	7818	1
P022	46	Picture	rec046	2267473	0	1	40163	1	0	40000	other	0
P022	46	Response	A	2277788	10315	1
P022	47	Picture	rec047	2317635	0	1	40163	1	0	40000	other	0
P022	47	Response	L	2332448	14813	1
P022	48	Picture	rec048	2367798	0	1	40163	1	0	40000	other	0
P022	48	Response	A	2374439	6641	1
P022	49	Picture	rec049	2417960	0	1	40163	1	0	40000	other	0
P022	49	Response	L	2434378	16418	1
P022	50	Picture	rec050	2468122	0	1	40163	1	0	40000	other	0
P022	50	Response	A	2478748	10625	1
P022	51	Picture	rec052	2518285	0	1	40163	1	0	40000	other	0
P022	51	Response	L	2527478	9194	1
P022	52	Picture	rec053	2568447	0	1	40163	1	0	40000	other	0
P022	52	Response	L	2578367	9920	1
P022	53	Picture	rec054	2618610	0	1	40163	1	0	40000	other	0
P022	53	Response	L	2629418	10809	1
P022	54	Picture	rec055	2668772	0	1	40163	1	0	40000	other	0
P022	54	Response	A	2684289	15517	1
P022	55	Picture	rec057	2718934	0	1	40163	1	0	40000	other	0
P022	55	Response	A	2728738	9804	1
P022	56	Picture	rec058	2769097	0	1	40163	1	0	40000	other	0
P022	56	Response	L	2777688	8592	1
P022	57	Picture	rec059	2819259	0	1	40163	1	0	40000	other	0
P022	57	Response	L	2827109	7850	1
P022	58	Picture	rec060	2869421	0	1	40163	1	0	40000	other	0
P022	58	Response	L	2877788	8367	1
P022	59	Picture	rec061	2919584	0	1	40163	1	0	40000	other	0
P022	59	Response	A	2930888	11305	1
P022	60	Picture	rec062	2969746	0	1	40163	1	0	40000	other	0
P022	60	Response	L	2982358	12612	1
P022	61	Picture	rec063	3019908	0	1	40163	1	0	40000	other	0
P022	61	Response	L	3038188	18279	1
P022	62	Picture	rec064	3070071	0	1	40163	1	0	40000	other	0
P022	62	Response	L	3081158	11088	1
P022	63	Picture	rec065	3120233	0	1	40163	1	0	40000	other	0
P022	63	Response	L	3128838	8605	1
P022	64	Picture	rec066	3170396	0	1	40163	1	0	40000	other	0
P022	64	Response	L	3183408	13013	1
P022	65	Picture	rec068	3220558	0	1	40163	1	0	40000	other	0
P022	65	Response	A	3229079	8521	1
P022	66	Picture	rec069	3270720	0	1	40163	1	0	40000	other	0
P022	66	Response	L	3280738	10018	1
P022	67	Picture	rec070	3320883	0	1	40163	1	0	40000	other	0
P022	67	Response	L	3327948	7066	1
P022	67	Response	A	3333358	12475	1
P022	68	Picture	rec073	3371045	0	1	40163	1	0	40000	other	0
P022	68	Response	A	3379158	8113	1
P022	69	Picture	rec074	3421207	0	1	40163	1	0	40000	other	0
P022	69	Response	L	3433638	12431	1
P022	70	Picture	rec075	3471370	0	1	40163	1	0	40000	other	0
P022	70	Response	L	3483188	11819	1
P022	71	Picture	rec076	3521532	0	1	40163	1	0	40000	other	0
P022	71	Response	A	3541449	19916	1
P022	72	Picture	rec077	3571695	0	1	40163	1	0	40000	other	0
P022	72	Response	L	3586609	14914	1
P022	73	Picture	rec078	3621857	0	1	40163	1	0	40000	other	0
P022	73	Response	A	3628708	6852	1
P022	74	Picture	rec079	3672019	0	1	40163	1	0	40000	other	0
P022	74	Response	L	3689848	17829	1
P022	75	Picture	rec081	3722182	0	1	40163	1	0	40000	other	0
P022	75	Response	L	3733938	11756	1
P022	76	Picture	rec082	3772344	0	1	40163	1	0	40000	other	0
P022	76	Response	A	3781139	8794	1
P022	77	Picture	rec083	3822506	0	1	40163	1	0	40000	other	0
P022	77	Response	A	3833318	10812	1
P022	78	Picture	rec085	3872669	0	1	40163	1	0	40000	other	0
P022	78	Response	L	3884038	11369	1
P022	79	Picture	rec086	3922831	0	1	40163	1	0	40000	other	0
P022	79	Response	L	3934439	11608	1
P022	80	Picture	rec087	3972994	0	1	40163	1	0	40000	other	0
P022	80	Response	L	3986698	13704	1
P022	81	Picture	rec088	4023156	0	1	40163	1	0	40000	other	0
P022	81	Response	L	4032548	9393	1
P022	82	Picture	rec090	4073318	0	1	40163	1	0	40000	other	0
P022	82	Response	L	4083778	10460	1
P022	83	Picture	rec091	4123481	0	1	40163	1	0	40000	other	0
P022	83	Response	L	4132919	9438	1
