Scenario - comrecognition long version
Logfile written - 07/20/2023 14:52:16

Subject	Trial	Event Type	Code	Time	TTime	Uncertainty	Duration	Uncertainty	ReqTime	ReqDur	Stim Type	Pair Index

P023	1	Picture	rec001	10166	0	1	40163	1	0	40000	other	0
P023	1	Response	L	33193	23027	1
P023	2	Picture	rec002	60329	0	1	40163	1	0	40000	other	0
P023	2	Response	A	68853	8525	1
P023	3	Picture	rec003	110491	0	1	40163	1	0	40000	other	0
P023	3	Response	L	120733	10242	1
P023	4	Picture	rec004	160653	0	1	40163	1	0	40000	other	0
P023	4	Response	A	171793	11140	1
P023	5	Picture	rec005	210816	0	1	40163	1	0	40000	other	0
P023	5	Response	A	220493	9677	1
P023	6	Picture	rec006	260978	0	1	40163	1	0	40000	other	0
P023	6	Response	A	268203	7225	1
P023	7	Picture	rec007	311141	0	1	40163	1	0	40000	other	0
P023	7	Response	A	320733	9593	1
P023	8	Picture	rec008	361303	0	1	40163	1	0	40000	other	0
P023	8	Response	L	377633	16330	1
P023	9	Picture	rec009	411465	0	1	40163	1	0	40000	other	0
P023	9	Response	L	418863	7398	1
P023	10	Picture	rec010	461628	0	1	40163	1	0	40000	other	0
P023	10	Response	A	468483	6855	1
P023	11	Picture	rec011	511790	0	1	40163	1	0	40000	other	0
P023	11	Response	L	526853	15063	1
P023	12	Picture	rec012	561952	0	1	40163	1	0	40000	other	0
P023	12	Response	L	578933	16981	1
P023	13	Picture	rec013	612115	0	1	40163	1	0	40000	other	0
P023	13	Response	A	620224	8109	1
P023	14	Picture	rec014	662277	0	1	40163	1	0	40000	other	0
P023	14	Response	L	679423	17146	1
P023	15	Picture	rec015	712440	0	1	40163	1	0	40000	other	0
P023	15	Response	L	720933	8494	1
P023	16	Picture	rec016	762602	0	1	40163	1	0	40000	other	0
P023	16	Response	A	771583	8981	1
P023	17	Picture	rec017	812764	0	1	40163	1	0	40000	other	0
P023	17	Response	A	821836	9072	1
P023	18	Picture	rec018	862927	0	1	40163	1	0	40000	other	0
P023	18	Response	A	871453	8527	1
P023	19	Picture	rec019	913089	0	1	40163	1	0	40000	other	0
P023	19	Response	A	925564	12475	1
P023	20	Picture	rec020	963251	0	1	40163	1	0	40000	other	0
P023	20	Response	A	969923	6672	1
P023	21	Picture	rec021	1013414	0	1	40163	1	0	40000	other	0
P023	21	Response	L	1043343	29930	1
P023	22	Picture	rec022	1063576	0	1	40163	1	0	40000	other	0
P023	22	Response	A	1071404	7828	1
P023	23	Picture	rec023	1113738	0	1	40163	1	0	40000	other	0
P023	23	Response	L	1122903	9165	1
P023	24	Picture	rec024	1163901	0	1	40163	1	0	40000	other	0
P023	24	Response	L	1178003	14102	1
P023	25	Picture	rec025	1214063	0	1	40163	1	0	40000	other	0
P023	25	Response	L	1223033	8970	1
P023	26	Picture	rec026	1264226	0	1	40163	1	0	40000	other	0
P023	26	Response	A	1281794	17568	1
P023	27	Picture	rec027	1314388	0	1	40163	1	0	40000	other	0
P023	27	Response	L	1325873	11485	1
P023	28	Picture	rec028	1364550	0	1	40163	1	0	40000	other	0
P023	28	Response	L	1384663	20113	1
P023	29	Picture	rec029	1414713	0	1	40163	1	0	40000	other	0
P023	29	Response	A	1424353	9641	1
P023	30	Picture	rec030	1464875	0	1	40163	1	0	40000	other	0
P023	30	Response	L	1493154	28279	1
P023	31	Picture	rec031	1515037	0	1	40163	1	0	40000	other	0
P023	31	Response	A	1535233	20196	1
P023	32	Picture	rec032	1565200	0	1	40163	1	0	40000	other	0
P023	32	Response	A	1588424	23224	1
P023	33	Picture	rec033	1615362	0	1	40163	1	0	40000	other	0
P023	33	Response	A	1622353	6991	1
P023	34	Picture	rec034	1665525	0	1	40163	1	0	40000	other	0
P023	34	Response	L	1690363	24839	1
P023	35	Picture	rec035	1715687	0	1	40163	1	0	40000	other	0
P023	35	Response	A	1731293	15606	1
P023	36	Picture	rec036	1765849	0	1	40163	1	0	40000	other	0
P023	36	Response	A	1771373	5524	1
P023	37	Picture	rec037	1816012	0	1	40163	1	0	40000	other	0
P023	37	Response	L	1825323	9312	1
P023	38	Picture	rec038	1866174	0	1	40163	1	0	40000	other	0
P023	38	Response	A	1878953	12779	1
P023	39	Picture	rec039	1916336	0	1	40163	1	0	40000	other	0
P023	39	Response	L	1963163	46827	1
P023	40	Picture	rec040	1966499	0	1	40163	1	0	40000	other	0
P023	40	Response	L	1975446	8947	1
P023	41	Picture	rec041	2016661	0	1	40163	1	0	40000	other	0
P023	41	Response	L	2036073	19412	1
P023	42	Picture	rec042	2066823	0	1	40163	1	0	40000	other	0
P023	42	Response	A	2084643	17820	1
P023	43	Picture	rec043	2116986	0	1	40163	1	0	40000	other	0
P023	43	Response	L	2142184	25198	1
P023	44	Picture	rec044	2167148	0	1	40163	1	0	40000	other	0
P023	44	Response	L	2185323	18175	1
P023	45	Picture	rec045	2217311	0	1	40163	1	0	40000	other	0
P023	45	Response	L	2229413	12103	1
P023	46	Picture	rec046	2267473	0	1	40163	1	0	40000	other	0
P023	46	Response	A	2275784	8311	1
P023	47	Picture	rec047	2317635	0	1	40163	1	0	40000	other	0
P023	47	Response	A	2324683	7048	1
P023	48	Picture	rec048	2367798	0	1	40163	1	0	40000	other	0
P023	48	Response	A	2373263	5465	1
P023	49	Picture	rec049	2417960	0	1	40163	1	0	40000	other	0
P023	49	Response	A	2426743	8783	1
P023	50	Picture	rec050	2468122	0	1	40163	1	0	40000	other	0
P023	50	Response	A	2475063	6940	1
P023	51	Picture	rec052	2518285	0	1	40163	1	0	40000	other	0
P023	51	Response	L	2531044	12759	1
P023	52	Picture	rec053	2568447	0	1	40163	1	0	40000	other	0
P023	52	Response	L	2588924	20477	1
P023	53	Picture	rec054	2618610	0	1	40163	1	0	40000	other	0
P023	53	Response	A	2629364	10754	1
P023	54	Picture	rec055	2668772	0	1	40163	1	0	40000	other	0
P023	54	Response	L	2678413	9642	1
P023	55	Picture	rec057	2718934	0	1	40163	1	0	40000	other	0
P023	55	Response	A	2731313	12379	1
P023	56	Picture	rec058	2769097	0	1	40163	1	0	40000	other	0
P023	56	Response	A	2781914	12817	1
P023	57	Picture	rec059	2819259	0	1	40163	1	0	40000	other	0
P023	57	Response	L	2827867	8608	1
P023	58	Picture	rec060	2869421	0	1	40163	1	0	40000	other	0
P023	58	Response	L	2879214	9792	1
P023	59	Picture	rec061	2919584	0	1	40163	1	0	40000	other	0
P023	59	Response	A	2927233	7649	1
P023	60	Picture	rec062	2969746	0	1	40163	1	0	40000	other	0
P023	60	Response	L	2987384	17637	1
P023	61	Picture	rec063	3019908	0	1	40163	1	0	40000	other	0
P023	61	Response	L	3038023	18115	1
P023	62	Picture	rec064	3070071	0	1	40163	1	0	40000	other	0
P023	62	Response	L	3080443	10372	1
P023	63	Picture	rec065	3120233	0	1	40163	1	0	40000	other	0
P023	63	Response	L	3129084	8850	1
P023	64	Picture	rec066	3170396	0	1	40163	1	0	40000	other	0
P023	64	Response	A	3177993	7597	1
P023	65	Picture	rec068	3220558	0	1	40163	1	0	40000	other	0
P023	65	Response	A	3229134	8576	1
P023	66	Picture	rec069	3270720	0	1	40163	1	0	40000	other	0
P023	66	Response	L	3287093	16373	1
P023	67	Picture	rec070	3320883	0	1	40163	1	0	40000	other	0
P023	67	Response	A	3328473	7590	1
P023	68	Picture	rec073	3371045	0	1	40163	1	0	40000	other	0
P023	68	Response	L	3390314	19269	1
P023	69	Picture	rec074	3421207	0	1	40163	1	0	40000	other	0
P023	69	Response	L	3430663	9455	1
P023	70	Picture	rec075	3471370	0	1	40163	1	0	40000	other	0
P023	70	Response	L	3479344	7974	1
P023	71	Picture	rec076	3521532	0	1	40163	1	0	40000	other	0
P023	71	Response	A	3535313	13781	1
P023	72	Picture	rec077	3571695	0	1	40163	1	0	40000	other	0
P023	72	Response	L	3596543	24848	1
P023	73	Picture	rec078	3621857	0	1	40163	1	0	40000	other	0
P023	73	Response	A	3627684	5827	1
P023	74	Picture	rec079	3672019	0	1	40163	1	0	40000	other	0
P023	74	Response	L	3680663	8644	1
P023	75	Picture	rec081	3722182	0	1	40163	1	0	40000	other	0
P023	75	Response	L	3732573	10391	1
P023	76	Picture	rec082	3772344	0	1	40163	1	0	40000	other	0
P023	76	Response	A	3779774	7430	1
P023	77	Picture	rec083	3822506	0	1	40163	1	0	40000	other	0
P023	77	Response	A	3830164	7657	1
P023	78	Picture	rec085	3872669	0	1	40163	1	0	40000	other	0
P023	78	Response	L	3881673	9004	1
P023	79	Picture	rec086	3922831	0	1	40163	1	0	40000	other	0
P023	79	Response	L	3939663	16832	1
P023	80	Picture	rec087	3972993	0	1	40163	1	0	40000	other	0
P023	80	Response	L	3985193	12200	1
P023	81	Picture	rec088	4023156	0	1	40163	1	0	40000	other	0
P023	81	Response	L	4032913	9758	1
P023	82	Picture	rec090	4073318	0	1	40163	1	0	40000	other	0
P023	82	Response	L	4095183	21865	1
P023	83	Picture	rec091	4123481	0	1	40163	1	0	40000	other	0
P023	83	Response	L	4130483	7003	1
