Scenario - comrecognition long version
Logfile written - 07/27/2023 15:13:26

Subject	Trial	Event Type	Code	Time	TTime	Uncertainty	Duration	Uncertainty	ReqTime	ReqDur	Stim Type	Pair Index

P025	1	Picture	rec001	10166	0	1	40163	1	0	40000	other	0
P025	1	Response	A	44294	34128	1
P025	2	Picture	rec002	60329	0	1	40163	1	0	40000	other	0
P025	2	Response	A	68394	8066	1
P025	2	Response	A	99784	39456	1
P025	3	Picture	rec003	110491	0	1	40163	1	0	40000	other	0
P025	3	Response	L	130045	19554	1
P025	4	Picture	rec004	160653	0	1	40163	1	0	40000	other	0
P025	4	Response	A	167935	7281	1
P025	5	Picture	rec005	210816	0	1	40163	1	0	40000	other	0
P025	5	Response	A	218655	7839	1
P025	6	Picture	rec006	260978	0	1	40163	1	0	40000	other	0
P025	6	Response	A	269345	8367	1
P025	7	Picture	rec007	311141	0	1	40163	1	0	40000	other	0
P025	7	Response	A	320115	8974	1
P025	8	Picture	rec008	361303	0	1	40163	1	0	40000	other	0
P025	8	Response	A	373524	12221	1
P025	9	Picture	rec009	411465	0	1	40163	1	0	40000	other	0
P025	9	Response	L	420445	8980	1
P025	10	Picture	rec010	461628	0	1	40163	1	0	40000	other	0
P025	10	Response	A	467585	5957	1
P025	11	Picture	rec011	511790	0	1	40163	1	0	40000	other	0
P025	11	Response	L	520175	8385	1
P025	12	Picture	rec012	561952	0	1	40163	1	0	40000	other	0
P025	12	Response	L	569835	7882	1
P025	13	Picture	rec013	612115	0	1	40163	1	0	40000	other	0
P025	13	Response	A	620545	8430	1
P025	14	Picture	rec014	662277	0	1	40163	1	0	40000	other	0
P025	14	Response	L	669585	7307	1
P025	15	Picture	rec015	712439	0	1	40163	1	0	40000	other	0
P025	15	Response	L	721785	9345	1
P025	16	Picture	rec016	762602	0	1	40163	1	0	40000	other	0
P025	16	Response	A	769335	6733	1
P025	17	Picture	rec017	812764	0	1	40163	1	0	40000	other	0
P025	17	Response	A	819905	7140	1
P025	18	Picture	rec018	862927	0	1	40163	1	0	40000	other	0
P025	18	Response	A	872314	9388	1
P025	19	Picture	rec019	913089	0	1	40163	1	0	40000	other	0
P025	19	Response	A	921766	8677	1
P025	20	Picture	rec020	963251	0	1	40163	1	0	40000	other	0
P025	20	Response	A	973314	10063	1
P025	21	Picture	rec021	1013414	0	1	40163	1	0	40000	other	0
P025	21	Response	A	1032925	19511	1
P025	22	Picture	rec022	1063576	0	1	40163	1	0	40000	other	0
P025	22	Response	L	1073565	9989	1
P025	22	Response	A	1077605	14029	1
P025	22	Response	A	1082274	18698	1
P025	23	Picture	rec023	1113738	0	1	40163	1	0	40000	other	0
P025	23	Response	L	1122985	9246	1
P025	24	Picture	rec024	1163901	0	1	40163	1	0	40000	other	0
P025	24	Response	A	1182495	18594	1
P025	25	Picture	rec025	1214063	0	1	40163	1	0	40000	other	0
P025	25	Response	L	1221365	7302	1
P025	26	Picture	rec026	1264226	0	1	40163	1	0	40000	other	0
P025	26	Response	A	1276005	11779	1
P025	27	Picture	rec027	1314388	0	1	40163	1	0	40000	other	0
P025	27	Response	L	1324384	9996	1
P025	28	Picture	rec028	1364550	0	1	40163	1	0	40000	other	0
P025	28	Response	A	1383594	19044	1
P025	29	Picture	rec029	1414713	0	1	40163	1	0	40000	other	0
P025	29	Response	A	1423945	9232	1
P025	30	Picture	rec030	1464875	0	1	40163	1	0	40000	other	0
P025	30	Response	L	1478684	13809	1
P025	31	Picture	rec031	1515037	0	1	40163	1	0	40000	other	0
P025	31	Response	A	1526484	11446	1
P025	32	Picture	rec032	1565200	0	1	40163	1	0	40000	other	0
P025	32	Response	A	1574235	9035	1
P025	33	Picture	rec033	1615362	0	1	40163	1	0	40000	other	0
P025	33	Response	A	1625725	10362	1
P025	34	Picture	rec034	1665524	0	1	40163	1	0	40000	other	0
P025	34	Response	A	1673485	7961	1
P025	35	Picture	rec035	1715687	0	1	40163	1	0	40000	other	0
P025	35	Response	A	1724995	9308	1
P025	36	Picture	rec036	1765849	0	1	40163	1	0	40000	other	0
P025	36	Response	A	1772175	6326	1
P025	37	Picture	rec037	1816012	0	1	40163	1	0	40000	other	0
P025	37	Response	L	1824815	8803	1
P025	38	Picture	rec038	1866174	0	1	40163	1	0	40000	other	0
P025	38	Response	A	1882245	16071	1
P025	39	Picture	rec039	1916336	0	1	40163	1	0	40000	other	0
P025	39	Response	L	1934635	18299	1
P025	40	Picture	rec040	1966499	0	1	40163	1	0	40000	other	0
P025	40	Response	L	1974835	8336	1
P025	41	Picture	rec041	2016661	0	1	40163	1	0	40000	other	0
P025	41	Response	A	2032785	16124	1
P025	42	Picture	rec042	2066823	0	1	40163	1	0	40000	other	0
P025	42	Response	A	2074735	7912	1
P025	43	Picture	rec043	2116986	0	1	40163	1	0	40000	other	0
P025	43	Response	A	2129925	12939	1
P025	44	Picture	rec044	2167148	0	1	40163	1	0	40000	other	0
P025	44	Response	A	2190715	23567	1
P025	45	Picture	rec045	2217311	0	1	40163	1	0	40000	other	0
P025	45	Response	A	2228816	11505	1
P025	46	Picture	rec046	2267473	0	1	40163	1	0	40000	other	0
P025	46	Response	A	2275775	8302	1
P025	47	Picture	rec047	2317635	0	1	40163	1	0	40000	other	0
P025	47	Response	A	2326715	9080	1
P025	48	Picture	rec048	2367798	0	1	40163	1	0	40000	other	0
P025	48	Response	A	2374045	6247	1
P025	49	Picture	rec049	2417960	0	1	40163	1	0	40000	other	0
P025	49	Response	A	2425335	7375	1
P025	50	Picture	rec050	2468122	0	1	40163	1	0	40000	other	0
P025	50	Response	A	2475514	7392	1
P025	51	Picture	rec052	2518285	0	1	40163	1	0	40000	other	0
P025	51	Response	L	2527805	9520	1
P025	52	Picture	rec053	2568447	0	1	40163	1	0	40000	other	0
P025	52	Response	L	2589035	20588	1
P025	53	Picture	rec054	2618609	0	1	40163	1	0	40000	other	0
P025	53	Response	A	2627655	9045	1
P025	53	Response	A	2649485	30875	1
P025	54	Picture	rec055	2668772	0	1	40163	1	0	40000	other	0
P025	54	Response	A	2677735	8963	1
P025	55	Picture	rec057	2718934	0	1	40163	1	0	40000	other	0
P025	55	Response	A	2730195	11261	1
P025	56	Picture	rec058	2769097	0	1	40163	1	0	40000	other	0
P025	56	Response	A	2775344	6248	1
P025	57	Picture	rec059	2819259	0	1	40163	1	0	40000	other	0
P025	57	Response	L	2826535	7276	1
P025	58	Picture	rec060	2869421	0	1	40163	1	0	40000	other	0
P025	58	Response	L	2879475	10053	1
P025	59	Picture	rec061	2919584	0	1	40163	1	0	40000	other	0
P025	59	Response	A	2928425	8841	1
P025	60	Picture	rec062	2969746	0	1	40163	1	0	40000	other	0
P025	60	Response	A	2979135	9389	1
P025	61	Picture	rec063	3019908	0	1	40163	1	0	40000	other	0
P025	61	Response	L	3030195	10286	1
P025	62	Picture	rec064	3070071	0	1	40163	1	0	40000	other	0
P025	62	Response	A	3077015	6945	1
P025	63	Picture	rec065	3120233	0	1	40163	1	0	40000	other	0
P025	63	Response	L	3127795	7562	1
P025	63	Response	A	3158665	38432	1
P025	64	Picture	rec066	3170396	0	1	40163	1	0	40000	other	0
P025	64	Response	A	3176585	6189	1
P025	65	Picture	rec068	3220558	0	1	40163	1	0	40000	other	0
P025	65	Response	A	3229005	8447	1
P025	66	Picture	rec069	3270720	0	1	40163	1	0	40000	other	0
P025	66	Response	A	3298285	27565	1
P025	67	Picture	rec070	3320883	0	1	40163	1	0	40000	other	0
P025	67	Response	A	3328595	7712	1
P025	68	Picture	rec073	3371045	0	1	40163	1	0	40000	other	0
P025	68	Response	L	3392105	21060	1
P025	69	Picture	rec074	3421207	0	1	40163	1	0	40000	other	0
P025	69	Response	A	3427215	6008	1
P025	69	Response	L	3433005	11798	1
P025	69	Response	L	3438815	17608	1
P025	70	Picture	rec075	3471370	0	1	40163	1	0	40000	other	0
P025	70	Response	A	3485145	13775	1
P025	71	Picture	rec076	3521532	0	1	40163	1	0	40000	other	0
P025	71	Response	L	3529765	8233	1
P025	72	Picture	rec077	3571694	0	1	40163	1	0	40000	other	0
P025	72	Response	L	3584585	12891	1
P025	73	Picture	rec078	3621857	0	1	40163	1	0	40000	other	0
P025	73	Response	A	3629655	7798	1
P025	74	Picture	rec079	3672019	0	1	40163	1	0	40000	other	0
P025	74	Response	L	3679815	7796	1
P025	75	Picture	rec081	3722182	0	1	40163	1	0	40000	other	0
P025	75	Response	L	3730815	8633	1
P025	76	Picture	rec082	3772344	0	1	40163	1	0	40000	other	0
P025	76	Response	A	3781385	9041	1
P025	77	Picture	rec083	3822506	0	1	40163	1	0	40000	other	0
P025	77	Response	A	3837315	14808	1
P025	78	Picture	rec085	3872669	0	1	40163	1	0	40000	other	0
P025	78	Response	L	3885685	13016	1
P025	79	Picture	rec086	3922831	0	1	40163	1	0	40000	other	0
P025	79	Response	A	3931555	8724	1
P025	80	Picture	rec087	3972993	0	1	40163	1	0	40000	other	0
P025	80	Response	L	4000335	27341	1
P025	81	Picture	rec088	4023156	0	1	40163	1	0	40000	other	0
P025	81	Response	L	4030915	7759	1
P025	82	Picture	rec090	4073318	0	1	40163	1	0	40000	other	0
P025	82	Response	A	4084075	10757	1
P025	83	Picture	rec091	4123481	0	1	40163	1	0	40000	other	0
P025	83	Response	A	4143995	20514	1
