Scenario - comrecognition long version
Logfile written - 07/31/2023 15:15:37

Subject	Trial	Event Type	Code	Time	TTime	Uncertainty	Duration	Uncertainty	ReqTime	ReqDur	Stim Type	Pair Index

P026	1	Picture	rec001	10166	0	1	40163	1	0	40000	other	0
P026	1	Response	A	25104	14938	1
P026	2	Picture	rec002	60329	0	1	40163	1	0	40000	other	0
P026	2	Response	L	71906	11577	1
P026	3	Picture	rec003	110491	0	1	40163	1	0	40000	other	0
P026	3	Response	L	124636	14145	1
P026	4	Picture	rec004	160653	0	1	40163	1	0	40000	other	0
P026	4	Response	A	169276	8622	1
P026	5	Picture	rec005	210816	0	1	40163	1	0	40000	other	0
P026	5	Response	A	219276	8460	1
P026	6	Picture	rec006	260978	0	1	40163	1	0	40000	other	0
P026	6	Response	A	269776	8798	1
P026	7	Picture	rec007	311141	0	1	40163	1	0	40000	other	0
P026	7	Response	A	323604	12464	1
P026	8	Picture	rec008	361303	0	1	40163	1	0	40000	other	0
P026	8	Response	L	372506	11203	1
P026	9	Picture	rec009	411465	0	1	40163	1	0	40000	other	0
P026	9	Response	L	422536	11071	1
P026	10	Picture	rec010	461628	0	1	40163	1	0	40000	other	0
P026	10	Response	A	469475	7847	1
P026	11	Picture	rec011	511790	0	1	40163	1	0	40000	other	0
P026	11	Response	L	522616	10826	1
P026	12	Picture	rec012	561952	0	1	40163	1	0	40000	other	0
P026	12	Response	L	572455	10503	1
P026	13	Picture	rec013	612115	0	1	40163	1	0	40000	other	0
P026	13	Response	A	622136	10021	1
P026	14	Picture	rec014	662277	0	1	40163	1	0	40000	other	0
P026	14	Response	A	680925	18648	1
P026	15	Picture	rec015	712440	0	1	40163	1	0	40000	other	0
P026	15	Response	L	723366	10927	1
P026	16	Picture	rec016	762602	0	1	40163	1	0	40000	other	0
P026	16	Response	L	787406	24804	1
P026	17	Picture	rec017	812764	0	1	40163	1	0	40000	other	0
P026	17	Response	A	820166	7401	1
P026	18	Picture	rec018	862927	0	1	40163	1	0	40000	other	0
P026	18	Response	L	875445	12518	1
P026	19	Picture	rec019	913089	0	1	40163	1	0	40000	other	0
P026	19	Response	A	921037	7948	1
P026	20	Picture	rec020	963251	0	1	40163	1	0	40000	other	0
P026	20	Response	A	973815	10564	1
P026	21	Picture	rec021	1013414	0	1	40163	1	0	40000	other	0
P026	21	Response	A	1025896	12482	1
P026	22	Picture	rec022	1063576	0	1	40163	1	0	40000	other	0
P026	22	Response	L	1079984	16408	1
P026	23	Picture	rec023	1113738	0	1	40163	1	0	40000	other	0
P026	23	Response	L	1131926	18187	1
P026	24	Picture	rec024	1163901	0	1	40163	1	0	40000	other	0
P026	24	Response	A	1184836	20935	1
P026	25	Picture	rec025	1214063	0	1	40163	1	0	40000	other	0
P026	25	Response	L	1224925	10862	1
P026	26	Picture	rec026	1264226	0	1	40163	1	0	40000	other	0
P026	26	Response	L	1280785	16560	1
P026	27	Picture	rec027	1314388	0	1	40163	1	0	40000	other	0
P026	27	Response	L	1327906	13518	1
P026	28	Picture	rec028	1364550	0	1	40163	1	0	40000	other	0
P026	28	Response	A	1375096	10546	1
P026	29	Picture	rec029	1414713	0	1	40163	1	0	40000	other	0
P026	29	Response	A	1425146	10433	1
P026	30	Picture	rec030	1464875	0	1	40163	1	0	40000	other	0
P026	30	Response	L	1476376	11501	1
P026	31	Picture	rec031	1515037	0	1	40163	1	0	40000	other	0
P026	31	Response	A	1523546	8509	1
P026	32	Picture	rec032	1565200	0	1	40163	1	0	40000	other	0
P026	32	Response	A	1585556	20356	1
P026	33	Picture	rec033	1615362	0	1	40163	1	0	40000	other	0
P026	33	Response	A	1624235	8873	1
P026	34	Picture	rec034	1665525	0	1	40163	1	0	40000	other	0
P026	34	Response	L	1675546	10021	1
P026	35	Picture	rec035	1715687	0	1	40163	1	0	40000	other	0
P026	35	Response	A	1727726	12039	1
P026	36	Picture	rec036	1765849	0	1	40163	1	0	40000	other	0
P026	36	Response	A	1772997	7147	1
P026	37	Picture	rec037	1816012	0	1	40163	1	0	40000	other	0
P026	37	Response	L	1824995	8984	1
P026	38	Picture	rec038	1866174	0	1	40163	1	0	40000	other	0
P026	38	Response	A	1894245	28071	1
P026	39	Picture	rec039	1916336	0	1	40163	1	0	40000	other	0
P026	39	Response	L	1937745	21409	1
P026	40	Picture	rec040	1966499	0	1	40163	1	0	40000	other	0
P026	40	Response	L	1978845	12346	1
P026	41	Picture	rec041	2016661	0	1	40163	1	0	40000	other	0
P026	41	Response	L	2035866	19205	1
P026	42	Picture	rec042	2066823	0	1	40163	1	0	40000	other	0
P026	42	Response	A	2077426	10602	1
P026	43	Picture	rec043	2116986	0	1	40163	1	0	40000	other	0
P026	43	Response	A	2126486	9500	1
P026	44	Picture	rec044	2167148	0	1	40163	1	0	40000	other	0
P026	44	Response	A	2177386	10238	1
P026	45	Picture	rec045	2217311	0	1	40163	1	0	40000	other	0
P026	45	Response	L	2234146	16835	1
P026	46	Picture	rec046	2267473	0	1	40163	1	0	40000	other	0
P026	46	Response	A	2275286	7813	1
P026	47	Picture	rec047	2317635	0	1	40163	1	0	40000	other	0
P026	47	Response	A	2340576	22941	1
P026	48	Picture	rec048	2367798	0	1	40163	1	0	40000	other	0
P026	48	Response	A	2376616	8818	1
P026	49	Picture	rec049	2417960	0	1	40163	1	0	40000	other	0
P026	49	Response	A	2425406	7446	1
P026	50	Picture	rec050	2468122	0	1	40163	1	0	40000	other	0
P026	50	Response	A	2475956	7833	1
P026	51	Picture	rec052	2518285	0	1	40163	1	0	40000	other	0
P026	51	Response	L	2528755	10470	1
P026	52	Picture	rec053	2568447	0	1	40163	1	0	40000	other	0
P026	52	Response	A	2589355	20908	1
P026	53	Picture	rec054	2618610	0	1	40163	1	0	40000	other	0
P026	53	Response	A	2638135	19525	1
P026	54	Picture	rec055	2668772	0	1	40163	1	0	40000	other	0
P026	54	Response	L	2683476	14704	1
P026	55	Picture	rec057	2718934	0	1	40163	1	0	40000	other	0
P026	55	Response	A	2730356	11421	1
P026	56	Picture	rec058	2769097	0	1	40163	1	0	40000	other	0
P026	56	Response	L	2793195	24098	1
P026	57	Picture	rec059	2819259	0	1	40163	1	0	40000	other	0
P026	57	Response	L	2830016	10757	1
P026	58	Picture	rec060	2869421	0	1	40163	1	0	40000	other	0
P026	58	Response	L	2877986	8565	1
P026	59	Picture	rec061	2919584	0	1	40163	1	0	40000	other	0
P026	59	Response	A	2927806	8222	1
P026	60	Picture	rec062	2969746	0	1	40163	1	0	40000	other	0
P026	60	Response	L	2981906	12160	1
P026	61	Picture	rec063	3019908	0	1	40163	1	0	40000	other	0
P026	61	Response	L	3029576	9667	1
P026	62	Picture	rec064	3070071	0	1	40163	1	0	40000	other	0
P026	62	Response	L	3080576	10505	1
P026	63	Picture	rec065	3120233	0	1	40163	1	0	40000	other	0
P026	63	Response	L	3132196	11963	1
P026	64	Picture	rec066	3170396	0	1	40163	1	0	40000	other	0
P026	64	Response	A	3194416	24020	1
P026	65	Picture	rec068	3220558	0	1	40163	1	0	40000	other	0
P026	65	Response	A	3229406	8848	1
P026	66	Picture	rec069	3270720	0	1	40163	1	0	40000	other	0
P026	66	Response	L	3281256	10536	1
P026	67	Picture	rec070	3320883	0	1	40163	1	0	40000	other	0
P026	67	Response	A	3332076	11193	1
P026	68	Picture	rec073	3371045	0	1	40163	1	0	40000	other	0
P026	68	Response	L	3380655	9610	1
P026	69	Picture	rec074	3421207	0	1	40163	1	0	40000	other	0
P026	69	Response	L	3432546	11338	1
P026	70	Picture	rec075	3471370	0	1	40163	1	0	40000	other	0
P026	70	Response	A	3483736	12366	1
P026	71	Picture	rec076	3521532	0	1	40163	1	0	40000	other	0
P026	71	Response	A	3533455	11923	1
P026	72	Picture	rec077	3571695	0	1	40163	1	0	40000	other	0
P026	72	Response	L	3586034	14339	1
P026	73	Picture	rec078	3621857	0	1	40163	1	0	40000	other	0
P026	73	Response	A	3629446	7589	1
P026	74	Picture	rec079	3672019	0	1	40163	1	0	40000	other	0
P026	74	Response	L	3683596	11577	1
P026	75	Picture	rec081	3722182	0	1	40163	1	0	40000	other	0
P026	75	Response	L	3732925	10744	1
P026	76	Picture	rec082	3772344	0	1	40163	1	0	40000	other	0
P026	76	Response	A	3791906	19562	1
P026	77	Picture	rec083	3822506	0	1	40163	1	0	40000	other	0
P026	77	Response	L	3847966	25460	1
P026	78	Picture	rec085	3872669	0	1	40163	1	0	40000	other	0
P026	78	Response	L	3885286	12617	1
P026	79	Picture	rec086	3922831	0	1	40163	1	0	40000	other	0
P026	79	Response	A	3931576	8745	1
P026	80	Picture	rec087	3972993	0	1	40163	1	0	40000	other	0
P026	80	Response	L	3984706	11713	1
P026	81	Picture	rec088	4023156	0	1	40163	1	0	40000	other	0
P026	81	Response	L	4036336	13180	1
P026	82	Picture	rec090	4073318	0	1	40163	1	0	40000	other	0
P026	82	Response	L	4094395	21077	1
P026	83	Picture	rec091	4123481	0	1	40163	1	0	40000	other	0
P026	83	Response	L	4144126	20646	1
