Scenario - comrecognition long version
Logfile written - 08/02/2023 14:55:49

Subject	Trial	Event Type	Code	Time	TTime	Uncertainty	Duration	Uncertainty	ReqTime	ReqDur	Stim Type	Pair Index

P027	1	Picture	rec001	10166	0	1	40163	1	0	40000	other	0
P027	1	Response	L	35050	24884	1
P027	2	Picture	rec002	60329	0	1	40163	1	0	40000	other	0
P027	2	Response	L	71980	11651	1
P027	3	Picture	rec003	110491	0	1	40163	1	0	40000	other	0
P027	3	Response	L	142039	31548	1
P027	4	Picture	rec004	160653	0	1	40163	1	0	40000	other	0
P027	4	Response	A	177329	16676	1
P027	5	Picture	rec005	210816	0	1	40163	1	0	40000	other	0
P027	5	Response	A	223729	12914	1
P027	6	Picture	rec006	260978	0	1	40163	1	0	40000	other	0
P027	6	Response	A	270129	9151	1
P027	7	Picture	rec007	311140	0	1	40163	1	0	40000	other	0
P027	7	Response	L	329399	18259	1
P027	8	Picture	rec008	361303	0	1	40163	1	0	40000	other	0
P027	8	Response	L	390820	29517	1
P027	9	Picture	rec009	411465	0	1	40163	1	0	40000	other	0
P027	9	Response	L	424959	13494	1
P027	10	Picture	rec010	461628	0	1	40163	1	0	40000	other	0
P027	10	Response	A	469400	7772	1
P027	11	Picture	rec011	511790	0	1	40163	1	0	40000	other	0
P027	11	Response	L	535489	23700	1
P027	12	Picture	rec012	561952	0	1	40163	1	0	40000	other	0
P027	12	Response	L	572870	10918	1
P027	13	Picture	rec013	612115	0	1	40163	1	0	40000	other	0
P027	13	Response	A	622079	9965	1
P027	13	Response	A	644770	32656	1
P027	14	Picture	rec014	662277	0	1	40163	1	0	40000	other	0
P027	14	Response	A	679299	17022	1
P027	15	Picture	rec015	712439	0	1	40163	1	0	40000	other	0
P027	15	Response	L	722098	9658	1
P027	16	Picture	rec016	762602	0	1	40163	1	0	40000	other	0
P027	16	Response	A	772019	9417	1
P027	17	Picture	rec017	812764	0	1	40163	1	0	40000	other	0
P027	17	Response	A	819180	6415	1
P027	18	Picture	rec018	862926	0	1	40163	1	0	40000	other	0
P027	18	Response	A	873570	10643	1
P027	19	Picture	rec019	913089	0	1	40163	1	0	40000	other	0
P027	19	Response	A	922780	9692	1
P027	20	Picture	rec020	963251	0	1	40163	1	0	40000	other	0
P027	20	Response	L	988659	25408	1
P027	21	Picture	rec021	1013414	0	1	40163	1	0	40000	other	0
P027	21	Response	A	1026830	13416	1
P027	22	Picture	rec022	1063576	0	1	40163	1	0	40000	other	0
P027	22	Response	A	1080539	16963	1
P027	23	Picture	rec023	1113738	0	1	40163	1	0	40000	other	0
P027	23	Response	L	1124020	10282	1
P027	24	Picture	rec024	1163901	0	1	40163	1	0	40000	other	0
P027	24	Response	L	1179229	15329	1
P027	25	Picture	rec025	1214063	0	1	40163	1	0	40000	other	0
P027	25	Response	L	1222040	7977	1
P027	26	Picture	rec026	1264225	0	1	40163	1	0	40000	other	0
P027	26	Response	A	1272949	8724	1
P027	27	Picture	rec027	1314388	0	1	40163	1	0	40000	other	0
P027	27	Response	L	1326970	12582	1
P027	28	Picture	rec028	1364550	0	1	40163	1	0	40000	other	0
P027	28	Response	L	1385180	20630	1
P027	29	Picture	rec029	1414713	0	1	40163	1	0	40000	other	0
P027	29	Response	A	1426219	11507	1
P027	30	Picture	rec030	1464875	0	1	40163	1	0	40000	other	0
P027	30	Response	L	1488900	24025	1
P027	31	Picture	rec031	1515037	0	1	40163	1	0	40000	other	0
P027	31	Response	A	1528159	13122	1
P027	32	Picture	rec032	1565200	0	1	40163	1	0	40000	other	0
P027	32	Response	L	1577019	11820	1
P027	33	Picture	rec033	1615362	0	1	40163	1	0	40000	other	0
P027	33	Response	A	1636940	21578	1
P027	34	Picture	rec034	1665524	0	1	40163	1	0	40000	other	0
P027	34	Response	L	1682130	16605	1
P027	35	Picture	rec035	1715687	0	1	40163	1	0	40000	other	0
P027	35	Response	A	1732700	17013	1
P027	36	Picture	rec036	1765849	0	1	40163	1	0	40000	other	0
P027	36	Response	A	1772840	6990	1
P027	37	Picture	rec037	1816011	0	1	40163	1	0	40000	other	0
P027	37	Response	L	1828190	12178	1
P027	38	Picture	rec038	1866174	0	1	40163	1	0	40000	other	0
P027	38	Response	A	1881879	15705	1
P027	39	Picture	rec039	1916336	0	1	40163	1	0	40000	other	0
P027	39	Response	L	1929899	13562	1
P027	40	Picture	rec040	1966499	0	1	40163	1	0	40000	other	0
P027	40	Response	L	1990359	23861	1
P027	41	Picture	rec041	2016661	0	1	40163	1	0	40000	other	0
P027	41	Response	L	2035630	18969	1
P027	42	Picture	rec042	2066823	0	1	40163	1	0	40000	other	0
P027	42	Response	L	2076909	10086	1
P027	43	Picture	rec043	2116986	0	1	40163	1	0	40000	other	0
P027	43	Response	A	2136000	19014	1
P027	44	Picture	rec044	2167148	0	1	40163	1	0	40000	other	0
P027	44	Response	A	2182080	14932	1
P027	45	Picture	rec045	2217310	0	1	40163	1	0	40000	other	0
P027	45	Response	L	2241600	24289	1
P027	46	Picture	rec046	2267466	0	7	40170	7	0	40000	other	0
P027	46	Response	A	2276260	8794	1
P027	47	Picture	rec047	2317635	0	1	40163	1	0	40000	other	0
P027	47	Response	A	2328740	11105	1
P027	48	Picture	rec048	2367798	0	1	40163	1	0	40000	other	0
P027	48	Response	A	2374860	7062	1
P027	49	Picture	rec049	2417960	0	1	40163	1	0	40000	other	0
P027	49	Response	A	2426161	8201	1
P027	50	Picture	rec050	2468122	0	1	40163	1	0	40000	other	0
P027	50	Response	A	2477359	9237	1
P027	51	Picture	rec052	2518285	0	1	40163	1	0	40000	other	0
P027	51	Response	A	2537269	18984	1
P027	52	Picture	rec053	2568447	0	1	40163	1	0	40000	other	0
P027	52	Response	L	2581590	13143	1
P027	53	Picture	rec054	2618609	0	1	40163	1	0	40000	other	0
P027	53	Response	A	2641569	22960	1
P027	54	Picture	rec055	2668772	0	1	40163	1	0	40000	other	0
P027	54	Response	L	2691560	22788	1
P027	55	Picture	rec057	2718934	0	1	40163	1	0	40000	other	0
P027	55	Response	L	2733150	14216	1
P027	56	Picture	rec058	2769096	0	1	40163	1	0	40000	other	0
P027	56	Response	L	2786880	17783	1
P027	57	Picture	rec059	2819259	0	1	40163	1	0	40000	other	0
P027	57	Response	L	2840199	20940	1
P027	58	Picture	rec060	2869421	0	1	40163	1	0	40000	other	0
P027	58	Response	L	2886800	17379	1
P027	59	Picture	rec061	2919584	0	1	40163	1	0	40000	other	0
P027	59	Response	L	2929619	10036	1
P027	60	Picture	rec062	2969746	0	1	40163	1	0	40000	other	0
P027	60	Response	A	2983443	13698	1
P027	61	Picture	rec063	3019908	0	1	40163	1	0	40000	other	0
P027	61	Response	L	3028103	8195	1
P027	62	Picture	rec064	3070071	0	1	40163	1	0	40000	other	0
P027	62	Response	L	3096130	26059	1
P027	63	Picture	rec065	3120233	0	1	40163	1	0	40000	other	0
P027	63	Response	L	3131570	11337	1
P027	64	Picture	rec066	3170395	0	1	40163	1	0	40000	other	0
P027	64	Response	A	3185948	15553	1
P027	64	Response	A	3201930	31535	1
P027	65	Picture	rec068	3220558	0	1	40163	1	0	40000	other	0
P027	65	Response	A	3229570	9012	1
P027	66	Picture	rec069	3270720	0	1	40163	1	0	40000	other	0
P027	66	Response	A	3302310	31590	1
P027	67	Picture	rec070	3320883	0	1	40163	1	0	40000	other	0
P027	67	Response	L	3341158	20276	1
P027	68	Picture	rec073	3371045	0	1	40163	1	0	40000	other	0
P027	68	Response	A	3383480	12435	1
P027	69	Picture	rec074	3421207	0	1	40163	1	0	40000	other	0
P027	69	Response	L	3432149	10942	1
P027	70	Picture	rec075	3471370	0	1	40163	1	0	40000	other	0
P027	70	Response	L	3487540	16170	1
P027	71	Picture	rec076	3521532	0	1	40163	1	0	40000	other	0
P027	71	Response	L	3532810	11278	1
P027	72	Picture	rec077	3571694	0	1	40163	1	0	40000	other	0
P027	72	Response	L	3582810	11116	1
P027	72	Response	A	3594740	23046	1
P027	72	Response	A	3598489	26795	1
P027	72	Response	A	3600560	28865	1
P027	72	Response	L	3605610	33915	1
P027	72	Response	A	3607689	35994	1
P027	73	Picture	rec078	3621857	0	1	40163	1	0	40000	other	0
P027	73	Response	A	3629430	7573	1
P027	74	Picture	rec079	3672019	0	1	40163	1	0	40000	other	0
P027	74	Response	A	3693890	21871	1
P027	75	Picture	rec081	3722181	0	1	40163	1	0	40000	other	0
P027	75	Response	L	3732158	9977	1
P027	76	Picture	rec082	3772344	0	1	40163	1	0	40000	other	0
P027	76	Response	A	3782710	10366	1
P027	77	Picture	rec083	3822506	0	1	40163	1	0	40000	other	0
P027	77	Response	A	3843150	20643	1
P027	78	Picture	rec085	3872669	0	1	40163	1	0	40000	other	0
P027	78	Response	L	3884590	11921	1
P027	79	Picture	rec086	3922831	0	1	40163	1	0	40000	other	0
P027	79	Response	A	3934159	11329	1
P027	80	Picture	rec087	3972993	0	1	40163	1	0	40000	other	0
P027	80	Response	A	3988859	15866	1
P027	81	Picture	rec088	4023156	0	1	40163	1	0	40000	other	0
P027	81	Response	L	4037710	14554	1
P027	82	Picture	rec090	4073318	0	1	40163	1	0	40000	other	0
P027	82	Response	L	4086150	12832	1
P027	83	Picture	rec091	4123480	0	1	40163	1	0	40000	other	0
P027	83	Response	L	4136010	12529	1
