Scenario - comrecognition long version
Logfile written - 08/03/2023 15:00:58

Subject	Trial	Event Type	Code	Time	TTime	Uncertainty	Duration	Uncertainty	ReqTime	ReqDur	Stim Type	Pair Index

P028	1	Picture	rec001	10166	0	1	40163	1	0	40000	other	0
P028	1	Response	A	31268	21101	1
P028	2	Picture	rec002	60329	0	1	40163	1	0	40000	other	0
P028	2	Response	A	73075	12747	1
P028	3	Picture	rec003	110491	0	1	40163	1	0	40000	other	0
P028	3	Response	L	123605	13114	1
P028	4	Picture	rec004	160653	0	1	40163	1	0	40000	other	0
P028	4	Response	A	167836	7182	1
P028	5	Picture	rec005	210816	0	1	40163	1	0	40000	other	0
P028	5	Response	A	219345	8529	1
P028	6	Picture	rec006	260978	0	1	40163	1	0	40000	other	0
P028	6	Response	A	268135	7157	1
P028	7	Picture	rec007	311141	0	1	40163	1	0	40000	other	0
P028	7	Response	A	318555	7414	1
P028	8	Picture	rec008	361303	0	1	40163	1	0	40000	other	0
P028	8	Response	A	369785	8482	1
P028	9	Picture	rec009	411465	0	1	40163	1	0	40000	other	0
P028	9	Response	L	418246	6781	1
P028	10	Picture	rec010	461628	0	1	40163	1	0	40000	other	0
P028	10	Response	A	467996	6369	1
P028	11	Picture	rec011	511790	0	1	40163	1	0	40000	other	0
P028	11	Response	L	519635	7845	1
P028	12	Picture	rec012	561952	0	1	40163	1	0	40000	other	0
P028	12	Response	L	569874	7922	1
P028	13	Picture	rec013	612115	0	1	40163	1	0	40000	other	0
P028	13	Response	A	619416	7301	1
P028	14	Picture	rec014	662277	0	1	40163	1	0	40000	other	0
P028	14	Response	A	671736	9459	1
P028	15	Picture	rec015	712439	0	1	40163	1	0	40000	other	0
P028	15	Response	L	719685	7246	1
P028	16	Picture	rec016	762602	0	1	40163	1	0	40000	other	0
P028	16	Response	A	769855	7253	1
P028	17	Picture	rec017	812764	0	1	40163	1	0	40000	other	0
P028	17	Response	A	820156	7391	1
P028	18	Picture	rec018	862927	0	1	40163	1	0	40000	other	0
P028	18	Response	A	870525	7599	1
P028	19	Picture	rec019	913089	0	1	40163	1	0	40000	other	0
P028	19	Response	A	920925	7836	1
P028	20	Picture	rec020	963251	0	1	40163	1	0	40000	other	0
P028	20	Response	A	973766	10515	1
P028	21	Picture	rec021	1013414	0	1	40163	1	0	40000	other	0
P028	21	Response	A	1023215	9801	1
P028	22	Picture	rec022	1063576	0	1	40163	1	0	40000	other	0
P028	22	Response	A	1072485	8909	1
P028	23	Picture	rec023	1113738	0	1	40163	1	0	40000	other	0
P028	23	Response	L	1122375	8637	1
P028	24	Picture	rec024	1163901	0	1	40163	1	0	40000	other	0
P028	24	Response	A	1175075	11174	1
P028	25	Picture	rec025	1214063	0	1	40163	1	0	40000	other	0
P028	25	Response	L	1222775	8712	1
P028	26	Picture	rec026	1264226	0	1	40163	1	0	40000	other	0
P028	26	Response	A	1281406	17180	1
P028	27	Picture	rec027	1314388	0	1	40163	1	0	40000	other	0
P028	27	Response	L	1328455	14067	1
P028	28	Picture	rec028	1364550	0	1	40163	1	0	40000	other	0
P028	28	Response	L	1372995	8445	1
P028	29	Picture	rec029	1414713	0	1	40163	1	0	40000	other	0
P028	29	Response	A	1423845	9132	1
P028	30	Picture	rec030	1464875	0	1	40163	1	0	40000	other	0
P028	30	Response	L	1475335	10460	1
P028	31	Picture	rec031	1515037	0	1	40163	1	0	40000	other	0
P028	31	Response	L	1533846	18808	1
P028	32	Picture	rec032	1565200	0	1	40163	1	0	40000	other	0
P028	32	Response	A	1573345	8145	1
P028	33	Picture	rec033	1615362	0	1	40163	1	0	40000	other	0
P028	33	Response	A	1622865	7503	1
P028	34	Picture	rec034	1665525	0	1	40163	1	0	40000	other	0
P028	34	Response	A	1674616	9091	1
P028	35	Picture	rec035	1715687	0	1	40163	1	0	40000	other	0
P028	35	Response	A	1724125	8438	1
P028	36	Picture	rec036	1765849	0	1	40163	1	0	40000	other	0
P028	36	Response	A	1771585	5736	1
P028	37	Picture	rec037	1816012	0	1	40163	1	0	40000	other	0
P028	37	Response	L	1823895	7884	1
P028	38	Picture	rec038	1866174	0	1	40163	1	0	40000	other	0
P028	38	Response	L	1880726	14552	1
P028	39	Picture	rec039	1916336	0	1	40163	1	0	40000	other	0
P028	39	Response	A	1934515	18179	1
P028	40	Picture	rec040	1966499	0	1	40163	1	0	40000	other	0
P028	40	Response	L	1973905	7406	1
P028	41	Picture	rec041	2016661	0	1	40163	1	0	40000	other	0
P028	41	Response	L	2034615	17954	1
P028	42	Picture	rec042	2066823	0	1	40163	1	0	40000	other	0
P028	42	Response	A	2080755	13932	1
P028	43	Picture	rec043	2116986	0	1	40163	1	0	40000	other	0
P028	43	Response	A	2128926	11940	1
P028	44	Picture	rec044	2167148	0	1	40163	1	0	40000	other	0
P028	44	Response	A	2174155	7007	1
P028	45	Picture	rec045	2217311	0	1	40163	1	0	40000	other	0
P028	45	Response	L	2226005	8695	1
P028	46	Picture	rec046	2267473	0	1	40163	1	0	40000	other	0
P028	46	Response	A	2274815	7342	1
P028	47	Picture	rec047	2317635	0	1	40163	1	0	40000	other	0
P028	47	Response	A	2330315	12680	1
P028	48	Picture	rec048	2367798	0	1	40163	1	0	40000	other	0
P028	48	Response	A	2373775	5978	1
P028	49	Picture	rec049	2417960	0	1	40163	1	0	40000	other	0
P028	49	Response	A	2428095	10135	1
P028	50	Picture	rec050	2468122	0	1	40163	1	0	40000	other	0
P028	50	Response	A	2474606	6483	1
P028	51	Picture	rec052	2518285	0	1	40163	1	0	40000	other	0
P028	51	Response	L	2525745	7460	1
P028	52	Picture	rec053	2568447	0	1	40163	1	0	40000	other	0
P028	52	Response	A	2579263	10816	1
P028	53	Picture	rec054	2618609	0	1	40163	1	0	40000	other	0
P028	53	Response	A	2637166	18556	1
P028	54	Picture	rec055	2668772	0	1	40163	1	0	40000	other	0
P028	54	Response	A	2676755	7984	1
P028	55	Picture	rec057	2718934	0	1	40163	1	0	40000	other	0
P028	55	Response	A	2730475	11541	1
P028	56	Picture	rec058	2769097	0	1	40163	1	0	40000	other	0
P028	56	Response	A	2776446	7349	1
P028	57	Picture	rec059	2819259	0	1	40163	1	0	40000	other	0
P028	57	Response	L	2826434	7176	1
P028	58	Picture	rec060	2869421	0	1	40163	1	0	40000	other	0
P028	58	Response	L	2878266	8844	1
P028	59	Picture	rec061	2919584	0	1	40163	1	0	40000	other	0
P028	59	Response	A	2926446	6862	1
P028	60	Picture	rec062	2969746	0	1	40163	1	0	40000	other	0
P028	60	Response	L	2982485	12739	1
P028	61	Picture	rec063	3019908	0	1	40163	1	0	40000	other	0
P028	61	Response	L	3030546	10637	1
P028	62	Picture	rec064	3070071	0	1	40163	1	0	40000	other	0
P028	62	Response	A	3078896	8825	1
P028	63	Picture	rec065	3120233	0	1	40163	1	0	40000	other	0
P028	63	Response	L	3127185	6952	1
P028	64	Picture	rec066	3170396	0	1	40163	1	0	40000	other	0
P028	64	Response	A	3178774	8379	1
P028	65	Picture	rec068	3220558	0	1	40163	1	0	40000	other	0
P028	65	Response	A	3227575	7017	1
P028	66	Picture	rec069	3270720	0	1	40163	1	0	40000	other	0
P028	66	Response	L	3301385	30665	1
P028	67	Picture	rec070	3320883	0	1	40163	1	0	40000	other	0
P028	67	Response	A	3336214	15332	1
P028	68	Picture	rec073	3371045	0	1	40163	1	0	40000	other	0
P028	68	Response	L	3378526	7481	1
P028	69	Picture	rec074	3421207	0	1	40163	1	0	40000	other	0
P028	69	Response	L	3429436	8229	1
P028	70	Picture	rec075	3471370	0	1	40163	1	0	40000	other	0
P028	70	Response	A	3479856	8486	1
P028	71	Picture	rec076	3521532	0	1	40163	1	0	40000	other	0
P028	71	Response	A	3531806	10274	1
P028	72	Picture	rec077	3571694	0	1	40163	1	0	40000	other	0
P028	72	Response	L	3586345	14651	1
P028	73	Picture	rec078	3621857	0	1	40163	1	0	40000	other	0
P028	73	Response	A	3628925	7068	1
P028	74	Picture	rec079	3672019	0	1	40163	1	0	40000	other	0
P028	74	Response	L	3678116	6097	1
P028	75	Picture	rec081	3722182	0	1	40163	1	0	40000	other	0
P028	75	Response	L	3728745	6564	1
P028	76	Picture	rec082	3772344	0	1	40163	1	0	40000	other	0
P028	76	Response	A	3778166	5822	1
P028	77	Picture	rec083	3822506	0	1	40163	1	0	40000	other	0
P028	77	Response	A	3835585	13079	1
P028	78	Picture	rec085	3872669	0	1	40163	1	0	40000	other	0
P028	78	Response	A	3880685	8016	1
P028	79	Picture	rec086	3922831	0	1	40163	1	0	40000	other	0
P028	79	Response	A	3930886	8055	1
P028	80	Picture	rec087	3972993	0	1	40163	1	0	40000	other	0
P028	80	Response	L	3980454	7461	1
P028	81	Picture	rec088	4023156	0	1	40163	1	0	40000	other	0
P028	81	Response	L	4030805	7649	1
P028	82	Picture	rec090	4073318	0	1	40163	1	0	40000	other	0
P028	82	Response	L	4103815	30497	1
P028	83	Picture	rec091	4123481	0	1	40163	1	0	40000	other	0
P028	83	Response	A	4129896	6415	1
