Scenario - comrecognition long version
Logfile written - 08/10/2023 16:22:09

Subject	Trial	Event Type	Code	Time	TTime	Uncertainty	Duration	Uncertainty	ReqTime	ReqDur	Stim Type	Pair Index

P030	1	Picture	rec001	10166	0	1	40163	1	0	40000	other	0
P030	1	Response	L	23023	12857	1
P030	2	Picture	rec002	60329	0	1	40163	1	0	40000	other	0
P030	2	Response	A	72014	11685	1
P030	3	Picture	rec003	110491	0	1	40163	1	0	40000	other	0
P030	3	Response	L	124004	13513	1
P030	4	Picture	rec004	160654	0	1	40163	1	0	40000	other	0
P030	4	Response	A	166974	6321	1
P030	5	Picture	rec005	210816	0	1	40163	1	0	40000	other	0
P030	5	Response	A	219274	8458	1
P030	6	Picture	rec006	260978	0	1	40163	1	0	40000	other	0
P030	6	Response	A	274304	13325	1
P030	7	Picture	rec007	311141	0	1	40163	1	0	40000	other	0
P030	7	Response	A	320144	9003	1
P030	8	Picture	rec008	361303	0	1	40163	1	0	40000	other	0
P030	8	Response	A	369153	7850	1
P030	9	Picture	rec009	411466	0	1	40163	1	0	40000	other	0
P030	9	Response	L	420478	9012	1
P030	10	Picture	rec010	461628	0	1	40163	1	0	40000	other	0
P030	10	Response	A	466895	5267	1
P030	11	Picture	rec011	511790	0	1	40163	1	0	40000	other	0
P030	11	Response	L	525564	13773	1
P030	12	Picture	rec012	561953	0	1	40163	1	0	40000	other	0
P030	12	Response	A	567523	5570	1
P030	13	Picture	rec013	612115	0	1	40163	1	0	40000	other	0
P030	13	Response	A	620434	8319	1
P030	14	Picture	rec014	662277	0	1	40163	1	0	40000	other	0
P030	14	Response	A	670804	8527	1
P030	15	Picture	rec015	712440	0	1	40163	1	0	40000	other	0
P030	15	Response	L	723274	10834	1
P030	16	Picture	rec016	762602	0	1	40163	1	0	40000	other	0
P030	16	Response	A	767842	5240	1
P030	17	Picture	rec017	812765	0	1	40163	1	0	40000	other	0
P030	17	Response	A	820544	7779	1
P030	18	Picture	rec018	862927	0	1	40163	1	0	40000	other	0
P030	18	Response	A	868994	6067	1
P030	19	Picture	rec019	913089	0	1	40163	1	0	40000	other	0
P030	19	Response	A	921124	8034	1
P030	20	Picture	rec020	963252	0	1	40163	1	0	40000	other	0
P030	20	Response	A	970804	7552	1
P030	21	Picture	rec021	1013414	0	1	40163	1	0	40000	other	0
P030	21	Response	L	1024134	10719	1
P030	22	Picture	rec022	1063577	0	1	40163	1	0	40000	other	0
P030	22	Response	L	1078714	15137	1
P030	23	Picture	rec023	1113739	0	1	40163	1	0	40000	other	0
P030	23	Response	A	1124414	10675	1
P030	24	Picture	rec024	1163901	0	1	40163	1	0	40000	other	0
P030	24	Response	A	1174175	10273	1
P030	25	Picture	rec025	1214064	0	1	40163	1	0	40000	other	0
P030	25	Response	L	1223324	9260	1
P030	26	Picture	rec026	1264226	0	1	40163	1	0	40000	other	0
P030	26	Response	A	1274114	9888	1
P030	27	Picture	rec027	1314389	0	1	40163	1	0	40000	other	0
P030	27	Response	L	1324144	9755	1
P030	28	Picture	rec028	1364551	0	1	40163	1	0	40000	other	0
P030	28	Response	A	1370854	6303	1
P030	29	Picture	rec029	1414713	0	1	40163	1	0	40000	other	0
P030	29	Response	A	1424684	9971	1
P030	30	Picture	rec030	1464876	0	1	40163	1	0	40000	other	0
P030	30	Response	A	1475873	10997	1
P030	31	Picture	rec031	1515038	0	1	40163	1	0	40000	other	0
P030	31	Response	A	1526174	11136	1
P030	32	Picture	rec032	1565201	0	1	40163	1	0	40000	other	0
P030	32	Response	A	1574844	9643	1
P030	33	Picture	rec033	1615363	0	1	40163	1	0	40000	other	0
P030	33	Response	A	1623034	7671	1
P030	34	Picture	rec034	1665525	0	1	40163	1	0	40000	other	0
P030	34	Response	L	1676484	10959	1
P030	35	Picture	rec035	1715688	0	1	40163	1	0	40000	other	0
P030	35	Response	A	1725134	9446	1
P030	36	Picture	rec036	1765850	0	1	40163	1	0	40000	other	0
P030	36	Response	A	1774214	8364	1
P030	37	Picture	rec037	1816013	0	1	40163	1	0	40000	other	0
P030	37	Response	L	1826265	10252	1
P030	38	Picture	rec038	1866175	0	1	40163	1	0	40000	other	0
P030	38	Response	L	1886065	19890	1
P030	39	Picture	rec039	1916337	0	1	40163	1	0	40000	other	0
P030	39	Response	A	1924255	7917	1
P030	40	Picture	rec040	1966500	0	1	40163	1	0	40000	other	0
P030	40	Response	A	1972334	5835	1
P030	41	Picture	rec041	2016662	0	1	40163	1	0	40000	other	0
P030	41	Response	L	2031235	14572	1
P030	42	Picture	rec042	2066825	0	1	40163	1	0	40000	other	0
P030	42	Response	L	2079464	12640	1
P030	43	Picture	rec043	2116987	0	1	40163	1	0	40000	other	0
P030	43	Response	A	2124754	7767	1
P030	44	Picture	rec044	2167149	0	1	40163	1	0	40000	other	0
P030	44	Response	A	2175605	8455	1
P030	45	Picture	rec045	2217312	0	1	40163	1	0	40000	other	0
P030	45	Response	L	2226665	9353	1
P030	46	Picture	rec046	2267474	0	1	40163	1	0	40000	other	0
P030	46	Response	A	2276944	9470	1
P030	47	Picture	rec047	2317637	0	1	40163	1	0	40000	other	0
P030	47	Response	A	2325694	8058	1
P030	48	Picture	rec048	2367799	0	1	40163	1	0	40000	other	0
P030	48	Response	A	2375255	7456	1
P030	49	Picture	rec049	2417961	0	1	40163	1	0	40000	other	0
P030	49	Response	L	2426516	8554	1
P030	50	Picture	rec050	2468124	0	1	40163	1	0	40000	other	0
P030	50	Response	A	2480585	12461	1
P030	51	Picture	rec052	2518286	0	1	40163	1	0	40000	other	0
P030	51	Response	L	2526505	8219	1
P030	52	Picture	rec053	2568449	0	1	40163	1	0	40000	other	0
P030	52	Response	A	2577635	9187	1
P030	53	Picture	rec054	2618611	0	1	40163	1	0	40000	other	0
P030	53	Response	L	2629034	10423	1
P030	54	Picture	rec055	2668773	0	1	40163	1	0	40000	other	0
P030	54	Response	A	2675865	7092	1
P030	55	Picture	rec057	2718936	0	1	40163	1	0	40000	other	0
P030	55	Response	L	2726225	7289	1
P030	56	Picture	rec058	2769098	0	1	40163	1	0	40000	other	0
P030	56	Response	A	2775184	6086	1
P030	57	Picture	rec059	2819261	0	1	40163	1	0	40000	other	0
P030	57	Response	A	2829785	10525	1
P030	58	Picture	rec060	2869423	0	1	40163	1	0	40000	other	0
P030	58	Response	L	2878225	8802	1
P030	59	Picture	rec061	2919585	0	1	40163	1	0	40000	other	0
P030	59	Response	A	2928169	8584	1
P030	60	Picture	rec062	2969748	0	1	40163	1	0	40000	other	0
P030	60	Response	L	2984935	15188	1
P030	61	Picture	rec063	3019910	0	1	40163	1	0	40000	other	0
P030	61	Response	A	3027145	7235	1
P030	62	Picture	rec064	3070073	0	1	40163	1	0	40000	other	0
P030	62	Response	A	3076504	6432	1
P030	63	Picture	rec065	3120235	0	1	40163	1	0	40000	other	0
P030	63	Response	L	3129705	9470	1
P030	64	Picture	rec066	3170397	0	1	40163	1	0	40000	other	0
P030	64	Response	A	3176985	6588	1
P030	65	Picture	rec068	3220560	0	1	40163	1	0	40000	other	0
P030	65	Response	A	3229356	8796	1
P030	66	Picture	rec069	3270722	0	1	40163	1	0	40000	other	0
P030	66	Response	L	3282375	11653	1
P030	67	Picture	rec070	3320885	0	1	40163	1	0	40000	other	0
P030	67	Response	A	3327946	7062	1
P030	68	Picture	rec073	3371047	0	1	40163	1	0	40000	other	0
P030	68	Response	A	3385486	14439	1
P030	69	Picture	rec074	3421209	0	1	40163	1	0	40000	other	0
P030	69	Response	A	3429876	8666	1
P030	70	Picture	rec075	3471372	0	1	40163	1	0	40000	other	0
P030	70	Response	A	3479236	7864	1
P030	71	Picture	rec076	3521534	0	1	40163	1	0	40000	other	0
P030	71	Response	L	3531105	9571	1
P030	72	Picture	rec077	3571697	0	1	40163	1	0	40000	other	0
P030	72	Response	A	3577795	6098	1
P030	73	Picture	rec078	3621859	0	1	40163	1	0	40000	other	0
P030	73	Response	A	3628554	6695	1
P030	74	Picture	rec079	3672021	0	1	40163	1	0	40000	other	0
P030	74	Response	L	3685396	13374	1
P030	75	Picture	rec081	3722184	0	1	40163	1	0	40000	other	0
P030	75	Response	A	3730336	8152	1
P030	76	Picture	rec082	3772346	0	1	40163	1	0	40000	other	0
P030	76	Response	A	3782125	9779	1
P030	77	Picture	rec083	3822508	0	1	40163	1	0	40000	other	0
P030	77	Response	L	3830276	7767	1
P030	78	Picture	rec085	3872671	0	1	40163	1	0	40000	other	0
P030	78	Response	A	3879115	6444	1
P030	79	Picture	rec086	3922833	0	1	40163	1	0	40000	other	0
P030	79	Response	L	3936706	13873	1
P030	80	Picture	rec087	3972996	0	1	40163	1	0	40000	other	0
P030	80	Response	A	3981465	8469	1
P030	81	Picture	rec088	4023158	0	1	40163	1	0	40000	other	0
P030	81	Response	L	4032926	9768	1
P030	82	Picture	rec090	4073320	0	1	40163	1	0	40000	other	0
P030	82	Response	A	4082394	9073	1
P030	83	Picture	rec091	4123483	0	1	40163	1	0	40000	other	0
P030	83	Response	L	4143546	20063	1
