Scenario - comrecognition long version
Logfile written - 08/17/2023 15:03:34

Subject	Trial	Event Type	Code	Time	TTime	Uncertainty	Duration	Uncertainty	ReqTime	ReqDur	Stim Type	Pair Index

P033	1	Picture	rec001	10166	0	1	40163	1	0	40000	other	0
P033	1	Response	L	22105	11938	1
P033	2	Picture	rec002	60329	0	1	40163	1	0	40000	other	0
P033	2	Response	A	69075	8746	1
P033	3	Picture	rec003	110491	0	1	40163	1	0	40000	other	0
P033	3	Response	L	118394	7903	1
P033	4	Picture	rec004	160653	0	1	40163	1	0	40000	other	0
P033	4	Response	A	172384	11731	1
P033	5	Picture	rec005	210816	0	1	40163	1	0	40000	other	0
P033	5	Response	A	218115	7299	1
P033	6	Picture	rec006	260978	0	1	40163	1	0	40000	other	0
P033	6	Response	A	268004	7027	1
P033	7	Picture	rec007	311140	0	1	40163	1	0	40000	other	0
P033	7	Response	A	321704	10564	1
P033	8	Picture	rec008	361303	0	1	40163	1	0	40000	other	0
P033	8	Response	L	373534	12231	1
P033	9	Picture	rec009	411465	0	1	40163	1	0	40000	other	0
P033	9	Response	L	419964	8499	1
P033	10	Picture	rec010	461627	0	1	40163	1	0	40000	other	0
P033	10	Response	A	467854	6227	1
P033	11	Picture	rec011	511789	0	1	40163	1	0	40000	other	0
P033	11	Response	L	519964	8174	1
P033	12	Picture	rec012	561952	0	1	40163	1	0	40000	other	0
P033	12	Response	L	570204	8252	1
P033	13	Picture	rec013	612114	0	1	40163	1	0	40000	other	0
P033	13	Response	A	619144	7030	1
P033	14	Picture	rec014	662276	0	1	40163	1	0	40000	other	0
P033	14	Response	L	677453	15177	1
P033	15	Picture	rec015	712439	0	1	40163	1	0	40000	other	0
P033	15	Response	L	720084	7645	1
P033	16	Picture	rec016	762601	0	1	40163	1	0	40000	other	0
P033	16	Response	L	773314	10713	1
P033	17	Picture	rec017	812763	0	1	40163	1	0	40000	other	0
P033	17	Response	A	819053	6290	1
P033	18	Picture	rec018	862926	0	1	40163	1	0	40000	other	0
P033	18	Response	A	869263	6338	1
P033	19	Picture	rec019	913088	0	1	40163	1	0	40000	other	0
P033	19	Response	L	921763	8675	1
P033	20	Picture	rec020	963250	0	1	40163	1	0	40000	other	0
P033	20	Response	A	969983	6733	1
P033	21	Picture	rec021	1013412	0	1	40163	1	0	40000	other	0
P033	21	Response	L	1026413	13000	1
P033	22	Picture	rec022	1063575	0	1	40163	1	0	40000	other	0
P033	22	Response	L	1072242	8667	1
P033	23	Picture	rec023	1113737	0	1	40163	1	0	40000	other	0
P033	23	Response	L	1121222	7485	1
P033	24	Picture	rec024	1163899	0	1	40163	1	0	40000	other	0
P033	24	Response	A	1172173	8274	1
P033	25	Picture	rec025	1214062	0	1	40163	1	0	40000	other	0
P033	25	Response	L	1222063	8002	1
P033	26	Picture	rec026	1264224	0	1	40163	1	0	40000	other	0
P033	26	Response	A	1271143	6919	1
P033	27	Picture	rec027	1314386	0	1	40163	1	0	40000	other	0
P033	27	Response	L	1321603	7216	1
P033	28	Picture	rec028	1364549	0	1	40163	1	0	40000	other	0
P033	28	Response	A	1377273	12724	1
P033	29	Picture	rec029	1414711	0	1	40163	1	0	40000	other	0
P033	29	Response	A	1421403	6692	1
P033	30	Picture	rec030	1464873	0	1	40163	1	0	40000	other	0
P033	30	Response	L	1473992	9119	1
P033	31	Picture	rec031	1515035	0	1	40163	1	0	40000	other	0
P033	31	Response	A	1524523	9488	1
P033	32	Picture	rec032	1565198	0	1	40163	1	0	40000	other	0
P033	32	Response	A	1576052	10854	1
P033	33	Picture	rec033	1615360	0	1	40163	1	0	40000	other	0
P033	33	Response	L	1627362	12002	1
P033	34	Picture	rec034	1665522	0	1	40163	1	0	40000	other	0
P033	34	Response	A	1673922	8400	1
P033	35	Picture	rec035	1715685	0	1	40163	1	0	40000	other	0
P033	35	Response	A	1724393	8708	1
P033	36	Picture	rec036	1765847	0	1	40163	1	0	40000	other	0
P033	36	Response	A	1771742	5895	1
P033	37	Picture	rec037	1816009	0	1	40163	1	0	40000	other	0
P033	37	Response	L	1824632	8623	1
P033	38	Picture	rec038	1866172	0	1	40163	1	0	40000	other	0
P033	38	Response	A	1876482	10311	1
P033	39	Picture	rec039	1916334	0	1	40163	1	0	40000	other	0
P033	39	Response	A	1922692	6358	1
P033	39	Response	L	1953242	36908	1
P033	40	Picture	rec040	1966496	0	1	40163	1	0	40000	other	0
P033	40	Response	L	1973272	6776	1
P033	41	Picture	rec041	2016658	0	1	40163	1	0	40000	other	0
P033	41	Response	L	2025902	9244	1
P033	42	Picture	rec042	2066821	0	1	40163	1	0	40000	other	0
P033	42	Response	A	2076401	9581	1
P033	43	Picture	rec043	2116983	0	1	40163	1	0	40000	other	0
P033	43	Response	A	2131282	14299	1
P033	44	Picture	rec044	2167145	0	1	40163	1	0	40000	other	0
P033	44	Response	L	2174872	7727	1
P033	45	Picture	rec045	2217308	0	1	40163	1	0	40000	other	0
P033	45	Response	L	2226812	9504	1
P033	46	Picture	rec046	2267470	0	1	40163	1	0	40000	other	0
P033	46	Response	A	2276371	8901	1
P033	47	Picture	rec047	2317632	0	1	40163	1	0	40000	other	0
P033	47	Response	A	2327231	9599	1
P033	48	Picture	rec048	2367795	0	1	40163	1	0	40000	other	0
P033	48	Response	A	2373871	6077	1
P033	48	Response	A	2377931	10137	1
P033	49	Picture	rec049	2417957	0	1	40163	1	0	40000	other	0
P033	49	Response	A	2424841	6884	1
P033	50	Picture	rec050	2468119	0	1	40163	1	0	40000	other	0
P033	50	Response	A	2475571	7452	1
P033	51	Picture	rec052	2518281	0	1	40163	1	0	40000	other	0
P033	51	Response	L	2526761	8480	1
P033	52	Picture	rec053	2568444	0	1	40163	1	0	40000	other	0
P033	52	Response	L	2575261	6817	1
P033	53	Picture	rec054	2618606	0	1	40163	1	0	40000	other	0
P033	53	Response	A	2628261	9655	1
P033	54	Picture	rec055	2668768	0	1	40163	1	0	40000	other	0
P033	54	Response	A	2679591	10823	1
P033	55	Picture	rec057	2718931	0	1	40163	1	0	40000	other	0
P033	55	Response	A	2742641	23710	1
P033	56	Picture	rec058	2769093	0	1	40163	1	0	40000	other	0
P033	56	Response	A	2778541	9448	1
P033	57	Picture	rec059	2819248	0	8	40170	8	0	40000	other	0
P033	57	Response	L	2825891	6642	1
P033	58	Picture	rec060	2869418	0	1	40163	1	0	40000	other	0
P033	58	Response	L	2877731	8313	1
P033	59	Picture	rec061	2919580	0	1	40163	1	0	40000	other	0
P033	59	Response	A	2927671	8091	1
P033	60	Picture	rec062	2969742	0	1	40163	1	0	40000	other	0
P033	60	Response	A	2980221	10478	1
P033	61	Picture	rec063	3019904	0	1	40163	1	0	40000	other	0
P033	61	Response	L	3039490	19586	1
P033	62	Picture	rec064	3070067	0	1	40163	1	0	40000	other	0
P033	62	Response	L	3081041	10974	1
P033	63	Picture	rec065	3120229	0	1	40163	1	0	40000	other	0
P033	63	Response	L	3132140	11911	1
P033	64	Picture	rec066	3170391	0	1	40163	1	0	40000	other	0
P033	64	Response	A	3183510	13119	1
P033	65	Picture	rec068	3220554	0	1	40163	1	0	40000	other	0
P033	65	Response	A	3228089	7536	1
P033	66	Picture	rec069	3270716	0	1	40163	1	0	40000	other	0
P033	66	Response	A	3283570	12854	1
P033	67	Picture	rec070	3320878	0	1	40163	1	0	40000	other	0
P033	67	Response	A	3331270	10392	1
P033	68	Picture	rec073	3371041	0	1	40163	1	0	40000	other	0
P033	68	Response	L	3385830	14790	1
P033	69	Picture	rec074	3421203	0	1	40163	1	0	40000	other	0
P033	69	Response	L	3430020	8817	1
P033	70	Picture	rec075	3471365	0	1	40163	1	0	40000	other	0
P033	70	Response	A	3485930	14565	1
P033	71	Picture	rec076	3521527	0	1	40163	1	0	40000	other	0
P033	71	Response	A	3534659	13132	1
P033	72	Picture	rec077	3571690	0	1	40163	1	0	40000	other	0
P033	72	Response	L	3578620	6930	1
P033	73	Picture	rec078	3621852	0	1	40163	1	0	40000	other	0
P033	73	Response	A	3628540	6688	1
P033	74	Picture	rec079	3672014	0	1	40163	1	0	40000	other	0
P033	74	Response	L	3680740	8725	1
P033	75	Picture	rec081	3722177	0	1	40163	1	0	40000	other	0
P033	75	Response	L	3733650	11473	1
P033	76	Picture	rec082	3772339	0	1	40163	1	0	40000	other	0
P033	76	Response	A	3781709	9371	1
P033	77	Picture	rec083	3822501	0	1	40163	1	0	40000	other	0
P033	77	Response	A	3832939	10438	1
P033	78	Picture	rec085	3872663	0	1	40163	1	0	40000	other	0
P033	78	Response	L	3884530	11866	1
P033	79	Picture	rec086	3922826	0	1	40163	1	0	40000	other	0
P033	79	Response	L	3933619	10794	1
P033	80	Picture	rec087	3972988	0	1	40163	1	0	40000	other	0
P033	80	Response	A	3986530	13542	1
P033	81	Picture	rec088	4023150	0	1	40163	1	0	40000	other	0
P033	81	Response	L	4033979	10829	1
P033	82	Picture	rec090	4073313	0	1	40163	1	0	40000	other	0
P033	82	Response	A	4086659	13346	1
P033	83	Picture	rec091	4123475	0	1	40163	1	0	40000	other	0
P033	83	Response	L	4132459	8984	1
