Scenario - comrecognition long version
Logfile written - 08/21/2023 15:08:39

Subject	Trial	Event Type	Code	Time	TTime	Uncertainty	Duration	Uncertainty	ReqTime	ReqDur	Stim Type	Pair Index

P034	1	Picture	rec001	10166	0	1	40163	1	0	40000	other	0
P034	1	Response	L	21888	11722	1
P034	1	Response	A	37967	27801	1
P034	2	Picture	rec002	60328	0	1	40163	1	0	40000	other	0
P034	2	Response	A	71028	10700	1
P034	3	Picture	rec003	110491	0	1	40163	1	0	40000	other	0
P034	3	Response	A	140077	29586	1
P034	4	Picture	rec004	160653	0	1	40163	1	0	40000	other	0
P034	4	Response	A	167107	6454	1
P034	5	Picture	rec005	210815	0	1	40163	1	0	40000	other	0
P034	5	Response	A	217347	6531	1
P034	6	Picture	rec006	260978	0	1	40163	1	0	40000	other	0
P034	6	Response	A	266947	5969	1
P034	7	Picture	rec007	311140	0	1	40163	1	0	40000	other	0
P034	7	Response	A	318556	7416	1
P034	8	Picture	rec008	361302	0	1	40163	1	0	40000	other	0
P034	8	Response	A	382037	20734	1
P034	9	Picture	rec009	411465	0	1	40163	1	0	40000	other	0
P034	9	Response	L	423696	12232	1
P034	10	Picture	rec010	461627	0	1	40163	1	0	40000	other	0
P034	10	Response	A	467806	6179	1
P034	11	Picture	rec011	511789	0	1	40163	1	0	40000	other	0
P034	11	Response	L	527888	16099	1
P034	12	Picture	rec012	561952	0	1	40163	1	0	40000	other	0
P034	12	Response	L	571648	9696	1
P034	13	Picture	rec013	612114	0	1	40163	1	0	40000	other	0
P034	13	Response	A	622326	10212	1
P034	14	Picture	rec014	662276	0	1	40163	1	0	40000	other	0
P034	14	Response	A	672138	9861	1
P034	15	Picture	rec015	712439	0	1	40163	1	0	40000	other	0
P034	15	Response	L	721887	9449	1
P034	16	Picture	rec016	762601	0	1	40163	1	0	40000	other	0
P034	16	Response	A	774377	11776	1
P034	17	Picture	rec017	812763	0	1	40163	1	0	40000	other	0
P034	17	Response	A	821876	9113	1
P034	18	Picture	rec018	862925	0	1	40163	1	0	40000	other	0
P034	18	Response	L	874477	11552	1
P034	19	Picture	rec019	913088	0	1	40163	1	0	40000	other	0
P034	19	Response	A	918436	5348	1
P034	20	Picture	rec020	963250	0	1	40163	1	0	40000	other	0
P034	20	Response	A	971637	8387	1
P034	21	Picture	rec021	1013412	0	1	40163	1	0	40000	other	0
P034	21	Response	A	1028257	14845	1
P034	22	Picture	rec022	1063575	0	1	40163	1	0	40000	other	0
P034	22	Response	A	1074297	10722	1
P034	23	Picture	rec023	1113737	0	1	40163	1	0	40000	other	0
P034	23	Response	L	1128297	14560	1
P034	24	Picture	rec024	1163899	0	1	40163	1	0	40000	other	0
P034	24	Response	L	1191817	27918	1
P034	25	Picture	rec025	1214062	0	1	40163	1	0	40000	other	0
P034	25	Response	L	1223716	9655	1
P034	26	Picture	rec026	1264224	0	1	40163	1	0	40000	other	0
P034	26	Response	L	1273476	9252	1
P034	27	Picture	rec027	1314386	0	1	40163	1	0	40000	other	0
P034	27	Response	L	1323436	9050	1
P034	28	Picture	rec028	1364549	0	1	40163	1	0	40000	other	0
P034	28	Response	A	1387956	23408	1
P034	29	Picture	rec029	1414711	0	1	40163	1	0	40000	other	0
P034	29	Response	A	1428256	13546	1
P034	30	Picture	rec030	1464873	0	1	40163	1	0	40000	other	0
P034	30	Response	A	1479075	14202	1
P034	31	Picture	rec031	1515036	0	1	40163	1	0	40000	other	0
P034	31	Response	A	1543327	28291	1
P034	32	Picture	rec032	1565198	0	1	40163	1	0	40000	other	0
P034	32	Response	L	1577886	12688	1
P034	33	Picture	rec033	1615360	0	1	40163	1	0	40000	other	0
P034	33	Response	A	1625606	10246	1
P034	34	Picture	rec034	1665522	0	1	40163	1	0	40000	other	0
P034	34	Response	A	1672346	6824	1
P034	35	Picture	rec035	1715685	0	1	40163	1	0	40000	other	0
P034	35	Response	A	1726786	11101	1
P034	36	Picture	rec036	1765847	0	1	40163	1	0	40000	other	0
P034	36	Response	A	1771726	5879	1
P034	37	Picture	rec037	1816009	0	1	40163	1	0	40000	other	0
P034	37	Response	L	1827105	11096	1
P034	38	Picture	rec038	1866172	0	1	40163	1	0	40000	other	0
P034	38	Response	L	1886655	20483	1
P034	39	Picture	rec039	1916334	0	1	40163	1	0	40000	other	0
P034	39	Response	A	1923436	7102	1
P034	40	Picture	rec040	1966496	0	1	40163	1	0	40000	other	0
P034	40	Response	L	1978915	12419	1
P034	41	Picture	rec041	2016659	0	1	40163	1	0	40000	other	0
P034	41	Response	L	2025525	8867	1
P034	42	Picture	rec042	2066821	0	1	40163	1	0	40000	other	0
P034	42	Response	A	2082176	15355	1
P034	43	Picture	rec043	2116983	0	1	40163	1	0	40000	other	0
P034	43	Response	A	2126615	9632	1
P034	44	Picture	rec044	2167146	0	1	40163	1	0	40000	other	0
P034	44	Response	A	2174546	7401	1
P034	45	Picture	rec045	2217308	0	1	40163	1	0	40000	other	0
P034	45	Response	L	2229149	11841	1
P034	46	Picture	rec046	2267470	0	1	40163	1	0	40000	other	0
P034	46	Response	A	2272915	5445	1
P034	47	Picture	rec047	2317633	0	1	40163	1	0	40000	other	0
P034	47	Response	A	2332005	14372	1
P034	48	Picture	rec048	2367795	0	1	40163	1	0	40000	other	0
P034	48	Response	A	2374215	6420	1
P034	49	Picture	rec049	2417957	0	1	40163	1	0	40000	other	0
P034	49	Response	A	2424856	6898	1
P034	50	Picture	rec050	2468120	0	1	40163	1	0	40000	other	0
P034	50	Response	A	2475006	6887	1
P034	51	Picture	rec052	2518282	0	1	40163	1	0	40000	other	0
P034	51	Response	L	2527447	9165	1
P034	52	Picture	rec053	2568444	0	1	40163	1	0	40000	other	0
P034	52	Response	L	2577275	8831	1
P034	53	Picture	rec054	2618606	0	1	40163	1	0	40000	other	0
P034	53	Response	L	2629065	10459	1
P034	54	Picture	rec055	2668769	0	1	40163	1	0	40000	other	0
P034	54	Response	A	2678535	9766	1
P034	55	Picture	rec057	2718931	0	1	40163	1	0	40000	other	0
P034	55	Response	L	2729165	10234	1
P034	56	Picture	rec058	2769093	0	1	40163	1	0	40000	other	0
P034	56	Response	A	2781584	12491	1
P034	57	Picture	rec059	2819256	0	1	40163	1	0	40000	other	0
P034	57	Response	L	2827384	8128	1
P034	58	Picture	rec060	2869418	0	1	40163	1	0	40000	other	0
P034	58	Response	L	2876255	6837	1
P034	59	Picture	rec061	2919580	0	1	40163	1	0	40000	other	0
P034	59	Response	A	2927744	8163	1
P034	60	Picture	rec062	2969743	0	1	40163	1	0	40000	other	0
P034	60	Response	A	2998425	28682	1
P034	61	Picture	rec063	3019905	0	1	40163	1	0	40000	other	0
P034	61	Response	L	3034244	14339	1
P034	62	Picture	rec064	3070067	0	1	40163	1	0	40000	other	0
P034	62	Response	A	3094423	24356	1
P034	63	Picture	rec065	3120230	0	1	40163	1	0	40000	other	0
P034	63	Response	L	3127785	7555	1
P034	64	Picture	rec066	3170392	0	1	40163	1	0	40000	other	0
P034	64	Response	A	3180175	9783	1
P034	65	Picture	rec068	3220554	0	1	40163	1	0	40000	other	0
P034	65	Response	A	3227893	7339	1
P034	66	Picture	rec069	3270717	0	1	40163	1	0	40000	other	0
P034	66	Response	L	3279713	8997	1
P034	67	Picture	rec070	3320879	0	1	40163	1	0	40000	other	0
P034	67	Response	A	3332863	11984	1
P034	68	Picture	rec073	3371041	0	1	40163	1	0	40000	other	0
P034	68	Response	L	3378294	7253	1
P034	69	Picture	rec074	3421203	0	1	40163	1	0	40000	other	0
P034	69	Response	L	3428623	7420	1
P034	70	Picture	rec075	3471366	0	1	40163	1	0	40000	other	0
P034	70	Response	L	3480765	9399	1
P034	71	Picture	rec076	3521528	0	1	40163	1	0	40000	other	0
P034	71	Response	L	3529184	7656	1
P034	72	Picture	rec077	3571690	0	1	40163	1	0	40000	other	0
P034	72	Response	L	3578244	6554	1
P034	73	Picture	rec078	3621853	0	1	40163	1	0	40000	other	0
P034	73	Response	A	3627674	5821	1
P034	74	Picture	rec079	3672015	0	1	40163	1	0	40000	other	0
P034	74	Response	L	3679184	7169	1
P034	75	Picture	rec081	3722177	0	1	40163	1	0	40000	other	0
P034	75	Response	L	3730114	7936	1
P034	76	Picture	rec082	3772340	0	1	40163	1	0	40000	other	0
P034	76	Response	A	3783144	10805	1
P034	77	Picture	rec083	3822502	0	1	40163	1	0	40000	other	0
P034	77	Response	A	3834874	12372	1
P034	78	Picture	rec085	3872664	0	1	40163	1	0	40000	other	0
P034	78	Response	L	3880484	7819	1
P034	79	Picture	rec086	3922827	0	1	40163	1	0	40000	other	0
P034	79	Response	A	3930683	7857	1
P034	80	Picture	rec087	3972989	0	1	40163	1	0	40000	other	0
P034	80	Response	L	3980353	7365	1
P034	81	Picture	rec088	4023151	0	1	40163	1	0	40000	other	0
P034	81	Response	L	4031193	8042	1
P034	82	Picture	rec090	4073314	0	1	40163	1	0	40000	other	0
P034	82	Response	L	4084613	11300	1
P034	83	Picture	rec091	4123476	0	1	40163	1	0	40000	other	0
P034	83	Response	L	4133993	10517	1
