Scenario - comrecognition long version
Logfile written - 08/24/2023 16:08:34

Subject	Trial	Event Type	Code	Time	TTime	Uncertainty	Duration	Uncertainty	ReqTime	ReqDur	Stim Type	Pair Index

P035	1	Picture	rec001	10166	0	1	40163	1	0	40000	other	0
P035	1	Response	L	21031	10865	1
P035	1	Response	L	41581	31415	1
P035	2	Picture	rec002	60329	0	1	40163	1	0	40000	other	0
P035	2	Response	A	68531	8203	1
P035	3	Picture	rec003	110491	0	1	40163	1	0	40000	other	0
P035	3	Response	L	121781	11290	1
P035	4	Picture	rec004	160653	0	1	40163	1	0	40000	other	0
P035	4	Response	A	168682	8029	1
P035	5	Picture	rec005	210816	0	1	40163	1	0	40000	other	0
P035	5	Response	L	223921	13105	1
P035	6	Picture	rec006	260978	0	1	40163	1	0	40000	other	0
P035	6	Response	A	267490	6512	1
P035	7	Picture	rec007	311140	0	1	40163	1	0	40000	other	0
P035	7	Response	A	321421	10281	1
P035	8	Picture	rec008	361303	0	1	40163	1	0	40000	other	0
P035	8	Response	A	393721	32419	1
P035	9	Picture	rec009	411465	0	1	40163	1	0	40000	other	0
P035	9	Response	L	421181	9716	1
P035	10	Picture	rec010	461627	0	1	40163	1	0	40000	other	0
P035	10	Response	A	468251	6624	1
P035	11	Picture	rec011	511790	0	1	40163	1	0	40000	other	0
P035	11	Response	L	522101	10311	1
P035	12	Picture	rec012	561952	0	1	40163	1	0	40000	other	0
P035	12	Response	L	584170	22218	1
P035	13	Picture	rec013	612114	0	1	40163	1	0	40000	other	0
P035	13	Response	A	619161	7047	1
P035	14	Picture	rec014	662277	0	1	40163	1	0	40000	other	0
P035	14	Response	L	683281	21004	1
P035	15	Picture	rec015	712439	0	1	40163	1	0	40000	other	0
P035	15	Response	L	730141	17702	1
P035	16	Picture	rec016	762601	0	1	40163	1	0	40000	other	0
P035	16	Response	A	784609	22007	1
P035	17	Picture	rec017	812764	0	1	40163	1	0	40000	other	0
P035	17	Response	A	823981	11217	1
P035	18	Picture	rec018	862926	0	1	40163	1	0	40000	other	0
P035	18	Response	A	878841	15915	1
P035	19	Picture	rec019	913088	0	1	40163	1	0	40000	other	0
P035	19	Response	L	926561	13472	1
P035	20	Picture	rec020	963251	0	1	40163	1	0	40000	other	0
P035	20	Response	L	989111	25860	1
P035	21	Picture	rec021	1013413	0	1	40163	1	0	40000	other	0
P035	21	Response	L	1029671	16257	1
P035	22	Picture	rec022	1063575	0	1	40163	1	0	40000	other	0
P035	22	Response	A	1072541	8966	1
P035	23	Picture	rec023	1113738	0	1	40163	1	0	40000	other	0
P035	23	Response	L	1123421	9683	1
P035	24	Picture	rec024	1163900	0	1	40163	1	0	40000	other	0
P035	24	Response	A	1176571	12671	1
P035	25	Picture	rec025	1214062	0	1	40163	1	0	40000	other	0
P035	25	Response	L	1231679	17617	1
P035	26	Picture	rec026	1264225	0	1	40163	1	0	40000	other	0
P035	26	Response	L	1288731	24506	1
P035	27	Picture	rec027	1314387	0	1	40163	1	0	40000	other	0
P035	27	Response	L	1334201	19814	1
P035	28	Picture	rec028	1364549	0	1	40163	1	0	40000	other	0
P035	28	Response	L	1380380	15831	1
P035	29	Picture	rec029	1414712	0	1	40163	1	0	40000	other	0
P035	29	Response	A	1423450	8739	1
P035	30	Picture	rec030	1464874	0	1	40163	1	0	40000	other	0
P035	30	Response	L	1486760	21886	1
P035	31	Picture	rec031	1515036	0	1	40163	1	0	40000	other	0
P035	31	Response	L	1532191	17154	1
P035	32	Picture	rec032	1565199	0	1	40163	1	0	40000	other	0
P035	32	Response	A	1575001	9802	1
P035	33	Picture	rec033	1615361	0	1	40163	1	0	40000	other	0
P035	33	Response	A	1622930	7569	1
P035	34	Picture	rec034	1665523	0	1	40163	1	0	40000	other	0
P035	34	Response	L	1677880	12357	1
P035	35	Picture	rec035	1715686	0	1	40163	1	0	40000	other	0
P035	35	Response	L	1745180	29495	1
P035	36	Picture	rec036	1765848	0	1	40163	1	0	40000	other	0
P035	36	Response	A	1772371	6522	1
P035	37	Picture	rec037	1816010	0	1	40163	1	0	40000	other	0
P035	37	Response	L	1827570	11560	1
P035	38	Picture	rec038	1866173	0	1	40163	1	0	40000	other	0
P035	38	Response	L	1886951	20778	1
P035	39	Picture	rec039	1916335	0	1	40163	1	0	40000	other	0
P035	39	Response	L	1945819	29484	1
P035	40	Picture	rec040	1966497	0	1	40163	1	0	40000	other	0
P035	40	Response	L	1989261	22764	1
P035	41	Picture	rec041	2016660	0	1	40163	1	0	40000	other	0
P035	41	Response	L	2031990	15331	1
P035	42	Picture	rec042	2066822	0	1	40163	1	0	40000	other	0
P035	42	Response	L	2092447	25625	1
P035	43	Picture	rec043	2116984	0	1	40163	1	0	40000	other	0
P035	43	Response	L	2148035	31050	6
P035	44	Picture	rec044	2167147	0	1	40163	1	0	40000	other	0
P035	44	Response	A	2174909	7762	1
P035	45	Picture	rec045	2217309	0	1	40163	1	0	40000	other	0
P035	45	Response	L	2230660	13351	1
P035	46	Picture	rec046	2267471	0	1	40163	1	0	40000	other	0
P035	46	Response	A	2276370	8898	1
P035	47	Picture	rec047	2317634	0	1	40163	1	0	40000	other	0
P035	47	Response	A	2326640	9006	1
P035	48	Picture	rec048	2367796	0	1	40163	1	0	40000	other	0
P035	48	Response	A	2379790	11994	1
P035	49	Picture	rec049	2417958	0	1	40163	1	0	40000	other	0
P035	49	Response	A	2428479	10521	1
P035	50	Picture	rec050	2468121	0	1	40163	1	0	40000	other	0
P035	50	Response	A	2477700	9579	1
P035	51	Picture	rec052	2518283	0	1	40163	1	0	40000	other	0
P035	51	Response	L	2527889	9606	1
P035	52	Picture	rec053	2568445	0	1	40163	1	0	40000	other	0
P035	52	Response	L	2589870	21424	1
P035	53	Picture	rec054	2618608	0	1	40163	1	0	40000	other	0
P035	53	Response	L	2631649	13042	1
P035	54	Picture	rec055	2668770	0	1	40163	1	0	40000	other	0
P035	55	Picture	rec057	2718932	0	1	40163	1	0	40000	other	0
P035	55	Response	L	2726681	7749	1
P035	56	Picture	rec058	2769095	0	1	40163	1	0	40000	other	0
P035	56	Response	A	2777290	8195	1
P035	57	Picture	rec059	2819257	0	1	40163	1	0	40000	other	0
P035	57	Response	L	2837620	18363	1
P035	58	Picture	rec060	2869419	0	1	40163	1	0	40000	other	0
P035	58	Response	L	2890650	21230	1
P035	59	Picture	rec061	2919582	0	1	40163	1	0	40000	other	0
P035	59	Response	A	2927670	8088	1
P035	60	Picture	rec062	2969744	0	1	40163	1	0	40000	other	0
P035	60	Response	L	2987459	17715	1
P035	61	Picture	rec063	3019906	0	1	40163	1	0	40000	other	0
P035	61	Response	A	3032019	12112	1
P035	61	Response	L	3036009	16103	1
P035	62	Picture	rec064	3070069	0	1	40163	1	0	40000	other	0
P035	62	Response	L	3084169	14101	1
P035	63	Picture	rec065	3120231	0	1	40163	1	0	40000	other	0
P035	63	Response	L	3135498	15267	1
P035	64	Picture	rec066	3170393	0	1	40163	1	0	40000	other	0
P035	64	Response	L	3198979	28586	1
P035	65	Picture	rec068	3220556	0	1	40163	1	0	40000	other	0
P035	65	Response	A	3228140	7584	1
P035	66	Picture	rec069	3270718	0	1	40163	1	0	40000	other	0
P035	66	Response	A	3280118	9400	1
P035	67	Picture	rec070	3320880	0	1	40163	1	0	40000	other	0
P035	67	Response	A	3328989	8109	1
P035	68	Picture	rec073	3371043	0	1	40163	1	0	40000	other	0
P035	68	Response	L	3395381	24339	1
P035	69	Picture	rec074	3421205	0	1	40163	1	0	40000	other	0
P035	69	Response	L	3430789	9584	1
P035	70	Picture	rec075	3471367	0	1	40163	1	0	40000	other	0
P035	70	Response	L	3504919	33552	1
P035	71	Picture	rec076	3521530	0	1	40163	1	0	40000	other	0
P035	71	Response	A	3563798	42269	1
P035	72	Picture	rec077	3571692	0	1	40163	1	0	40000	other	0
P035	72	Response	L	3582439	10747	1
P035	73	Picture	rec078	3621854	0	1	40163	1	0	40000	other	0
P035	73	Response	A	3653188	31334	1
P035	74	Picture	rec079	3672017	0	1	40163	1	0	40000	other	0
P035	74	Response	L	3683490	11473	1
P035	75	Picture	rec081	3722179	0	1	40163	1	0	40000	other	0
P035	75	Response	L	3732038	9859	1
P035	76	Picture	rec082	3772341	0	1	40156	7	0	40000	other	0
P035	76	Response	A	3781009	8668	1
P035	77	Picture	rec083	3822504	0	1	40163	1	0	40000	other	0
P035	77	Response	L	3835979	13475	1
P035	78	Picture	rec085	3872666	0	1	40163	1	0	40000	other	0
P035	78	Response	L	3883619	10953	1
P035	79	Picture	rec086	3922828	0	1	40163	1	0	40000	other	0
P035	79	Response	A	3933959	11130	1
P035	80	Picture	rec087	3972991	0	1	40163	1	0	40000	other	0
P035	80	Response	A	3986928	13937	1
P035	81	Picture	rec088	4023153	0	1	40163	1	0	40000	other	0
P035	81	Response	L	4032258	9104	1
P035	82	Picture	rec090	4073315	0	1	40163	1	0	40000	other	0
P035	82	Response	A	4094360	21045	1
P035	83	Picture	rec091	4123478	0	1	40163	1	0	40000	other	0
P035	83	Response	L	4141289	17811	1
