Scenario - comrecognition long version
Logfile written - 09/15/2023 14:51:51

Subject	Trial	Event Type	Code	Time	TTime	Uncertainty	Duration	Uncertainty	ReqTime	ReqDur	Stim Type	Pair Index

P037	1	Picture	rec001	10166	0	1	40163	1	0	40000	other	0
P037	1	Response	A	35571	25405	1
P037	2	Picture	rec002	60329	0	1	40163	1	0	40000	other	0
P037	2	Response	A	72130	11801	1
P037	3	Picture	rec003	110491	0	1	40163	1	0	40000	other	0
P037	3	Response	L	120210	9719	1
P037	4	Picture	rec004	160653	0	1	40163	1	0	40000	other	0
P037	4	Response	A	168540	7887	1
P037	5	Picture	rec005	210815	0	1	40163	1	0	40000	other	0
P037	5	Response	L	223021	12205	1
P037	6	Picture	rec006	260978	0	1	40163	1	0	40000	other	0
P037	6	Response	A	267920	6942	1
P037	7	Picture	rec007	311140	0	1	40163	1	0	40000	other	0
P037	7	Response	A	319849	8709	1
P037	8	Picture	rec008	361302	0	1	40163	1	0	40000	other	0
P037	8	Response	L	371960	10658	1
P037	9	Picture	rec009	411465	0	1	40163	1	0	40000	other	0
P037	9	Response	L	419159	7695	1
P037	10	Picture	rec010	461627	0	1	40163	1	0	40000	other	0
P037	10	Response	A	467980	6353	1
P037	11	Picture	rec011	511789	0	1	40163	1	0	40000	other	0
P037	11	Response	L	522908	11119	1
P037	12	Picture	rec012	561951	0	1	40163	1	0	40000	other	0
P037	12	Response	L	570280	8328	1
P037	13	Picture	rec013	612114	0	1	40163	1	0	40000	other	0
P037	13	Response	A	619939	7825	1
P037	14	Picture	rec014	662276	0	1	40163	1	0	40000	other	0
P037	14	Response	A	668959	6683	1
P037	15	Picture	rec015	712438	0	1	40163	1	0	40000	other	0
P037	15	Response	L	721839	9401	1
P037	16	Picture	rec016	762600	0	1	40163	1	0	40000	other	0
P037	16	Response	A	770919	8319	1
P037	17	Picture	rec017	812763	0	1	40163	1	0	40000	other	0
P037	17	Response	A	820298	7536	1
P037	18	Picture	rec018	862925	0	1	40163	1	0	40000	other	0
P037	18	Response	A	870759	7834	1
P037	19	Picture	rec019	913087	0	1	40163	1	0	40000	other	0
P037	19	Response	L	922729	9641	1
P037	20	Picture	rec020	963250	0	1	40163	1	0	40000	other	0
P037	20	Response	L	970109	6860	1
P037	21	Picture	rec021	1013412	0	1	40163	1	0	40000	other	0
P037	21	Response	A	1026969	13557	1
P037	22	Picture	rec022	1063574	0	1	40163	1	0	40000	other	0
P037	22	Response	L	1071298	7724	1
P037	23	Picture	rec023	1113736	0	1	40163	1	0	40000	other	0
P037	23	Response	L	1121429	7693	1
P037	24	Picture	rec024	1163899	0	1	40163	1	0	40000	other	0
P037	24	Response	A	1170689	6790	1
P037	25	Picture	rec025	1214061	0	1	40163	1	0	40000	other	0
P037	25	Response	L	1220908	6847	1
P037	26	Picture	rec026	1264223	0	1	40163	1	0	40000	other	0
P037	26	Response	A	1271288	7065	1
P037	27	Picture	rec027	1314385	0	1	40163	1	0	40000	other	0
P037	27	Response	L	1321258	6872	1
P037	28	Picture	rec028	1364548	0	1	40163	1	0	40000	other	0
P037	28	Response	A	1387128	22580	1
P037	29	Picture	rec029	1414710	0	1	40163	1	0	40000	other	0
P037	29	Response	A	1422208	7498	1
P037	30	Picture	rec030	1464872	0	1	40163	1	0	40000	other	0
P037	30	Response	L	1473157	8285	1
P037	31	Picture	rec031	1515035	0	1	40163	1	0	40000	other	0
P037	31	Response	A	1535328	20293	1
P037	32	Picture	rec032	1565197	0	1	40163	1	0	40000	other	0
P037	32	Response	L	1571667	6470	1
P037	33	Picture	rec033	1615359	0	1	40163	1	0	40000	other	0
P037	33	Response	L	1622568	7209	1
P037	34	Picture	rec034	1665521	0	1	40163	1	0	40000	other	0
P037	34	Response	A	1674457	8936	1
P037	35	Picture	rec035	1715684	0	1	40163	1	0	40000	other	0
P037	35	Response	A	1728738	13054	1
P037	36	Picture	rec036	1765846	0	1	40163	1	0	40000	other	0
P037	36	Response	A	1776217	10371	1
P037	37	Picture	rec037	1816008	0	1	40163	1	0	40000	other	0
P037	37	Response	L	1822707	6699	1
P037	38	Picture	rec038	1866170	0	1	40163	1	0	40000	other	0
P037	38	Response	L	1876737	10567	1
P037	39	Picture	rec039	1916333	0	1	40163	1	0	40000	other	0
P037	39	Response	L	1925687	9354	1
P037	40	Picture	rec040	1966495	0	1	40163	1	0	40000	other	0
P037	40	Response	L	1974677	8182	1
P037	41	Picture	rec041	2016657	0	1	40163	1	0	40000	other	0
P037	41	Response	L	2024106	7449	1
P037	42	Picture	rec042	2066820	0	1	40163	1	0	40000	other	0
P037	42	Response	L	2074257	7437	1
P037	43	Picture	rec043	2116982	0	1	40163	1	0	40000	other	0
P037	43	Response	A	2130796	13814	1
P037	44	Picture	rec044	2167144	0	1	40163	1	0	40000	other	0
P037	44	Response	L	2173556	6412	1
P037	45	Picture	rec045	2217306	0	1	40163	1	0	40000	other	0
P037	45	Response	L	2226406	9100	1
P037	46	Picture	rec046	2267469	0	1	40163	1	0	40000	other	0
P037	46	Response	A	2287856	20387	1
P037	47	Picture	rec047	2317631	0	1	40163	1	0	40000	other	0
P037	47	Response	A	2325756	8125	1
P037	48	Picture	rec048	2367793	0	1	40163	1	0	40000	other	0
P037	48	Response	A	2375185	7392	1
P037	49	Picture	rec049	2417955	0	1	40163	1	0	40000	other	0
P037	49	Response	A	2426706	8751	1
P037	50	Picture	rec050	2468118	0	1	40163	1	0	40000	other	0
P037	50	Response	A	2475806	7688	1
P037	51	Picture	rec052	2518280	0	1	40163	1	0	40000	other	0
P037	51	Response	L	2526806	8526	1
P037	52	Picture	rec053	2568442	0	1	40163	1	0	40000	other	0
P037	52	Response	L	2578495	10053	1
P037	53	Picture	rec054	2618605	0	1	40163	1	0	40000	other	0
P037	53	Response	L	2638865	20261	1
P037	54	Picture	rec055	2668767	0	1	40163	1	0	40000	other	0
P037	54	Response	L	2680156	11389	1
P037	55	Picture	rec057	2718929	0	1	40163	1	0	40000	other	0
P037	55	Response	L	2727665	8736	1
P037	56	Picture	rec058	2769091	0	1	40163	1	0	40000	other	0
P037	56	Response	A	2781105	12013	1
P037	57	Picture	rec059	2819254	0	1	40163	1	0	40000	other	0
P037	57	Response	L	2826936	7682	1
P037	58	Picture	rec060	2869416	0	1	40163	1	0	40000	other	0
P037	58	Response	L	2876705	7289	1
P037	59	Picture	rec061	2919578	0	1	40163	1	0	40000	other	0
P037	59	Response	L	2933685	14107	1
P037	60	Picture	rec062	2969740	0	1	40163	1	0	40000	other	0
P037	60	Response	L	2984425	14685	1
P037	61	Picture	rec063	3019903	0	1	40163	1	0	40000	other	0
P037	61	Response	L	3027855	7952	1
P037	62	Picture	rec064	3070065	0	1	40163	1	0	40000	other	0
P037	62	Response	L	3079275	9210	1
P037	63	Picture	rec065	3120227	0	1	40163	1	0	40000	other	0
P037	63	Response	L	3127145	6918	1
P037	64	Picture	rec066	3170390	0	1	40163	1	0	40000	other	0
P037	64	Response	L	3178585	8195	1
P037	65	Picture	rec068	3220552	0	1	40163	1	0	40000	other	0
P037	65	Response	A	3228335	7783	1
P037	66	Picture	rec069	3270714	0	1	40163	1	0	40000	other	0
P037	66	Response	L	3282234	11520	1
P037	67	Picture	rec070	3320876	0	1	40163	1	0	40000	other	0
P037	67	Response	A	3332914	12037	1
P037	68	Picture	rec073	3371039	0	1	40163	1	0	40000	other	0
P037	68	Response	L	3380424	9385	1
P037	69	Picture	rec074	3421201	0	1	40163	1	0	40000	other	0
P037	69	Response	L	3427454	6253	1
P037	70	Picture	rec075	3471363	0	1	40163	1	0	40000	other	0
P037	70	Response	L	3478404	7040	1
P037	71	Picture	rec076	3521525	0	1	40163	1	0	40000	other	0
P037	71	Response	L	3531984	10458	1
P037	72	Picture	rec077	3571688	0	1	40163	1	0	40000	other	0
P037	72	Response	L	3579634	7946	1
P037	73	Picture	rec078	3621850	0	1	40163	1	0	40000	other	0
P037	73	Response	L	3628484	6634	1
P037	74	Picture	rec079	3672012	0	1	40163	1	0	40000	other	0
P037	74	Response	L	3680623	8611	1
P037	75	Picture	rec081	3722175	0	1	40163	1	0	40000	other	0
P037	75	Response	L	3729764	7589	1
P037	76	Picture	rec082	3772337	0	1	40163	1	0	40000	other	0
P037	76	Response	A	3779963	7626	1
P037	76	Response	L	3780743	8407	1
P037	77	Picture	rec083	3822499	0	1	40163	1	0	40000	other	0
P037	77	Response	L	3829583	7084	1
P037	78	Picture	rec085	3872661	0	1	40163	1	0	40000	other	0
P037	78	Response	L	3879373	6712	1
P037	79	Picture	rec086	3922824	0	1	40163	1	0	40000	other	0
P037	79	Response	L	3930863	8039	1
P037	80	Picture	rec087	3972986	0	1	40163	1	0	40000	other	0
P037	80	Response	L	3980604	7618	1
P037	81	Picture	rec088	4023148	0	1	40163	1	0	40000	other	0
P037	81	Response	L	4031403	8255	1
P037	82	Picture	rec090	4073310	0	1	40163	1	0	40000	other	0
P037	82	Response	L	4082153	8843	1
P037	83	Picture	rec091	4123473	0	1	40163	1	0	40000	other	0
P037	83	Response	L	4131213	7740	1
