Scenario - comrecognition long version
Logfile written - 08/30/2023 15:05:59

Subject	Trial	Event Type	Code	Time	TTime	Uncertainty	Duration	Uncertainty	ReqTime	ReqDur	Stim Type	Pair Index

P038	1	Picture	rec001	10166	0	1	40163	1	0	40000	other	0
P038	1	Response	A	44883	34717	1
P038	2	Picture	rec002	60329	0	1	40163	1	0	40000	other	0
P038	2	Response	A	75333	15004	1
P038	3	Picture	rec003	110491	0	1	40163	1	0	40000	other	0
P038	3	Response	L	134782	24291	1
P038	4	Picture	rec004	160654	0	1	40163	1	0	40000	other	0
P038	4	Response	A	172123	11470	1
P038	5	Picture	rec005	210816	0	1	40163	1	0	40000	other	0
P038	5	Response	A	217913	7097	1
P038	6	Picture	rec006	260979	0	1	40163	1	0	40000	other	0
P038	6	Response	L	296983	36004	1
P038	7	Picture	rec007	311141	0	1	40163	1	0	40000	other	0
P038	7	Response	A	322563	11422	1
P038	8	Picture	rec008	361303	0	1	40163	1	0	40000	other	0
P038	8	Response	A	378654	17350	1
P038	9	Picture	rec009	411466	0	1	40163	1	0	40000	other	0
P038	9	Response	L	422483	11017	1
P038	10	Picture	rec010	461628	0	1	40163	1	0	40000	other	0
P038	10	Response	A	469503	7875	1
P038	11	Picture	rec011	511791	0	1	40163	1	0	40000	other	0
P038	11	Response	L	535433	23642	1
P038	12	Picture	rec012	561953	0	1	40163	1	0	40000	other	0
P038	12	Response	L	572604	10650	1
P038	13	Picture	rec013	612116	0	1	40163	1	0	40000	other	0
P038	13	Response	A	623054	10939	1
P038	14	Picture	rec014	662278	0	1	40163	1	0	40000	other	0
P038	14	Response	L	673594	11316	1
P038	15	Picture	rec015	712440	0	1	40163	1	0	40000	other	0
P038	15	Response	L	724964	12523	1
P038	16	Picture	rec016	762603	0	1	40163	1	0	40000	other	0
P038	16	Response	A	774744	12141	1
P038	17	Picture	rec017	812765	0	1	40163	1	0	40000	other	0
P038	17	Response	A	820434	7669	1
P038	18	Picture	rec018	862928	0	1	40163	1	0	40000	other	0
P038	18	Response	L	891594	28666	1
P038	19	Picture	rec019	913090	0	1	40163	1	0	40000	other	0
P038	19	Response	A	925384	12294	1
P038	20	Picture	rec020	963253	0	1	40163	1	0	40000	other	0
P038	20	Response	A	970914	7662	1
P038	21	Picture	rec021	1013415	0	1	40163	1	0	40000	other	0
P038	21	Response	L	1059544	46129	1
P038	21	Response	A	1059614	46199	1
P038	22	Picture	rec022	1063577	0	1	40163	1	0	40000	other	0
P038	22	Response	L	1086674	23096	1
P038	23	Picture	rec023	1113740	0	1	40163	1	0	40000	other	0
P038	23	Response	L	1131215	17475	1
P038	24	Picture	rec024	1163902	0	1	40163	1	0	40000	other	0
P038	24	Response	A	1176934	13032	1
P038	25	Picture	rec025	1214065	0	1	40163	1	0	40000	other	0
P038	25	Response	L	1223064	9000	1
P038	26	Picture	rec026	1264227	0	1	40163	1	0	40000	other	0
P038	26	Response	A	1291485	27257	1
P038	27	Picture	rec027	1314390	0	1	40163	1	0	40000	other	0
P038	27	Response	L	1333705	19315	1
P038	28	Picture	rec028	1364552	0	1	40163	1	0	40000	other	0
P038	28	Response	A	1378645	14093	1
P038	29	Picture	rec029	1414715	0	1	40163	1	0	40000	other	0
P038	29	Response	A	1426085	11370	1
P038	30	Picture	rec030	1464877	0	1	40163	1	0	40000	other	0
P038	30	Response	L	1488505	23628	1
P038	31	Picture	rec031	1515039	0	1	40163	1	0	40000	other	0
P038	31	Response	A	1531055	16015	1
P038	32	Picture	rec032	1565202	0	1	40163	1	0	40000	other	0
P038	32	Response	L	1598325	33123	1
P038	33	Picture	rec033	1615364	0	1	40163	1	0	40000	other	0
P038	33	Response	A	1626985	11621	1
P038	34	Picture	rec034	1665527	0	1	40163	1	0	40000	other	0
P038	34	Response	A	1700235	34708	1
P038	35	Picture	rec035	1715689	0	1	40163	1	0	40000	other	0
P038	35	Response	A	1725705	10016	1
P038	36	Picture	rec036	1765852	0	1	40163	1	0	40000	other	0
P038	36	Response	A	1772545	6694	1
P038	37	Picture	rec037	1816014	0	1	40163	1	0	40000	other	0
P038	37	Response	L	1829965	13951	1
P038	38	Picture	rec038	1866176	0	1	40163	1	0	40000	other	0
P038	38	Response	A	1893855	27679	1
P038	39	Picture	rec039	1916339	0	1	40163	1	0	40000	other	0
P038	39	Response	L	1944765	28426	1
P038	40	Picture	rec040	1966501	0	1	40163	1	0	40000	other	0
P038	40	Response	L	1976296	9794	1
P038	41	Picture	rec041	2016664	0	1	40163	1	0	40000	other	0
P038	41	Response	L	2036626	19962	1
P038	42	Picture	rec042	2066826	0	1	40163	1	0	40000	other	0
P038	42	Response	L	2104106	37280	1
P038	43	Picture	rec043	2116989	0	1	40163	1	0	40000	other	0
P038	43	Response	A	2125056	8067	1
P038	44	Picture	rec044	2167151	0	1	40163	1	0	40000	other	0
P038	44	Response	A	2173785	6634	1
P038	45	Picture	rec045	2217313	0	1	40163	1	0	40000	other	0
P038	45	Response	L	2229576	12262	1
P038	46	Picture	rec046	2267476	0	1	40163	1	0	40000	other	0
P038	46	Response	A	2276835	9359	1
P038	47	Picture	rec047	2317638	0	1	40163	1	0	40000	other	0
P038	47	Response	A	2334275	16637	1
P038	48	Picture	rec048	2367801	0	1	40163	1	0	40000	other	0
P038	48	Response	A	2374186	6385	1
P038	49	Picture	rec049	2417963	0	1	40163	1	0	40000	other	0
P038	49	Response	A	2427776	9813	1
P038	50	Picture	rec050	2468126	0	1	40163	1	0	40000	other	0
P038	50	Response	A	2476086	7960	1
P038	51	Picture	rec052	2518288	0	1	40163	1	0	40000	other	0
P038	51	Response	L	2527396	9108	1
P038	52	Picture	rec053	2568450	0	1	40163	1	0	40000	other	0
P038	52	Response	L	2581456	13006	1
P038	53	Picture	rec054	2618613	0	1	40163	1	0	40000	other	0
P038	53	Response	L	2629441	10828	1
P038	54	Picture	rec055	2668775	0	1	40163	1	0	40000	other	0
P038	54	Response	L	2702636	33861	1
P038	55	Picture	rec057	2718938	0	1	40163	1	0	40000	other	0
P038	55	Response	A	2758376	39439	1
P038	56	Picture	rec058	2769100	0	1	40163	1	0	40000	other	0
P038	56	Response	A	2780357	11256	1
P038	57	Picture	rec059	2819263	0	1	40163	1	0	40000	other	0
P038	57	Response	L	2832436	13174	1
P038	58	Picture	rec060	2869425	0	1	40163	1	0	40000	other	0
P038	58	Response	L	2883747	14322	1
P038	59	Picture	rec061	2919588	0	1	40163	1	0	40000	other	0
P038	59	Response	A	2926417	6829	1
P038	60	Picture	rec062	2969750	0	1	40163	1	0	40000	other	0
P038	60	Response	A	2975227	5477	1
P038	61	Picture	rec063	3019912	0	1	40163	1	0	40000	other	0
P038	61	Response	L	3030447	10535	1
P038	62	Picture	rec064	3070075	0	1	40163	1	0	40000	other	0
P038	62	Response	A	3087197	17122	1
P038	63	Picture	rec065	3120237	0	1	40163	1	0	40000	other	0
P038	63	Response	L	3157817	37580	1
P038	64	Picture	rec066	3170400	0	1	40163	1	0	40000	other	0
P038	64	Response	A	3177647	7247	1
P038	65	Picture	rec068	3220562	0	1	40163	1	0	40000	other	0
P038	65	Response	A	3229447	8885	1
P038	66	Picture	rec069	3270725	0	1	40163	1	0	40000	other	0
P038	66	Response	L	3284847	14122	1
P038	67	Picture	rec070	3320887	0	1	40163	1	0	40000	other	0
P038	67	Response	A	3334517	13630	1
P038	68	Picture	rec073	3371049	0	1	40163	1	0	40000	other	0
P038	68	Response	L	3382347	11297	1
P038	69	Picture	rec074	3421212	0	1	40163	1	0	40000	other	0
P038	69	Response	L	3457847	36636	1
P038	70	Picture	rec075	3471374	0	1	40163	1	0	40000	other	0
P038	70	Response	L	3484577	13203	1
P038	71	Picture	rec076	3521537	0	1	40163	1	0	40000	other	0
P038	71	Response	A	3547087	25551	1
P038	72	Picture	rec077	3571699	0	1	40163	1	0	40000	other	0
P038	72	Response	L	3581688	9988	1
P038	73	Picture	rec078	3621862	0	1	40163	1	0	40000	other	0
P038	73	Response	A	3636337	14476	1
P038	74	Picture	rec079	3672024	0	1	40163	1	0	40000	other	0
P038	74	Response	L	3679688	7664	1
P038	75	Picture	rec081	3722186	0	1	40163	1	0	40000	other	0
P038	75	Response	L	3730067	7881	1
P038	76	Picture	rec082	3772349	0	1	40163	1	0	40000	other	0
P038	76	Response	A	3779968	7619	1
P038	77	Picture	rec083	3822511	0	1	40163	1	0	40000	other	0
P038	77	Response	A	3863338	40827	1
P038	78	Picture	rec085	3872674	0	1	40163	1	0	40000	other	0
P038	78	Response	L	3896958	24284	1
P038	79	Picture	rec086	3922836	0	1	40163	1	0	40000	other	0
P038	79	Response	A	3931998	9162	1
P038	80	Picture	rec087	3972999	0	1	40163	1	0	40000	other	0
P038	80	Response	L	3985659	12660	1
P038	81	Picture	rec088	4023161	0	1	40163	1	0	40000	other	0
P038	81	Response	L	4035658	12497	1
P038	82	Picture	rec090	4073323	0	1	40163	1	0	40000	other	0
P038	82	Response	A	4090339	17015	1
P038	83	Picture	rec091	4123486	0	1	40163	1	0	40000	other	0
P038	83	Response	L	4132959	9473	1
