Scenario - comrecognition long version
Logfile written - 10/04/2023 16:14:11

Subject	Trial	Event Type	Code	Time	TTime	Uncertainty	Duration	Uncertainty	ReqTime	ReqDur	Stim Type	Pair Index

P039	1	Picture	rec001	10166	0	1	40163	1	0	40000	other	0
P039	1	Response	A	52529	42363	1
P039	2	Picture	rec002	60329	0	1	40163	1	0	40000	other	0
P039	2	Response	A	68350	8021	1
P039	3	Picture	rec003	110491	0	1	40163	1	0	40000	other	0
P039	3	Response	L	123700	13209	1
P039	4	Picture	rec004	160653	0	1	40163	1	0	40000	other	0
P039	4	Response	A	172499	11846	1
P039	5	Picture	rec005	210816	0	1	40163	1	0	40000	other	0
P039	5	Response	L	227179	16364	1
P039	6	Picture	rec006	260978	0	1	40163	1	0	40000	other	0
P039	6	Response	A	271429	10451	1
P039	7	Picture	rec007	311140	0	1	40163	1	0	40000	other	0
P039	7	Response	A	319789	8648	1
P039	8	Picture	rec008	361303	0	1	40163	1	0	40000	other	0
P039	8	Response	L	379089	17786	1
P039	9	Picture	rec009	411465	0	1	40163	1	0	40000	other	0
P039	9	Response	L	420479	9014	1
P039	10	Picture	rec010	461628	0	1	40163	1	0	40000	other	0
P039	10	Response	A	468679	7052	1
P039	11	Picture	rec011	511790	0	1	40163	1	0	40000	other	0
P039	11	Response	A	530759	18969	1
P039	12	Picture	rec012	561952	0	1	40163	1	0	40000	other	0
P039	12	Response	L	574409	12457	1
P039	13	Picture	rec013	612115	0	1	40163	1	0	40000	other	0
P039	13	Response	A	623469	11355	1
P039	14	Picture	rec014	662277	0	1	40163	1	0	40000	other	0
P039	14	Response	L	676919	14642	1
P039	15	Picture	rec015	712439	0	1	40163	1	0	40000	other	0
P039	15	Response	L	726419	13980	1
P039	16	Picture	rec016	762602	0	1	40163	1	0	40000	other	0
P039	16	Response	L	781019	18417	1
P039	17	Picture	rec017	812764	0	1	40163	1	0	40000	other	0
P039	17	Response	A	821799	9035	1
P039	18	Picture	rec018	862926	0	1	40163	1	0	40000	other	0
P039	18	Response	A	876909	13983	1
P039	19	Picture	rec019	913089	0	1	40163	1	0	40000	other	0
P039	19	Response	A	921499	8411	1
P039	20	Picture	rec020	963251	0	1	40163	1	0	40000	other	0
P039	20	Response	A	973529	10278	1
P039	21	Picture	rec021	1013413	0	1	40163	1	0	40000	other	0
P039	21	Response	A	1028159	14746	1
P039	22	Picture	rec022	1063576	0	1	40163	1	0	40000	other	0
P039	22	Response	A	1077879	14303	1
P039	23	Picture	rec023	1113738	0	1	40163	1	0	40000	other	0
P039	23	Response	L	1123720	9982	1
P039	24	Picture	rec024	1163900	0	1	40163	1	0	40000	other	0
P039	24	Response	A	1177029	13129	1
P039	25	Picture	rec025	1214063	0	1	40163	1	0	40000	other	0
P039	25	Response	A	1225528	11466	1
P039	26	Picture	rec026	1264225	0	1	40163	1	0	40000	other	0
P039	26	Response	A	1273959	9734	1
P039	27	Picture	rec027	1314387	0	1	40163	1	0	40000	other	0
P039	27	Response	L	1322309	7922	1
P039	28	Picture	rec028	1364550	0	1	40163	1	0	40000	other	0
P039	28	Response	L	1377810	13260	1
P039	29	Picture	rec029	1414712	0	1	40163	1	0	40000	other	0
P039	29	Response	A	1425909	11197	1
P039	30	Picture	rec030	1464875	0	1	40163	1	0	40000	other	0
P039	30	Response	A	1477509	12634	1
P039	31	Picture	rec031	1515037	0	1	40163	1	0	40000	other	0
P039	31	Response	L	1529498	14461	1
P039	32	Picture	rec032	1565199	0	1	40163	1	0	40000	other	0
P039	32	Response	A	1576029	10829	1
P039	33	Picture	rec033	1615362	0	1	40163	1	0	40000	other	0
P039	33	Response	A	1633089	17727	1
P039	34	Picture	rec034	1665524	0	1	40163	1	0	40000	other	0
P039	34	Response	L	1684189	18665	1
P039	35	Picture	rec035	1715686	0	1	40163	1	0	40000	other	0
P039	35	Response	L	1736279	20593	1
P039	36	Picture	rec036	1765849	0	1	40163	1	0	40000	other	0
P039	36	Response	A	1771929	6080	1
P039	37	Picture	rec037	1816011	0	1	40163	1	0	40000	other	0
P039	37	Response	L	1828409	12398	1
P039	38	Picture	rec038	1866173	0	1	40163	1	0	40000	other	0
P039	38	Response	L	1879699	13525	1
P039	39	Picture	rec039	1916336	0	1	40163	1	0	40000	other	0
P039	39	Response	A	1930189	13853	1
P039	40	Picture	rec040	1966498	0	1	40163	1	0	40000	other	0
P039	40	Response	L	1980899	14401	1
P039	41	Picture	rec041	2016660	0	1	40163	1	0	40000	other	0
P039	41	Response	L	2027939	11278	1
P039	42	Picture	rec042	2066823	0	1	40163	1	0	40000	other	0
P039	42	Response	A	2081299	14476	1
P039	43	Picture	rec043	2116985	0	1	40163	1	0	40000	other	0
P039	43	Response	A	2129489	12504	1
P039	44	Picture	rec044	2167147	0	1	40163	1	0	40000	other	0
P039	44	Response	A	2186749	19601	1
P039	45	Picture	rec045	2217310	0	1	40163	1	0	40000	other	0
P039	45	Response	L	2232689	15379	1
P039	46	Picture	rec046	2267472	0	1	40163	1	0	40000	other	0
P039	46	Response	A	2276288	8816	1
P039	47	Picture	rec047	2317634	0	1	40163	1	0	40000	other	0
P039	47	Response	L	2328188	10554	1
P039	47	Response	A	2341329	23694	1
P039	48	Picture	rec048	2367797	0	1	40163	1	0	40000	other	0
P039	48	Response	A	2375368	7571	1
P039	49	Picture	rec049	2417959	0	1	40163	1	0	40000	other	0
P039	49	Response	A	2428779	10819	1
P039	50	Picture	rec050	2468122	0	1	40163	1	0	40000	other	0
P039	50	Response	A	2478468	10347	1
P039	51	Picture	rec052	2518284	0	1	40163	1	0	40000	other	0
P039	51	Response	L	2534628	16344	1
P039	52	Picture	rec053	2568446	0	1	40163	1	0	40000	other	0
P039	52	Response	L	2589759	21313	1
P039	53	Picture	rec054	2618609	0	1	40163	1	0	40000	other	0
P039	53	Response	L	2639369	20760	1
P039	54	Picture	rec055	2668771	0	1	40163	1	0	40000	other	0
P039	54	Response	L	2686888	18117	1
P039	55	Picture	rec057	2718933	0	1	40163	1	0	40000	other	0
P039	55	Response	L	2743479	24546	1
P039	56	Picture	rec058	2769096	0	1	40163	1	0	40000	other	0
P039	56	Response	L	2779989	10893	1
P039	57	Picture	rec059	2819258	0	1	40163	1	0	40000	other	0
P039	57	Response	L	2843179	23921	1
P039	58	Picture	rec060	2869420	0	1	40163	1	0	40000	other	0
P039	58	Response	L	2879129	9709	1
P039	59	Picture	rec061	2919583	0	1	40163	1	0	40000	other	0
P039	59	Response	A	2928879	9296	1
P039	60	Picture	rec062	2969745	0	1	40163	1	0	40000	other	0
P039	60	Response	L	2992538	22793	1
P039	61	Picture	rec063	3019907	0	1	40163	1	0	40000	other	0
P039	61	Response	L	3030778	10871	1
P039	62	Picture	rec064	3070070	0	1	40163	1	0	40000	other	0
P039	62	Response	A	3089348	19279	1
P039	63	Picture	rec065	3120232	0	1	40163	1	0	40000	other	0
P039	63	Response	L	3132788	12556	1
P039	64	Picture	rec066	3170388	0	7	40170	7	0	40000	other	0
P039	64	Response	A	3181518	11131	1
P039	65	Picture	rec068	3220557	0	1	40163	1	0	40000	other	0
P039	65	Response	A	3231768	11212	1
P039	66	Picture	rec069	3270719	0	1	40163	1	0	40000	other	0
P039	66	Response	L	3301559	30840	1
P039	67	Picture	rec070	3320881	0	1	40163	1	0	40000	other	0
P039	67	Response	A	3332248	11367	1
P039	68	Picture	rec073	3371044	0	1	40163	1	0	40000	other	0
P039	68	Response	L	3390378	19335	1
P039	69	Picture	rec074	3421206	0	1	40163	1	0	40000	other	0
P039	69	Response	A	3440669	19462	1
P039	70	Picture	rec075	3471369	0	1	40163	1	0	40000	other	0
P039	70	Response	L	3484858	13490	1
P039	71	Picture	rec076	3521531	0	1	40163	1	0	40000	other	0
P039	71	Response	L	3538429	16898	1
P039	72	Picture	rec077	3571693	0	1	40163	1	0	40000	other	0
P039	72	Response	L	3587968	16275	1
P039	73	Picture	rec078	3621856	0	1	40163	1	0	40000	other	0
P039	73	Response	A	3629318	7463	1
P039	74	Picture	rec079	3672018	0	1	40163	1	0	40000	other	0
P039	74	Response	L	3681558	9540	1
P039	75	Picture	rec081	3722180	0	1	40163	1	0	40000	other	0
P039	75	Response	L	3735338	13157	1
P039	76	Picture	rec082	3772343	0	1	40163	1	0	40000	other	0
P039	76	Response	A	3781138	8796	1
P039	77	Picture	rec083	3822505	0	1	40163	1	0	40000	other	0
P039	77	Response	A	3836778	14273	1
P039	78	Picture	rec085	3872667	0	1	40163	1	0	40000	other	0
P039	78	Response	L	3891028	18361	1
P039	79	Picture	rec086	3922830	0	1	40163	1	0	40000	other	0
P039	79	Response	A	3946469	23639	1
P039	80	Picture	rec087	3972992	0	1	40163	1	0	40000	other	0
P039	80	Response	L	3981098	8106	1
P039	81	Picture	rec088	4023154	0	1	40163	1	0	40000	other	0
P039	81	Response	L	4030449	7294	1
P039	82	Picture	rec090	4073317	0	1	40163	1	0	40000	other	0
P039	82	Response	L	4089758	16441	1
P039	83	Picture	rec091	4123479	0	1	40163	1	0	40000	other	0
P039	83	Response	L	4131128	7649	1
