Scenario - comrecognition long version
Logfile written - 10/16/2023 14:50:49

Subject	Trial	Event Type	Code	Time	TTime	Uncertainty	Duration	Uncertainty	ReqTime	ReqDur	Stim Type	Pair Index

P042	1	Picture	rec001	10166	0	1	40163	1	0	40000	other	0
P042	1	Response	L	23712	13546	1
P042	2	Picture	rec002	60329	0	1	40163	1	0	40000	other	0
P042	2	Response	A	69583	9255	1
P042	3	Picture	rec003	110491	0	1	40163	1	0	40000	other	0
P042	3	Response	L	120042	9551	1
P042	4	Picture	rec004	160653	0	1	40163	1	0	40000	other	0
P042	4	Response	L	170363	9709	1
P042	5	Picture	rec005	210816	0	1	40163	1	0	40000	other	0
P042	5	Response	A	217622	6806	1
P042	6	Picture	rec006	260978	0	1	40163	1	0	40000	other	0
P042	6	Response	A	268492	7514	1
P042	7	Picture	rec007	311140	0	1	40163	1	0	40000	other	0
P042	7	Response	A	319353	8212	1
P042	8	Picture	rec008	361303	0	1	40163	1	0	40000	other	0
P042	8	Response	L	371403	10100	1
P042	9	Picture	rec009	411465	0	1	40163	1	0	40000	other	0
P042	9	Response	L	421622	10157	1
P042	10	Picture	rec010	461628	0	1	40163	1	0	40000	other	0
P042	10	Response	A	468642	7015	1
P042	11	Picture	rec011	511790	0	1	40163	1	0	40000	other	0
P042	11	Response	L	522982	11192	1
P042	12	Picture	rec012	561952	0	1	40163	1	0	40000	other	0
P042	12	Response	L	573322	11370	1
P042	13	Picture	rec013	612115	0	1	40163	1	0	40000	other	0
P042	13	Response	A	620892	8778	1
P042	14	Picture	rec014	662277	0	1	40163	1	0	40000	other	0
P042	14	Response	A	673912	11635	1
P042	15	Picture	rec015	712439	0	1	40163	1	0	40000	other	0
P042	15	Response	L	722162	9723	1
P042	16	Picture	rec016	762602	0	1	40163	1	0	40000	other	0
P042	16	Response	A	769762	7161	1
P042	17	Picture	rec017	812764	0	1	40163	1	0	40000	other	0
P042	17	Response	A	832092	19328	1
P042	18	Picture	rec018	862926	0	1	40163	1	0	40000	other	0
P042	18	Response	A	871842	8916	1
P042	19	Picture	rec019	913089	0	1	40163	1	0	40000	other	0
P042	19	Response	A	924302	11214	1
P042	20	Picture	rec020	963251	0	1	40163	1	0	40000	other	0
P042	20	Response	A	972382	9131	1
P042	21	Picture	rec021	1013413	0	1	40163	1	0	40000	other	0
P042	21	Response	A	1025462	12049	1
P042	22	Picture	rec022	1063576	0	1	40163	1	0	40000	other	0
P042	22	Response	A	1073172	9596	1
P042	23	Picture	rec023	1113738	0	1	40163	1	0	40000	other	0
P042	23	Response	L	1126312	12574	1
P042	24	Picture	rec024	1163900	0	1	40163	1	0	40000	other	0
P042	24	Response	A	1173042	9142	1
P042	25	Picture	rec025	1214063	0	1	40163	1	0	40000	other	0
P042	25	Response	L	1226912	12849	1
P042	26	Picture	rec026	1264225	0	1	40163	1	0	40000	other	0
P042	26	Response	A	1275722	11497	1
P042	27	Picture	rec027	1314387	0	1	40163	1	0	40000	other	0
P042	27	Response	L	1331182	16794	1
P042	28	Picture	rec028	1364550	0	1	40163	1	0	40000	other	0
P042	28	Response	L	1384412	19862	1
P042	29	Picture	rec029	1414712	0	1	40163	1	0	40000	other	0
P042	29	Response	A	1423572	8860	1
P042	30	Picture	rec030	1464875	0	1	40163	1	0	40000	other	0
P042	30	Response	L	1477233	12358	1
P042	31	Picture	rec031	1515037	0	1	40163	1	0	40000	other	0
P042	31	Response	L	1540112	25075	1
P042	32	Picture	rec032	1565199	0	1	40163	1	0	40000	other	0
P042	32	Response	A	1575862	10663	1
P042	33	Picture	rec033	1615362	0	1	40163	1	0	40000	other	0
P042	33	Response	L	1623312	7950	1
P042	34	Picture	rec034	1665524	0	1	40163	1	0	40000	other	0
P042	34	Response	A	1679242	13718	1
P042	35	Picture	rec035	1715686	0	1	40163	1	0	40000	other	0
P042	35	Response	A	1727532	11845	1
P042	36	Picture	rec036	1765849	0	1	40163	1	0	40000	other	0
P042	36	Response	A	1773453	7604	1
P042	37	Picture	rec037	1816011	0	1	40163	1	0	40000	other	0
P042	37	Response	L	1827052	11041	1
P042	38	Picture	rec038	1866173	0	1	40163	1	0	40000	other	0
P042	38	Response	A	1876262	10089	1
P042	39	Picture	rec039	1916336	0	1	40163	1	0	40000	other	0
P042	39	Response	L	1927682	11346	1
P042	40	Picture	rec040	1966498	0	1	40163	1	0	40000	other	0
P042	40	Response	L	1978241	11743	1
P042	41	Picture	rec041	2016660	0	1	40163	1	0	40000	other	0
P042	41	Response	L	2030142	13482	1
P042	42	Picture	rec042	2066823	0	1	40163	1	0	40000	other	0
P042	42	Response	L	2080702	13879	1
P042	43	Picture	rec043	2116985	0	1	40163	1	0	40000	other	0
P042	43	Response	A	2126722	9737	1
P042	44	Picture	rec044	2167147	0	1	40163	1	0	40000	other	0
P042	44	Response	A	2180081	12934	1
P042	45	Picture	rec045	2217310	0	1	40163	1	0	40000	other	0
P042	45	Response	L	2240492	23182	1
P042	46	Picture	rec046	2267472	0	1	40163	1	0	40000	other	0
P042	46	Response	L	2277772	10300	1
P042	47	Picture	rec047	2317634	0	1	40163	1	0	40000	other	0
P042	47	Response	A	2327382	9747	1
P042	47	Response	A	2331301	13667	1
P042	48	Picture	rec048	2367797	0	1	40163	1	0	40000	other	0
P042	48	Response	A	2376521	8725	1
P042	49	Picture	rec049	2417959	0	1	40163	1	0	40000	other	0
P042	49	Response	A	2427293	9334	1
P042	50	Picture	rec050	2468122	0	1	40163	1	0	40000	other	0
P042	50	Response	A	2478352	10230	1
P042	51	Picture	rec052	2518284	0	1	40163	1	0	40000	other	0
P042	51	Response	L	2526881	8598	1
P042	52	Picture	rec053	2568446	0	1	40163	1	0	40000	other	0
P042	52	Response	L	2578152	9705	1
P042	53	Picture	rec054	2618609	0	1	40163	1	0	40000	other	0
P042	53	Response	L	2628082	9473	1
P042	54	Picture	rec055	2668771	0	1	40163	1	0	40000	other	0
P042	54	Response	L	2684173	15402	1
P042	55	Picture	rec057	2718933	0	1	40163	1	0	40000	other	0
P042	55	Response	A	2728711	9778	1
P042	56	Picture	rec058	2769096	0	1	40163	1	0	40000	other	0
P042	56	Response	A	2784472	15376	1
P042	57	Picture	rec059	2819258	0	1	40163	1	0	40000	other	0
P042	57	Response	L	2827902	8644	1
P042	58	Picture	rec060	2869420	0	1	40163	1	0	40000	other	0
P042	58	Response	L	2878252	8831	1
P042	59	Picture	rec061	2919583	0	1	40163	1	0	40000	other	0
P042	59	Response	L	2932071	12489	1
P042	60	Picture	rec062	2969745	0	1	40163	1	0	40000	other	0
P042	60	Response	A	2979172	9427	1
P042	61	Picture	rec063	3019907	0	1	40163	1	0	40000	other	0
P042	61	Response	L	3031232	11324	1
P042	62	Picture	rec064	3070070	0	1	40163	1	0	40000	other	0
P042	62	Response	A	3078672	8602	1
P042	63	Picture	rec065	3120232	0	1	40163	1	0	40000	other	0
P042	63	Response	L	3133732	13500	1
P042	64	Picture	rec066	3170394	0	1	40163	1	0	40000	other	0
P042	64	Response	A	3179131	8737	1
P042	65	Picture	rec068	3220557	0	1	40163	1	0	40000	other	0
P042	65	Response	A	3232841	12285	1
P042	66	Picture	rec069	3270719	0	1	40163	1	0	40000	other	0
P042	66	Response	L	3282431	11712	1
P042	67	Picture	rec070	3320881	0	1	40163	1	0	40000	other	0
P042	67	Response	A	3329492	8610	1
P042	68	Picture	rec073	3371044	0	1	40163	1	0	40000	other	0
P042	68	Response	L	3381881	10837	1
P042	69	Picture	rec074	3421206	0	1	40163	1	0	40000	other	0
P042	69	Response	L	3431791	10585	1
P042	70	Picture	rec075	3471369	0	1	40163	1	0	40000	other	0
P042	70	Response	A	3482171	10803	1
P042	71	Picture	rec076	3521531	0	1	40163	1	0	40000	other	0
P042	71	Response	L	3532711	11180	1
P042	72	Picture	rec077	3571693	0	1	40163	1	0	40000	other	0
P042	72	Response	L	3582111	10418	1
P042	73	Picture	rec078	3621856	0	1	40163	1	0	40000	other	0
P042	73	Response	A	3628841	6986	1
P042	74	Picture	rec079	3672018	0	1	40163	1	0	40000	other	0
P042	74	Response	L	3680461	8443	1
P042	75	Picture	rec081	3722180	0	1	40163	1	0	40000	other	0
P042	75	Response	L	3731601	9421	1
P042	76	Picture	rec082	3772343	0	1	40163	1	0	40000	other	0
P042	76	Response	A	3785521	13178	1
P042	77	Picture	rec083	3822505	0	1	40163	1	0	40000	other	0
P042	77	Response	L	3829981	7476	1
P042	78	Picture	rec085	3872667	0	1	40163	1	0	40000	other	0
P042	78	Response	L	3882961	10294	1
P042	79	Picture	rec086	3922830	0	1	40163	1	0	40000	other	0
P042	79	Response	L	3937872	15042	1
P042	80	Picture	rec087	3972992	0	1	40163	1	0	40000	other	0
P042	80	Response	L	3984591	11599	1
P042	81	Picture	rec088	4023154	0	1	40163	1	0	40000	other	0
P042	81	Response	L	4034081	10927	1
P042	82	Picture	rec090	4073317	0	1	40163	1	0	40000	other	0
P042	82	Response	L	4082041	8724	1
P042	83	Picture	rec091	4123479	0	1	40163	1	0	40000	other	0
P042	83	Response	L	4135131	11652	1
