Scenario - comrecognition long version
Logfile written - 10/19/2023 14:16:18

Subject	Trial	Event Type	Code	Time	TTime	Uncertainty	Duration	Uncertainty	ReqTime	ReqDur	Stim Type	Pair Index

P043	1	Picture	rec001	10166	0	1	40163	1	0	40000	other	0
P043	1	Response	L	25998	15832	1
P043	2	Picture	rec002	60329	0	1	40163	1	0	40000	other	0
P043	2	Response	A	71748	11419	1
P043	3	Picture	rec003	110491	0	1	40163	1	0	40000	other	0
P043	3	Response	L	118525	8034	1
P043	4	Picture	rec004	160653	0	1	40163	1	0	40000	other	0
P043	4	Response	L	180015	19362	1
P043	5	Picture	rec005	210816	0	1	40163	1	0	40000	other	0
P043	5	Response	A	218508	7692	1
P043	6	Picture	rec006	260978	0	1	40163	1	0	40000	other	0
P043	6	Response	A	268439	7460	1
P043	7	Picture	rec007	311140	0	1	40163	1	0	40000	other	0
P043	7	Response	A	319097	7957	1
P043	8	Picture	rec008	361303	0	1	40163	1	0	40000	other	0
P043	8	Response	A	380067	18764	1
P043	9	Picture	rec009	411465	0	1	40163	1	0	40000	other	0
P043	9	Response	L	421438	9973	1
P043	10	Picture	rec010	461628	0	1	40163	1	0	40000	other	0
P043	10	Response	A	467577	5949	1
P043	11	Picture	rec011	511790	0	1	40163	1	0	40000	other	0
P043	11	Response	L	520248	8458	1
P043	12	Picture	rec012	561952	0	1	40163	1	0	40000	other	0
P043	12	Response	L	574088	12136	1
P043	13	Picture	rec013	612115	0	1	40163	1	0	40000	other	0
P043	13	Response	A	624617	12503	1
P043	14	Picture	rec014	662277	0	1	40163	1	0	40000	other	0
P043	14	Response	A	675885	13608	1
P043	15	Picture	rec015	712439	0	1	40163	1	0	40000	other	0
P043	15	Response	L	727188	14748	1
P043	16	Picture	rec016	762602	0	1	40163	1	0	40000	other	0
P043	16	Response	A	777077	14475	1
P043	17	Picture	rec017	812764	0	1	40163	1	0	40000	other	0
P043	17	Response	A	820055	7291	1
P043	18	Picture	rec018	862926	0	1	40163	1	0	40000	other	0
P043	18	Response	A	870297	7371	1
P043	19	Picture	rec019	913089	0	1	40163	1	0	40000	other	0
P043	19	Response	A	921147	8059	1
P043	20	Picture	rec020	963251	0	1	40163	1	0	40000	other	0
P043	20	Response	A	971768	8517	1
P043	21	Picture	rec021	1013413	0	1	40163	1	0	40000	other	0
P043	21	Response	A	1025697	12284	1
P043	22	Picture	rec022	1063576	0	1	40163	1	0	40000	other	0
P043	22	Response	A	1075208	11632	1
P043	23	Picture	rec023	1113738	0	1	40163	1	0	40000	other	0
P043	23	Response	L	1121957	8219	1
P043	24	Picture	rec024	1163900	0	1	40163	1	0	40000	other	0
P043	24	Response	A	1174798	10898	1
P043	25	Picture	rec025	1214063	0	1	40163	1	0	40000	other	0
P043	25	Response	L	1222208	8145	1
P043	26	Picture	rec026	1264225	0	1	40163	1	0	40000	other	0
P043	26	Response	A	1275558	11333	1
P043	27	Picture	rec027	1314387	0	1	40163	1	0	40000	other	0
P043	27	Response	L	1322437	8050	1
P043	28	Picture	rec028	1364550	0	1	40163	1	0	40000	other	0
P043	28	Response	L	1377627	13078	1
P043	29	Picture	rec029	1414712	0	1	40163	1	0	40000	other	0
P043	29	Response	A	1423918	9206	1
P043	30	Picture	rec030	1464874	0	1	40163	1	0	40000	other	0
P043	30	Response	L	1478108	13233	1
P043	31	Picture	rec031	1515037	0	1	40163	1	0	40000	other	0
P043	31	Response	A	1528388	13351	1
P043	32	Picture	rec032	1565199	0	1	40163	1	0	40000	other	0
P043	32	Response	A	1575057	9858	1
P043	33	Picture	rec033	1615362	0	1	40163	1	0	40000	other	0
P043	33	Response	A	1626757	11396	1
P043	34	Picture	rec034	1665524	0	1	40163	1	0	40000	other	0
P043	34	Response	A	1677647	12123	1
P043	35	Picture	rec035	1715686	0	1	40163	1	0	40000	other	0
P043	35	Response	L	1726267	10581	1
P043	36	Picture	rec036	1765849	0	1	40163	1	0	40000	other	0
P043	36	Response	A	1772768	6919	1
P043	37	Picture	rec037	1816011	0	1	40163	1	0	40000	other	0
P043	37	Response	L	1824027	8017	1
P043	38	Picture	rec038	1866173	0	1	40163	1	0	40000	other	0
P043	38	Response	A	1876967	10794	1
P043	39	Picture	rec039	1916336	0	1	40163	1	0	40000	other	0
P043	39	Response	A	1927538	11202	1
P043	40	Picture	rec040	1966498	0	1	40163	1	0	40000	other	0
P043	40	Response	L	1974688	8190	1
P043	41	Picture	rec041	2016660	0	1	40163	1	0	40000	other	0
P043	41	Response	L	2026038	9377	1
P043	42	Picture	rec042	2066823	0	1	40163	1	0	40000	other	0
P043	42	Response	A	2076818	9995	1
P043	43	Picture	rec043	2116985	0	1	40163	1	0	40000	other	0
P043	43	Response	L	2126377	9392	1
P043	44	Picture	rec044	2167147	0	1	40163	1	0	40000	other	0
P043	44	Response	A	2185438	18290	1
P043	45	Picture	rec045	2217310	0	1	40163	1	0	40000	other	0
P043	45	Response	L	2223737	6428	1
P043	46	Picture	rec046	2267472	0	1	40163	1	0	40000	other	0
P043	46	Response	A	2285687	18215	1
P043	47	Picture	rec047	2317634	0	1	40163	1	0	40000	other	0
P043	47	Response	L	2325267	7633	1
P043	48	Picture	rec048	2367797	0	1	40163	1	0	40000	other	0
P043	48	Response	A	2374337	6541	1
P043	49	Picture	rec049	2417959	0	1	40163	1	0	40000	other	0
P043	49	Response	A	2425717	7758	1
P043	50	Picture	rec050	2468121	0	1	40163	1	0	40000	other	0
P043	50	Response	A	2475097	6976	1
P043	51	Picture	rec052	2518284	0	1	40163	1	0	40000	other	0
P043	51	Response	L	2526396	8112	1
P043	52	Picture	rec053	2568446	0	1	40163	1	0	40000	other	0
P043	52	Response	L	2576577	8131	1
P043	53	Picture	rec054	2618609	0	1	40163	1	0	40000	other	0
P043	53	Response	L	2635817	17209	1
P043	54	Picture	rec055	2668771	0	1	40163	1	0	40000	other	0
P043	54	Response	L	2677787	9016	1
P043	55	Picture	rec057	2718933	0	1	40163	1	0	40000	other	0
P043	55	Response	L	2727917	8984	1
P043	55	Response	A	2735307	16374	1
P043	56	Picture	rec058	2769096	0	1	40163	1	0	40000	other	0
P043	56	Response	A	2786577	17482	1
P043	57	Picture	rec059	2819258	0	1	40163	1	0	40000	other	0
P043	57	Response	L	2836748	17490	1
P043	58	Picture	rec060	2869420	0	1	40163	1	0	40000	other	0
P043	58	Response	L	2877327	7907	1
P043	59	Picture	rec061	2919583	0	1	40163	1	0	40000	other	0
P043	59	Response	A	2931578	11995	1
P043	60	Picture	rec062	2969745	0	1	40163	1	0	40000	other	0
P043	60	Response	L	2978248	8503	1
P043	61	Picture	rec063	3019907	0	1	40163	1	0	40000	other	0
P043	61	Response	L	3028257	8350	1
P043	62	Picture	rec064	3070070	0	1	40163	1	0	40000	other	0
P043	62	Response	L	3079277	9207	1
P043	63	Picture	rec065	3120232	0	1	40163	1	0	40000	other	0
P043	63	Response	L	3128986	8754	1
P043	64	Picture	rec066	3170394	0	1	40163	1	0	40000	other	0
P043	64	Response	A	3177597	7202	1
P043	65	Picture	rec068	3220557	0	1	40163	1	0	40000	other	0
P043	65	Response	A	3227967	7410	1
P043	66	Picture	rec069	3270719	0	1	40163	1	0	40000	other	0
P043	66	Response	A	3297667	26948	1
P043	67	Picture	rec070	3320881	0	1	40163	1	0	40000	other	0
P043	67	Response	L	3338137	17256	1
P043	68	Picture	rec073	3371044	0	1	40163	1	0	40000	other	0
P043	68	Response	L	3379286	8243	1
P043	69	Picture	rec074	3421206	0	1	40163	1	0	40000	other	0
P043	69	Response	L	3432126	10920	1
P043	70	Picture	rec075	3471368	0	1	40163	1	0	40000	other	0
P043	70	Response	L	3482646	11278	1
P043	71	Picture	rec076	3521531	0	1	40163	1	0	40000	other	0
P043	71	Response	L	3529617	8086	1
P043	72	Picture	rec077	3571693	0	1	40163	1	0	40000	other	0
P043	72	Response	A	3580547	8854	1
P043	73	Picture	rec078	3621856	0	1	40163	1	0	40000	other	0
P043	73	Response	A	3627817	5961	1
P043	74	Picture	rec079	3672018	0	1	40163	1	0	40000	other	0
P043	74	Response	L	3680287	8269	1
P043	75	Picture	rec081	3722180	0	1	40163	1	0	40000	other	0
P043	75	Response	L	3731667	9486	1
P043	76	Picture	rec082	3772343	0	1	40163	1	0	40000	other	0
P043	76	Response	A	3780387	8044	1
P043	77	Picture	rec083	3822505	0	1	40163	1	0	40000	other	0
P043	77	Response	L	3830197	7692	1
P043	78	Picture	rec085	3872667	0	1	40163	1	0	40000	other	0
P043	78	Response	L	3886977	14310	1
P043	79	Picture	rec086	3922830	0	1	40163	1	0	40000	other	0
P043	79	Response	A	3932327	9497	1
P043	80	Picture	rec087	3972992	0	1	40163	1	0	40000	other	0
P043	80	Response	L	3984667	11675	1
P043	81	Picture	rec088	4023154	0	1	40163	1	0	40000	other	0
P043	81	Response	L	4032167	9012	1
P043	82	Picture	rec090	4073317	0	1	40163	1	0	40000	other	0
P043	82	Response	L	4082847	9531	1
P043	83	Picture	rec091	4123479	0	1	40163	1	0	40000	other	0
P043	83	Response	L	4132437	8958	1
