Scenario - comrecognition long version
Logfile written - 10/25/2023 15:51:03

Subject	Trial	Event Type	Code	Time	TTime	Uncertainty	Duration	Uncertainty	ReqTime	ReqDur	Stim Type	Pair Index

P045	1	Picture	rec001	10166	0	1	40163	1	0	40000	other	0
P045	1	Response	A	34845	24678	1
P045	2	Picture	rec002	60329	0	1	40163	1	0	40000	other	0
P045	2	Response	A	69164	8836	1
P045	3	Picture	rec003	110491	0	1	40163	1	0	40000	other	0
P045	3	Response	L	127255	16764	1
P045	4	Picture	rec004	160653	0	1	40163	1	0	40000	other	0
P045	4	Response	A	171545	10891	1
P045	5	Picture	rec005	210816	0	1	40163	1	0	40000	other	0
P045	5	Response	A	225525	14709	1
P045	6	Picture	rec006	260978	0	1	40163	1	0	40000	other	0
P045	6	Response	A	268085	7107	1
P045	7	Picture	rec007	311140	0	1	40163	1	0	40000	other	0
P045	7	Response	A	318444	7304	1
P045	8	Picture	rec008	361303	0	1	40163	1	0	40000	other	0
P045	8	Response	L	380545	19242	1
P045	9	Picture	rec009	411465	0	1	40163	1	0	40000	other	0
P045	9	Response	L	424344	12879	1
P045	10	Picture	rec010	461627	0	1	40163	1	0	40000	other	0
P045	10	Response	A	467984	6357	1
P045	11	Picture	rec011	511790	0	1	40163	1	0	40000	other	0
P045	11	Response	L	527405	15615	1
P045	12	Picture	rec012	561952	0	1	40163	1	0	40000	other	0
P045	12	Response	L	582124	20172	1
P045	13	Picture	rec013	612115	0	1	40163	1	0	40000	other	0
P045	13	Response	A	619515	7400	1
P045	14	Picture	rec014	662277	0	1	40163	1	0	40000	other	0
P045	14	Response	A	673424	11147	1
P045	15	Picture	rec015	712439	0	1	40163	1	0	40000	other	0
P045	15	Response	L	723485	11045	1
P045	16	Picture	rec016	762602	0	1	40163	1	0	40000	other	0
P045	16	Response	A	768954	6352	1
P045	17	Picture	rec017	812764	0	1	40163	1	0	40000	other	0
P045	17	Response	A	819465	6701	1
P045	18	Picture	rec018	862926	0	1	40163	1	0	40000	other	0
P045	18	Response	L	872935	10009	1
P045	18	Response	A	883553	20626	1
P045	19	Picture	rec019	913089	0	1	40163	1	0	40000	other	0
P045	19	Response	A	923794	10706	1
P045	20	Picture	rec020	963251	0	1	40163	1	0	40000	other	0
P045	20	Response	A	969885	6634	1
P045	21	Picture	rec021	1013413	0	1	40163	1	0	40000	other	0
P045	21	Response	A	1025814	12401	1
P045	22	Picture	rec022	1063576	0	1	40163	1	0	40000	other	0
P045	22	Response	A	1073634	10059	1
P045	23	Picture	rec023	1113738	0	1	40163	1	0	40000	other	0
P045	23	Response	L	1124653	10915	1
P045	24	Picture	rec024	1163900	0	1	40163	1	0	40000	other	0
P045	24	Response	A	1171303	7403	1
P045	25	Picture	rec025	1214063	0	1	40163	1	0	40000	other	0
P045	25	Response	L	1224784	10721	1
P045	26	Picture	rec026	1264225	0	1	40163	1	0	40000	other	0
P045	26	Response	A	1270644	6419	1
P045	27	Picture	rec027	1314387	0	1	40163	1	0	40000	other	0
P045	27	Response	L	1326894	12507	1
P045	28	Picture	rec028	1364550	0	1	40163	1	0	40000	other	0
P045	28	Response	L	1377714	13164	1
P045	29	Picture	rec029	1414712	0	1	40163	1	0	40000	other	0
P045	29	Response	A	1421493	6781	1
P045	30	Picture	rec030	1464874	0	1	40163	1	0	40000	other	0
P045	30	Response	A	1473724	8849	1
P045	31	Picture	rec031	1515037	0	1	40163	1	0	40000	other	0
P045	31	Response	A	1522304	7268	1
P045	32	Picture	rec032	1565199	0	1	40163	1	0	40000	other	0
P045	32	Response	A	1577144	11945	1
P045	33	Picture	rec033	1615362	0	1	40163	1	0	40000	other	0
P045	33	Response	L	1640634	25273	1
P045	34	Picture	rec034	1665524	0	1	40163	1	0	40000	other	0
P045	34	Response	A	1673424	7900	1
P045	35	Picture	rec035	1715686	0	1	40163	1	0	40000	other	0
P045	35	Response	A	1726124	10438	1
P045	36	Picture	rec036	1765849	0	1	40163	1	0	40000	other	0
P045	36	Response	A	1773235	7386	1
P045	37	Picture	rec037	1816011	0	1	40163	1	0	40000	other	0
P045	37	Response	L	1829950	13939	1
P045	38	Picture	rec038	1866173	0	1	40163	1	0	40000	other	0
P045	38	Response	A	1880833	14660	1
P045	39	Picture	rec039	1916336	0	1	40163	1	0	40000	other	0
P045	39	Response	A	1936284	19949	1
P045	40	Picture	rec040	1966498	0	1	40163	1	0	40000	other	0
P045	40	Response	A	1976174	9676	1
P045	41	Picture	rec041	2016660	0	1	40163	1	0	40000	other	0
P045	41	Response	A	2027674	11014	1
P045	42	Picture	rec042	2066823	0	1	40163	1	0	40000	other	0
P045	42	Response	A	2074704	7881	1
P045	43	Picture	rec043	2116985	0	1	40163	1	0	40000	other	0
P045	43	Response	L	2142344	25359	1
P045	44	Picture	rec044	2167147	0	1	40163	1	0	40000	other	0
P045	44	Response	A	2178234	11087	1
P045	45	Picture	rec045	2217310	0	1	40163	1	0	40000	other	0
P045	45	Response	A	2234844	17535	1
P045	46	Picture	rec046	2267472	0	1	40163	1	0	40000	other	0
P045	46	Response	A	2278894	11422	1
P045	47	Picture	rec047	2317634	0	1	40163	1	0	40000	other	0
P045	47	Response	A	2347484	29849	1
P045	48	Picture	rec048	2367797	0	1	40163	1	0	40000	other	0
P045	48	Response	A	2378101	10304	1
P045	49	Picture	rec049	2417959	0	1	40163	1	0	40000	other	0
P045	49	Response	A	2430134	12175	1
P045	50	Picture	rec050	2468121	0	1	40163	1	0	40000	other	0
P045	50	Response	A	2481184	13062	1
P045	51	Picture	rec052	2518284	0	1	40163	1	0	40000	other	0
P045	51	Response	L	2533281	14997	1
P045	52	Picture	rec053	2568446	0	1	40163	1	0	40000	other	0
P045	52	Response	A	2582425	13978	1
P045	53	Picture	rec054	2618609	0	1	40163	1	0	40000	other	0
P045	53	Response	L	2648302	29694	1
P045	54	Picture	rec055	2668771	0	1	40163	1	0	40000	other	0
P045	54	Response	A	2699563	30792	1
P045	55	Picture	rec057	2718933	0	1	40163	1	0	40000	other	0
P045	55	Response	L	2731804	12871	1
P045	56	Picture	rec058	2769096	0	1	40163	1	0	40000	other	0
P045	56	Response	L	2784294	15198	1
P045	57	Picture	rec059	2819258	0	1	40163	1	0	40000	other	0
P045	57	Response	L	2829994	10736	1
P045	58	Picture	rec060	2869420	0	1	40163	1	0	40000	other	0
P045	58	Response	L	2881419	11999	1
P045	59	Picture	rec061	2919583	0	1	40163	1	0	40000	other	0
P045	59	Response	L	2931634	12051	1
P045	60	Picture	rec062	2969745	0	1	40163	1	0	40000	other	0
P045	60	Response	A	2981054	11309	1
P045	61	Picture	rec063	3019907	0	1	40163	1	0	40000	other	0
P045	61	Response	L	3036224	16317	1
P045	62	Picture	rec064	3070070	0	1	40163	1	0	40000	other	0
P045	62	Response	A	3087842	17773	1
P045	63	Picture	rec065	3120232	0	1	40163	1	0	40000	other	0
P045	63	Response	L	3134003	13771	1
P045	64	Picture	rec066	3170394	0	1	40163	1	0	40000	other	0
P045	64	Response	A	3181414	11020	1
P045	65	Picture	rec068	3220557	0	1	40163	1	0	40000	other	0
P045	65	Response	A	3231724	11167	1
P045	66	Picture	rec069	3270719	0	1	40163	1	0	40000	other	0
P045	66	Response	L	3283013	12294	1
P045	67	Picture	rec070	3320881	0	1	40163	1	0	40000	other	0
P045	67	Response	A	3332314	11433	1
P045	68	Picture	rec073	3371044	0	1	40163	1	0	40000	other	0
P045	68	Response	L	3386654	15610	1
P045	69	Picture	rec074	3421206	0	1	40163	1	0	40000	other	0
P045	69	Response	A	3434533	13327	1
P045	70	Picture	rec075	3471368	0	1	40163	1	0	40000	other	0
P045	70	Response	A	3494314	22945	1
P045	71	Picture	rec076	3521531	0	1	40163	1	0	40000	other	0
P045	71	Response	A	3536314	14783	1
P045	72	Picture	rec077	3571693	0	1	40163	1	0	40000	other	0
P045	72	Response	L	3583923	12230	1
P045	73	Picture	rec078	3621856	0	1	40163	1	0	40000	other	0
P045	73	Response	A	3638693	16838	1
P045	74	Picture	rec079	3672018	0	1	40163	1	0	40000	other	0
P045	74	Response	L	3688063	16045	1
P045	75	Picture	rec081	3722180	0	1	40163	1	0	40000	other	0
P045	75	Response	L	3730503	8322	1
P045	76	Picture	rec082	3772343	0	1	40163	1	0	40000	other	0
P045	76	Response	A	3784593	12251	1
P045	77	Picture	rec083	3822505	0	1	40163	1	0	40000	other	0
P045	77	Response	L	3835314	12809	1
P045	78	Picture	rec085	3872667	0	1	40163	1	0	40000	other	0
P045	78	Response	L	3886583	13916	1
P045	79	Picture	rec086	3922830	0	1	40163	1	0	40000	other	0
P045	79	Response	A	3937114	14284	1
P045	80	Picture	rec087	3972992	0	1	40163	1	0	40000	other	0
P045	80	Response	L	3987744	14752	1
P045	81	Picture	rec088	4023154	0	1	40163	1	0	40000	other	0
P045	81	Response	L	4039663	16509	1
P045	82	Picture	rec090	4073317	0	1	40163	1	0	40000	other	0
P045	82	Response	L	4089874	16557	1
P045	83	Picture	rec091	4123479	0	1	40163	1	0	40000	other	0
P045	83	Response	A	4141254	17775	1
