Scenario - comrecognition long version
Logfile written - 10/30/2023 14:53:00

Subject	Trial	Event Type	Code	Time	TTime	Uncertainty	Duration	Uncertainty	ReqTime	ReqDur	Stim Type	Pair Index

P047	1	Picture	rec001	10166	0	1	40163	1	0	40000	other	0
P047	1	Response	A	28136	17969	1
P047	2	Picture	rec002	60329	0	1	40163	1	0	40000	other	0
P047	2	Response	A	70856	10527	1
P047	3	Picture	rec003	110491	0	1	40163	1	0	40000	other	0
P047	3	Response	L	123495	13004	1
P047	4	Picture	rec004	160653	0	1	40163	1	0	40000	other	0
P047	4	Response	A	170045	9391	1
P047	5	Picture	rec005	210816	0	1	40163	1	0	40000	other	0
P047	5	Response	A	218684	7868	1
P047	6	Picture	rec006	260978	0	1	40163	1	0	40000	other	0
P047	6	Response	A	271114	10136	1
P047	7	Picture	rec007	311141	0	1	40163	1	0	40000	other	0
P047	7	Response	A	320556	9415	1
P047	8	Picture	rec008	361303	0	1	40163	1	0	40000	other	0
P047	8	Response	A	375765	14462	1
P047	9	Picture	rec009	411465	0	1	40163	1	0	40000	other	0
P047	9	Response	L	421586	10120	1
P047	10	Picture	rec010	461628	0	1	40163	1	0	40000	other	0
P047	10	Response	A	468665	7038	1
P047	11	Picture	rec011	511790	0	1	40163	1	0	40000	other	0
P047	11	Response	L	522546	10756	1
P047	12	Picture	rec012	561952	0	1	40163	1	0	40000	other	0
P047	12	Response	L	577376	15424	1
P047	13	Picture	rec013	612115	0	1	40163	1	0	40000	other	0
P047	13	Response	A	621135	9020	1
P047	14	Picture	rec014	662277	0	1	40163	1	0	40000	other	0
P047	14	Response	L	673264	10987	1
P047	15	Picture	rec015	712439	0	1	40163	1	0	40000	other	0
P047	15	Response	L	719996	7556	1
P047	16	Picture	rec016	762602	0	1	40163	1	0	40000	other	0
P047	16	Response	A	771365	8764	1
P047	17	Picture	rec017	812764	0	1	40163	1	0	40000	other	0
P047	17	Response	A	819406	6642	1
P047	18	Picture	rec018	862926	0	1	40163	1	0	40000	other	0
P047	18	Response	A	874146	11220	1
P047	19	Picture	rec019	913089	0	1	40163	1	0	40000	other	0
P047	19	Response	A	920805	7716	1
P047	20	Picture	rec020	963251	0	1	40163	1	0	40000	other	0
P047	20	Response	A	972444	9193	1
P047	21	Picture	rec021	1013413	0	1	40163	1	0	40000	other	0
P047	21	Response	L	1025375	11962	1
P047	22	Picture	rec022	1063576	0	1	40163	1	0	40000	other	0
P047	22	Response	A	1075085	11509	1
P047	23	Picture	rec023	1113738	0	1	40163	1	0	40000	other	0
P047	23	Response	L	1123065	9327	1
P047	24	Picture	rec024	1163900	0	1	40163	1	0	40000	other	0
P047	24	Response	A	1175725	11825	1
P047	25	Picture	rec025	1214063	0	1	40163	1	0	40000	other	0
P047	25	Response	L	1222075	8012	1
P047	26	Picture	rec026	1264225	0	1	40163	1	0	40000	other	0
P047	26	Response	L	1282545	18320	1
P047	27	Picture	rec027	1314387	0	1	40163	1	0	40000	other	0
P047	27	Response	L	1323076	8688	1
P047	28	Picture	rec028	1364550	0	1	40163	1	0	40000	other	0
P047	28	Response	L	1372944	8395	1
P047	29	Picture	rec029	1414712	0	1	40163	1	0	40000	other	0
P047	29	Response	A	1425225	10513	1
P047	30	Picture	rec030	1464875	0	1	40163	1	0	40000	other	0
P047	30	Response	L	1473175	8301	1
P047	31	Picture	rec031	1515037	0	1	40163	1	0	40000	other	0
P047	31	Response	A	1542725	27688	1
P047	32	Picture	rec032	1565199	0	1	40163	1	0	40000	other	0
P047	32	Response	A	1579894	14695	1
P047	33	Picture	rec033	1615362	0	1	40163	1	0	40000	other	0
P047	33	Response	A	1624154	8793	1
P047	34	Picture	rec034	1665524	0	1	40163	1	0	40000	other	0
P047	34	Response	A	1676015	10491	1
P047	35	Picture	rec035	1715686	0	1	40163	1	0	40000	other	0
P047	35	Response	L	1729904	14218	1
P047	36	Picture	rec036	1765849	0	1	40163	1	0	40000	other	0
P047	36	Response	A	1772235	6387	1
P047	37	Picture	rec037	1816011	0	1	40163	1	0	40000	other	0
P047	37	Response	L	1824315	8304	1
P047	38	Picture	rec038	1866173	0	1	40163	1	0	40000	other	0
P047	38	Response	L	1880294	14120	1
P047	39	Picture	rec039	1916336	0	1	40163	1	0	40000	other	0
P047	39	Response	L	1929455	13119	1
P047	40	Picture	rec040	1966498	0	1	40163	1	0	40000	other	0
P047	40	Response	L	1977286	10788	1
P047	41	Picture	rec041	2016660	0	1	40163	1	0	40000	other	0
P047	41	Response	L	2025706	9045	1
P047	42	Picture	rec042	2066823	0	1	40163	1	0	40000	other	0
P047	42	Response	L	2080084	13262	1
P047	43	Picture	rec043	2116985	0	1	40163	1	0	40000	other	0
P047	43	Response	A	2129034	12049	1
P047	44	Picture	rec044	2167147	0	1	40163	1	0	40000	other	0
P047	44	Response	A	2177366	10218	1
P047	45	Picture	rec045	2217310	0	1	40163	1	0	40000	other	0
P047	45	Response	L	2227914	10604	1
P047	46	Picture	rec046	2267472	0	1	40163	1	0	40000	other	0
P047	46	Response	A	2275565	8093	1
P047	47	Picture	rec047	2317634	0	1	40163	1	0	40000	other	0
P047	47	Response	A	2329405	11770	1
P047	48	Picture	rec048	2367797	0	1	40163	1	0	40000	other	0
P047	48	Response	A	2375845	8048	1
P047	49	Picture	rec049	2417959	0	1	40163	1	0	40000	other	0
P047	49	Response	A	2427514	9554	1
P047	50	Picture	rec050	2468122	0	1	40163	1	0	40000	other	0
P047	50	Response	A	2477015	8893	1
P047	51	Picture	rec052	2518284	0	1	40163	1	0	40000	other	0
P047	51	Response	L	2527285	9001	1
P047	52	Picture	rec053	2568446	0	1	40163	1	0	40000	other	0
P047	52	Response	L	2581483	13037	1
P047	53	Picture	rec054	2618609	0	1	40163	1	0	40000	other	0
P047	53	Response	L	2631094	12485	1
P047	54	Picture	rec055	2668771	0	1	40163	1	0	40000	other	0
P047	54	Response	L	2685685	16914	1
P047	55	Picture	rec057	2718933	0	1	40163	1	0	40000	other	0
P047	55	Response	L	2738355	19422	1
P047	56	Picture	rec058	2769096	0	1	40163	1	0	40000	other	0
P047	56	Response	A	2777865	8769	1
P047	57	Picture	rec059	2819258	0	1	40163	1	0	40000	other	0
P047	57	Response	L	2830884	11626	1
P047	58	Picture	rec060	2869420	0	1	40163	1	0	40000	other	0
P047	58	Response	L	2878615	9195	1
P047	59	Picture	rec061	2919583	0	1	40163	1	0	40000	other	0
P047	59	Response	L	2934694	15111	1
P047	60	Picture	rec062	2969745	0	1	40163	1	0	40000	other	0
P047	60	Response	A	2978094	8349	1
P047	61	Picture	rec063	3019907	0	1	40163	1	0	40000	other	0
P047	61	Response	L	3029104	9197	1
P047	62	Picture	rec064	3070070	0	1	40163	1	0	40000	other	0
P047	62	Response	L	3080023	9953	1
P047	63	Picture	rec065	3120232	0	1	40163	1	0	40000	other	0
P047	63	Response	L	3128722	8489	1
P047	64	Picture	rec066	3170394	0	1	40163	1	0	40000	other	0
P047	64	Response	A	3179825	9431	1
P047	65	Picture	rec068	3220557	0	1	40163	1	0	40000	other	0
P047	65	Response	A	3229654	9097	1
P047	66	Picture	rec069	3270719	0	1	40163	1	0	40000	other	0
P047	66	Response	L	3284163	13444	1
P047	67	Picture	rec070	3320881	0	1	40163	1	0	40000	other	0
P047	67	Response	L	3332974	12092	1
P047	68	Picture	rec073	3371044	0	1	40163	1	0	40000	other	0
P047	68	Response	L	3383236	12192	1
P047	69	Picture	rec074	3421206	0	1	40163	1	0	40000	other	0
P047	69	Response	L	3435854	14647	1
P047	70	Picture	rec075	3471369	0	1	40163	1	0	40000	other	0
P047	70	Response	A	3485315	13946	1
P047	71	Picture	rec076	3521531	0	1	40163	1	0	40000	other	0
P047	71	Response	A	3530644	9113	1
P047	72	Picture	rec077	3571693	0	1	40163	1	0	40000	other	0
P047	72	Response	L	3582414	10721	1
P047	73	Picture	rec078	3621856	0	1	40163	1	0	40000	other	0
P047	73	Response	A	3628924	7069	1
P047	74	Picture	rec079	3672018	0	1	40163	1	0	40000	other	0
P047	74	Response	L	3681393	9375	1
P047	75	Picture	rec081	3722180	0	1	40163	1	0	40000	other	0
P047	75	Response	L	3732514	10334	1
P047	76	Picture	rec082	3772343	0	1	40163	1	0	40000	other	0
P047	76	Response	A	3785084	12742	1
P047	77	Picture	rec083	3822505	0	1	40163	1	0	40000	other	0
P047	77	Response	L	3831464	8959	1
P047	78	Picture	rec085	3872667	0	1	40163	1	0	40000	other	0
P047	78	Response	L	3880866	8199	1
P047	79	Picture	rec086	3922830	0	1	40163	1	0	40000	other	0
P047	79	Response	A	3936344	13514	1
P047	80	Picture	rec087	3972992	0	1	40163	1	0	40000	other	0
P047	80	Response	L	3991179	18187	1
P047	81	Picture	rec088	4023154	0	1	40163	1	0	40000	other	0
P047	81	Response	L	4033614	10460	1
P047	82	Picture	rec090	4073317	0	1	40163	1	0	40000	other	0
P047	82	Response	L	4083722	10405	1
P047	83	Picture	rec091	4123479	0	1	40163	1	0	40000	other	0
P047	83	Response	A	4136554	13075	1
