Scenario - comrecognition long version
Logfile written - 11/10/2023 16:38:52

Subject	Trial	Event Type	Code	Time	TTime	Uncertainty	Duration	Uncertainty	ReqTime	ReqDur	Stim Type	Pair Index

P048	1	Picture	rec001	10166	0	1	40163	1	0	40000	other	0
P048	1	Response	A	25748	15582	1
P048	2	Picture	rec002	60329	0	1	40163	1	0	40000	other	0
P048	2	Response	A	69338	9010	1
P048	3	Picture	rec003	110491	0	1	40163	1	0	40000	other	0
P048	3	Response	L	125848	15357	1
P048	4	Picture	rec004	160653	0	1	40163	1	0	40000	other	0
P048	4	Response	A	167678	7025	1
P048	5	Picture	rec005	210816	0	1	40163	1	0	40000	other	0
P048	5	Response	A	221518	10703	1
P048	6	Picture	rec006	260978	0	1	40163	1	0	40000	other	0
P048	6	Response	A	271379	10400	1
P048	7	Picture	rec007	311140	0	1	40163	1	0	40000	other	0
P048	7	Response	L	333918	22777	1
P048	8	Picture	rec008	361303	0	1	40163	1	0	40000	other	0
P048	8	Response	L	387038	25735	1
P048	9	Picture	rec009	411465	0	1	40163	1	0	40000	other	0
P048	9	Response	L	419268	7803	1
P048	10	Picture	rec010	461627	0	1	40163	1	0	40000	other	0
P048	10	Response	A	467737	6110	1
P048	11	Picture	rec011	511790	0	1	40163	1	0	40000	other	0
P048	11	Response	L	521698	9908	1
P048	12	Picture	rec012	561952	0	1	40163	1	0	40000	other	0
P048	12	Response	L	570318	8366	1
P048	13	Picture	rec013	612115	0	1	40163	1	0	40000	other	0
P048	13	Response	A	625598	13484	1
P048	14	Picture	rec014	662277	0	1	40163	1	0	40000	other	0
P048	14	Response	L	678928	16651	1
P048	15	Picture	rec015	712439	0	1	40163	1	0	40000	other	0
P048	15	Response	L	722138	9699	1
P048	16	Picture	rec016	762602	0	1	40163	1	0	40000	other	0
P048	16	Response	A	772878	10276	1
P048	17	Picture	rec017	812764	0	1	40163	1	0	40000	other	0
P048	17	Response	A	819797	7033	1
P048	18	Picture	rec018	862926	0	1	40163	1	0	40000	other	0
P048	18	Response	A	887568	24642	1
P048	19	Picture	rec019	913089	0	1	40163	1	0	40000	other	0
P048	19	Response	L	927308	14219	1
P048	20	Picture	rec020	963251	0	1	40163	1	0	40000	other	0
P048	20	Response	L	972788	9537	1
P048	21	Picture	rec021	1013413	0	1	40163	1	0	40000	other	0
P048	21	Response	L	1030048	16635	1
P048	22	Picture	rec022	1063576	0	1	40163	1	0	40000	other	0
P048	22	Response	A	1079018	15442	1
P048	23	Picture	rec023	1113738	0	1	40163	1	0	40000	other	0
P048	23	Response	L	1124318	10580	1
P048	24	Picture	rec024	1163900	0	1	40163	1	0	40000	other	0
P048	24	Response	L	1184886	20986	1
P048	25	Picture	rec025	1214063	0	1	40163	1	0	40000	other	0
P048	25	Response	L	1221187	7124	1
P048	26	Picture	rec026	1264225	0	1	40163	1	0	40000	other	0
P048	26	Response	A	1274678	10453	1
P048	27	Picture	rec027	1314387	0	1	40163	1	0	40000	other	0
P048	27	Response	L	1324328	9941	1
P048	28	Picture	rec028	1364550	0	1	40163	1	0	40000	other	0
P048	28	Response	L	1374358	9808	1
P048	29	Picture	rec029	1414712	0	1	40163	1	0	40000	other	0
P048	29	Response	A	1431188	16476	1
P048	30	Picture	rec030	1464875	0	1	40163	1	0	40000	other	0
P048	30	Response	L	1480147	15273	1
P048	31	Picture	rec031	1515037	0	1	40163	1	0	40000	other	0
P048	31	Response	L	1538068	23031	1
P048	32	Picture	rec032	1565199	0	1	40163	1	0	40000	other	0
P048	32	Response	L	1574398	9199	1
P048	33	Picture	rec033	1615362	0	1	40163	1	0	40000	other	0
P048	33	Response	A	1629318	13956	1
P048	34	Picture	rec034	1665524	0	1	40163	1	0	40000	other	0
P048	34	Response	A	1676148	10624	1
P048	35	Picture	rec035	1715686	0	1	40163	1	0	40000	other	0
P048	35	Response	A	1727278	11592	1
P048	36	Picture	rec036	1765849	0	1	40163	1	0	40000	other	0
P048	36	Response	A	1772538	6689	1
P048	37	Picture	rec037	1816011	0	1	40163	1	0	40000	other	0
P048	37	Response	L	1826988	10977	1
P048	38	Picture	rec038	1866173	0	1	40163	1	0	40000	other	0
P048	38	Response	A	1878108	11935	1
P048	39	Picture	rec039	1916336	0	1	40163	1	0	40000	other	0
P048	39	Response	L	1929407	13071	1
P048	40	Picture	rec040	1966498	0	1	40163	1	0	40000	other	0
P048	40	Response	L	1977589	11091	1
P048	41	Picture	rec041	2016660	0	1	40163	1	0	40000	other	0
P048	41	Response	L	2032720	16059	1
P048	42	Picture	rec042	2066823	0	1	40163	1	0	40000	other	0
P048	42	Response	L	2076967	10145	1
P048	43	Picture	rec043	2116985	0	1	40163	1	0	40000	other	0
P048	43	Response	A	2130788	13803	1
P048	44	Picture	rec044	2167147	0	1	40163	1	0	40000	other	0
P048	44	Response	A	2177067	9919	1
P048	45	Picture	rec045	2217310	0	1	40163	1	0	40000	other	0
P048	45	Response	L	2237408	20098	1
P048	46	Picture	rec046	2267472	0	1	40163	1	0	40000	other	0
P048	46	Response	A	2278248	10776	1
P048	47	Picture	rec047	2317634	0	1	40163	1	0	40000	other	0
P048	47	Response	A	2334758	17124	1
P048	48	Picture	rec048	2367797	0	1	40163	1	0	40000	other	0
P048	48	Response	A	2377008	9211	1
P048	49	Picture	rec049	2417959	0	1	40163	1	0	40000	other	0
P048	49	Response	A	2426328	8369	1
P048	50	Picture	rec050	2468121	0	1	40163	1	0	40000	other	0
P048	50	Response	A	2475838	7716	1
P048	51	Picture	rec052	2518284	0	1	40163	1	0	40000	other	0
P048	51	Response	L	2530988	12704	1
P048	52	Picture	rec053	2568446	0	1	40163	1	0	40000	other	0
P048	52	Response	L	2582098	13652	1
P048	53	Picture	rec054	2618609	0	1	40163	1	0	40000	other	0
P048	53	Response	L	2629117	10508	1
P048	54	Picture	rec055	2668771	0	1	40163	1	0	40000	other	0
P048	54	Response	L	2682958	14187	1
P048	55	Picture	rec057	2718933	0	1	40163	1	0	40000	other	0
P048	55	Response	L	2731098	12164	1
P048	56	Picture	rec058	2769096	0	1	40163	1	0	40000	other	0
P048	56	Response	A	2778258	9162	1
P048	57	Picture	rec059	2819251	0	7	40170	7	0	40000	other	0
P048	57	Response	L	2830136	10885	1
P048	58	Picture	rec060	2869420	0	1	40163	1	0	40000	other	0
P048	58	Response	L	2882817	13396	1
P048	59	Picture	rec061	2919583	0	1	40163	1	0	40000	other	0
P048	59	Response	A	2931847	12265	1
P048	60	Picture	rec062	2969745	0	1	40163	1	0	40000	other	0
P048	60	Response	A	2979897	10152	1
P048	61	Picture	rec063	3019907	0	1	40163	1	0	40000	other	0
P048	61	Response	L	3027917	8010	1
P048	62	Picture	rec064	3070070	0	1	40163	1	0	40000	other	0
P048	62	Response	L	3078677	8608	1
P048	63	Picture	rec065	3120232	0	1	40163	1	0	40000	other	0
P048	63	Response	L	3140797	20565	1
P048	64	Picture	rec066	3170394	0	1	40163	1	0	40000	other	0
P048	64	Response	A	3178937	8543	1
P048	65	Picture	rec068	3220557	0	1	40163	1	0	40000	other	0
P048	65	Response	A	3227837	7280	1
P048	66	Picture	rec069	3270719	0	1	40163	1	0	40000	other	0
P048	66	Response	A	3289137	18418	1
P048	67	Picture	rec070	3320881	0	1	40163	1	0	40000	other	0
P048	67	Response	A	3331079	10198	1
P048	68	Picture	rec073	3371044	0	1	40163	1	0	40000	other	0
P048	68	Response	L	3380377	9333	1
P048	69	Picture	rec074	3421206	0	1	40163	1	0	40000	other	0
P048	69	Response	L	3433378	12171	1
P048	70	Picture	rec075	3471368	0	1	40163	1	0	40000	other	0
P048	70	Response	L	3481797	10429	1
P048	71	Picture	rec076	3521531	0	1	40163	1	0	40000	other	0
P048	71	Response	L	3534747	13216	1
P048	72	Picture	rec077	3571693	0	1	40163	1	0	40000	other	0
P048	72	Response	L	3579137	7444	1
P048	73	Picture	rec078	3621856	0	1	40163	1	0	40000	other	0
P048	73	Response	A	3629558	7702	1
P048	74	Picture	rec079	3672018	0	1	40163	1	0	40000	other	0
P048	74	Response	L	3680988	8970	1
P048	75	Picture	rec081	3722180	0	1	40163	1	0	40000	other	0
P048	75	Response	L	3731057	8877	1
P048	76	Picture	rec082	3772343	0	1	40163	1	0	40000	other	0
P048	76	Response	A	3785467	13125	1
P048	77	Picture	rec083	3822505	0	1	40163	1	0	40000	other	0
P048	77	Response	L	3833327	10822	1
P048	78	Picture	rec085	3872667	0	1	40163	1	0	40000	other	0
P048	78	Response	L	3884867	12200	1
P048	79	Picture	rec086	3922830	0	1	40163	1	0	40000	other	0
P048	79	Response	A	3935947	13118	1
P048	80	Picture	rec087	3972992	0	1	40163	1	0	40000	other	0
P048	80	Response	L	3981427	8435	1
P048	81	Picture	rec088	4023154	0	1	40163	1	0	40000	other	0
P048	81	Response	L	4034997	11843	1
P048	82	Picture	rec090	4073317	0	1	40163	1	0	40000	other	0
P048	82	Response	L	4084787	11470	1
P048	83	Picture	rec091	4123479	0	1	40163	1	0	40000	other	0
P048	83	Response	L	4132307	8828	1
