Scenario - comrecognition long version
Logfile written - 11/08/2023 14:45:00

Subject	Trial	Event Type	Code	Time	TTime	Uncertainty	Duration	Uncertainty	ReqTime	ReqDur	Stim Type	Pair Index

P049	1	Picture	rec001	10166	0	1	40163	1	0	40000	other	0
P049	1	Response	A	26201	16035	1
P049	2	Picture	rec002	60328	0	1	40163	1	0	40000	other	0
P049	2	Response	A	78811	18482	1
P049	3	Picture	rec003	110491	0	1	40163	1	0	40000	other	0
P049	3	Response	L	123259	12768	1
P049	4	Picture	rec004	160653	0	1	40163	1	0	40000	other	0
P049	4	Response	A	179261	18608	1
P049	5	Picture	rec005	210816	0	1	40163	1	0	40000	other	0
P049	5	Response	A	218660	7845	1
P049	6	Picture	rec006	260978	0	1	40163	1	0	40000	other	0
P049	6	Response	A	279279	18301	1
P049	7	Picture	rec007	311140	0	1	40163	1	0	40000	other	0
P049	7	Response	A	330021	18880	1
P049	8	Picture	rec008	361303	0	1	40163	1	0	40000	other	0
P049	8	Response	A	370052	8750	1
P049	9	Picture	rec009	411465	0	1	40163	1	0	40000	other	0
P049	9	Response	L	420531	9066	1
P049	10	Picture	rec010	461627	0	1	40163	1	0	40000	other	0
P049	10	Response	A	468469	6842	1
P049	11	Picture	rec011	511790	0	1	40163	1	0	40000	other	0
P049	11	Response	L	527791	16002	1
P049	12	Picture	rec012	561952	0	1	40163	1	0	40000	other	0
P049	12	Response	L	572591	10639	1
P049	13	Picture	rec013	612114	0	1	40163	1	0	40000	other	0
P049	13	Response	A	623651	11537	1
P049	14	Picture	rec014	662277	0	1	40163	1	0	40000	other	0
P049	14	Response	A	671890	9613	1
P049	15	Picture	rec015	712439	0	1	40163	1	0	40000	other	0
P049	15	Response	L	722610	10171	1
P049	16	Picture	rec016	762601	0	1	40163	1	0	40000	other	0
P049	16	Response	L	785628	23027	1
P049	17	Picture	rec017	812764	0	1	40163	1	0	40000	other	0
P049	17	Response	A	819698	6935	1
P049	18	Picture	rec018	862926	0	1	40163	1	0	40000	other	0
P049	18	Response	A	873789	10863	1
P049	19	Picture	rec019	913088	0	1	40163	1	0	40000	other	0
P049	19	Response	A	921090	8001	1
P049	20	Picture	rec020	963251	0	1	40163	1	0	40000	other	0
P049	20	Response	A	979380	16129	1
P049	21	Picture	rec021	1013413	0	1	40163	1	0	40000	other	0
P049	21	Response	A	1022080	8666	1
P049	22	Picture	rec022	1063575	0	1	40163	1	0	40000	other	0
P049	22	Response	L	1081300	17724	1
P049	23	Picture	rec023	1113738	0	1	40163	1	0	40000	other	0
P049	23	Response	L	1125828	12091	1
P049	24	Picture	rec024	1163900	0	1	40163	1	0	40000	other	0
P049	24	Response	A	1174881	10981	1
P049	25	Picture	rec025	1214063	0	1	40163	1	0	40000	other	0
P049	25	Response	L	1224068	10006	1
P049	26	Picture	rec026	1264225	0	1	40163	1	0	40000	other	0
P049	26	Response	A	1282960	18736	1
P049	27	Picture	rec027	1314387	0	1	40163	1	0	40000	other	0
P049	27	Response	L	1324208	9821	1
P049	28	Picture	rec028	1364550	0	1	40163	1	0	40000	other	0
P049	28	Response	L	1378900	14350	1
P049	29	Picture	rec029	1414712	0	1	40163	1	0	40000	other	0
P049	29	Response	A	1422388	7676	1
P049	30	Picture	rec030	1464874	0	1	40163	1	0	40000	other	0
P049	30	Response	L	1482558	17684	1
P049	31	Picture	rec031	1515037	0	1	40163	1	0	40000	other	0
P049	31	Response	A	1524788	9752	1
P049	32	Picture	rec032	1565199	0	1	40163	1	0	40000	other	0
P049	32	Response	A	1587810	22611	1
P049	33	Picture	rec033	1615361	0	1	40163	1	0	40000	other	0
P049	33	Response	A	1623601	8239	1
P049	34	Picture	rec034	1665524	0	1	40163	1	0	40000	other	0
P049	34	Response	A	1674058	8535	1
P049	35	Picture	rec035	1715686	0	1	40163	1	0	40000	other	0
P049	35	Response	A	1723738	8052	1
P049	36	Picture	rec036	1765848	0	1	40163	1	0	40000	other	0
P049	36	Response	A	1773108	7260	1
P049	37	Picture	rec037	1816011	0	1	40163	1	0	40000	other	0
P049	37	Response	L	1825708	9697	1
P049	38	Picture	rec038	1866173	0	1	40163	1	0	40000	other	0
P049	38	Response	A	1899509	33335	1
P049	39	Picture	rec039	1916335	0	1	40163	1	0	40000	other	0
P049	39	Response	L	1943298	26963	1
P049	40	Picture	rec040	1966498	0	1	40163	1	0	40000	other	0
P049	40	Response	L	1975010	8512	1
P049	41	Picture	rec041	2016660	0	1	40163	1	0	40000	other	0
P049	41	Response	L	2028038	11378	1
P049	42	Picture	rec042	2066822	0	1	40163	1	0	40000	other	0
P049	42	Response	A	2076598	9776	1
P049	43	Picture	rec043	2116985	0	1	40163	1	0	40000	other	0
P049	43	Response	L	2131951	14966	1
P049	44	Picture	rec044	2167147	0	1	40163	1	0	40000	other	0
P049	44	Response	A	2177941	10793	1
P049	45	Picture	rec045	2217310	0	1	40163	1	0	40000	other	0
P049	45	Response	L	2227448	10139	1
P049	46	Picture	rec046	2267472	0	1	40163	1	0	40000	other	0
P049	46	Response	A	2276598	9126	1
P049	47	Picture	rec047	2317634	0	1	40163	1	0	40000	other	0
P049	47	Response	A	2329668	12034	1
P049	48	Picture	rec048	2367797	0	1	40163	1	0	40000	other	0
P049	48	Response	A	2373798	6001	1
P049	49	Picture	rec049	2417959	0	1	40163	1	0	40000	other	0
P049	49	Response	A	2427669	9710	1
P049	50	Picture	rec050	2468121	0	1	40163	1	0	40000	other	0
P049	50	Response	L	2475838	7717	1
P049	51	Picture	rec052	2518284	0	1	40163	1	0	40000	other	0
P049	51	Response	L	2531698	13414	1
P049	52	Picture	rec053	2568446	0	1	40163	1	0	40000	other	0
P049	52	Response	A	2579470	11024	1
P049	53	Picture	rec054	2618608	0	1	40163	1	0	40000	other	0
P049	53	Response	A	2634081	15473	1
P049	54	Picture	rec055	2668771	0	1	40163	1	0	40000	other	0
P049	54	Response	A	2686468	17698	1
P049	55	Picture	rec057	2718933	0	1	40163	1	0	40000	other	0
P049	55	Response	A	2735898	16965	1
P049	56	Picture	rec058	2769095	0	1	40163	1	0	40000	other	0
P049	56	Response	A	2779030	9935	1
P049	57	Picture	rec059	2819258	0	1	40163	1	0	40000	other	0
P049	57	Response	L	2828811	9553	1
P049	58	Picture	rec060	2869420	0	1	40163	1	0	40000	other	0
P049	58	Response	L	2877990	8570	1
P049	59	Picture	rec061	2919582	0	1	40163	1	0	40000	other	0
P049	59	Response	A	2929410	9828	1
P049	60	Picture	rec062	2969745	0	1	40163	1	0	40000	other	0
P049	60	Response	A	2993318	23574	1
P049	61	Picture	rec063	3019907	0	1	40156	8	0	40000	other	0
P049	61	Response	L	3027879	7972	1
P049	62	Picture	rec064	3070069	0	1	40163	1	0	40000	other	0
P049	62	Response	L	3097158	27088	1
P049	63	Picture	rec065	3120232	0	1	40163	1	0	40000	other	0
P049	63	Response	L	3128529	8297	1
P049	64	Picture	rec066	3170394	0	1	40163	1	0	40000	other	0
P049	64	Response	A	3179419	9024	1
P049	65	Picture	rec068	3220557	0	1	40163	1	0	40000	other	0
P049	65	Response	L	3227038	6482	1
P049	66	Picture	rec069	3270719	0	1	40163	1	0	40000	other	0
P049	66	Response	L	3279868	9149	1
P049	67	Picture	rec070	3320881	0	1	40163	1	0	40000	other	0
P049	67	Response	L	3329598	8716	1
P049	67	Response	A	3334908	14027	1
P049	67	Response	A	3338098	17216	1
P049	68	Picture	rec073	3371044	0	1	40163	1	0	40000	other	0
P049	68	Response	L	3383759	12716	1
P049	69	Picture	rec074	3421206	0	1	40163	1	0	40000	other	0
P049	69	Response	L	3431068	9862	1
P049	70	Picture	rec075	3471368	0	1	40163	1	0	40000	other	0
P049	70	Response	L	3491788	20420	1
P049	71	Picture	rec076	3521531	0	1	40163	1	0	40000	other	0
P049	71	Response	A	3528968	7437	1
P049	72	Picture	rec077	3571693	0	1	40163	1	0	40000	other	0
P049	72	Response	A	3586988	15295	1
P049	73	Picture	rec078	3621855	0	1	40163	1	0	40000	other	0
P049	73	Response	A	3628248	6392	1
P049	74	Picture	rec079	3672018	0	1	40163	1	0	40000	other	0
P049	74	Response	L	3682259	10241	1
P049	75	Picture	rec081	3722180	0	1	40163	1	0	40000	other	0
P049	75	Response	L	3730558	8378	1
P049	76	Picture	rec082	3772342	0	1	40163	1	0	40000	other	0
P049	76	Response	A	3785528	13185	1
P049	77	Picture	rec083	3822505	0	1	40163	1	0	40000	other	0
P049	77	Response	L	3834628	12124	1
P049	78	Picture	rec085	3872667	0	1	40163	1	0	40000	other	0
P049	78	Response	A	3888928	16261	1
P049	79	Picture	rec086	3922829	0	1	40163	1	0	40000	other	0
P049	79	Response	A	3941168	18338	1
P049	80	Picture	rec087	3972992	0	1	40163	1	0	40000	other	0
P049	80	Response	L	3992529	19537	1
P049	81	Picture	rec088	4023154	0	1	40163	1	0	40000	other	0
P049	81	Response	A	4033437	10283	1
P049	81	Response	L	4044298	21144	1
P049	82	Picture	rec090	4073316	0	1	40163	1	0	40000	other	0
P049	82	Response	A	4091389	18073	1
P049	83	Picture	rec091	4123479	0	1	40163	1	0	40000	other	0
P049	83	Response	L	4145020	21541	1
