Scenario - comrecognition long version
Logfile written - 11/13/2023 15:31:57

Subject	Trial	Event Type	Code	Time	TTime	Uncertainty	Duration	Uncertainty	ReqTime	ReqDur	Stim Type	Pair Index

P050	1	Picture	rec001	10166	0	1	40163	1	0	40000	other	0
P050	1	Response	A	52123	41957	1
P050	2	Picture	rec002	60329	0	1	40163	1	0	40000	other	0
P050	2	Response	A	79513	19184	1
P050	3	Picture	rec003	110491	0	1	40163	1	0	40000	other	0
P050	4	Picture	rec004	160653	0	1	40163	1	0	40000	other	0
P050	4	Response	L	177832	17179	1
P050	5	Picture	rec005	210816	0	1	40163	1	0	40000	other	0
P050	5	Response	A	221373	10557	1
P050	6	Picture	rec006	260978	0	1	40163	1	0	40000	other	0
P050	6	Response	L	275793	14815	1
P050	7	Picture	rec007	311140	0	1	40163	1	0	40000	other	0
P050	7	Response	A	320423	9283	1
P050	8	Picture	rec008	361302	0	1	40163	1	0	40000	other	0
P050	8	Response	A	371543	10241	1
P050	9	Picture	rec009	411465	0	1	40163	1	0	40000	other	0
P050	9	Response	L	420622	9158	1
P050	10	Picture	rec010	461627	0	1	40163	1	0	40000	other	0
P050	10	Response	A	467723	6096	1
P050	11	Picture	rec011	511789	0	1	40163	1	0	40000	other	0
P050	11	Response	A	528152	16363	1
P050	12	Picture	rec012	561952	0	1	40163	1	0	40000	other	0
P050	12	Response	L	571032	9080	1
P050	13	Picture	rec013	612114	0	1	40163	1	0	40000	other	0
P050	13	Response	A	634632	22518	1
P050	14	Picture	rec014	662276	0	1	40163	1	0	40000	other	0
P050	14	Response	A	673632	11356	1
P050	15	Picture	rec015	712439	0	1	40163	1	0	40000	other	0
P050	15	Response	L	721692	9253	1
P050	16	Picture	rec016	762601	0	1	40163	1	0	40000	other	0
P050	16	Response	A	771602	9001	1
P050	17	Picture	rec017	812763	0	1	40163	1	0	40000	other	0
P050	17	Response	A	822042	9279	1
P050	18	Picture	rec018	862925	0	1	40163	1	0	40000	other	0
P050	18	Response	A	871102	8177	1
P050	19	Picture	rec019	913088	0	1	40163	1	0	40000	other	0
P050	19	Response	A	920392	7304	1
P050	20	Picture	rec020	963250	0	1	40163	1	0	40000	other	0
P050	20	Response	A	970442	7192	1
P050	21	Picture	rec021	1013412	0	1	40163	1	0	40000	other	0
P050	21	Response	L	1034691	21279	1
P050	22	Picture	rec022	1063575	0	1	40163	1	0	40000	other	0
P050	22	Response	A	1071172	7597	1
P050	23	Picture	rec023	1113737	0	1	40163	1	0	40000	other	0
P050	23	Response	L	1123822	10085	1
P050	24	Picture	rec024	1163899	0	1	40163	1	0	40000	other	0
P050	24	Response	L	1183351	19452	1
P050	25	Picture	rec025	1214061	0	1	40163	1	0	40000	other	0
P050	25	Response	L	1223501	9439	1
P050	26	Picture	rec026	1264224	0	1	40163	1	0	40000	other	0
P050	26	Response	L	1286041	21817	1
P050	27	Picture	rec027	1314386	0	1	40163	1	0	40000	other	0
P050	27	Response	A	1333511	19125	1
P050	28	Picture	rec028	1364548	0	1	40163	1	0	40000	other	0
P050	28	Response	L	1383481	18933	1
P050	29	Picture	rec029	1414711	0	1	40163	1	0	40000	other	0
P050	29	Response	A	1424151	9440	1
P050	30	Picture	rec030	1464873	0	1	40163	1	0	40000	other	0
P050	30	Response	L	1473981	9108	1
P050	31	Picture	rec031	1515035	0	1	40163	1	0	40000	other	0
P050	31	Response	L	1539671	24636	1
P050	32	Picture	rec032	1565198	0	1	40163	1	0	40000	other	0
P050	32	Response	A	1584481	19284	1
P050	33	Picture	rec033	1615360	0	1	40163	1	0	40000	other	0
P050	33	Response	L	1626391	11031	1
P050	34	Picture	rec034	1665522	0	1	40163	1	0	40000	other	0
P050	34	Response	A	1674231	8709	1
P050	35	Picture	rec035	1715684	0	1	40163	1	0	40000	other	0
P050	35	Response	A	1723941	8256	1
P050	36	Picture	rec036	1765847	0	1	40163	1	0	40000	other	0
P050	36	Response	A	1772561	6714	1
P050	37	Picture	rec037	1816009	0	1	40163	1	0	40000	other	0
P050	37	Response	L	1823950	7941	1
P050	38	Picture	rec038	1866171	0	1	40163	1	0	40000	other	0
P050	38	Response	A	1888690	22519	1
P050	39	Picture	rec039	1916334	0	1	40163	1	0	40000	other	0
P050	39	Response	L	1939501	23168	1
P050	40	Picture	rec040	1966496	0	1	40163	1	0	40000	other	0
P050	40	Response	L	1974381	7885	1
P050	41	Picture	rec041	2016658	0	1	40163	1	0	40000	other	0
P050	41	Response	L	2025411	8752	1
P050	42	Picture	rec042	2066821	0	1	40163	1	0	40000	other	0
P050	42	Response	L	2094290	27470	1
P050	43	Picture	rec043	2116983	0	1	40163	1	0	40000	other	0
P050	43	Response	L	2129510	12528	1
P050	44	Picture	rec044	2167145	0	1	40163	1	0	40000	other	0
P050	44	Response	L	2178910	11765	1
P050	45	Picture	rec045	2217307	0	1	40163	1	0	40000	other	0
P050	45	Response	L	2226450	9142	1
P050	46	Picture	rec046	2267470	0	1	40163	1	0	40000	other	0
P050	46	Response	L	2279020	11550	1
P050	47	Picture	rec047	2317632	0	1	40163	1	0	40000	other	0
P050	47	Response	A	2329140	11508	1
P050	48	Picture	rec048	2367794	0	1	40163	1	0	40000	other	0
P050	48	Response	A	2374829	7035	1
P050	49	Picture	rec049	2417957	0	1	40163	1	0	40000	other	0
P050	49	Response	A	2443899	25943	1
P050	50	Picture	rec050	2468119	0	1	40163	1	0	40000	other	0
P050	50	Response	L	2474830	6711	1
P050	50	Response	A	2503240	35121	1
P050	51	Picture	rec052	2518281	0	1	40163	1	0	40000	other	0
P050	51	Response	L	2528080	9798	1
P050	52	Picture	rec053	2568444	0	1	40163	1	0	40000	other	0
P050	52	Response	L	2585460	17016	1
P050	53	Picture	rec054	2618606	0	1	40163	1	0	40000	other	0
P050	53	Response	L	2635340	16734	1
P050	54	Picture	rec055	2668768	0	1	40163	1	0	40000	other	0
P050	54	Response	L	2677189	8421	1
P050	55	Picture	rec057	2718930	0	1	40163	1	0	40000	other	0
P050	55	Response	L	2726159	7229	1
P050	56	Picture	rec058	2769093	0	1	40163	1	0	40000	other	0
P050	56	Response	A	2777030	7937	1
P050	57	Picture	rec059	2819255	0	1	40163	1	0	40000	other	0
P050	57	Response	L	2826139	6884	1
P050	58	Picture	rec060	2869417	0	1	40163	1	0	40000	other	0
P050	58	Response	L	2883169	13752	1
P050	59	Picture	rec061	2919580	0	1	40163	1	0	40000	other	0
P050	59	Response	A	2927979	8399	1
P050	60	Picture	rec062	2969742	0	1	40163	1	0	40000	other	0
P050	60	Response	L	2984739	14997	1
P050	61	Picture	rec063	3019904	0	1	40163	1	0	40000	other	0
P050	61	Response	L	3028508	8604	1
P050	62	Picture	rec064	3070066	0	1	40163	1	0	40000	other	0
P050	62	Response	L	3086239	16172	1
P050	63	Picture	rec065	3120229	0	1	40163	1	0	40000	other	0
P050	63	Response	L	3130148	9920	1
P050	64	Picture	rec066	3170391	0	1	40163	1	0	40000	other	0
P050	64	Response	A	3178939	8548	1
P050	65	Picture	rec068	3220553	0	1	40163	1	0	40000	other	0
P050	65	Response	A	3231319	10765	1
P050	66	Picture	rec069	3270716	0	1	40163	1	0	40000	other	0
P050	66	Response	L	3285739	15023	1
P050	67	Picture	rec070	3320878	0	1	40163	1	0	40000	other	0
P050	67	Response	A	3333189	12311	1
P050	68	Picture	rec073	3371040	0	1	40163	1	0	40000	other	0
P050	68	Response	L	3380489	9448	1
P050	69	Picture	rec074	3421203	0	1	40163	1	0	40000	other	0
P050	69	Response	L	3442428	21226	1
P050	70	Picture	rec075	3471365	0	1	40163	1	0	40000	other	0
P050	70	Response	A	3488889	17524	1
P050	71	Picture	rec076	3521527	0	1	40163	1	0	40000	other	0
P050	71	Response	A	3541608	20081	1
P050	72	Picture	rec077	3571689	0	1	40163	1	0	40000	other	0
P050	72	Response	L	3580228	8538	1
P050	73	Picture	rec078	3621852	0	1	40163	1	0	40000	other	0
P050	73	Response	A	3629488	7636	1
P050	74	Picture	rec079	3672014	0	1	40163	1	0	40000	other	0
P050	74	Response	L	3678898	6884	1
P050	75	Picture	rec081	3722176	0	1	40163	1	0	40000	other	0
P050	75	Response	L	3731629	9452	1
P050	76	Picture	rec082	3772339	0	1	40163	1	0	40000	other	0
P050	76	Response	A	3794628	22289	1
P050	77	Picture	rec083	3822501	0	1	40163	1	0	40000	other	0
P050	77	Response	L	3833298	10797	1
P050	78	Picture	rec085	3872663	0	1	40163	1	0	40000	other	0
P050	78	Response	L	3879358	6695	1
P050	79	Picture	rec086	3922826	0	1	40163	1	0	40000	other	0
P050	79	Response	L	3963098	40272	1
P050	80	Picture	rec087	3972988	0	1	40163	1	0	40000	other	0
P050	80	Response	L	3995717	22729	1
P050	81	Picture	rec088	4023150	0	1	40163	1	0	40000	other	0
P050	81	Response	L	4030148	6998	1
P050	82	Picture	rec090	4073312	0	1	40163	1	0	40000	other	0
P050	82	Response	L	4089337	16025	1
P050	83	Picture	rec091	4123475	0	1	40163	1	0	40000	other	0
P050	83	Response	A	4150257	26782	1
