Scenario - comrecognition long version
Logfile written - 11/17/2023 14:58:03

Subject	Trial	Event Type	Code	Time	TTime	Uncertainty	Duration	Uncertainty	ReqTime	ReqDur	Stim Type	Pair Index

P052	1	Picture	rec001	10166	0	1	40163	1	0	40000	other	0
P052	1	Response	L	35862	25696	1
P052	2	Picture	rec002	60328	0	1	40163	1	0	40000	other	0
P052	2	Response	L	71670	11342	1
P052	3	Picture	rec003	110491	0	1	40163	1	0	40000	other	0
P052	3	Response	L	121031	10541	1
P052	4	Picture	rec004	160653	0	1	40163	1	0	40000	other	0
P052	4	Response	A	171422	10768	1
P052	5	Picture	rec005	210815	0	1	40163	1	0	40000	other	0
P052	5	Response	A	221591	10776	1
P052	6	Picture	rec006	260978	0	1	40163	1	0	40000	other	0
P052	6	Response	A	274332	13354	1
P052	7	Picture	rec007	311140	0	1	40163	1	0	40000	other	0
P052	7	Response	A	324171	13031	1
P052	8	Picture	rec008	361302	0	1	40163	1	0	40000	other	0
P052	8	Response	L	368872	7570	1
P052	9	Picture	rec009	411465	0	1	40163	1	0	40000	other	0
P052	9	Response	L	418661	7196	1
P052	10	Picture	rec010	461627	0	1	40163	1	0	40000	other	0
P052	10	Response	A	468141	6514	1
P052	11	Picture	rec011	511782	0	7	40170	7	0	40000	other	0
P052	11	Response	L	522090	10308	1
P052	12	Picture	rec012	561951	0	1	40163	1	0	40000	other	0
P052	12	Response	L	573121	11170	1
P052	13	Picture	rec013	612114	0	1	40163	1	0	40000	other	0
P052	13	Response	L	620260	8147	1
P052	14	Picture	rec014	662276	0	1	40163	1	0	40000	other	0
P052	14	Response	A	676451	14175	1
P052	15	Picture	rec015	712438	0	1	40163	1	0	40000	other	0
P052	15	Response	L	722361	9922	1
P052	16	Picture	rec016	762601	0	1	40163	1	0	40000	other	0
P052	16	Response	A	771960	9359	1
P052	17	Picture	rec017	812763	0	1	40163	1	0	40000	other	0
P052	17	Response	A	820231	7468	1
P052	18	Picture	rec018	862925	0	1	40163	1	0	40000	other	0
P052	18	Response	A	875000	12075	1
P052	19	Picture	rec019	913088	0	1	40163	1	0	40000	other	0
P052	19	Response	A	922730	9643	1
P052	20	Picture	rec020	963250	0	1	40163	1	0	40000	other	0
P052	20	Response	A	974230	10980	1
P052	21	Picture	rec021	1013412	0	1	40163	1	0	40000	other	0
P052	21	Response	A	1025310	11898	1
P052	22	Picture	rec022	1063574	0	1	40163	1	0	40000	other	0
P052	22	Response	A	1072590	9016	1
P052	23	Picture	rec023	1113737	0	1	40163	1	0	40000	other	0
P052	23	Response	L	1124350	10613	1
P052	24	Picture	rec024	1163899	0	1	40163	1	0	40000	other	0
P052	24	Response	A	1173070	9171	1
P052	25	Picture	rec025	1214061	0	1	40163	1	0	40000	other	0
P052	25	Response	L	1229810	15749	1
P052	26	Picture	rec026	1264224	0	1	40163	1	0	40000	other	0
P052	26	Response	A	1278370	14147	1
P052	27	Picture	rec027	1314386	0	1	40163	1	0	40000	other	0
P052	27	Response	L	1322410	8024	1
P052	28	Picture	rec028	1364548	0	1	40163	1	0	40000	other	0
P052	28	Response	L	1375780	11232	1
P052	29	Picture	rec029	1414710	0	1	40163	1	0	40000	other	0
P052	29	Response	A	1427400	12690	1
P052	30	Picture	rec030	1464873	0	1	40163	1	0	40000	other	0
P052	30	Response	L	1484239	19367	1
P052	31	Picture	rec031	1515035	0	1	40163	1	0	40000	other	0
P052	31	Response	L	1529019	13984	1
P052	32	Picture	rec032	1565197	0	1	40163	1	0	40000	other	0
P052	32	Response	L	1573109	7912	1
P052	33	Picture	rec033	1615360	0	1	40163	1	0	40000	other	0
P052	33	Response	A	1628269	12910	1
P052	34	Picture	rec034	1665522	0	1	40163	1	0	40000	other	0
P052	34	Response	L	1671929	6407	1
P052	35	Picture	rec035	1715684	0	1	40163	1	0	40000	other	0
P052	35	Response	A	1727509	11825	1
P052	36	Picture	rec036	1765847	0	1	40163	1	0	40000	other	0
P052	36	Response	A	1773380	7534	1
P052	37	Picture	rec037	1816009	0	1	40163	1	0	40000	other	0
P052	37	Response	L	1824268	8259	1
P052	38	Picture	rec038	1866171	0	1	40163	1	0	40000	other	0
P052	38	Response	L	1874529	8358	1
P052	39	Picture	rec039	1916333	0	1	40163	1	0	40000	other	0
P052	39	Response	A	1927608	11275	1
P052	40	Picture	rec040	1966496	0	1	40163	1	0	40000	other	0
P052	40	Response	A	1979289	12793	1
P052	41	Picture	rec041	2016658	0	1	40163	1	0	40000	other	0
P052	41	Response	L	2026369	9711	1
P052	42	Picture	rec042	2066820	0	1	40163	1	0	40000	other	0
P052	42	Response	A	2079098	12278	1
P052	43	Picture	rec043	2116983	0	1	40163	1	0	40000	other	0
P052	43	Response	A	2133829	16846	1
P052	44	Picture	rec044	2167145	0	1	40163	1	0	40000	other	0
P052	44	Response	A	2175119	7974	1
P052	45	Picture	rec045	2217307	0	1	40163	1	0	40000	other	0
P052	45	Response	L	2226449	9142	1
P052	46	Picture	rec046	2267470	0	1	40163	1	0	40000	other	0
P052	46	Response	A	2274689	7220	1
P052	47	Picture	rec047	2317632	0	1	40163	1	0	40000	other	0
P052	47	Response	L	2331019	13387	1
P052	48	Picture	rec048	2367794	0	1	40163	1	0	40000	other	0
P052	48	Response	A	2374218	6424	1
P052	49	Picture	rec049	2417956	0	1	40163	1	0	40000	other	0
P052	49	Response	A	2431659	13702	1
P052	50	Picture	rec050	2468119	0	1	40163	1	0	40000	other	0
P052	50	Response	A	2485898	17779	1
P052	51	Picture	rec052	2518281	0	1	40163	1	0	40000	other	0
P052	51	Response	L	2531828	13547	1
P052	52	Picture	rec053	2568443	0	1	40163	1	0	40000	other	0
P052	52	Response	L	2576878	8435	1
P052	53	Picture	rec054	2618606	0	1	40163	1	0	40000	other	0
P052	53	Response	A	2626948	8342	1
P052	54	Picture	rec055	2668768	0	1	40163	1	0	40000	other	0
P052	54	Response	L	2680347	11579	1
P052	55	Picture	rec057	2718930	0	1	40163	1	0	40000	other	0
P052	55	Response	A	2727818	8888	1
P052	56	Picture	rec058	2769092	0	1	40163	1	0	40000	other	0
P052	56	Response	A	2782348	13256	1
P052	57	Picture	rec059	2819255	0	1	40163	1	0	40000	other	0
P052	57	Response	L	2830377	11123	1
P052	58	Picture	rec060	2869417	0	1	40163	1	0	40000	other	0
P052	58	Response	L	2877428	8011	1
P052	59	Picture	rec061	2919579	0	1	40163	1	0	40000	other	0
P052	59	Response	A	2927108	7528	1
P052	60	Picture	rec062	2969742	0	1	40163	1	0	40000	other	0
P052	60	Response	A	2976247	6506	1
P052	61	Picture	rec063	3019904	0	1	40163	1	0	40000	other	0
P052	61	Response	L	3032227	12323	1
P052	62	Picture	rec064	3070066	0	1	40163	1	0	40000	other	0
P052	62	Response	A	3079418	9351	1
P052	63	Picture	rec065	3120229	0	1	40163	1	0	40000	other	0
P052	63	Response	L	3131437	11209	1
P052	64	Picture	rec066	3170391	0	1	40163	1	0	40000	other	0
P052	64	Response	A	3180067	9676	1
P052	65	Picture	rec068	3220553	0	1	40163	1	0	40000	other	0
P052	65	Response	A	3232587	12034	1
P052	66	Picture	rec069	3270715	0	1	40163	1	0	40000	other	0
P052	66	Response	L	3280737	10022	1
P052	67	Picture	rec070	3320878	0	1	40163	1	0	40000	other	0
P052	67	Response	L	3329327	8449	1
P052	68	Picture	rec073	3371040	0	1	40163	1	0	40000	other	0
P052	68	Response	L	3377617	6577	1
P052	69	Picture	rec074	3421202	0	1	40163	1	0	40000	other	0
P052	69	Response	A	3428777	7575	1
P052	70	Picture	rec075	3471365	0	1	40163	1	0	40000	other	0
P052	70	Response	L	3478277	6912	1
P052	71	Picture	rec076	3521527	0	1	40163	1	0	40000	other	0
P052	71	Response	L	3548347	26820	1
P052	72	Picture	rec077	3571689	0	1	40163	1	0	40000	other	0
P052	72	Response	A	3581527	9837	1
P052	73	Picture	rec078	3621852	0	1	40163	1	0	40000	other	0
P052	73	Response	A	3629077	7225	1
P052	74	Picture	rec079	3672014	0	1	40163	1	0	40000	other	0
P052	74	Response	L	3680857	8843	1
P052	75	Picture	rec081	3722176	0	1	40163	1	0	40000	other	0
P052	75	Response	L	3731426	9250	1
P052	76	Picture	rec082	3772338	0	1	40163	1	0	40000	other	0
P052	76	Response	A	3782067	9729	1
P052	77	Picture	rec083	3822501	0	1	40163	1	0	40000	other	0
P052	77	Response	A	3829046	6546	1
P052	78	Picture	rec085	3872663	0	1	40163	1	0	40000	other	0
P052	78	Response	L	3880317	7654	1
P052	79	Picture	rec086	3922825	0	1	40163	1	0	40000	other	0
P052	79	Response	A	3945656	22831	1
P052	80	Picture	rec087	3972988	0	1	40163	1	0	40000	other	0
P052	80	Response	L	3980196	7209	1
P052	81	Picture	rec088	4023150	0	1	40163	1	0	40000	other	0
P052	81	Response	L	4034916	11766	1
P052	82	Picture	rec090	4073312	0	1	40163	1	0	40000	other	0
P052	82	Response	L	4084786	11474	1
P052	83	Picture	rec091	4123475	0	1	40163	1	0	40000	other	0
P052	83	Response	L	4130653	7179	1
