Scenario - comrecognition long version
Logfile written - 12/01/2023 14:46:35

Subject	Trial	Event Type	Code	Time	TTime	Uncertainty	Duration	Uncertainty	ReqTime	ReqDur	Stim Type	Pair Index

P054	1	Picture	rec001	10166	0	1	40163	1	0	40000	other	0
P054	1	Response	A	22716	12550	1
P054	2	Picture	rec002	60329	0	1	40163	1	0	40000	other	0
P054	2	Response	A	67456	7128	1
P054	3	Picture	rec003	110491	0	1	40163	1	0	40000	other	0
P054	3	Response	L	121188	10697	1
P054	4	Picture	rec004	160653	0	1	40163	1	0	40000	other	0
P054	4	Response	A	167266	6613	1
P054	5	Picture	rec005	210815	0	1	40163	1	0	40000	other	0
P054	5	Response	A	216686	5871	1
P054	6	Picture	rec006	260978	0	1	40163	1	0	40000	other	0
P054	6	Response	L	267586	6609	1
P054	7	Picture	rec007	311140	0	1	40163	1	0	40000	other	0
P054	7	Response	A	320286	9146	1
P054	8	Picture	rec008	361302	0	1	40163	1	0	40000	other	0
P054	8	Response	L	371456	10154	1
P054	9	Picture	rec009	411464	0	1	40163	1	0	40000	other	0
P054	9	Response	L	418796	7331	1
P054	10	Picture	rec010	461627	0	1	40163	1	0	40000	other	0
P054	10	Response	A	466716	5089	1
P054	11	Picture	rec011	511789	0	1	40163	1	0	40000	other	0
P054	11	Response	L	518036	6247	1
P054	12	Picture	rec012	561951	0	1	40163	1	0	40000	other	0
P054	12	Response	L	568435	6484	1
P054	13	Picture	rec013	612113	0	1	40163	1	0	40000	other	0
P054	13	Response	A	618356	6242	1
P054	14	Picture	rec014	662276	0	1	40163	1	0	40000	other	0
P054	14	Response	A	671825	9550	1
P054	15	Picture	rec015	712438	0	1	40163	1	0	40000	other	0
P054	15	Response	L	718945	6507	1
P054	16	Picture	rec016	762600	0	1	40163	1	0	40000	other	0
P054	16	Response	L	774215	11615	1
P054	17	Picture	rec017	812762	0	1	40163	1	0	40000	other	0
P054	17	Response	A	818415	5653	1
P054	18	Picture	rec018	862925	0	1	40163	1	0	40000	other	0
P054	18	Response	A	870185	7260	1
P054	19	Picture	rec019	913087	0	1	40163	1	0	40000	other	0
P054	19	Response	A	919555	6468	1
P054	20	Picture	rec020	963249	0	1	40163	1	0	40000	other	0
P054	20	Response	A	969865	6615	1
P054	21	Picture	rec021	1013411	0	1	40163	1	0	40000	other	0
P054	21	Response	L	1025884	12473	1
P054	22	Picture	rec022	1063574	0	1	40163	1	0	40000	other	0
P054	22	Response	L	1071564	7990	1
P054	23	Picture	rec023	1113736	0	1	40163	1	0	40000	other	0
P054	23	Response	L	1120154	6418	1
P054	24	Picture	rec024	1163898	0	1	40163	1	0	40000	other	0
P054	24	Response	A	1170714	6816	1
P054	25	Picture	rec025	1214060	0	1	40163	1	0	40000	other	0
P054	25	Response	L	1219604	5544	1
P054	26	Picture	rec026	1264223	0	1	40163	1	0	40000	other	0
P054	26	Response	A	1270733	6511	1
P054	27	Picture	rec027	1314385	0	1	40163	1	0	40000	other	0
P054	27	Response	L	1320234	5849	1
P054	28	Picture	rec028	1364547	0	1	40163	1	0	40000	other	0
P054	28	Response	L	1373153	8606	1
P054	29	Picture	rec029	1414709	0	1	40163	1	0	40000	other	0
P054	29	Response	A	1425303	10594	1
P054	30	Picture	rec030	1464872	0	1	40163	1	0	40000	other	0
P054	30	Response	L	1474453	9581	1
P054	31	Picture	rec031	1515034	0	1	40163	1	0	40000	other	0
P054	31	Response	A	1527903	12869	1
P054	32	Picture	rec032	1565196	0	1	40163	1	0	40000	other	0
P054	32	Response	L	1577843	12647	1
P054	33	Picture	rec033	1615358	0	1	40163	1	0	40000	other	0
P054	33	Response	A	1622033	6674	1
P054	34	Picture	rec034	1665521	0	1	40163	1	0	40000	other	0
P054	34	Response	A	1672883	7362	1
P054	35	Picture	rec035	1715683	0	1	40163	1	0	40000	other	0
P054	35	Response	L	1726164	10481	1
P054	36	Picture	rec036	1765845	0	1	40163	1	0	40000	other	0
P054	36	Response	A	1771484	5639	1
P054	37	Picture	rec037	1816007	0	1	40163	1	0	40000	other	0
P054	37	Response	L	1821813	5806	1
P054	38	Picture	rec038	1866170	0	1	40163	1	0	40000	other	0
P054	38	Response	A	1875132	8963	1
P054	39	Picture	rec039	1916332	0	1	40163	1	0	40000	other	0
P054	39	Response	L	1923582	7251	1
P054	40	Picture	rec040	1966494	0	1	40163	1	0	40000	other	0
P054	40	Response	L	1972862	6368	1
P054	41	Picture	rec041	2016656	0	1	40163	1	0	40000	other	0
P054	41	Response	L	2023672	7016	1
P054	42	Picture	rec042	2066819	0	1	40163	1	0	40000	other	0
P054	42	Response	L	2076872	10053	1
P054	43	Picture	rec043	2116981	0	1	40163	1	0	40000	other	0
P054	43	Response	L	2134681	17701	1
P054	44	Picture	rec044	2167143	0	1	40163	1	0	40000	other	0
P054	44	Response	A	2174541	7398	1
P054	45	Picture	rec045	2217305	0	1	40163	1	0	40000	other	0
P054	45	Response	L	2227582	10276	1
P054	46	Picture	rec046	2267468	0	1	40163	1	0	40000	other	0
P054	46	Response	A	2274031	6564	1
P054	47	Picture	rec047	2317630	0	1	40163	1	0	40000	other	0
P054	47	Response	L	2332971	15341	1
P054	48	Picture	rec048	2367792	0	1	40163	1	0	40000	other	0
P054	48	Response	A	2373071	5279	1
P054	49	Picture	rec049	2417954	0	1	40163	1	0	40000	other	0
P054	49	Response	L	2431041	13087	1
P054	50	Picture	rec050	2468116	0	1	40163	1	0	40000	other	0
P054	50	Response	A	2475141	7024	1
P054	51	Picture	rec052	2518279	0	1	40163	1	0	40000	other	0
P054	51	Response	L	2524861	6582	1
P054	52	Picture	rec053	2568441	0	1	40163	1	0	40000	other	0
P054	52	Response	A	2586701	18260	1
P054	53	Picture	rec054	2618603	0	1	40163	1	0	40000	other	0
P054	53	Response	A	2628221	9618	1
P054	54	Picture	rec055	2668765	0	1	40163	1	0	40000	other	0
P054	54	Response	A	2676171	7405	1
P054	55	Picture	rec057	2718928	0	1	40163	1	0	40000	other	0
P054	55	Response	A	2734451	15523	1
P054	56	Picture	rec058	2769090	0	1	40163	1	0	40000	other	0
P054	56	Response	A	2777202	8112	1
P054	57	Picture	rec059	2819252	0	1	40163	1	0	40000	other	0
P054	57	Response	L	2825260	6008	1
P054	58	Picture	rec060	2869414	0	1	40163	1	0	40000	other	0
P054	58	Response	L	2876501	7087	1
P054	59	Picture	rec061	2919577	0	1	40163	1	0	40000	other	0
P054	59	Response	A	2928331	8755	1
P054	60	Picture	rec062	2969739	0	1	40163	1	0	40000	other	0
P054	60	Response	A	2976709	6970	1
P054	61	Picture	rec063	3019901	0	1	40163	1	0	40000	other	0
P054	61	Response	L	3032299	12398	1
P054	62	Picture	rec064	3070063	0	1	40163	1	0	40000	other	0
P054	62	Response	L	3083669	13606	1
P054	63	Picture	rec065	3120226	0	1	40163	1	0	40000	other	0
P054	63	Response	L	3135809	15583	1
P054	64	Picture	rec066	3170388	0	1	40163	1	0	40000	other	0
P054	64	Response	A	3180419	10031	1
P054	65	Picture	rec068	3220550	0	1	40163	1	0	40000	other	0
P054	65	Response	A	3227959	7409	1
P054	66	Picture	rec069	3270712	0	1	40163	1	0	40000	other	0
P054	66	Response	L	3288099	17386	1
P054	67	Picture	rec070	3320875	0	1	40163	1	0	40000	other	0
P054	67	Response	A	3328309	7434	1
P054	68	Picture	rec073	3371037	0	1	40163	1	0	40000	other	0
P054	68	Response	A	3382748	11711	1
P054	69	Picture	rec074	3421199	0	1	40163	1	0	40000	other	0
P054	69	Response	L	3431488	10289	1
P054	70	Picture	rec075	3471361	0	1	40163	1	0	40000	other	0
P054	70	Response	L	3477628	6267	1
P054	71	Picture	rec076	3521524	0	1	40163	1	0	40000	other	0
P054	71	Response	L	3538749	17225	1
P054	72	Picture	rec077	3571686	0	1	40163	1	0	40000	other	0
P054	72	Response	A	3582448	10762	1
P054	73	Picture	rec078	3621848	0	1	40163	1	0	40000	other	0
P054	73	Response	A	3631108	9260	1
P054	74	Picture	rec079	3672010	0	1	40163	1	0	40000	other	0
P054	74	Response	L	3678428	6417	1
P054	75	Picture	rec081	3722173	0	1	40163	1	0	40000	other	0
P054	75	Response	L	3732818	10645	1
P054	76	Picture	rec082	3772335	0	1	40163	1	0	40000	other	0
P054	76	Response	A	3778168	5833	1
P054	77	Picture	rec083	3822497	0	1	40163	1	0	40000	other	0
P054	77	Response	L	3835147	12650	1
P054	77	Response	A	3846347	23850	1
P054	78	Picture	rec085	3872659	0	1	40163	1	0	40000	other	0
P054	78	Response	A	3880317	7658	1
P054	79	Picture	rec086	3922822	0	1	40163	1	0	40000	other	0
P054	79	Response	A	3931278	8456	1
P054	80	Picture	rec087	3972984	0	1	40163	1	0	40000	other	0
P054	80	Response	L	3983308	10324	1
P054	81	Picture	rec088	4023146	0	1	40163	1	0	40000	other	0
P054	81	Response	L	4032807	9661	1
P054	82	Picture	rec090	4073308	0	1	40163	1	0	40000	other	0
P054	82	Response	L	4086257	12949	1
P054	83	Picture	rec091	4123471	0	1	40163	1	0	40000	other	0
P054	83	Response	L	4130967	7496	1
