Scenario - comrecognition long version
Logfile written - 12/05/2023 16:51:06

Subject	Trial	Event Type	Code	Time	TTime	Uncertainty	Duration	Uncertainty	ReqTime	ReqDur	Stim Type	Pair Index

P055	1	Picture	rec001	10166	0	1	40163	1	0	40000	other	0
P055	1	Response	A	31968	21802	1
P055	2	Picture	rec002	60329	0	1	40163	1	0	40000	other	0
P055	2	Response	A	70278	9949	1
P055	3	Picture	rec003	110491	0	1	40163	1	0	40000	other	0
P055	3	Response	L	121758	11267	1
P055	4	Picture	rec004	160653	0	1	40163	1	0	40000	other	0
P055	4	Response	A	170648	9994	1
P055	5	Picture	rec005	210816	0	1	40163	1	0	40000	other	0
P055	5	Response	A	219957	9142	1
P055	6	Picture	rec006	260978	0	1	40163	1	0	40000	other	0
P055	6	Response	A	275548	14570	1
P055	7	Picture	rec007	311140	0	1	40163	1	0	40000	other	0
P055	7	Response	A	322338	11197	1
P055	8	Picture	rec008	361303	0	1	40163	1	0	40000	other	0
P055	8	Response	A	393168	31865	1
P055	9	Picture	rec009	411465	0	1	40163	1	0	40000	other	0
P055	9	Response	L	429268	17803	1
P055	10	Picture	rec010	461627	0	1	40163	1	0	40000	other	0
P055	10	Response	A	469548	7920	1
P055	11	Picture	rec011	511790	0	1	40163	1	0	40000	other	0
P055	11	Response	L	528217	16427	1
P055	12	Picture	rec012	561952	0	1	40163	1	0	40000	other	0
P055	12	Response	L	579287	17335	1
P055	13	Picture	rec013	612114	0	1	40163	1	0	40000	other	0
P055	13	Response	A	625148	13033	1
P055	14	Picture	rec014	662276	0	1	40163	1	0	40000	other	0
P055	14	Response	A	672897	10621	1
P055	15	Picture	rec015	712439	0	1	40163	1	0	40000	other	0
P055	15	Response	L	722416	9977	1
P055	16	Picture	rec016	762601	0	1	40163	1	0	40000	other	0
P055	16	Response	A	793037	30436	1
P055	17	Picture	rec017	812763	0	1	40163	1	0	40000	other	0
P055	17	Response	A	845807	33044	1
P055	18	Picture	rec018	862926	0	1	40163	1	0	40000	other	0
P055	18	Response	A	881257	18331	1
P055	19	Picture	rec019	913088	0	1	40163	1	0	40000	other	0
P055	19	Response	A	921397	8308	1
P055	20	Picture	rec020	963250	0	1	40163	1	0	40000	other	0
P055	20	Response	L	975817	12567	1
P055	21	Picture	rec021	1013413	0	1	40163	1	0	40000	other	0
P055	21	Response	A	1025067	11654	1
P055	22	Picture	rec022	1063575	0	1	40163	1	0	40000	other	0
P055	22	Response	A	1072307	8732	1
P055	23	Picture	rec023	1113737	0	1	40163	1	0	40000	other	0
P055	23	Response	L	1125117	11380	1
P055	24	Picture	rec024	1163900	0	1	40163	1	0	40000	other	0
P055	24	Response	A	1176277	12377	1
P055	25	Picture	rec025	1214062	0	1	40163	1	0	40000	other	0
P055	25	Response	L	1231627	17565	1
P055	26	Picture	rec026	1264224	0	1	40163	1	0	40000	other	0
P055	26	Response	L	1283646	19422	1
P055	27	Picture	rec027	1314387	0	1	40163	1	0	40000	other	0
P055	27	Response	L	1332846	18460	1
P055	28	Picture	rec028	1364549	0	1	40163	1	0	40000	other	0
P055	28	Response	L	1390637	26088	1
P055	29	Picture	rec029	1414711	0	1	40163	1	0	40000	other	0
P055	29	Response	A	1424696	9985	1
P055	30	Picture	rec030	1464874	0	1	40163	1	0	40000	other	0
P055	30	Response	L	1480217	15343	1
P055	31	Picture	rec031	1515036	0	1	40163	1	0	40000	other	0
P055	31	Response	A	1526047	11011	1
P055	32	Picture	rec032	1565198	0	1	40163	1	0	40000	other	0
P055	32	Response	L	1598927	33728	1
P055	33	Picture	rec033	1615361	0	1	40163	1	0	40000	other	0
P055	33	Response	A	1624736	9376	1
P055	34	Picture	rec034	1665523	0	1	40163	1	0	40000	other	0
P055	34	Response	L	1678036	12513	1
P055	35	Picture	rec035	1715685	0	1	40163	1	0	40000	other	0
P055	35	Response	A	1726656	10971	1
P055	36	Picture	rec036	1765848	0	1	40163	1	0	40000	other	0
P055	36	Response	A	1775866	10019	1
P055	37	Picture	rec037	1816010	0	1	40163	1	0	40000	other	0
P055	37	Response	L	1825946	9936	1
P055	38	Picture	rec038	1866172	0	1	40163	1	0	40000	other	0
P055	38	Response	L	1888346	22174	1
P055	39	Picture	rec039	1916334	0	1	40163	1	0	40000	other	0
P055	39	Response	L	1936477	20142	1
P055	40	Picture	rec040	1966497	0	1	40163	1	0	40000	other	0
P055	40	Response	L	1978685	12189	1
P055	41	Picture	rec041	2016659	0	1	40163	1	0	40000	other	0
P055	41	Response	L	2027386	10727	1
P055	42	Picture	rec042	2066821	0	1	40163	1	0	40000	other	0
P055	42	Response	A	2075276	8455	1
P055	43	Picture	rec043	2116984	0	1	40163	1	0	40000	other	0
P055	43	Response	A	2135526	18542	1
P055	44	Picture	rec044	2167146	0	1	40163	1	0	40000	other	0
P055	44	Response	A	2175806	8660	1
P055	45	Picture	rec045	2217308	0	1	40163	1	0	40000	other	0
P055	45	Response	L	2225406	8097	1
P055	46	Picture	rec046	2267471	0	1	40163	1	0	40000	other	0
P055	46	Response	A	2275156	7685	1
P055	47	Picture	rec047	2317633	0	1	40163	1	0	40000	other	0
P055	47	Response	L	2341526	23893	1
P055	48	Picture	rec048	2367795	0	1	40163	1	0	40000	other	0
P055	48	Response	A	2374005	6210	1
P055	49	Picture	rec049	2417958	0	1	40163	1	0	40000	other	0
P055	49	Response	A	2427916	9958	1
P055	50	Picture	rec050	2468120	0	1	40163	1	0	40000	other	0
P055	50	Response	A	2476745	8625	1
P055	51	Picture	rec052	2518282	0	1	40163	1	0	40000	other	0
P055	51	Response	L	2529826	11544	1
P055	52	Picture	rec053	2568445	0	1	40163	1	0	40000	other	0
P055	52	Response	A	2576636	8191	1
P055	53	Picture	rec054	2618607	0	1	40163	1	0	40000	other	0
P055	53	Response	A	2629905	11298	1
P055	54	Picture	rec055	2668769	0	1	40163	1	0	40000	other	0
P055	54	Response	A	2678435	9666	1
P055	55	Picture	rec057	2718932	0	1	40163	1	0	40000	other	0
P055	55	Response	A	2726235	7304	1
P055	56	Picture	rec058	2769094	0	1	40163	1	0	40000	other	0
P055	56	Response	A	2778605	9512	1
P055	57	Picture	rec059	2819256	0	1	40163	1	0	40000	other	0
P055	57	Response	L	2839695	20439	1
P055	58	Picture	rec060	2869419	0	1	40163	1	0	40000	other	0
P055	58	Response	L	2883280	13861	1
P055	59	Picture	rec061	2919581	0	1	40163	1	0	40000	other	0
P055	59	Response	A	2931865	12284	1
P055	60	Picture	rec062	2969743	0	1	40163	1	0	40000	other	0
P055	60	Response	A	2980435	10692	1
P055	61	Picture	rec063	3019905	0	1	40163	1	0	40000	other	0
P055	61	Response	L	3032365	12460	1
P055	62	Picture	rec064	3070068	0	1	40163	1	0	40000	other	0
P055	62	Response	L	3103695	33627	1
P055	63	Picture	rec065	3120230	0	1	40163	1	0	40000	other	0
P055	63	Response	L	3131085	10855	1
P055	64	Picture	rec066	3170392	0	1	40163	1	0	40000	other	0
P055	64	Response	A	3178407	8015	1
P055	65	Picture	rec068	3220555	0	1	40163	1	0	40000	other	0
P055	65	Response	A	3227575	7020	1
P055	66	Picture	rec069	3270717	0	1	40163	1	0	40000	other	0
P055	66	Response	L	3283455	12737	1
P055	67	Picture	rec070	3320879	0	1	40163	1	0	40000	other	0
P055	67	Response	A	3336375	15495	1
P055	68	Picture	rec073	3371042	0	1	40163	1	0	40000	other	0
P055	68	Response	L	3385085	14043	1
P055	69	Picture	rec074	3421204	0	1	40163	1	0	40000	other	0
P055	69	Response	L	3438725	17521	1
P055	70	Picture	rec075	3471366	0	1	40163	1	0	40000	other	0
P055	70	Response	L	3514245	42878	1
P055	71	Picture	rec076	3521529	0	1	40163	1	0	40000	other	0
P055	71	Response	A	3535064	13536	1
P055	72	Picture	rec077	3571691	0	1	40163	1	0	40000	other	0
P055	72	Response	A	3583164	11473	1
P055	73	Picture	rec078	3621853	0	1	40163	1	0	40000	other	0
P055	73	Response	A	3630344	8491	1
P055	74	Picture	rec079	3672016	0	1	40163	1	0	40000	other	0
P055	74	Response	L	3684345	12329	1
P055	75	Picture	rec081	3722178	0	1	40163	1	0	40000	other	0
P055	75	Response	L	3742384	20206	1
P055	76	Picture	rec082	3772340	0	1	40163	1	0	40000	other	0
P055	76	Response	A	3780774	8434	1
P055	77	Picture	rec083	3822503	0	1	40163	1	0	40000	other	0
P055	77	Response	A	3831904	9402	1
P055	78	Picture	rec085	3872665	0	1	40163	1	0	40000	other	0
P055	78	Response	A	3883184	10519	1
P055	79	Picture	rec086	3922827	0	1	40163	1	0	40000	other	0
P055	79	Response	A	3930994	8167	1
P055	80	Picture	rec087	3972990	0	1	40163	1	0	40000	other	0
P055	80	Response	L	3982584	9594	1
P055	81	Picture	rec088	4023152	0	1	40163	1	0	40000	other	0
P055	81	Response	L	4033874	10722	1
P055	82	Picture	rec090	4073314	0	1	40163	1	0	40000	other	0
P055	82	Response	A	4086934	13620	1
P055	83	Picture	rec091	4123476	0	1	40163	1	0	40000	other	0
P055	83	Response	A	4138454	14978	1
