Scenario - comrecognition long version
Logfile written - 01/12/2024 14:59:00

Subject	Trial	Event Type	Code	Time	TTime	Uncertainty	Duration	Uncertainty	ReqTime	ReqDur	Stim Type	Pair Index

P056	1	Picture	rec001	10166	0	1	40163	1	0	40000	other	0
P056	1	Response	L	28974	18807	1
P056	1	Response	A	52003	41837	1
P056	2	Picture	rec002	60329	0	1	40163	1	0	40000	other	0
P056	2	Response	A	74714	14385	1
P056	3	Picture	rec003	110491	0	1	40163	1	0	40000	other	0
P056	3	Response	L	123143	12652	1
P056	4	Picture	rec004	160653	0	1	40163	1	0	40000	other	0
P056	4	Response	A	175435	14781	1
P056	5	Picture	rec005	210816	0	1	40163	1	0	40000	other	0
P056	5	Response	A	225443	14628	1
P056	6	Picture	rec006	260978	0	1	40163	1	0	40000	other	0
P056	6	Response	L	280543	19565	1
P056	7	Picture	rec007	311140	0	1	40163	1	0	40000	other	0
P056	7	Response	L	321053	9913	1
P056	8	Picture	rec008	361303	0	1	40163	1	0	40000	other	0
P056	8	Response	L	373553	12250	1
P056	9	Picture	rec009	411465	0	1	40163	1	0	40000	other	0
P056	9	Response	L	425113	13648	1
P056	10	Picture	rec010	461627	0	1	40163	1	0	40000	other	0
P056	10	Response	A	472483	10856	1
P056	11	Picture	rec011	511790	0	1	40163	1	0	40000	other	0
P056	11	Response	A	529613	17823	1
P056	12	Picture	rec012	561952	0	1	40163	1	0	40000	other	0
P056	12	Response	L	577463	15511	1
P056	13	Picture	rec013	612114	0	1	40163	1	0	40000	other	0
P056	13	Response	A	625165	13050	1
P056	14	Picture	rec014	662277	0	1	40163	1	0	40000	other	0
P056	14	Response	A	684875	22598	1
P056	15	Picture	rec015	712439	0	1	40163	1	0	40000	other	0
P056	15	Response	L	725173	12735	1
P056	16	Picture	rec016	762601	0	1	40163	1	0	40000	other	0
P056	16	Response	A	776254	13653	1
P056	17	Picture	rec017	812763	0	1	40163	1	0	40000	other	0
P056	17	Response	A	826154	13391	1
P056	18	Picture	rec018	862926	0	1	40163	1	0	40000	other	0
P056	18	Response	L	875443	12517	1
P056	19	Picture	rec019	913088	0	1	40163	1	0	40000	other	0
P056	19	Response	A	927494	14406	1
P056	20	Picture	rec020	963250	0	1	40163	1	0	40000	other	0
P056	20	Response	L	988403	25153	1
P056	21	Picture	rec021	1013413	0	1	40163	1	0	40000	other	0
P056	21	Response	A	1038302	24890	1
P056	22	Picture	rec022	1063575	0	1	40163	1	0	40000	other	0
P056	22	Response	A	1077704	14129	1
P056	23	Picture	rec023	1113737	0	1	40163	1	0	40000	other	0
P056	23	Response	A	1127992	14255	1
P056	24	Picture	rec024	1163900	0	1	40163	1	0	40000	other	0
P056	24	Response	L	1178763	14864	1
P056	25	Picture	rec025	1214062	0	1	40163	1	0	40000	other	0
P056	25	Response	L	1224893	10831	1
P056	26	Picture	rec026	1264224	0	1	40163	1	0	40000	other	0
P056	26	Response	A	1287582	23358	1
P056	27	Picture	rec027	1314387	0	1	40163	1	0	40000	other	0
P056	27	Response	L	1334133	19747	1
P056	28	Picture	rec028	1364549	0	1	40163	1	0	40000	other	0
P056	28	Response	L	1379824	15275	1
P056	29	Picture	rec029	1414711	0	1	40163	1	0	40000	other	0
P056	29	Response	A	1428003	13292	1
P056	30	Picture	rec030	1464874	0	1	40163	1	0	40000	other	0
P056	30	Response	A	1481272	16398	1
P056	31	Picture	rec031	1515036	0	1	40163	1	0	40000	other	0
P056	31	Response	A	1531892	16856	1
P056	32	Picture	rec032	1565198	0	1	40163	1	0	40000	other	0
P056	32	Response	A	1576153	10954	1
P056	33	Picture	rec033	1615361	0	1	40163	1	0	40000	other	0
P056	33	Response	A	1631723	16363	1
P056	34	Picture	rec034	1665523	0	1	40163	1	0	40000	other	0
P056	34	Response	L	1690053	24530	1
P056	35	Picture	rec035	1715685	0	1	40163	1	0	40000	other	0
P056	35	Response	L	1731612	15927	1
P056	36	Picture	rec036	1765848	0	1	40163	1	0	40000	other	0
P056	36	Response	A	1777702	11855	1
P056	37	Picture	rec037	1816010	0	1	40163	1	0	40000	other	0
P056	37	Response	A	1838113	22103	1
P056	38	Picture	rec038	1866172	0	1	40163	1	0	40000	other	0
P056	38	Response	A	1897812	31640	1
P056	39	Picture	rec039	1916334	0	1	40163	1	0	40000	other	0
P056	39	Response	L	1936862	20527	1
P056	40	Picture	rec040	1966497	0	1	40163	1	0	40000	other	0
P056	40	Response	A	1994811	28315	1
P056	41	Picture	rec041	2016659	0	1	40163	1	0	40000	other	0
P056	41	Response	A	2030302	13643	1
P056	42	Picture	rec042	2066821	0	1	40163	1	0	40000	other	0
P056	42	Response	L	2094213	27391	1
P056	43	Picture	rec043	2116984	0	1	40163	1	0	40000	other	0
P056	43	Response	A	2128243	11259	1
P056	44	Picture	rec044	2167146	0	1	40163	1	0	40000	other	0
P056	44	Response	A	2179511	12365	1
P056	45	Picture	rec045	2217308	0	1	40163	1	0	40000	other	0
P056	45	Response	L	2236512	19204	1
P056	46	Picture	rec046	2267471	0	1	40163	1	0	40000	other	0
P056	46	Response	A	2280912	13441	1
P056	47	Picture	rec047	2317633	0	1	40163	1	0	40000	other	0
P056	47	Response	A	2336542	18909	1
P056	48	Picture	rec048	2367795	0	1	40163	1	0	40000	other	0
P056	48	Response	A	2393542	25747	1
P056	49	Picture	rec049	2417958	0	1	40163	1	0	40000	other	0
P056	49	Response	A	2427981	10024	1
P056	50	Picture	rec050	2468120	0	1	40163	1	0	40000	other	0
P056	50	Response	A	2481282	13162	1
P056	51	Picture	rec052	2518282	0	1	40163	1	0	40000	other	0
P056	51	Response	L	2538933	20650	1
P056	52	Picture	rec053	2568445	0	1	40163	1	0	40000	other	0
P056	52	Response	A	2580731	12287	1
P056	53	Picture	rec054	2618607	0	1	40163	1	0	40000	other	0
P056	53	Response	L	2638161	19554	1
P056	54	Picture	rec055	2668769	0	1	40163	1	0	40000	other	0
P056	54	Response	A	2684311	15542	1
P056	55	Picture	rec057	2718932	0	1	40163	1	0	40000	other	0
P056	55	Response	A	2741371	22439	1
P056	56	Picture	rec058	2769094	0	1	40163	1	0	40000	other	0
P056	56	Response	A	2785552	16458	1
P056	57	Picture	rec059	2819256	0	1	40163	1	0	40000	other	0
P056	57	Response	L	2855961	36705	1
P056	58	Picture	rec060	2869419	0	1	40163	1	0	40000	other	0
P056	58	Response	L	2890651	21232	1
P056	59	Picture	rec061	2919581	0	1	40163	1	0	40000	other	0
P056	59	Response	A	2933761	14180	1
P056	60	Picture	rec062	2969743	0	1	40163	1	0	40000	other	0
P056	60	Response	A	2989261	19518	1
P056	61	Picture	rec063	3019906	0	1	40163	1	0	40000	other	0
P056	61	Response	L	3060410	40505	1
P056	62	Picture	rec064	3070068	0	1	40163	1	0	40000	other	0
P056	62	Response	A	3095181	25114	1
P056	63	Picture	rec065	3120230	0	1	40163	1	0	40000	other	0
P056	63	Response	L	3132874	12644	1
P056	64	Picture	rec066	3170392	0	1	40163	1	0	40000	other	0
P056	64	Response	A	3183491	13098	1
P056	65	Picture	rec068	3220555	0	1	40163	1	0	40000	other	0
P056	65	Response	A	3239102	18548	1
P056	66	Picture	rec069	3270717	0	1	40163	1	0	40000	other	0
P056	66	Response	A	3298431	27714	1
P056	67	Picture	rec070	3320879	0	1	40163	1	0	40000	other	0
P056	67	Response	A	3351160	30281	1
P056	68	Picture	rec073	3371042	0	1	40163	1	0	40000	other	0
P056	68	Response	L	3389201	18159	1
P056	69	Picture	rec074	3421204	0	1	40163	1	0	40000	other	0
P056	69	Response	A	3431791	10586	1
P056	70	Picture	rec075	3471366	0	1	40163	1	0	40000	other	0
P056	70	Response	L	3494371	23005	1
P056	71	Picture	rec076	3521529	0	1	40163	1	0	40000	other	0
P056	71	Response	L	3540781	19253	1
P056	72	Picture	rec077	3571691	0	1	40163	1	0	40000	other	0
P056	72	Response	L	3588810	17119	1
P056	73	Picture	rec078	3621853	0	1	40163	1	0	40000	other	0
P056	73	Response	A	3639731	17877	1
P056	74	Picture	rec079	3672016	0	1	40163	1	0	40000	other	0
P056	74	Response	L	3694810	22794	1
P056	75	Picture	rec081	3722178	0	1	40163	1	0	40000	other	0
P056	75	Response	L	3732550	10372	1
P056	76	Picture	rec082	3772340	0	1	40163	1	0	40000	other	0
P056	76	Response	A	3786551	14210	1
P056	77	Picture	rec083	3822503	0	1	40163	1	0	40000	other	0
P056	77	Response	A	3850341	27838	1
P056	78	Picture	rec085	3872665	0	1	40163	1	0	40000	other	0
P056	78	Response	L	3884790	12125	1
P056	79	Picture	rec086	3922827	0	1	40163	1	0	40000	other	0
P056	79	Response	L	3935781	12953	1
P056	80	Picture	rec087	3972990	0	1	40163	1	0	40000	other	0
P056	80	Response	L	3982140	9151	1
P056	81	Picture	rec088	4023152	0	1	40163	1	0	40000	other	0
P056	81	Response	L	4041370	18218	1
P056	82	Picture	rec090	4073314	0	1	40163	1	0	40000	other	0
P056	82	Response	L	4086280	12966	1
P056	83	Picture	rec091	4123477	0	1	40163	1	0	40000	other	0
P056	83	Response	A	4146970	23494	1
