Scenario - comrecognition long version
Logfile written - 12/06/2023 15:06:04

Subject	Trial	Event Type	Code	Time	TTime	Uncertainty	Duration	Uncertainty	ReqTime	ReqDur	Stim Type	Pair Index

P057	1	Picture	rec001	10166	0	1	40163	1	0	40000	other	0
P057	1	Response	A	23588	13422	1
P057	2	Picture	rec002	60329	0	1	40163	1	0	40000	other	0
P057	2	Response	A	68488	8159	1
P057	3	Picture	rec003	110491	0	1	40163	1	0	40000	other	0
P057	3	Response	L	138628	28137	1
P057	4	Picture	rec004	160653	0	1	40163	1	0	40000	other	0
P057	4	Response	A	169667	9014	1
P057	5	Picture	rec005	210815	0	1	40163	1	0	40000	other	0
P057	5	Response	A	219538	8722	1
P057	6	Picture	rec006	260978	0	1	40163	1	0	40000	other	0
P057	6	Response	A	267755	6777	1
P057	7	Picture	rec007	311140	0	1	40163	1	0	40000	other	0
P057	7	Response	A	317787	6647	1
P057	8	Picture	rec008	361302	0	1	40163	1	0	40000	other	0
P057	8	Response	L	392387	31085	1
P057	9	Picture	rec009	411465	0	1	40163	1	0	40000	other	0
P057	9	Response	L	418698	7233	1
P057	10	Picture	rec010	461627	0	1	40163	1	0	40000	other	0
P057	10	Response	A	467018	5391	1
P057	11	Picture	rec011	511789	0	1	40163	1	0	40000	other	0
P057	11	Response	A	536937	25148	1
P057	12	Picture	rec012	561952	0	1	40163	1	0	40000	other	0
P057	12	Response	A	571577	9626	1
P057	13	Picture	rec013	612114	0	1	40163	1	0	40000	other	0
P057	13	Response	A	617317	5203	1
P057	14	Picture	rec014	662276	0	1	40163	1	0	40000	other	0
P057	14	Response	L	678457	16181	1
P057	15	Picture	rec015	712439	0	1	40163	1	0	40000	other	0
P057	15	Response	L	727434	14995	1
P057	16	Picture	rec016	762601	0	1	40163	1	0	40000	other	0
P057	16	Response	A	768507	5906	1
P057	17	Picture	rec017	812763	0	1	40163	1	0	40000	other	0
P057	17	Response	A	819927	7164	1
P057	18	Picture	rec018	862926	0	1	40163	1	0	40000	other	0
P057	18	Response	L	877267	14342	1
P057	19	Picture	rec019	913088	0	1	40163	1	0	40000	other	0
P057	19	Response	A	922197	9109	1
P057	20	Picture	rec020	963250	0	1	40163	1	0	40000	other	0
P057	20	Response	A	971456	8206	1
P057	21	Picture	rec021	1013413	0	1	40163	1	0	40000	other	0
P057	21	Response	A	1041837	28425	1
P057	22	Picture	rec022	1063575	0	1	40163	1	0	40000	other	0
P057	22	Response	L	1073537	9962	1
P057	23	Picture	rec023	1113737	0	1	40163	1	0	40000	other	0
P057	23	Response	L	1120807	7070	1
P057	24	Picture	rec024	1163900	0	1	40163	1	0	40000	other	0
P057	24	Response	L	1179586	15686	1
P057	25	Picture	rec025	1214062	0	1	40163	1	0	40000	other	0
P057	25	Response	L	1223637	9575	1
P057	26	Picture	rec026	1264224	0	1	40163	1	0	40000	other	0
P057	26	Response	A	1271167	6943	1
P057	27	Picture	rec027	1314386	0	1	40163	1	0	40000	other	0
P057	27	Response	A	1338766	24380	1
P057	28	Picture	rec028	1364549	0	1	40163	1	0	40000	other	0
P057	28	Response	L	1377516	12967	1
P057	29	Picture	rec029	1414711	0	1	40163	1	0	40000	other	0
P057	29	Response	A	1424836	10125	1
P057	30	Picture	rec030	1464873	0	1	40163	1	0	40000	other	0
P057	30	Response	L	1491427	26553	1
P057	31	Picture	rec031	1515036	0	1	40163	1	0	40000	other	0
P057	31	Response	A	1524116	9081	1
P057	32	Picture	rec032	1565198	0	1	40163	1	0	40000	other	0
P057	32	Response	L	1574416	9218	1
P057	33	Picture	rec033	1615360	0	1	40163	1	0	40000	other	0
P057	33	Response	A	1652306	36946	1
P057	34	Picture	rec034	1665523	0	1	40163	1	0	40000	other	0
P057	34	Response	L	1692486	26963	1
P057	35	Picture	rec035	1715685	0	1	40163	1	0	40000	other	0
P057	35	Response	L	1725606	9921	1
P057	36	Picture	rec036	1765847	0	1	40163	1	0	40000	other	0
P057	36	Response	A	1773796	7949	1
P057	37	Picture	rec037	1816010	0	1	40163	1	0	40000	other	0
P057	37	Response	L	1828026	12017	1
P057	38	Picture	rec038	1866172	0	1	40163	1	0	40000	other	0
P057	38	Response	A	1890566	24394	1
P057	39	Picture	rec039	1916334	0	1	40163	1	0	40000	other	0
P057	39	Response	A	1932576	16242	1
P057	40	Picture	rec040	1966497	0	1	40163	1	0	40000	other	0
P057	40	Response	L	1976805	10309	1
P057	41	Picture	rec041	2016659	0	1	40163	1	0	40000	other	0
P057	41	Response	L	2039986	23327	1
P057	42	Picture	rec042	2066821	0	1	40163	1	0	40000	other	0
P057	42	Response	L	2082186	15365	1
P057	43	Picture	rec043	2116984	0	1	40163	1	0	40000	other	0
P057	43	Response	L	2133776	16792	1
P057	44	Picture	rec044	2167146	0	1	40163	1	0	40000	other	0
P057	44	Response	L	2192786	25640	1
P057	45	Picture	rec045	2217308	0	1	40163	1	0	40000	other	0
P057	45	Response	L	2241046	23737	1
P057	46	Picture	rec046	2267471	0	1	40163	1	0	40000	other	0
P057	46	Response	A	2275256	7785	1
P057	47	Picture	rec047	2317633	0	1	40163	1	0	40000	other	0
P057	47	Response	L	2348265	30632	1
P057	48	Picture	rec048	2367795	0	1	40163	1	0	40000	other	0
P057	48	Response	A	2376556	8760	1
P057	49	Picture	rec049	2417957	0	1	40163	1	0	40000	other	0
P057	49	Response	A	2433615	15658	1
P057	50	Picture	rec050	2468120	0	1	40163	1	0	40000	other	0
P057	50	Response	A	2477115	8995	1
P057	51	Picture	rec052	2518282	0	1	40163	1	0	40000	other	0
P057	51	Response	L	2534996	16714	1
P057	52	Picture	rec053	2568444	0	1	40163	1	0	40000	other	0
P057	52	Response	L	2584906	16461	1
P057	53	Picture	rec054	2618607	0	1	40163	1	0	40000	other	0
P057	53	Response	L	2633695	15088	1
P057	54	Picture	rec055	2668769	0	1	40163	1	0	40000	other	0
P057	54	Response	A	2682346	13577	1
P057	55	Picture	rec057	2718931	0	1	40163	1	0	40000	other	0
P057	55	Response	A	2746305	27374	1
P057	56	Picture	rec058	2769094	0	1	40163	1	0	40000	other	0
P057	56	Response	A	2796205	27112	1
P057	57	Picture	rec059	2819256	0	1	40163	1	0	40000	other	0
P057	57	Response	L	2841465	22209	1
P057	58	Picture	rec060	2869418	0	1	40163	1	0	40000	other	0
P057	58	Response	L	2878699	9281	1
P057	59	Picture	rec061	2919581	0	1	40163	1	0	40000	other	0
P057	59	Response	A	2935025	15444	1
P057	60	Picture	rec062	2969743	0	1	40163	1	0	40000	other	0
P057	60	Response	A	2986195	16453	1
P057	61	Picture	rec063	3019905	0	1	40163	1	0	40000	other	0
P057	61	Response	L	3031008	11103	1
P057	62	Picture	rec064	3070068	0	1	40163	1	0	40000	other	0
P057	62	Response	A	3086455	16387	1
P057	63	Picture	rec065	3120230	0	1	40163	1	0	40000	other	0
P057	63	Response	L	3134545	14315	1
P057	64	Picture	rec066	3170392	0	1	40163	1	0	40000	other	0
P057	64	Response	L	3187892	17500	1
P057	65	Picture	rec068	3220555	0	1	40163	1	0	40000	other	0
P057	65	Response	A	3228925	8370	1
P057	66	Picture	rec069	3270717	0	1	40163	1	0	40000	other	0
P057	66	Response	A	3307245	36528	1
P057	67	Picture	rec070	3320879	0	1	40163	1	0	40000	other	0
P057	67	Response	A	3335595	14716	1
P057	68	Picture	rec073	3371042	0	1	40163	1	0	40000	other	0
P057	68	Response	L	3381155	10113	1
P057	69	Picture	rec074	3421204	0	1	40163	1	0	40000	other	0
P057	69	Response	L	3438364	17160	1
P057	70	Picture	rec075	3471366	0	1	40163	1	0	40000	other	0
P057	70	Response	L	3481674	10308	1
P057	71	Picture	rec076	3521529	0	1	40163	1	0	40000	other	0
P057	71	Response	A	3537895	16366	1
P057	72	Picture	rec077	3571691	0	1	40163	1	0	40000	other	0
P057	72	Response	L	3581044	9353	1
P057	73	Picture	rec078	3621853	0	1	40163	1	0	40000	other	0
P057	73	Response	L	3637284	15431	1
P057	74	Picture	rec079	3672015	0	1	40163	1	0	40000	other	0
P057	74	Response	L	3687355	15339	1
P057	75	Picture	rec081	3722178	0	1	40163	1	0	40000	other	0
P057	75	Response	L	3732142	9964	1
P057	76	Picture	rec082	3772340	0	1	40163	1	0	40000	other	0
P057	76	Response	A	3781444	9104	1
P057	77	Picture	rec083	3822502	0	1	40163	1	0	40000	other	0
P057	77	Response	L	3843194	20692	1
P057	78	Picture	rec085	3872665	0	1	40163	1	0	40000	other	0
P057	78	Response	L	3881854	9189	1
P057	79	Picture	rec086	3922827	0	1	40163	1	0	40000	other	0
P057	79	Response	A	3950794	27967	1
P057	80	Picture	rec087	3972989	0	1	40163	1	0	40000	other	0
P057	80	Response	L	3987684	14695	1
P057	81	Picture	rec088	4023152	0	1	40163	1	0	40000	other	0
P057	81	Response	L	4031104	7952	1
P057	82	Picture	rec090	4073314	0	1	40163	1	0	40000	other	0
P057	82	Response	A	4086443	13129	1
P057	83	Picture	rec091	4123476	0	1	40163	1	0	40000	other	0
P057	83	Response	L	4135044	11567	1
