Scenario - comrecognition long version
Logfile written - 01/15/2024 14:57:30

Subject	Trial	Event Type	Code	Time	TTime	Uncertainty	Duration	Uncertainty	ReqTime	ReqDur	Stim Type	Pair Index

P058	1	Picture	rec001	10166	0	1	40163	1	0	40000	other	0
P058	1	Response	L	24079	13912	1
P058	1	Response	A	35218	25051	1
P058	2	Picture	rec002	60329	0	1	40163	1	0	40000	other	0
P058	2	Response	L	74408	14079	1
P058	3	Picture	rec003	110491	0	1	40163	1	0	40000	other	0
P058	3	Response	L	121268	10777	1
P058	4	Picture	rec004	160653	0	1	40163	1	0	40000	other	0
P058	4	Response	A	166857	6204	1
P058	5	Picture	rec005	210816	0	1	40163	1	0	40000	other	0
P058	5	Response	A	217978	7162	1
P058	6	Picture	rec006	260978	0	1	40163	1	0	40000	other	0
P058	6	Response	L	272438	11460	1
P058	7	Picture	rec007	311140	0	1	40163	1	0	40000	other	0
P058	7	Response	A	320377	9237	1
P058	8	Picture	rec008	361303	0	1	40163	1	0	40000	other	0
P058	8	Response	L	370875	9572	1
P058	9	Picture	rec009	411465	0	1	40163	1	0	40000	other	0
P058	9	Response	L	417758	6293	1
P058	10	Picture	rec010	461627	0	1	40163	1	0	40000	other	0
P058	10	Response	A	467088	5461	1
P058	11	Picture	rec011	511790	0	1	40163	1	0	40000	other	0
P058	11	Response	L	520597	8808	1
P058	12	Picture	rec012	561952	0	1	40163	1	0	40000	other	0
P058	12	Response	L	578827	16876	1
P058	13	Picture	rec013	612114	0	1	40163	1	0	40000	other	0
P058	13	Response	A	621327	9213	1
P058	14	Picture	rec014	662276	0	1	40163	1	0	40000	other	0
P058	14	Response	A	671157	8881	1
P058	15	Picture	rec015	712439	0	1	40163	1	0	40000	other	0
P058	15	Response	L	719387	6949	1
P058	16	Picture	rec016	762601	0	1	40163	1	0	40000	other	0
P058	16	Response	L	771517	8916	1
P058	17	Picture	rec017	812763	0	1	40163	1	0	40000	other	0
P058	17	Response	A	820857	8094	1
P058	18	Picture	rec018	862926	0	1	40163	1	0	40000	other	0
P058	18	Response	A	882077	19151	1
P058	19	Picture	rec019	913088	0	1	40163	1	0	40000	other	0
P058	19	Response	L	923037	9949	1
P058	20	Picture	rec020	963250	0	1	40163	1	0	40000	other	0
P058	20	Response	A	971767	8516	1
P058	21	Picture	rec021	1013413	0	1	40163	1	0	40000	other	0
P058	21	Response	L	1023797	10384	1
P058	22	Picture	rec022	1063575	0	1	40163	1	0	40000	other	0
P058	22	Response	L	1074027	10452	1
P058	23	Picture	rec023	1113737	0	1	40163	1	0	40000	other	0
P058	23	Response	L	1121617	7880	1
P058	24	Picture	rec024	1163900	0	1	40163	1	0	40000	other	0
P058	24	Response	L	1174817	10917	1
P058	25	Picture	rec025	1214062	0	1	40163	1	0	40000	other	0
P058	25	Response	L	1221547	7485	1
P058	26	Picture	rec026	1264224	0	1	40163	1	0	40000	other	0
P058	26	Response	A	1273367	9143	1
P058	27	Picture	rec027	1314387	0	1	40163	1	0	40000	other	0
P058	27	Response	L	1322264	7877	1
P058	28	Picture	rec028	1364549	0	1	40163	1	0	40000	other	0
P058	28	Response	L	1373835	9286	1
P058	29	Picture	rec029	1414711	0	1	40163	1	0	40000	other	0
P058	29	Response	A	1423656	8945	1
P058	30	Picture	rec030	1464874	0	1	40163	1	0	40000	other	0
P058	30	Response	L	1476097	11223	1
P058	31	Picture	rec031	1515036	0	1	40163	1	0	40000	other	0
P058	31	Response	L	1523525	8489	1
P058	32	Picture	rec032	1565198	0	1	40163	1	0	40000	other	0
P058	32	Response	L	1572116	6917	1
P058	33	Picture	rec033	1615361	0	1	40163	1	0	40000	other	0
P058	33	Response	A	1623266	7906	1
P058	34	Picture	rec034	1665523	0	1	40163	1	0	40000	other	0
P058	34	Response	A	1674507	8984	1
P058	35	Picture	rec035	1715685	0	1	40163	1	0	40000	other	0
P058	35	Response	L	1722966	7281	1
P058	36	Picture	rec036	1765848	0	1	40163	1	0	40000	other	0
P058	36	Response	A	1771517	5669	1
P058	37	Picture	rec037	1816010	0	1	40163	1	0	40000	other	0
P058	37	Response	L	1822405	6395	1
P058	38	Picture	rec038	1866172	0	1	40163	1	0	40000	other	0
P058	38	Response	L	1872616	6444	1
P058	39	Picture	rec039	1916334	0	1	40163	1	0	40000	other	0
P058	39	Response	A	1925005	8671	1
P058	40	Picture	rec040	1966497	0	1	40163	1	0	40000	other	0
P058	40	Response	L	1974006	7509	1
P058	41	Picture	rec041	2016659	0	1	40163	1	0	40000	other	0
P058	41	Response	L	2025196	8537	1
P058	42	Picture	rec042	2066821	0	1	40163	1	0	40000	other	0
P058	42	Response	L	2073556	6734	1
P058	42	Response	A	2079476	12654	1
P058	43	Picture	rec043	2116984	0	1	40163	1	0	40000	other	0
P058	43	Response	L	2125866	8882	1
P058	44	Picture	rec044	2167146	0	1	40163	1	0	40000	other	0
P058	44	Response	L	2174636	7490	1
P058	45	Picture	rec045	2217308	0	1	40163	1	0	40000	other	0
P058	45	Response	A	2223985	6676	1
P058	46	Picture	rec046	2267471	0	1	40163	1	0	40000	other	0
P058	46	Response	L	2275296	7825	1
P058	47	Picture	rec047	2317633	0	1	40163	1	0	40000	other	0
P058	47	Response	A	2326226	8593	1
P058	48	Picture	rec048	2367795	0	1	40163	1	0	40000	other	0
P058	48	Response	A	2375195	7400	1
P058	49	Picture	rec049	2417958	0	1	40163	1	0	40000	other	0
P058	49	Response	A	2426346	8388	1
P058	50	Picture	rec050	2468120	0	1	40163	1	0	40000	other	0
P058	50	Response	A	2477376	9256	1
P058	51	Picture	rec052	2518282	0	1	40163	1	0	40000	other	0
P058	51	Response	L	2531646	13363	1
P058	52	Picture	rec053	2568445	0	1	40163	1	0	40000	other	0
P058	52	Response	A	2576195	7751	1
P058	53	Picture	rec054	2618607	0	1	40163	1	0	40000	other	0
P058	53	Response	L	2633965	15358	1
P058	54	Picture	rec055	2668769	0	1	40163	1	0	40000	other	0
P058	54	Response	A	2676115	7346	1
P058	55	Picture	rec057	2718932	0	1	40163	1	0	40000	other	0
P058	55	Response	L	2725895	6964	1
P058	56	Picture	rec058	2769094	0	1	40163	1	0	40000	other	0
P058	56	Response	A	2783255	14161	1
P058	57	Picture	rec059	2819256	0	1	40163	1	0	40000	other	0
P058	57	Response	L	2829245	9989	1
P058	58	Picture	rec060	2869419	0	1	40163	1	0	40000	other	0
P058	58	Response	L	2885815	16396	1
P058	59	Picture	rec061	2919581	0	1	40163	1	0	40000	other	0
P058	59	Response	L	2926135	6554	1
P058	60	Picture	rec062	2969743	0	1	40163	1	0	40000	other	0
P058	60	Response	A	2980785	11041	1
P058	61	Picture	rec063	3019905	0	1	40163	1	0	40000	other	0
P058	61	Response	L	3026494	6588	1
P058	62	Picture	rec064	3070068	0	1	40163	1	0	40000	other	0
P058	62	Response	L	3074615	4547	1
P058	63	Picture	rec065	3120230	0	1	40163	1	0	40000	other	0
P058	63	Response	L	3126845	6615	1
P058	64	Picture	rec066	3170392	0	1	40163	1	0	40000	other	0
P058	64	Response	A	3178205	7813	1
P058	65	Picture	rec068	3220555	0	1	40163	1	0	40000	other	0
P058	65	Response	A	3235545	14990	1
P058	66	Picture	rec069	3270717	0	1	40163	1	0	40000	other	0
P058	66	Response	L	3275865	5148	1
P058	67	Picture	rec070	3320879	0	1	40163	1	0	40000	other	0
P058	67	Response	A	3330043	9163	1
P058	68	Picture	rec073	3371042	0	1	40163	1	0	40000	other	0
P058	68	Response	L	3378785	7743	1
P058	69	Picture	rec074	3421204	0	1	40163	1	0	40000	other	0
P058	69	Response	A	3430695	9491	1
P058	70	Picture	rec075	3471366	0	1	40163	1	0	40000	other	0
P058	70	Response	L	3476375	5008	1
P058	71	Picture	rec076	3521529	0	1	40163	1	0	40000	other	0
P058	71	Response	L	3526944	5415	1
P058	72	Picture	rec077	3571691	0	1	40163	1	0	40000	other	0
P058	72	Response	L	3580374	8683	1
P058	73	Picture	rec078	3621853	0	1	40163	1	0	40000	other	0
P058	73	Response	A	3630784	8931	1
P058	74	Picture	rec079	3672016	0	1	40163	1	0	40000	other	0
P058	74	Response	A	3680174	8158	1
P058	75	Picture	rec081	3722178	0	1	40163	1	0	40000	other	0
P058	75	Response	L	3728924	6746	1
P058	76	Picture	rec082	3772340	0	1	40163	1	0	40000	other	0
P058	76	Response	A	3779094	6754	1
P058	77	Picture	rec083	3822503	0	1	40163	1	0	40000	other	0
P058	77	Response	L	3827624	5122	1
P058	78	Picture	rec085	3872665	0	1	40163	1	0	40000	other	0
P058	78	Response	A	3881164	8499	1
P058	79	Picture	rec086	3922827	0	1	40163	1	0	40000	other	0
P058	79	Response	L	3930823	7996	1
P058	80	Picture	rec087	3972989	0	1	40163	1	0	40000	other	0
P058	80	Response	A	3984124	11135	1
P058	81	Picture	rec088	4023152	0	1	40163	1	0	40000	other	0
P058	81	Response	L	4031304	8152	1
P058	82	Picture	rec090	4073314	0	1	40163	1	0	40000	other	0
P058	82	Response	L	4083243	9929	1
P058	83	Picture	rec091	4123477	0	1	40163	1	0	40000	other	0
P058	83	Response	L	4133304	9827	1
