Scenario - comrecognition long version
Logfile written - 01/18/2024 15:08:51

Subject	Trial	Event Type	Code	Time	TTime	Uncertainty	Duration	Uncertainty	ReqTime	ReqDur	Stim Type	Pair Index

P059	1	Picture	rec001	10166	0	1	40163	1	0	40000	other	0
P059	1	Response	L	23640	13474	1
P059	2	Picture	rec002	60329	0	1	40163	1	0	40000	other	0
P059	2	Response	L	69500	9171	1
P059	3	Picture	rec003	110491	0	1	40163	1	0	40000	other	0
P059	3	Response	A	125482	14991	1
P059	4	Picture	rec004	160653	0	1	40163	1	0	40000	other	0
P059	4	Response	A	169113	8459	1
P059	5	Picture	rec005	210816	0	1	40163	1	0	40000	other	0
P059	5	Response	A	230493	19677	1
P059	5	Response	A	239901	29086	1
P059	6	Picture	rec006	260978	0	1	40163	1	0	40000	other	0
P059	6	Response	A	272692	11714	1
P059	7	Picture	rec007	311140	0	1	40163	1	0	40000	other	0
P059	7	Response	A	320110	8970	1
P059	8	Picture	rec008	361303	0	1	40163	1	0	40000	other	0
P059	8	Response	L	374560	13257	1
P059	9	Picture	rec009	411465	0	1	40156	8	0	40000	other	0
P059	9	Response	L	429930	18465	1
P059	10	Picture	rec010	461627	0	1	40163	1	0	40000	other	0
P059	10	Response	A	467969	6342	1
P059	10	Response	A	491309	29682	1
P059	11	Picture	rec011	511790	0	1	40163	1	0	40000	other	0
P059	11	Response	A	526279	14490	1
P059	12	Picture	rec012	561952	0	1	40163	1	0	40000	other	0
P059	12	Response	A	575749	13798	1
P059	13	Picture	rec013	612114	0	1	40163	1	0	40000	other	0
P059	13	Response	A	626409	14295	1
P059	14	Picture	rec014	662277	0	1	40163	1	0	40000	other	0
P059	14	Response	L	669739	7463	1
P059	14	Response	L	703130	40854	1
P059	15	Picture	rec015	712439	0	1	40163	1	0	40000	other	0
P059	15	Response	L	720529	8091	1
P059	16	Picture	rec016	762601	0	1	40163	1	0	40000	other	0
P059	16	Response	A	775382	12781	1
P059	17	Picture	rec017	812763	0	1	40163	1	0	40000	other	0
P059	17	Response	A	827019	14256	1
P059	18	Picture	rec018	862926	0	1	40163	1	0	40000	other	0
P059	18	Response	L	894839	31913	1
P059	19	Picture	rec019	913088	0	1	40163	1	0	40000	other	0
P059	19	Response	A	941152	28063	1
P059	20	Picture	rec020	963250	0	1	40163	1	0	40000	other	0
P059	20	Response	A	974611	11361	1
P059	21	Picture	rec021	1013413	0	1	40163	1	0	40000	other	0
P059	21	Response	L	1032362	18949	1
P059	22	Picture	rec022	1063575	0	1	40163	1	0	40000	other	0
P059	22	Response	L	1090559	26984	1
P059	23	Picture	rec023	1113737	0	1	40163	1	0	40000	other	0
P059	23	Response	L	1161630	47892	1
P059	24	Picture	rec024	1163900	0	1	40163	1	0	40000	other	0
P059	24	Response	L	1194759	30859	1
P059	25	Picture	rec025	1214062	0	1	40163	1	0	40000	other	0
P059	25	Response	L	1230250	16188	1
P059	26	Picture	rec026	1264224	0	1	40163	1	0	40000	other	0
P059	26	Response	L	1270810	6586	1
P059	26	Response	L	1304279	40055	1
P059	27	Picture	rec027	1314387	0	1	40163	1	0	40000	other	0
P059	27	Response	L	1320899	6512	1
P059	28	Picture	rec028	1364549	0	1	40163	1	0	40000	other	0
P059	28	Response	L	1371519	6970	1
P059	29	Picture	rec029	1414711	0	1	40163	1	0	40000	other	0
P059	29	Response	L	1419880	5169	1
P059	30	Picture	rec030	1464874	0	1	40163	1	0	40000	other	0
P059	30	Response	L	1497552	32678	1
P059	31	Picture	rec031	1515036	0	1	40163	1	0	40000	other	0
P059	31	Response	A	1537591	22555	1
P059	32	Picture	rec032	1565198	0	1	40163	1	0	40000	other	0
P059	32	Response	L	1575780	10582	1
P059	33	Picture	rec033	1615361	0	1	40163	1	0	40000	other	0
P059	33	Response	A	1636711	21351	1
P059	34	Picture	rec034	1665523	0	1	40163	1	0	40000	other	0
P059	34	Response	L	1673751	8228	1
P059	35	Picture	rec035	1715685	0	1	40163	1	0	40000	other	0
P059	35	Response	L	1740122	24436	1
P059	36	Picture	rec036	1765848	0	1	40163	1	0	40000	other	0
P059	36	Response	A	1771651	5804	1
P059	37	Picture	rec037	1816010	0	1	40163	1	0	40000	other	0
P059	37	Response	L	1827741	11731	1
P059	38	Picture	rec038	1866172	0	1	40163	1	0	40000	other	0
P059	38	Response	L	1876881	10709	1
P059	39	Picture	rec039	1916334	0	1	40163	1	0	40000	other	0
P059	39	Response	L	1927510	11176	1
P059	40	Picture	rec040	1966497	0	1	40163	1	0	40000	other	0
P059	40	Response	L	1980271	13774	1
P059	41	Picture	rec041	2016659	0	1	40163	1	0	40000	other	0
P059	41	Response	L	2038101	21442	1
P059	42	Picture	rec042	2066821	0	1	40163	1	0	40000	other	0
P059	42	Response	A	2078491	11670	1
P059	43	Picture	rec043	2116984	0	1	40163	1	0	40000	other	0
P059	43	Response	L	2136391	19407	1
P059	44	Picture	rec044	2167146	0	1	40163	1	0	40000	other	0
P059	44	Response	A	2187750	20604	1
P059	45	Picture	rec045	2217308	0	1	40163	1	0	40000	other	0
P059	45	Response	L	2225881	8573	1
P059	46	Picture	rec046	2267471	0	1	40163	1	0	40000	other	0
P059	46	Response	L	2279731	12260	1
P059	47	Picture	rec047	2317633	0	1	40163	1	0	40000	other	0
P059	47	Response	L	2326261	8628	1
P059	48	Picture	rec048	2367795	0	1	40163	1	0	40000	other	0
P059	48	Response	A	2374781	6986	1
P059	49	Picture	rec049	2417958	0	1	40163	1	0	40000	other	0
P059	49	Response	A	2440840	22883	1
P059	50	Picture	rec050	2468120	0	1	40163	1	0	40000	other	0
P059	50	Response	A	2476941	8821	1
P059	51	Picture	rec052	2518282	0	1	40163	1	0	40000	other	0
P059	51	Response	L	2534161	15878	1
P059	52	Picture	rec053	2568445	0	1	40163	1	0	40000	other	0
P059	52	Response	L	2579141	10696	1
P059	52	Response	L	2586471	18026	1
P059	53	Picture	rec054	2618607	0	1	40163	1	0	40000	other	0
P059	53	Response	L	2629321	10714	1
P059	54	Picture	rec055	2668769	0	1	40163	1	0	40000	other	0
P059	54	Response	L	2692101	23331	1
P059	55	Picture	rec057	2718932	0	1	40163	1	0	40000	other	0
P059	55	Response	L	2727851	8919	1
P059	56	Picture	rec058	2769094	0	1	40163	1	0	40000	other	0
P059	56	Response	L	2782091	12997	1
P059	56	Response	L	2805420	36326	1
P059	57	Picture	rec059	2819256	0	1	40163	1	0	40000	other	0
P059	57	Response	L	2825560	6304	1
P059	58	Picture	rec060	2869419	0	1	40163	1	0	40000	other	0
P059	58	Response	L	2875919	6501	1
P059	59	Picture	rec061	2919581	0	1	40163	1	0	40000	other	0
P059	59	Response	L	2929020	9439	1
P059	60	Picture	rec062	2969743	0	1	40163	1	0	40000	other	0
P059	60	Response	L	2976120	6377	1
P059	61	Picture	rec063	3019905	0	1	40163	1	0	40000	other	0
P059	61	Response	L	3028100	8194	1
P059	62	Picture	rec064	3070068	0	1	40163	1	0	40000	other	0
P059	62	Response	A	3092800	22732	1
P059	63	Picture	rec065	3120230	0	1	40163	1	0	40000	other	0
P059	63	Response	L	3142559	22329	1
P059	64	Picture	rec066	3170393	0	1	40163	1	0	40000	other	0
P059	64	Response	A	3202991	32598	1
P059	65	Picture	rec068	3220555	0	1	40163	1	0	40000	other	0
P059	65	Response	L	3227050	6495	1
P059	65	Response	A	3247060	26505	1
P059	65	Response	A	3249620	29065	1
P059	65	Response	A	3252418	31864	1
P059	65	Response	A	3258790	38235	1
P059	66	Picture	rec069	3270717	0	1	40163	1	0	40000	other	0
P059	66	Response	L	3281640	10923	1
P059	67	Picture	rec070	3320879	0	1	40163	1	0	40000	other	0
P059	67	Response	L	3340712	19832	1
P059	68	Picture	rec073	3371042	0	1	40163	1	0	40000	other	0
P059	68	Response	L	3379400	8358	1
P059	69	Picture	rec074	3421204	0	1	40163	1	0	40000	other	0
P059	69	Response	L	3432000	10796	1
P059	70	Picture	rec075	3471366	0	1	40163	1	0	40000	other	0
P059	70	Response	L	3481240	9874	1
P059	71	Picture	rec076	3521529	0	1	40163	1	0	40000	other	0
P059	71	Response	L	3529950	8421	1
P059	72	Picture	rec077	3571691	0	1	40163	1	0	40000	other	0
P059	72	Response	L	3590669	18978	1
P059	73	Picture	rec078	3621853	0	1	40163	1	0	40000	other	0
P059	73	Response	A	3628020	6167	1
P059	74	Picture	rec079	3672016	0	1	40163	1	0	40000	other	0
P059	74	Response	L	3678680	6664	1
P059	75	Picture	rec081	3722178	0	1	40163	1	0	40000	other	0
P059	75	Response	L	3738389	16211	1
P059	76	Picture	rec082	3772340	0	1	40163	1	0	40000	other	0
P059	76	Response	A	3787889	15549	1
P059	77	Picture	rec083	3822503	0	1	40163	1	0	40000	other	0
P059	77	Response	L	3831359	8857	1
P059	78	Picture	rec085	3872665	0	1	40163	1	0	40000	other	0
P059	78	Response	L	3881579	8914	1
P059	79	Picture	rec086	3922827	0	1	40163	1	0	40000	other	0
P059	79	Response	L	3930450	7622	1
P059	80	Picture	rec087	3972990	0	1	40163	1	0	40000	other	0
P059	80	Response	L	3982789	9800	1
P059	81	Picture	rec088	4023152	0	1	40163	1	0	40000	other	0
P059	81	Response	L	4030019	6867	1
P059	82	Picture	rec090	4073314	0	1	40163	1	0	40000	other	0
P059	82	Response	L	4079410	6095	1
P059	83	Picture	rec091	4123477	0	1	40163	1	0	40000	other	0
P059	83	Response	L	4129839	6362	1
