1.1524 	WARNING 	We strongly recommend you activate the PTB sound engine in PsychoPy prefs as the preferred audio engine. Its timing is vastly superior. Your prefs are currently set to use ['sounddevice', 'PTB', 'pyo', 'pygame'] (in that order).
2266.9641 	EXP 	Created window1 = Window(allowGUI=False, allowStencil=False, autoLog=True, backendConf=UNKNOWN, bitsMode=UNKNOWN, blendMode='avg', bpc=(8, 8, 8), color=array([0, 0, 0]), colorSpace='rgb', depthBits=8, fullscr=<method-wrapper '__getattribute__' of attributeSetter object at 0x00000000158E4E10>, gamma=None, gammaErrorPolicy='raise', lms=UNKNOWN, monitor=<psychopy.monitors.calibTools.Monitor object at 0x00000000159044E0>, multiSample=False, name='window1', numSamples=2, pos=[0.0, 0.0], screen=0, size=array([1920, 1080]), stencilBits=0, stereo=False, units='norm', useFBO=True, useRetina=False, viewOri=0.0, viewPos=None, viewScale=None, waitBlanking=True, winType='pyglet')
2266.9643 	EXP 	window1: mouseVisible = True
2266.9644 	EXP 	window1: recordFrameIntervals = False
2267.0471 	EXP 	window1: recordFrameIntervals = True
2267.1390 	EXP 	window1: recordFrameIntervals = False
2267.9495 	EXP 	Created txt_checkLeft = TextStim(__class__=<class 'psychopy.visual.text.TextStim'>, alignHoriz=method-wrapper(...), alignText='center', alignVert=method-wrapper(...), anchorHoriz='center', anchorVert='center', antialias=True, autoLog=True, bold=False, color=array([1, 1, 1]), colorSpace='rgb', contrast=1.0, depth=0.0, flipHoriz=False, flipVert=False, font='Courier New', fontFiles=[], height=0.1, italic=False, languageStyle='LTR', name='txt_checkLeft', opacity=1, ori=0, pos=array([0., 0.]), rgb=UNKNOWN, text=str(...), units='norm', win=Window(...), wrapWidth=30)
2267.9496 	EXP 	window1: mouseVisible = False
2267.9577 	EXP 	Created txt_checkRight = TextStim(__class__=<class 'psychopy.visual.text.TextStim'>, alignHoriz=method-wrapper(...), alignText='center', alignVert=method-wrapper(...), anchorHoriz='center', anchorVert='center', antialias=True, autoLog=True, bold=False, color=array([1, 1, 1]), colorSpace='rgb', contrast=1.0, depth=0.0, flipHoriz=False, flipVert=False, font='Courier New', fontFiles=[], height=0.1, italic=False, languageStyle='LTR', name='txt_checkRight', opacity=1, ori=0, pos=array([0., 0.]), rgb=UNKNOWN, text=str(...), units='norm', win=Window(...), wrapWidth=30)
2267.9707 	EXP 	Created str_keyInst = TextStim(__class__=<class 'psychopy.visual.text.TextStim'>, alignHoriz=method-wrapper(...), alignText='center', alignVert=method-wrapper(...), anchorHoriz='center', anchorVert='center', antialias=True, autoLog=True, bold=False, color=array([1, 1, 1]), colorSpace='rgb', contrast=1.0, depth=0.0, flipHoriz=False, flipVert=False, font='Courier New', fontFiles=[], height=0.1, italic=False, languageStyle='LTR', name='str_keyInst', opacity=1, ori=0, pos=array([0., 0.]), rgb=UNKNOWN, text=str(...), units='norm', win=Window(...), wrapWidth=30)
2267.9759 	EXP 	Created str_waitScanner = TextStim(__class__=<class 'psychopy.visual.text.TextStim'>, alignHoriz=method-wrapper(...), alignText='center', alignVert=method-wrapper(...), anchorHoriz='center', anchorVert='center', antialias=True, autoLog=True, bold=False, color=array([1, 1, 1]), colorSpace='rgb', contrast=1.0, depth=-1.0, flipHoriz=False, flipVert=False, font='Courier New', fontFiles=[], height=0.1, italic=False, languageStyle='LTR', name='str_waitScanner', opacity=1, ori=0, pos=array([0., 0.]), rgb=UNKNOWN, text='Waiting for scanner...', units='norm', win=Window(...), wrapWidth=1)
2267.9798 	EXP 	Created str_fixRest = TextStim(__class__=<class 'psychopy.visual.text.TextStim'>, alignHoriz=method-wrapper(...), alignText='center', alignVert=method-wrapper(...), anchorHoriz='center', anchorVert='center', antialias=True, autoLog=True, bold=False, color=array([1, 1, 1]), colorSpace='rgb', contrast=1.0, depth=0.0, flipHoriz=False, flipVert=False, font='Courier New', fontFiles=[], height=0.225, italic=False, languageStyle='LTR', name='str_fixRest', opacity=1, ori=0, pos=array([0., 0.]), rgb=UNKNOWN, text='+', units='norm', win=Window(...), wrapWidth=1)
2267.9820 	EXP 	Created str_bangRest = TextStim(__class__=<class 'psychopy.visual.text.TextStim'>, alignHoriz=method-wrapper(...), alignText='center', alignVert=method-wrapper(...), anchorHoriz='center', anchorVert='center', antialias=True, autoLog=True, bold=False, color=array([1, 1, 1]), colorSpace='rgb', contrast=1.0, depth=-1.0, flipHoriz=False, flipVert=False, font='Courier New', fontFiles=[], height=0.225, italic=False, languageStyle='LTR', name='str_bangRest', opacity=1, ori=0, pos=array([0., 0.]), rgb=UNKNOWN, text='!', units='norm', win=Window(...), wrapWidth=1)
2267.9873 	EXP 	Created im_trialImage = ImageStim(__class__=<class 'psychopy.visual.image.ImageStim'>, autoLog=True, color=array([1, 1, 1]), colorSpace='rgb', contrast=1.0, depth=-1.0, flipHoriz=False, flipVert=False, image='sin', interpolate=True, mask=None, maskParams=None, name='im_trialImage', opacity=1, ori=0.0, pos=array([0., 0.]), size=array([0.5, 0.5]), texRes=128, units='norm', win=Window(...))
2267.9890 	EXP 	Created str_fixITI = TextStim(__class__=<class 'psychopy.visual.text.TextStim'>, alignHoriz=method-wrapper(...), alignText='center', alignVert=method-wrapper(...), anchorHoriz='center', anchorVert='center', antialias=True, autoLog=True, bold=False, color=array([1, 1, 1]), colorSpace='rgb', contrast=1.0, depth=0.0, flipHoriz=False, flipVert=False, font='Courier New', fontFiles=[], height=0.225, italic=False, languageStyle='LTR', name='str_fixITI', opacity=1, ori=0, pos=array([0., 0.]), rgb=UNKNOWN, text='+', units='norm', win=Window(...), wrapWidth=1)
2267.9905 	EXP 	Created str_fixRest = TextStim(__class__=<class 'psychopy.visual.text.TextStim'>, alignHoriz=method-wrapper(...), alignText='center', alignVert=method-wrapper(...), anchorHoriz='center', anchorVert='center', antialias=True, autoLog=True, bold=False, color=array([1, 1, 1]), colorSpace='rgb', contrast=1.0, depth=0.0, flipHoriz=False, flipVert=False, font='Courier New', fontFiles=[], height=0.225, italic=False, languageStyle='LTR', name='str_fixRest', opacity=1, ori=0, pos=array([0., 0.]), rgb=UNKNOWN, text='+', units='norm', win=Window(...), wrapWidth=1)
2267.9920 	EXP 	Created str_bangRest = TextStim(__class__=<class 'psychopy.visual.text.TextStim'>, alignHoriz=method-wrapper(...), alignText='center', alignVert=method-wrapper(...), anchorHoriz='center', anchorVert='center', antialias=True, autoLog=True, bold=False, color=array([1, 1, 1]), colorSpace='rgb', contrast=1.0, depth=-1.0, flipHoriz=False, flipVert=False, font='Courier New', fontFiles=[], height=0.225, italic=False, languageStyle='LTR', name='str_bangRest', opacity=1, ori=0, pos=array([0., 0.]), rgb=UNKNOWN, text='!', units='norm', win=Window(...), wrapWidth=1)
2267.9990 	EXP 	Created str_end = TextStim(__class__=<class 'psychopy.visual.text.TextStim'>, alignHoriz=method-wrapper(...), alignText='center', alignVert=method-wrapper(...), anchorHoriz='center', anchorVert='center', antialias=True, autoLog=True, bold=False, color=array([1, 1, 1]), colorSpace='rgb', contrast=1.0, depth=0.0, flipHoriz=False, flipVert=False, font='Courier New', fontFiles=[], height=0.1, italic=False, languageStyle='LTR', name='str_end', opacity=1, ori=0, pos=array([0., 0.]), rgb=UNKNOWN, text=str(...), units='norm', win=Window(...), wrapWidth=30)
2268.0313 	EXP 	txt_checkLeft: autoDraw = True
2301.6609 	DATA 	Keypress: 1
2301.6719 	EXP 	txt_checkLeft: autoDraw = False
2301.6719 	EXP 	txt_checkRight: autoDraw = True
2302.8431 	DATA 	Keypress: 2
2302.8715 	EXP 	txt_checkRight: autoDraw = False
2302.8715 	EXP 	str_keyInst: autoDraw = True
2307.0505 	EXP 	Created sequence: sequential, trialTypes=1, nReps=5, seed=None
2307.0507 	EXP 	New trial (rep=0, index=0): None
2307.0523 	DATA 	Keypress: 1
2307.0621 	EXP 	str_keyInst: autoDraw = False
2307.0621 	EXP 	str_waitScanner: autoDraw = True
2324.9104 	EXP 	New trial (rep=1, index=0): None
2324.9120 	DATA 	Keypress: 5
2324.9189 	EXP 	str_waitScanner: autoDraw = False
2324.9189 	EXP 	str_waitScanner: autoDraw = True
2325.7033 	EXP 	New trial (rep=2, index=0): None
2325.7051 	DATA 	Keypress: 5
2325.7162 	EXP 	str_waitScanner: autoDraw = False
2325.7162 	EXP 	str_waitScanner: autoDraw = True
2326.5033 	EXP 	New trial (rep=3, index=0): None
2326.5051 	DATA 	Keypress: 5
2326.5159 	EXP 	str_waitScanner: autoDraw = False
2326.5159 	EXP 	str_waitScanner: autoDraw = True
2327.3022 	DATA 	Keypress: 5
2327.3114 	EXP 	New trial (rep=4, index=0): None
2327.3242 	EXP 	str_waitScanner: autoDraw = False
2327.3242 	EXP 	str_waitScanner: autoDraw = True
2328.1022 	DATA 	Keypress: 5
2328.1240 	EXP 	str_waitScanner: autoDraw = False
2328.1240 	EXP 	str_fixRest: autoDraw = True
2328.9092 	DATA 	Keypress: 5
2329.7082 	DATA 	Keypress: 5
2330.5101 	DATA 	Keypress: 5
2331.3114 	DATA 	Keypress: 5
2332.1025 	DATA 	Keypress: 5
2332.9114 	DATA 	Keypress: 5
2333.7093 	DATA 	Keypress: 5
2334.5024 	DATA 	Keypress: 5
2335.3084 	DATA 	Keypress: 5
2336.1095 	DATA 	Keypress: 5
2336.9064 	DATA 	Keypress: 5
2337.7075 	DATA 	Keypress: 5
2338.5016 	DATA 	Keypress: 5
2339.3076 	DATA 	Keypress: 5
2339.6148 	EXP 	str_bangRest: autoDraw = True
2339.6231 	EXP 	str_fixRest: autoDraw = False
2340.1066 	DATA 	Keypress: 5
2340.1201 	EXP 	Imported chooseTrialOrderFile.xlsx as conditions, 12 conditions, 1 params
2340.1204 	EXP 	Created sequence: sequential, trialTypes=12, nReps=1, seed=None
2340.1206 	EXP 	New trial (rep=0, index=0): {'trialOrderFile': 'scan_order1.xlsx'}
2340.1261 	EXP 	Imported scan_order1.xlsx as conditions, 8 conditions, 4 params
2340.1263 	EXP 	Created sequence: sequential, trialTypes=8, nReps=1, seed=None
2340.1266 	EXP 	New trial (rep=0, index=0): {'im_fName': 'cl001.jpg', 'key_correct': 2, 'im_type': 'scene', 'im_familiarity': 'familiar'}
2340.1625 	EXP 	str_fixRest: autoDraw = False
2340.1625 	EXP 	str_bangRest: autoDraw = False
2340.1625 	EXP 	im_trialImage: size = array([0.8       , 0.94814815])
2340.1625 	EXP 	im_trialImage: image = 'cl001.jpg'
2340.1625 	EXP 	im_trialImage: autoDraw = True
2340.9150 	DATA 	Keypress: 5
2341.7141 	DATA 	Keypress: 5
2342.1288 	EXP 	im_trialImage: autoDraw = False
2342.1288 	EXP 	str_fixITI: autoDraw = True
2342.2337 	DATA 	Keypress: 2
2342.5066 	DATA 	Keypress: 5
2342.6139 	EXP 	New trial (rep=0, index=1): {'im_fName': 'cl002.jpg', 'key_correct': 1, 'im_type': 'animal', 'im_familiarity': 'familiar'}
2342.6382 	EXP 	str_fixITI: autoDraw = False
2342.6382 	EXP 	im_trialImage: size = array([0.79583333, 0.94259259])
2342.6382 	EXP 	im_trialImage: image = 'cl002.jpg'
2342.6382 	EXP 	im_trialImage: autoDraw = True
2343.3071 	DATA 	Keypress: 5
2343.3182 	DATA 	Keypress: 1
2344.1072 	DATA 	Keypress: 5
2344.6282 	EXP 	im_trialImage: autoDraw = False
2344.6282 	EXP 	str_fixITI: autoDraw = True
2344.9078 	DATA 	Keypress: 5
2345.1119 	EXP 	New trial (rep=0, index=2): {'im_fName': 'cl003.jpg', 'key_correct': 2, 'im_type': 'scene', 'im_familiarity': 'familiar'}
2345.1367 	EXP 	str_fixITI: autoDraw = False
2345.1367 	EXP 	im_trialImage: size = array([0.8       , 0.94814815])
2345.1367 	EXP 	im_trialImage: image = 'cl003.jpg'
2345.1367 	EXP 	im_trialImage: autoDraw = True
2345.7073 	DATA 	Keypress: 5
2345.8752 	DATA 	Keypress: 2
2346.5082 	DATA 	Keypress: 5
2347.1294 	EXP 	im_trialImage: autoDraw = False
2347.1294 	EXP 	str_fixITI: autoDraw = True
2347.3049 	DATA 	Keypress: 5
2347.6200 	EXP 	New trial (rep=0, index=3): {'im_fName': 'cl004.jpg', 'key_correct': 1, 'im_type': 'animal', 'im_familiarity': 'familiar'}
2347.6444 	EXP 	str_fixITI: autoDraw = False
2347.6444 	EXP 	im_trialImage: size = array([0.79583333, 0.94259259])
2347.6444 	EXP 	im_trialImage: image = 'cl004.jpg'
2347.6444 	EXP 	im_trialImage: autoDraw = True
2348.1044 	DATA 	Keypress: 5
2348.2244 	DATA 	Keypress: 1
2348.9043 	DATA 	Keypress: 5
2349.6206 	EXP 	im_trialImage: autoDraw = False
2349.6206 	EXP 	str_fixITI: autoDraw = True
2349.7039 	DATA 	Keypress: 5
2350.1120 	EXP 	New trial (rep=0, index=4): {'im_fName': 'cl005.jpg', 'key_correct': 2, 'im_type': 'scene', 'im_familiarity': 'familiar'}
2350.1605 	EXP 	str_fixITI: autoDraw = False
2350.1605 	EXP 	im_trialImage: size = array([0.8       , 0.94814815])
2350.1605 	EXP 	im_trialImage: image = 'cl005.jpg'
2350.1605 	EXP 	im_trialImage: autoDraw = True
2350.5074 	DATA 	Keypress: 5
2350.8645 	DATA 	Keypress: 2
2351.3054 	DATA 	Keypress: 5
2352.1055 	DATA 	Keypress: 5
2352.1264 	EXP 	im_trialImage: autoDraw = False
2352.1264 	EXP 	str_fixITI: autoDraw = True
2352.6189 	EXP 	New trial (rep=0, index=5): {'im_fName': 'cl006.jpg', 'key_correct': 2, 'im_type': 'scene', 'im_familiarity': 'familiar'}
2352.6438 	EXP 	str_fixITI: autoDraw = False
2352.6438 	EXP 	im_trialImage: size = array([0.8       , 0.94814815])
2352.6438 	EXP 	im_trialImage: image = 'cl006.jpg'
2352.6438 	EXP 	im_trialImage: autoDraw = True
2352.9055 	DATA 	Keypress: 5
2353.4286 	DATA 	Keypress: 2
2353.7066 	DATA 	Keypress: 5
2354.5066 	DATA 	Keypress: 5
2354.6269 	EXP 	im_trialImage: autoDraw = False
2354.6269 	EXP 	str_fixITI: autoDraw = True
2355.1121 	EXP 	New trial (rep=0, index=6): {'im_fName': 'cl007.jpg', 'key_correct': 1, 'im_type': 'animal', 'im_familiarity': 'familiar'}
2355.1428 	EXP 	str_fixITI: autoDraw = False
2355.1428 	EXP 	im_trialImage: size = array([0.79583333, 0.94259259])
2355.1428 	EXP 	im_trialImage: image = 'cl007.jpg'
2355.1428 	EXP 	im_trialImage: autoDraw = True
2355.3027 	DATA 	Keypress: 5
2355.8806 	DATA 	Keypress: 1
2356.1105 	DATA 	Keypress: 5
2356.9107 	DATA 	Keypress: 5
2357.1269 	EXP 	im_trialImage: autoDraw = False
2357.1269 	EXP 	str_fixITI: autoDraw = True
2357.6194 	EXP 	New trial (rep=0, index=7): {'im_fName': 'cl008.jpg', 'key_correct': 1, 'im_type': 'animal', 'im_familiarity': 'familiar'}
2357.6417 	EXP 	str_fixITI: autoDraw = False
2357.6417 	EXP 	im_trialImage: size = array([0.79583333, 0.94259259])
2357.6417 	EXP 	im_trialImage: image = 'cl008.jpg'
2357.6417 	EXP 	im_trialImage: autoDraw = True
2357.7038 	DATA 	Keypress: 5
2358.4937 	DATA 	Keypress: 1
2358.5038 	DATA 	Keypress: 5
2359.3108 	DATA 	Keypress: 5
2359.6328 	EXP 	im_trialImage: autoDraw = False
2359.6328 	EXP 	str_fixITI: autoDraw = True
2360.1035 	DATA 	Keypress: 5
2360.1341 	EXP 	str_fixITI: autoDraw = False
2360.1341 	EXP 	str_fixRest: autoDraw = True
2360.9106 	DATA 	Keypress: 5
2361.7036 	DATA 	Keypress: 5
2362.5027 	DATA 	Keypress: 5
2363.3106 	DATA 	Keypress: 5
2364.1028 	DATA 	Keypress: 5
2364.9027 	DATA 	Keypress: 5
2365.7117 	DATA 	Keypress: 5
2366.5077 	DATA 	Keypress: 5
2367.3098 	DATA 	Keypress: 5
2368.1088 	DATA 	Keypress: 5
2368.9099 	DATA 	Keypress: 5
2369.7078 	DATA 	Keypress: 5
2370.5088 	DATA 	Keypress: 5
2371.3148 	DATA 	Keypress: 5
2371.6240 	EXP 	str_bangRest: autoDraw = True
2371.6471 	EXP 	str_fixRest: autoDraw = False
2372.1089 	DATA 	Keypress: 5
2372.1173 	EXP 	New trial (rep=0, index=1): {'trialOrderFile': 'scan_order2.xlsx'}
2372.1240 	EXP 	Imported scan_order2.xlsx as conditions, 8 conditions, 4 params
2372.1242 	EXP 	Created sequence: sequential, trialTypes=8, nReps=1, seed=None
2372.1244 	EXP 	New trial (rep=0, index=0): {'im_fName': 'cl009.jpg', 'key_correct': 2, 'im_type': 'scene', 'im_familiarity': 'novel'}
2372.1890 	EXP 	str_fixRest: autoDraw = False
2372.1890 	EXP 	str_bangRest: autoDraw = False
2372.1890 	EXP 	im_trialImage: size = array([0.8       , 0.94814815])
2372.1890 	EXP 	im_trialImage: image = 'cl009.jpg'
2372.1890 	EXP 	im_trialImage: autoDraw = True
2372.9024 	DATA 	Keypress: 5
2373.3254 	DATA 	Keypress: 2
2373.7154 	DATA 	Keypress: 5
2374.1226 	EXP 	im_trialImage: autoDraw = False
2374.1226 	EXP 	str_fixITI: autoDraw = True
2374.5090 	DATA 	Keypress: 5
2374.6133 	EXP 	New trial (rep=0, index=1): {'im_fName': 'cl010.jpg', 'key_correct': 1, 'im_type': 'animal', 'im_familiarity': 'novel'}
2374.6379 	EXP 	str_fixITI: autoDraw = False
2374.6379 	EXP 	im_trialImage: size = array([0.79583333, 0.94259259])
2374.6379 	EXP 	im_trialImage: image = 'cl010.jpg'
2374.6379 	EXP 	im_trialImage: autoDraw = True
2375.3095 	DATA 	Keypress: 5
2375.4235 	DATA 	Keypress: 1
2376.1095 	DATA 	Keypress: 5
2376.6297 	EXP 	im_trialImage: autoDraw = False
2376.6297 	EXP 	str_fixITI: autoDraw = True
2376.9061 	DATA 	Keypress: 5
2377.1130 	EXP 	New trial (rep=0, index=2): {'im_fName': 'cl011.jpg', 'key_correct': 1, 'im_type': 'animal', 'im_familiarity': 'novel'}
2377.1323 	EXP 	str_fixITI: autoDraw = False
2377.1323 	EXP 	im_trialImage: size = array([0.79583333, 0.94259259])
2377.1323 	EXP 	im_trialImage: image = 'cl011.jpg'
2377.1323 	EXP 	im_trialImage: autoDraw = True
2377.7055 	DATA 	Keypress: 5
2378.1486 	DATA 	Keypress: 1
2378.5056 	DATA 	Keypress: 5
2379.1217 	EXP 	im_trialImage: autoDraw = False
2379.1217 	EXP 	str_fixITI: autoDraw = True
2379.3051 	DATA 	Keypress: 5
2379.6127 	EXP 	New trial (rep=0, index=3): {'im_fName': 'cl012.jpg', 'key_correct': 1, 'im_type': 'animal', 'im_familiarity': 'novel'}
2379.6298 	EXP 	str_fixITI: autoDraw = False
2379.6298 	EXP 	im_trialImage: size = array([0.79583333, 0.94259259])
2379.6298 	EXP 	im_trialImage: image = 'cl012.jpg'
2379.6298 	EXP 	im_trialImage: autoDraw = True
2380.1137 	DATA 	Keypress: 5
2380.4467 	DATA 	Keypress: 1
2380.9137 	DATA 	Keypress: 5
2381.6299 	EXP 	im_trialImage: autoDraw = False
2381.6299 	EXP 	str_fixITI: autoDraw = True
2381.7073 	DATA 	Keypress: 5
2382.1124 	EXP 	New trial (rep=0, index=4): {'im_fName': 'cl013.jpg', 'key_correct': 2, 'im_type': 'scene', 'im_familiarity': 'novel'}
2382.1544 	EXP 	str_fixITI: autoDraw = False
2382.1544 	EXP 	im_trialImage: size = array([0.8       , 0.94814815])
2382.1544 	EXP 	im_trialImage: image = 'cl013.jpg'
2382.1544 	EXP 	im_trialImage: autoDraw = True
2382.5047 	DATA 	Keypress: 5
2382.7828 	DATA 	Keypress: 2
2383.3058 	DATA 	Keypress: 5
2384.1128 	DATA 	Keypress: 5
2384.1353 	EXP 	im_trialImage: autoDraw = False
2384.1353 	EXP 	str_fixITI: autoDraw = True
2384.6194 	EXP 	New trial (rep=0, index=5): {'im_fName': 'cl014.jpg', 'key_correct': 1, 'im_type': 'animal', 'im_familiarity': 'novel'}
2384.6438 	EXP 	str_fixITI: autoDraw = False
2384.6438 	EXP 	im_trialImage: size = array([0.79583333, 0.94259259])
2384.6438 	EXP 	im_trialImage: image = 'cl014.jpg'
2384.6438 	EXP 	im_trialImage: autoDraw = True
2384.9038 	DATA 	Keypress: 5
2385.4369 	DATA 	Keypress: 1
2385.7039 	DATA 	Keypress: 5
2386.5118 	DATA 	Keypress: 5
2386.6275 	EXP 	im_trialImage: autoDraw = False
2386.6275 	EXP 	str_fixITI: autoDraw = True
2387.1197 	EXP 	New trial (rep=0, index=6): {'im_fName': 'cl015.jpg', 'key_correct': 2, 'im_type': 'scene', 'im_familiarity': 'novel'}
2387.1765 	EXP 	str_fixITI: autoDraw = False
2387.1765 	EXP 	im_trialImage: size = array([0.8       , 0.94814815])
2387.1765 	EXP 	im_trialImage: image = 'cl015.jpg'
2387.1765 	EXP 	im_trialImage: autoDraw = True
2387.3039 	DATA 	Keypress: 5
2388.0050 	DATA 	Keypress: 2
2388.1050 	DATA 	Keypress: 5
2388.9050 	DATA 	Keypress: 5
2389.1261 	EXP 	im_trialImage: autoDraw = False
2389.1261 	EXP 	str_fixITI: autoDraw = True
2389.6197 	EXP 	New trial (rep=0, index=7): {'im_fName': 'cl016.jpg', 'key_correct': 2, 'im_type': 'scene', 'im_familiarity': 'novel'}
2389.6376 	EXP 	str_fixITI: autoDraw = False
2389.6376 	EXP 	im_trialImage: size = array([0.8       , 0.94814815])
2389.6376 	EXP 	im_trialImage: image = 'cl016.jpg'
2389.6376 	EXP 	im_trialImage: autoDraw = True
2389.7060 	DATA 	Keypress: 5
2390.5112 	DATA 	Keypress: 5
2390.5113 	DATA 	Keypress: 2
2391.3022 	DATA 	Keypress: 5
2391.6335 	EXP 	im_trialImage: autoDraw = False
2391.6335 	EXP 	str_fixITI: autoDraw = True
2392.1038 	DATA 	Keypress: 5
2392.1251 	EXP 	str_fixITI: autoDraw = False
2392.1251 	EXP 	str_fixRest: autoDraw = True
2392.9048 	DATA 	Keypress: 5
2393.7037 	DATA 	Keypress: 5
2394.5029 	DATA 	Keypress: 5
2395.3028 	DATA 	Keypress: 5
2396.1020 	DATA 	Keypress: 5
2396.9040 	DATA 	Keypress: 5
2397.7022 	DATA 	Keypress: 5
2398.5022 	DATA 	Keypress: 5
2399.3031 	DATA 	Keypress: 5
2400.1022 	DATA 	Keypress: 5
2400.9023 	DATA 	Keypress: 5
2401.7104 	DATA 	Keypress: 5
2402.5153 	DATA 	Keypress: 5
2403.3023 	DATA 	Keypress: 5
2403.6081 	EXP 	str_bangRest: autoDraw = True
2403.6314 	EXP 	str_fixRest: autoDraw = False
2404.1006 	EXP 	New trial (rep=0, index=2): {'trialOrderFile': 'scan_order3.xlsx'}
2404.1090 	EXP 	Imported scan_order3.xlsx as conditions, 8 conditions, 4 params
2404.1092 	EXP 	Created sequence: sequential, trialTypes=8, nReps=1, seed=None
2404.1095 	EXP 	New trial (rep=0, index=0): {'im_fName': 'cl017.jpg', 'key_correct': 2, 'im_type': 'scene', 'im_familiarity': 'familiar'}
2404.1517 	DATA 	Keypress: 5
2404.1638 	EXP 	str_bangRest: autoDraw = False
2404.1638 	EXP 	str_fixRest: autoDraw = False
2404.1638 	EXP 	str_bangRest: autoDraw = False
2404.1638 	EXP 	im_trialImage: size = array([0.8       , 0.94814815])
2404.1638 	EXP 	im_trialImage: image = 'cl017.jpg'
2404.1638 	EXP 	im_trialImage: autoDraw = True
2404.9097 	DATA 	Keypress: 5
2405.3497 	DATA 	Keypress: 2
2405.7077 	DATA 	Keypress: 5
2406.1305 	EXP 	im_trialImage: autoDraw = False
2406.1305 	EXP 	str_fixITI: autoDraw = True
2406.5083 	DATA 	Keypress: 5
2406.6139 	EXP 	New trial (rep=0, index=1): {'im_fName': 'cl018.jpg', 'key_correct': 1, 'im_type': 'animal', 'im_familiarity': 'familiar'}
2406.6468 	EXP 	str_fixITI: autoDraw = False
2406.6468 	EXP 	im_trialImage: size = array([0.79583333, 0.94259259])
2406.6468 	EXP 	im_trialImage: image = 'cl018.jpg'
2406.6468 	EXP 	im_trialImage: autoDraw = True
2407.3068 	DATA 	Keypress: 5
2407.4608 	DATA 	Keypress: 1
2408.1068 	DATA 	Keypress: 5
2408.6229 	EXP 	im_trialImage: autoDraw = False
2408.6229 	EXP 	str_fixITI: autoDraw = True
2408.9084 	DATA 	Keypress: 5
2409.1214 	EXP 	New trial (rep=0, index=2): {'im_fName': 'cl019.jpg', 'key_correct': 1, 'im_type': 'animal', 'im_familiarity': 'familiar'}
2409.1391 	EXP 	str_fixITI: autoDraw = False
2409.1391 	EXP 	im_trialImage: size = array([0.79583333, 0.94259259])
2409.1391 	EXP 	im_trialImage: image = 'cl019.jpg'
2409.1391 	EXP 	im_trialImage: autoDraw = True
2409.7099 	DATA 	Keypress: 5
2409.7669 	DATA 	Keypress: 1
2410.5148 	DATA 	Keypress: 5
2411.1210 	EXP 	im_trialImage: autoDraw = False
2411.1210 	EXP 	str_fixITI: autoDraw = True
2411.3085 	DATA 	Keypress: 5
2411.6208 	EXP 	New trial (rep=0, index=3): {'im_fName': 'cl020.jpg', 'key_correct': 2, 'im_type': 'scene', 'im_familiarity': 'familiar'}
2411.6659 	EXP 	str_fixITI: autoDraw = False
2411.6659 	EXP 	im_trialImage: size = array([0.8       , 0.94814815])
2411.6659 	EXP 	im_trialImage: image = 'cl020.jpg'
2411.6659 	EXP 	im_trialImage: autoDraw = True
2412.1140 	DATA 	Keypress: 5
2412.3010 	DATA 	Keypress: 2
2412.9090 	DATA 	Keypress: 5
2413.6218 	EXP 	im_trialImage: autoDraw = False
2413.6218 	EXP 	str_fixITI: autoDraw = True
2413.7136 	DATA 	Keypress: 5
2414.1123 	EXP 	New trial (rep=0, index=4): {'im_fName': 'cl021.jpg', 'key_correct': 2, 'im_type': 'scene', 'im_familiarity': 'familiar'}
2414.1300 	EXP 	str_fixITI: autoDraw = False
2414.1300 	EXP 	im_trialImage: size = array([0.8       , 0.94814815])
2414.1300 	EXP 	im_trialImage: image = 'cl021.jpg'
2414.1300 	EXP 	im_trialImage: autoDraw = True
2414.5051 	DATA 	Keypress: 5
2415.2171 	DATA 	Keypress: 2
2415.3071 	DATA 	Keypress: 5
2416.1082 	DATA 	Keypress: 5
2416.1287 	EXP 	im_trialImage: autoDraw = False
2416.1287 	EXP 	str_fixITI: autoDraw = True
2416.6208 	EXP 	New trial (rep=0, index=5): {'im_fName': 'cl022.jpg', 'key_correct': 2, 'im_type': 'scene', 'im_familiarity': 'familiar'}
2416.6391 	EXP 	str_fixITI: autoDraw = False
2416.6391 	EXP 	im_trialImage: size = array([0.8       , 0.94814815])
2416.6391 	EXP 	im_trialImage: image = 'cl022.jpg'
2416.6391 	EXP 	im_trialImage: autoDraw = True
2416.9082 	DATA 	Keypress: 5
2417.4042 	DATA 	Keypress: 2
2417.7042 	DATA 	Keypress: 5
2418.5042 	DATA 	Keypress: 5
2418.6203 	EXP 	im_trialImage: autoDraw = False
2418.6203 	EXP 	str_fixITI: autoDraw = True
2419.1191 	EXP 	New trial (rep=0, index=6): {'im_fName': 'cl023.jpg', 'key_correct': 1, 'im_type': 'animal', 'im_familiarity': 'familiar'}
2419.1522 	EXP 	str_fixITI: autoDraw = False
2419.1522 	EXP 	im_trialImage: size = array([0.79583333, 0.94259259])
2419.1522 	EXP 	im_trialImage: image = 'cl023.jpg'
2419.1522 	EXP 	im_trialImage: autoDraw = True
2419.3123 	DATA 	Keypress: 5
2419.9873 	DATA 	Keypress: 1
2420.1073 	DATA 	Keypress: 5
2420.9073 	DATA 	Keypress: 5
2421.1276 	EXP 	im_trialImage: autoDraw = False
2421.1276 	EXP 	str_fixITI: autoDraw = True
2421.6200 	EXP 	New trial (rep=0, index=7): {'im_fName': 'cl024.jpg', 'key_correct': 1, 'im_type': 'animal', 'im_familiarity': 'familiar'}
2421.6381 	EXP 	str_fixITI: autoDraw = False
2421.6381 	EXP 	im_trialImage: size = array([0.79583333, 0.94259259])
2421.6381 	EXP 	im_trialImage: image = 'cl024.jpg'
2421.6381 	EXP 	im_trialImage: autoDraw = True
2421.7033 	DATA 	Keypress: 5
2422.3205 	DATA 	Keypress: 1
2422.5064 	DATA 	Keypress: 5
2423.3114 	DATA 	Keypress: 5
2423.6341 	EXP 	im_trialImage: autoDraw = False
2423.6341 	EXP 	str_fixITI: autoDraw = True
2424.1054 	DATA 	Keypress: 5
2424.1271 	EXP 	str_fixITI: autoDraw = False
2424.1271 	EXP 	str_fixRest: autoDraw = True
2424.9052 	DATA 	Keypress: 5
2425.7041 	DATA 	Keypress: 5
2426.5033 	DATA 	Keypress: 5
2427.3023 	DATA 	Keypress: 5
2428.1102 	DATA 	Keypress: 5
2428.9024 	DATA 	Keypress: 5
2429.7053 	DATA 	Keypress: 5
2430.5033 	DATA 	Keypress: 5
2431.3094 	DATA 	Keypress: 5
2432.1025 	DATA 	Keypress: 5
2432.9115 	DATA 	Keypress: 5
2433.7094 	DATA 	Keypress: 5
2434.5105 	DATA 	Keypress: 5
2435.3106 	DATA 	Keypress: 5
2435.6145 	EXP 	str_bangRest: autoDraw = True
2435.6338 	EXP 	str_fixRest: autoDraw = False
2436.1080 	EXP 	New trial (rep=0, index=3): {'trialOrderFile': 'scan_order4.xlsx'}
2436.1143 	EXP 	Imported scan_order4.xlsx as conditions, 8 conditions, 4 params
2436.1145 	EXP 	Created sequence: sequential, trialTypes=8, nReps=1, seed=None
2436.1147 	EXP 	New trial (rep=0, index=0): {'im_fName': 'cl025.jpg', 'key_correct': 1, 'im_type': 'animal', 'im_familiarity': 'novel'}
2436.1360 	DATA 	Keypress: 5
2436.1481 	EXP 	str_bangRest: autoDraw = False
2436.1481 	EXP 	str_fixRest: autoDraw = False
2436.1481 	EXP 	str_bangRest: autoDraw = False
2436.1481 	EXP 	im_trialImage: size = array([0.8       , 0.94814815])
2436.1481 	EXP 	im_trialImage: image = 'cl025.jpg'
2436.1481 	EXP 	im_trialImage: autoDraw = True
2436.9080 	DATA 	Keypress: 5
2437.1750 	DATA 	Keypress: 1
2437.7080 	DATA 	Keypress: 5
2438.1306 	EXP 	im_trialImage: autoDraw = False
2438.1306 	EXP 	str_fixITI: autoDraw = True
2438.5097 	DATA 	Keypress: 5
2438.6168 	EXP 	New trial (rep=0, index=1): {'im_fName': 'cl026.jpg', 'key_correct': 1, 'im_type': 'animal', 'im_familiarity': 'novel'}
2438.6339 	EXP 	str_fixITI: autoDraw = False
2438.6339 	EXP 	im_trialImage: size = array([0.8       , 0.94814815])
2438.6339 	EXP 	im_trialImage: image = 'cl026.jpg'
2438.6339 	EXP 	im_trialImage: autoDraw = True
2439.3031 	DATA 	Keypress: 5
2439.4031 	DATA 	Keypress: 1
2440.1071 	DATA 	Keypress: 5
2440.6231 	EXP 	im_trialImage: autoDraw = False
2440.6231 	EXP 	str_fixITI: autoDraw = True
2440.9097 	DATA 	Keypress: 5
2441.1221 	EXP 	New trial (rep=0, index=2): {'im_fName': 'cl027.jpg', 'key_correct': 2, 'im_type': 'scene', 'im_familiarity': 'novel'}
2441.1402 	EXP 	str_fixITI: autoDraw = False
2441.1402 	EXP 	im_trialImage: size = array([0.8       , 0.94814815])
2441.1402 	EXP 	im_trialImage: image = 'cl027.jpg'
2441.1402 	EXP 	im_trialImage: autoDraw = True
2441.7022 	DATA 	Keypress: 5
2442.0022 	DATA 	Keypress: 2
2442.5082 	DATA 	Keypress: 5
2443.1296 	EXP 	im_trialImage: autoDraw = False
2443.1296 	EXP 	str_fixITI: autoDraw = True
2443.3089 	DATA 	Keypress: 5
2443.6134 	EXP 	New trial (rep=0, index=3): {'im_fName': 'cl028.jpg', 'key_correct': 2, 'im_type': 'scene', 'im_familiarity': 'novel'}
2443.6330 	EXP 	str_fixITI: autoDraw = False
2443.6330 	EXP 	im_trialImage: size = array([0.8       , 0.94814815])
2443.6330 	EXP 	im_trialImage: image = 'cl028.jpg'
2443.6330 	EXP 	im_trialImage: autoDraw = True
2444.1063 	DATA 	Keypress: 5
2444.4593 	DATA 	Keypress: 2
2444.9063 	DATA 	Keypress: 5
2445.6296 	EXP 	im_trialImage: autoDraw = False
2445.6296 	EXP 	str_fixITI: autoDraw = True
2445.7060 	DATA 	Keypress: 5
2446.1124 	EXP 	New trial (rep=0, index=4): {'im_fName': 'cl029.jpg', 'key_correct': 2, 'im_type': 'scene', 'im_familiarity': 'novel'}
2446.1302 	EXP 	str_fixITI: autoDraw = False
2446.1302 	EXP 	im_trialImage: size = array([0.8       , 0.94814815])
2446.1302 	EXP 	im_trialImage: image = 'cl029.jpg'
2446.1302 	EXP 	im_trialImage: autoDraw = True
2446.5143 	DATA 	Keypress: 5
2446.9054 	DATA 	Keypress: 2
2447.3054 	DATA 	Keypress: 5
2448.1054 	DATA 	Keypress: 5
2448.1229 	EXP 	im_trialImage: autoDraw = False
2448.1229 	EXP 	str_fixITI: autoDraw = True
2448.6128 	EXP 	New trial (rep=0, index=5): {'im_fName': 'cl030.jpg', 'key_correct': 1, 'im_type': 'animal', 'im_familiarity': 'novel'}
2448.6305 	EXP 	str_fixITI: autoDraw = False
2448.6305 	EXP 	im_trialImage: size = array([0.8       , 0.94814815])
2448.6305 	EXP 	im_trialImage: image = 'cl030.jpg'
2448.6305 	EXP 	im_trialImage: autoDraw = True
2448.9135 	DATA 	Keypress: 5
2449.4463 	DATA 	Keypress: 1
2449.7085 	DATA 	Keypress: 5
2450.5086 	DATA 	Keypress: 5
2450.6298 	EXP 	im_trialImage: autoDraw = False
2450.6298 	EXP 	str_fixITI: autoDraw = True
2451.1121 	EXP 	New trial (rep=0, index=6): {'im_fName': 'cl031.jpg', 'key_correct': 2, 'im_type': 'scene', 'im_familiarity': 'novel'}
2451.1538 	EXP 	str_fixITI: autoDraw = False
2451.1538 	EXP 	im_trialImage: size = array([0.79479167, 0.94814815])
2451.1538 	EXP 	im_trialImage: image = 'cl031.jpg'
2451.1538 	EXP 	im_trialImage: autoDraw = True
2451.3066 	DATA 	Keypress: 5
2452.1126 	DATA 	Keypress: 5
2452.2666 	DATA 	Keypress: 2
2452.9126 	DATA 	Keypress: 5
2453.1287 	EXP 	im_trialImage: autoDraw = False
2453.1287 	EXP 	str_fixITI: autoDraw = True
2453.6193 	EXP 	New trial (rep=0, index=7): {'im_fName': 'cl032.jpg', 'key_correct': 1, 'im_type': 'animal', 'im_familiarity': 'novel'}
2453.6438 	EXP 	str_fixITI: autoDraw = False
2453.6438 	EXP 	im_trialImage: size = array([0.8       , 0.94814815])
2453.6438 	EXP 	im_trialImage: image = 'cl032.jpg'
2453.6438 	EXP 	im_trialImage: autoDraw = True
2453.7066 	DATA 	Keypress: 5
2454.5057 	DATA 	Keypress: 5
2454.7287 	DATA 	Keypress: 1
2455.3067 	DATA 	Keypress: 5
2455.6268 	EXP 	im_trialImage: autoDraw = False
2455.6268 	EXP 	str_fixITI: autoDraw = True
2456.1032 	DATA 	Keypress: 5
2456.1287 	EXP 	str_fixITI: autoDraw = False
2456.1287 	EXP 	str_fixRest: autoDraw = True
2456.9034 	DATA 	Keypress: 5
2457.7054 	DATA 	Keypress: 5
2458.5035 	DATA 	Keypress: 5
2459.3066 	DATA 	Keypress: 5
2460.1056 	DATA 	Keypress: 5
2460.9106 	DATA 	Keypress: 5
2461.7018 	DATA 	Keypress: 5
2462.5027 	DATA 	Keypress: 5
2463.3046 	DATA 	Keypress: 5
2464.1047 	DATA 	Keypress: 5
2464.9097 	DATA 	Keypress: 5
2465.7088 	DATA 	Keypress: 5
2466.5099 	DATA 	Keypress: 5
2467.3027 	DATA 	Keypress: 5
2467.6234 	EXP 	str_bangRest: autoDraw = True
2467.6333 	EXP 	str_fixRest: autoDraw = False
2468.1021 	DATA 	Keypress: 5
2468.1241 	EXP 	New trial (rep=0, index=4): {'trialOrderFile': 'scan_order5.xlsx'}
2468.1309 	EXP 	Imported scan_order5.xlsx as conditions, 8 conditions, 4 params
2468.1311 	EXP 	Created sequence: sequential, trialTypes=8, nReps=1, seed=None
2468.1313 	EXP 	New trial (rep=0, index=0): {'im_fName': 'cl033.jpg', 'key_correct': 1, 'im_type': 'animal', 'im_familiarity': 'familiar'}
2468.1572 	EXP 	str_fixRest: autoDraw = False
2468.1572 	EXP 	str_bangRest: autoDraw = False
2468.1572 	EXP 	im_trialImage: size = array([0.79583333, 0.94259259])
2468.1572 	EXP 	im_trialImage: image = 'cl033.jpg'
2468.1572 	EXP 	im_trialImage: autoDraw = True
2468.9103 	DATA 	Keypress: 5
2468.9116 	DATA 	Keypress: 1
2469.7023 	DATA 	Keypress: 5
2470.1234 	EXP 	im_trialImage: autoDraw = False
2470.1234 	EXP 	str_fixITI: autoDraw = True
2470.5090 	DATA 	Keypress: 5
2470.6150 	EXP 	New trial (rep=0, index=1): {'im_fName': 'cl034.jpg', 'key_correct': 1, 'im_type': 'animal', 'im_familiarity': 'familiar'}
2470.6333 	EXP 	str_fixITI: autoDraw = False
2470.6333 	EXP 	im_trialImage: size = array([0.79583333, 0.94259259])
2470.6333 	EXP 	im_trialImage: image = 'cl034.jpg'
2470.6333 	EXP 	im_trialImage: autoDraw = True
2471.3084 	DATA 	Keypress: 5
2471.3944 	DATA 	Keypress: 1
2472.1084 	DATA 	Keypress: 5
2472.6235 	EXP 	im_trialImage: autoDraw = False
2472.6235 	EXP 	str_fixITI: autoDraw = True
2472.9111 	DATA 	Keypress: 5
2473.1142 	EXP 	New trial (rep=0, index=2): {'im_fName': 'cl035.jpg', 'key_correct': 1, 'im_type': 'animal', 'im_familiarity': 'familiar'}
2473.1311 	EXP 	str_fixITI: autoDraw = False
2473.1311 	EXP 	im_trialImage: size = array([0.79583333, 0.94259259])
2473.1311 	EXP 	im_trialImage: image = 'cl035.jpg'
2473.1311 	EXP 	im_trialImage: autoDraw = True
2473.7075 	DATA 	Keypress: 5
2473.8845 	DATA 	Keypress: 1
2474.5075 	DATA 	Keypress: 5
2475.1238 	EXP 	im_trialImage: autoDraw = False
2475.1238 	EXP 	str_fixITI: autoDraw = True
2475.3092 	DATA 	Keypress: 5
2475.6150 	EXP 	New trial (rep=0, index=3): {'im_fName': 'cl036.jpg', 'key_correct': 2, 'im_type': 'scene', 'im_familiarity': 'familiar'}
2475.6561 	EXP 	str_fixITI: autoDraw = False
2475.6561 	EXP 	im_trialImage: size = array([0.8       , 0.94814815])
2475.6561 	EXP 	im_trialImage: image = 'cl036.jpg'
2475.6561 	EXP 	im_trialImage: autoDraw = True
2476.1025 	DATA 	Keypress: 5
2476.3067 	DATA 	Keypress: 2
2476.9087 	DATA 	Keypress: 5
2477.6296 	EXP 	im_trialImage: autoDraw = False
2477.6296 	EXP 	str_fixITI: autoDraw = True
2477.7073 	DATA 	Keypress: 5
2478.1214 	EXP 	New trial (rep=0, index=4): {'im_fName': 'cl037.jpg', 'key_correct': 1, 'im_type': 'animal', 'im_familiarity': 'familiar'}
2478.1462 	EXP 	str_fixITI: autoDraw = False
2478.1462 	EXP 	im_trialImage: size = array([0.79583333, 0.94259259])
2478.1462 	EXP 	im_trialImage: image = 'cl037.jpg'
2478.1462 	EXP 	im_trialImage: autoDraw = True
2478.5067 	DATA 	Keypress: 5
2479.1727 	DATA 	Keypress: 1
2479.3067 	DATA 	Keypress: 5
2480.1057 	DATA 	Keypress: 5
2480.1231 	EXP 	im_trialImage: autoDraw = False
2480.1231 	EXP 	str_fixITI: autoDraw = True
2480.6208 	EXP 	New trial (rep=0, index=5): {'im_fName': 'cl038.jpg', 'key_correct': 2, 'im_type': 'scene', 'im_familiarity': 'familiar'}
2480.6456 	EXP 	str_fixITI: autoDraw = False
2480.6456 	EXP 	im_trialImage: size = array([0.8       , 0.94814815])
2480.6456 	EXP 	im_trialImage: image = 'cl038.jpg'
2480.6456 	EXP 	im_trialImage: autoDraw = True
2480.9058 	DATA 	Keypress: 5
2481.3078 	DATA 	Keypress: 2
2481.7088 	DATA 	Keypress: 5
2482.5088 	DATA 	Keypress: 5
2482.6292 	EXP 	im_trialImage: autoDraw = False
2482.6292 	EXP 	str_fixITI: autoDraw = True
2483.1135 	EXP 	New trial (rep=0, index=6): {'im_fName': 'cl039.jpg', 'key_correct': 2, 'im_type': 'scene', 'im_familiarity': 'familiar'}
2483.1471 	EXP 	str_fixITI: autoDraw = False
2483.1471 	EXP 	im_trialImage: size = array([0.8       , 0.94814815])
2483.1471 	EXP 	im_trialImage: image = 'cl039.jpg'
2483.1471 	EXP 	im_trialImage: autoDraw = True
2483.3069 	DATA 	Keypress: 5
2483.8999 	DATA 	Keypress: 2
2484.1139 	DATA 	Keypress: 5
2484.9069 	DATA 	Keypress: 5
2485.1276 	EXP 	im_trialImage: autoDraw = False
2485.1276 	EXP 	str_fixITI: autoDraw = True
2485.6137 	EXP 	New trial (rep=0, index=7): {'im_fName': 'cl040.jpg', 'key_correct': 2, 'im_type': 'scene', 'im_familiarity': 'familiar'}
2485.6309 	EXP 	str_fixITI: autoDraw = False
2485.6309 	EXP 	im_trialImage: size = array([0.8       , 0.94814815])
2485.6309 	EXP 	im_trialImage: image = 'cl040.jpg'
2485.6309 	EXP 	im_trialImage: autoDraw = True
2485.7130 	DATA 	Keypress: 5
2486.2660 	DATA 	Keypress: 2
2486.5130 	DATA 	Keypress: 5
2487.3131 	DATA 	Keypress: 5
2487.6293 	EXP 	im_trialImage: autoDraw = False
2487.6293 	EXP 	str_fixITI: autoDraw = True
2488.1077 	DATA 	Keypress: 5
2488.1281 	EXP 	str_fixITI: autoDraw = False
2488.1281 	EXP 	str_fixRest: autoDraw = True
2488.9036 	DATA 	Keypress: 5
2489.7038 	DATA 	Keypress: 5
2490.5058 	DATA 	Keypress: 5
2491.3068 	DATA 	Keypress: 5
2492.1030 	DATA 	Keypress: 5
2492.9060 	DATA 	Keypress: 5
2493.7110 	DATA 	Keypress: 5
2494.5109 	DATA 	Keypress: 5
2495.3050 	DATA 	Keypress: 5
2496.1110 	DATA 	Keypress: 5
2496.9021 	DATA 	Keypress: 5
2497.7021 	DATA 	Keypress: 5
2498.5032 	DATA 	Keypress: 5
2499.3102 	DATA 	Keypress: 5
2499.6240 	EXP 	str_bangRest: autoDraw = True
2499.6328 	EXP 	str_fixRest: autoDraw = False
2500.1033 	DATA 	Keypress: 5
2500.1246 	EXP 	New trial (rep=0, index=5): {'trialOrderFile': 'scan_order6.xlsx'}
2500.1314 	EXP 	Imported scan_order6.xlsx as conditions, 8 conditions, 4 params
2500.1317 	EXP 	Created sequence: sequential, trialTypes=8, nReps=1, seed=None
2500.1319 	EXP 	New trial (rep=0, index=0): {'im_fName': 'cl041.jpg', 'key_correct': 2, 'im_type': 'scene', 'im_familiarity': 'novel'}
2500.1606 	EXP 	str_fixRest: autoDraw = False
2500.1606 	EXP 	str_bangRest: autoDraw = False
2500.1606 	EXP 	im_trialImage: size = array([0.8       , 0.94814815])
2500.1606 	EXP 	im_trialImage: image = 'cl041.jpg'
2500.1606 	EXP 	im_trialImage: autoDraw = True
2500.9106 	DATA 	Keypress: 5
2501.3676 	DATA 	Keypress: 2
2501.7106 	DATA 	Keypress: 5
2502.1318 	EXP 	im_trialImage: autoDraw = False
2502.1318 	EXP 	str_fixITI: autoDraw = True
2502.5033 	DATA 	Keypress: 5
2502.6187 	EXP 	New trial (rep=0, index=1): {'im_fName': 'cl042.jpg', 'key_correct': 2, 'im_type': 'scene', 'im_familiarity': 'novel'}
2502.6416 	EXP 	str_fixITI: autoDraw = False
2502.6416 	EXP 	im_trialImage: size = array([0.8       , 0.94814815])
2502.6416 	EXP 	im_trialImage: image = 'cl042.jpg'
2502.6416 	EXP 	im_trialImage: autoDraw = True
2503.3087 	DATA 	Keypress: 5
2503.3757 	DATA 	Keypress: 2
2504.1118 	DATA 	Keypress: 5
2504.6321 	EXP 	im_trialImage: autoDraw = False
2504.6321 	EXP 	str_fixITI: autoDraw = True
2504.9084 	DATA 	Keypress: 5
2505.1154 	EXP 	New trial (rep=0, index=2): {'im_fName': 'cl043.jpg', 'key_correct': 1, 'im_type': 'animal', 'im_familiarity': 'novel'}
2505.1480 	EXP 	str_fixITI: autoDraw = False
2505.1480 	EXP 	im_trialImage: size = array([0.79583333, 0.94259259])
2505.1480 	EXP 	im_trialImage: image = 'cl043.jpg'
2505.1480 	EXP 	im_trialImage: autoDraw = True
2505.7078 	DATA 	Keypress: 5
2506.0519 	DATA 	Keypress: 1
2506.5098 	DATA 	Keypress: 5
2507.1305 	EXP 	im_trialImage: autoDraw = False
2507.1305 	EXP 	str_fixITI: autoDraw = True
2507.3105 	DATA 	Keypress: 5
2507.6148 	EXP 	New trial (rep=0, index=3): {'im_fName': 'cl044.jpg', 'key_correct': 1, 'im_type': 'animal', 'im_familiarity': 'novel'}
2507.6391 	EXP 	str_fixITI: autoDraw = False
2507.6391 	EXP 	im_trialImage: size = array([0.79375  , 0.9462963])
2507.6391 	EXP 	im_trialImage: image = 'cl044.jpg'
2507.6391 	EXP 	im_trialImage: autoDraw = True
2508.1089 	DATA 	Keypress: 5
2508.3759 	DATA 	Keypress: 1
2508.9089 	DATA 	Keypress: 5
2509.6299 	EXP 	im_trialImage: autoDraw = False
2509.6299 	EXP 	str_fixITI: autoDraw = True
2509.7076 	DATA 	Keypress: 5
2510.1220 	EXP 	New trial (rep=0, index=4): {'im_fName': 'cl045.jpg', 'key_correct': 1, 'im_type': 'animal', 'im_familiarity': 'novel'}
2510.1635 	EXP 	str_fixITI: autoDraw = False
2510.1635 	EXP 	im_trialImage: size = array([0.8       , 0.94814815])
2510.1635 	EXP 	im_trialImage: image = 'cl045.jpg'
2510.1635 	EXP 	im_trialImage: autoDraw = True
2510.5100 	DATA 	Keypress: 5
2511.1591 	DATA 	Keypress: 1
2511.3090 	DATA 	Keypress: 5
2512.1101 	DATA 	Keypress: 5
2512.1306 	EXP 	im_trialImage: autoDraw = False
2512.1306 	EXP 	str_fixITI: autoDraw = True
2512.6158 	EXP 	New trial (rep=0, index=5): {'im_fName': 'cl046.jpg', 'key_correct': 2, 'im_type': 'scene', 'im_familiarity': 'novel'}
2512.6486 	EXP 	str_fixITI: autoDraw = False
2512.6486 	EXP 	im_trialImage: size = array([0.8       , 0.94814815])
2512.6486 	EXP 	im_trialImage: image = 'cl046.jpg'
2512.6486 	EXP 	im_trialImage: autoDraw = True
2512.9081 	DATA 	Keypress: 5
2513.1751 	DATA 	Keypress: 2
2513.7081 	DATA 	Keypress: 5
2514.5082 	DATA 	Keypress: 5
2514.6292 	EXP 	im_trialImage: autoDraw = False
2514.6292 	EXP 	str_fixITI: autoDraw = True
2515.1136 	EXP 	New trial (rep=0, index=6): {'im_fName': 'cl047.jpg', 'key_correct': 2, 'im_type': 'scene', 'im_familiarity': 'novel'}
2515.1313 	EXP 	str_fixITI: autoDraw = False
2515.1313 	EXP 	im_trialImage: size = array([0.8       , 0.94814815])
2515.1313 	EXP 	im_trialImage: image = 'cl047.jpg'
2515.1313 	EXP 	im_trialImage: autoDraw = True
2515.3093 	DATA 	Keypress: 5
2515.7663 	DATA 	Keypress: 2
2516.1143 	DATA 	Keypress: 5
2516.9144 	DATA 	Keypress: 5
2517.1226 	EXP 	im_trialImage: autoDraw = False
2517.1226 	EXP 	str_fixITI: autoDraw = True
2517.6139 	EXP 	New trial (rep=0, index=7): {'im_fName': 'cl048.jpg', 'key_correct': 1, 'im_type': 'animal', 'im_familiarity': 'novel'}
2517.6453 	EXP 	str_fixITI: autoDraw = False
2517.6453 	EXP 	im_trialImage: size = array([0.79583333, 0.94259259])
2517.6453 	EXP 	im_trialImage: image = 'cl048.jpg'
2517.6453 	EXP 	im_trialImage: autoDraw = True
2517.7052 	DATA 	Keypress: 5
2518.3813 	DATA 	Keypress: 1
2518.5052 	DATA 	Keypress: 5
2519.3053 	DATA 	Keypress: 5
2519.6204 	EXP 	im_trialImage: autoDraw = False
2519.6204 	EXP 	str_fixITI: autoDraw = True
2520.1060 	DATA 	Keypress: 5
2520.1273 	EXP 	str_fixITI: autoDraw = False
2520.1273 	EXP 	str_fixRest: autoDraw = True
2520.9050 	DATA 	Keypress: 5
2521.7132 	DATA 	Keypress: 5
2522.5072 	DATA 	Keypress: 5
2523.3121 	DATA 	Keypress: 5
2524.1062 	DATA 	Keypress: 5
2524.9052 	DATA 	Keypress: 5
2525.7073 	DATA 	Keypress: 5
2526.5022 	DATA 	Keypress: 5
2527.3112 	DATA 	Keypress: 5
2528.1054 	DATA 	Keypress: 5
2528.9025 	DATA 	Keypress: 5
2529.7055 	DATA 	Keypress: 5
2530.5115 	DATA 	Keypress: 5
2531.3027 	DATA 	Keypress: 5
2531.6105 	EXP 	str_bangRest: autoDraw = True
2531.6338 	EXP 	str_fixRest: autoDraw = False
2532.1089 	EXP 	New trial (rep=0, index=6): {'trialOrderFile': 'scan_order7.xlsx'}
2532.1162 	EXP 	Imported scan_order7.xlsx as conditions, 8 conditions, 4 params
2532.1165 	EXP 	Created sequence: sequential, trialTypes=8, nReps=1, seed=None
2532.1167 	EXP 	New trial (rep=0, index=0): {'im_fName': 'cl049.jpg', 'key_correct': 1, 'im_type': 'animal', 'im_familiarity': 'familiar'}
2532.1269 	DATA 	Keypress: 5
2532.1349 	EXP 	str_bangRest: autoDraw = False
2532.1349 	EXP 	str_fixRest: autoDraw = False
2532.1349 	EXP 	str_bangRest: autoDraw = False
2532.1349 	EXP 	im_trialImage: size = array([0.79583333, 0.94259259])
2532.1349 	EXP 	im_trialImage: image = 'cl049.jpg'
2532.1349 	EXP 	im_trialImage: autoDraw = True
2532.9018 	DATA 	Keypress: 5
2532.9218 	DATA 	Keypress: 1
2533.7020 	DATA 	Keypress: 5
2534.1253 	EXP 	im_trialImage: autoDraw = False
2534.1253 	EXP 	str_fixITI: autoDraw = True
2534.5027 	DATA 	Keypress: 5
2534.6167 	EXP 	New trial (rep=0, index=1): {'im_fName': 'cl050.jpg', 'key_correct': 1, 'im_type': 'animal', 'im_familiarity': 'familiar'}
2534.6340 	EXP 	str_fixITI: autoDraw = False
2534.6340 	EXP 	im_trialImage: size = array([0.79583333, 0.94259259])
2534.6340 	EXP 	im_trialImage: image = 'cl050.jpg'
2534.6340 	EXP 	im_trialImage: autoDraw = True
2535.3090 	DATA 	Keypress: 5
2535.3760 	DATA 	Keypress: 1
2536.1090 	DATA 	Keypress: 5
2536.6252 	EXP 	im_trialImage: autoDraw = False
2536.6252 	EXP 	str_fixITI: autoDraw = True
2536.9097 	DATA 	Keypress: 5
2537.1167 	EXP 	New trial (rep=0, index=2): {'im_fName': 'cl051.jpg', 'key_correct': 1, 'im_type': 'animal', 'im_familiarity': 'familiar'}
2537.1341 	EXP 	str_fixITI: autoDraw = False
2537.1341 	EXP 	im_trialImage: size = array([0.79583333, 0.94259259])
2537.1341 	EXP 	im_trialImage: image = 'cl051.jpg'
2537.1341 	EXP 	im_trialImage: autoDraw = True
2537.7041 	DATA 	Keypress: 5
2537.9041 	DATA 	Keypress: 1
2538.5031 	DATA 	Keypress: 5
2539.1232 	EXP 	im_trialImage: autoDraw = False
2539.1232 	EXP 	str_fixITI: autoDraw = True
2539.3077 	DATA 	Keypress: 5
2539.6167 	EXP 	New trial (rep=0, index=3): {'im_fName': 'cl052.jpg', 'key_correct': 2, 'im_type': 'scene', 'im_familiarity': 'familiar'}
2539.6663 	EXP 	str_fixITI: autoDraw = False
2539.6663 	EXP 	im_trialImage: size = array([0.8       , 0.94814815])
2539.6663 	EXP 	im_trialImage: image = 'cl052.jpg'
2539.6663 	EXP 	im_trialImage: autoDraw = True
2540.1112 	DATA 	Keypress: 5
2540.3252 	DATA 	Keypress: 2
2540.9032 	DATA 	Keypress: 5
2541.6235 	EXP 	im_trialImage: autoDraw = False
2541.6235 	EXP 	str_fixITI: autoDraw = True
2541.7159 	DATA 	Keypress: 5
2542.1170 	EXP 	New trial (rep=0, index=4): {'im_fName': 'cl053.jpg', 'key_correct': 2, 'im_type': 'scene', 'im_familiarity': 'familiar'}
2542.1387 	EXP 	str_fixITI: autoDraw = False
2542.1387 	EXP 	im_trialImage: size = array([0.8       , 0.94814815])
2542.1387 	EXP 	im_trialImage: image = 'cl053.jpg'
2542.1387 	EXP 	im_trialImage: autoDraw = True
2542.5093 	DATA 	Keypress: 5
2542.8574 	DATA 	Keypress: 2
2543.3103 	DATA 	Keypress: 5
2544.1104 	DATA 	Keypress: 5
2544.1305 	EXP 	im_trialImage: autoDraw = False
2544.1305 	EXP 	str_fixITI: autoDraw = True
2544.6140 	EXP 	New trial (rep=0, index=5): {'im_fName': 'cl054.jpg', 'key_correct': 2, 'im_type': 'scene', 'im_familiarity': 'familiar'}
2544.6409 	EXP 	str_fixITI: autoDraw = False
2544.6409 	EXP 	im_trialImage: size = array([0.8       , 0.94814815])
2544.6409 	EXP 	im_trialImage: image = 'cl054.jpg'
2544.6409 	EXP 	im_trialImage: autoDraw = True
2544.9104 	DATA 	Keypress: 5
2545.3575 	DATA 	Keypress: 2
2545.7154 	DATA 	Keypress: 5
2546.5155 	DATA 	Keypress: 5
2546.6216 	EXP 	im_trialImage: autoDraw = False
2546.6216 	EXP 	str_fixITI: autoDraw = True
2547.1150 	EXP 	New trial (rep=0, index=6): {'im_fName': 'cl055.jpg', 'key_correct': 1, 'im_type': 'animal', 'im_familiarity': 'familiar'}
2547.1476 	EXP 	str_fixITI: autoDraw = False
2547.1476 	EXP 	im_trialImage: size = array([0.79583333, 0.94259259])
2547.1476 	EXP 	im_trialImage: image = 'cl055.jpg'
2547.1476 	EXP 	im_trialImage: autoDraw = True
2547.3066 	DATA 	Keypress: 5
2547.8246 	DATA 	Keypress: 1
2548.1145 	DATA 	Keypress: 5
2548.9146 	DATA 	Keypress: 5
2549.1206 	EXP 	im_trialImage: autoDraw = False
2549.1206 	EXP 	str_fixITI: autoDraw = True
2549.6143 	EXP 	New trial (rep=0, index=7): {'im_fName': 'cl056.jpg', 'key_correct': 2, 'im_type': 'scene', 'im_familiarity': 'familiar'}
2549.6377 	EXP 	str_fixITI: autoDraw = False
2549.6377 	EXP 	im_trialImage: size = array([0.8       , 0.94814815])
2549.6377 	EXP 	im_trialImage: image = 'cl056.jpg'
2549.6377 	EXP 	im_trialImage: autoDraw = True
2549.7096 	DATA 	Keypress: 5
2550.2146 	DATA 	Keypress: 2
2550.5136 	DATA 	Keypress: 5
2551.3077 	DATA 	Keypress: 5
2551.6289 	EXP 	im_trialImage: autoDraw = False
2551.6289 	EXP 	str_fixITI: autoDraw = True
2552.1054 	DATA 	Keypress: 5
2552.1227 	EXP 	str_fixITI: autoDraw = False
2552.1227 	EXP 	str_fixRest: autoDraw = True
2552.9053 	DATA 	Keypress: 5
2553.7054 	DATA 	Keypress: 5
2554.5065 	DATA 	Keypress: 5
2555.3065 	DATA 	Keypress: 5
2556.1045 	DATA 	Keypress: 5
2556.9066 	DATA 	Keypress: 5
2557.7056 	DATA 	Keypress: 5
2558.5052 	DATA 	Keypress: 5
2559.3056 	DATA 	Keypress: 5
2560.1116 	DATA 	Keypress: 5
2560.9053 	DATA 	Keypress: 5
2561.7027 	DATA 	Keypress: 5
2562.5058 	DATA 	Keypress: 5
2563.3108 	DATA 	Keypress: 5
2563.6117 	EXP 	str_bangRest: autoDraw = True
2563.6340 	EXP 	str_fixRest: autoDraw = False
2564.1038 	DATA 	Keypress: 5
2564.1121 	EXP 	New trial (rep=0, index=7): {'trialOrderFile': 'scan_order8.xlsx'}
2564.1185 	EXP 	Imported scan_order8.xlsx as conditions, 8 conditions, 4 params
2564.1187 	EXP 	Created sequence: sequential, trialTypes=8, nReps=1, seed=None
2564.1190 	EXP 	New trial (rep=0, index=0): {'im_fName': 'cl057.jpg', 'key_correct': 2, 'im_type': 'scene', 'im_familiarity': 'novel'}
2564.1423 	EXP 	str_bangRest: autoDraw = False
2564.1423 	EXP 	str_fixRest: autoDraw = False
2564.1423 	EXP 	str_bangRest: autoDraw = False
2564.1423 	EXP 	im_trialImage: size = array([0.79583333, 0.94259259])
2564.1423 	EXP 	im_trialImage: image = 'cl057.jpg'
2564.1423 	EXP 	im_trialImage: autoDraw = True
2564.9042 	DATA 	Keypress: 5
2565.1472 	DATA 	Keypress: 2
2565.7033 	DATA 	Keypress: 5
2566.1346 	EXP 	im_trialImage: autoDraw = False
2566.1346 	EXP 	str_fixITI: autoDraw = True
2566.5109 	DATA 	Keypress: 5
2566.6251 	EXP 	New trial (rep=0, index=1): {'im_fName': 'cl058.jpg', 'key_correct': 2, 'im_type': 'scene', 'im_familiarity': 'novel'}
2566.6831 	EXP 	str_fixITI: autoDraw = False
2566.6831 	EXP 	im_trialImage: size = array([0.8       , 0.94814815])
2566.6831 	EXP 	im_trialImage: image = 'cl058.jpg'
2566.6831 	EXP 	im_trialImage: autoDraw = True
2567.2703 	DATA 	Keypress: 2
2567.3034 	DATA 	Keypress: 5
2568.1043 	DATA 	Keypress: 5
2568.6323 	EXP 	im_trialImage: autoDraw = False
2568.6323 	EXP 	str_fixITI: autoDraw = True
2568.9100 	DATA 	Keypress: 5
2569.1180 	EXP 	New trial (rep=0, index=2): {'im_fName': 'cl059.jpg', 'key_correct': 1, 'im_type': 'animal', 'im_familiarity': 'novel'}
2569.1352 	EXP 	str_fixITI: autoDraw = False
2569.1352 	EXP 	im_trialImage: size = array([0.8       , 0.94814815])
2569.1352 	EXP 	im_trialImage: image = 'cl059.jpg'
2569.1352 	EXP 	im_trialImage: autoDraw = True
2569.7044 	DATA 	Keypress: 5
2569.8944 	DATA 	Keypress: 1
2570.5044 	DATA 	Keypress: 5
2571.1248 	EXP 	im_trialImage: autoDraw = False
2571.1248 	EXP 	str_fixITI: autoDraw = True
2571.3091 	DATA 	Keypress: 5
2571.6155 	EXP 	New trial (rep=0, index=3): {'im_fName': 'cl060.jpg', 'key_correct': 2, 'im_type': 'scene', 'im_familiarity': 'novel'}
2571.6406 	EXP 	str_fixITI: autoDraw = False
2571.6406 	EXP 	im_trialImage: size = array([0.79375   , 0.93888889])
2571.6406 	EXP 	im_trialImage: image = 'cl060.jpg'
2571.6406 	EXP 	im_trialImage: autoDraw = True
2572.1104 	DATA 	Keypress: 5
2572.5206 	DATA 	Keypress: 2
2572.9105 	DATA 	Keypress: 5
2573.6312 	EXP 	im_trialImage: autoDraw = False
2573.6312 	EXP 	str_fixITI: autoDraw = True
2573.7103 	DATA 	Keypress: 5
2574.1177 	EXP 	New trial (rep=0, index=4): {'im_fName': 'cl061.jpg', 'key_correct': 2, 'im_type': 'scene', 'im_familiarity': 'novel'}
2574.1397 	EXP 	str_fixITI: autoDraw = False
2574.1397 	EXP 	im_trialImage: size = array([0.8       , 0.94814815])
2574.1397 	EXP 	im_trialImage: image = 'cl061.jpg'
2574.1397 	EXP 	im_trialImage: autoDraw = True
2574.5096 	DATA 	Keypress: 5
2574.7196 	DATA 	Keypress: 2
2575.3117 	DATA 	Keypress: 5
2576.1162 	DATA 	Keypress: 5
2576.1233 	EXP 	im_trialImage: autoDraw = False
2576.1233 	EXP 	str_fixITI: autoDraw = True
2576.6165 	EXP 	New trial (rep=0, index=5): {'im_fName': 'cl062.jpg', 'key_correct': 1, 'im_type': 'animal', 'im_familiarity': 'novel'}
2576.6387 	EXP 	str_fixITI: autoDraw = False
2576.6387 	EXP 	im_trialImage: size = array([0.8       , 0.94814815])
2576.6387 	EXP 	im_trialImage: image = 'cl062.jpg'
2576.6387 	EXP 	im_trialImage: autoDraw = True
2576.9107 	DATA 	Keypress: 5
2577.4008 	DATA 	Keypress: 1
2577.7108 	DATA 	Keypress: 5
2578.5028 	DATA 	Keypress: 5
2578.6218 	EXP 	im_trialImage: autoDraw = False
2578.6218 	EXP 	str_fixITI: autoDraw = True
2579.1220 	EXP 	New trial (rep=0, index=6): {'im_fName': 'cl063.jpg', 'key_correct': 1, 'im_type': 'animal', 'im_familiarity': 'novel'}
2579.1554 	EXP 	str_fixITI: autoDraw = False
2579.1554 	EXP 	im_trialImage: size = array([0.79583333, 0.94259259])
2579.1554 	EXP 	im_trialImage: image = 'cl063.jpg'
2579.1554 	EXP 	im_trialImage: autoDraw = True
2579.3069 	DATA 	Keypress: 5
2579.8408 	DATA 	Keypress: 1
2580.1069 	DATA 	Keypress: 5
2580.9069 	DATA 	Keypress: 5
2581.1231 	EXP 	im_trialImage: autoDraw = False
2581.1231 	EXP 	str_fixITI: autoDraw = True
2581.6132 	EXP 	New trial (rep=0, index=7): {'im_fName': 'cl064.jpg', 'key_correct': 1, 'im_type': 'animal', 'im_familiarity': 'novel'}
2581.6320 	EXP 	str_fixITI: autoDraw = False
2581.6320 	EXP 	im_trialImage: size = array([0.79583333, 0.94259259])
2581.6320 	EXP 	im_trialImage: image = 'cl064.jpg'
2581.6320 	EXP 	im_trialImage: autoDraw = True
2581.7088 	DATA 	Keypress: 5
2582.4260 	DATA 	Keypress: 1
2582.5070 	DATA 	Keypress: 5
2583.3080 	DATA 	Keypress: 5
2583.6288 	EXP 	im_trialImage: autoDraw = False
2583.6288 	EXP 	str_fixITI: autoDraw = True
2584.1097 	DATA 	Keypress: 5
2584.1301 	EXP 	str_fixITI: autoDraw = False
2584.1301 	EXP 	str_fixRest: autoDraw = True
2584.9077 	DATA 	Keypress: 5
2585.7057 	DATA 	Keypress: 5
2586.5137 	DATA 	Keypress: 5
2587.3067 	DATA 	Keypress: 5
2588.1058 	DATA 	Keypress: 5
2588.9128 	DATA 	Keypress: 5
2589.7128 	DATA 	Keypress: 5
2590.5074 	DATA 	Keypress: 5
2591.3070 	DATA 	Keypress: 5
2592.1070 	DATA 	Keypress: 5
2592.9120 	DATA 	Keypress: 5
2593.7040 	DATA 	Keypress: 5
2594.5060 	DATA 	Keypress: 5
2595.3030 	DATA 	Keypress: 5
2595.6194 	EXP 	str_bangRest: autoDraw = True
2595.6370 	EXP 	str_fixRest: autoDraw = False
2596.1051 	DATA 	Keypress: 5
2596.1132 	EXP 	New trial (rep=0, index=8): {'trialOrderFile': 'scan_order9.xlsx'}
2596.1195 	EXP 	Imported scan_order9.xlsx as conditions, 8 conditions, 4 params
2596.1198 	EXP 	Created sequence: sequential, trialTypes=8, nReps=1, seed=None
2596.1200 	EXP 	New trial (rep=0, index=0): {'im_fName': 'cl065.jpg', 'key_correct': 2, 'im_type': 'scene', 'im_familiarity': 'familiar'}
2596.1438 	EXP 	str_fixRest: autoDraw = False
2596.1438 	EXP 	str_bangRest: autoDraw = False
2596.1438 	EXP 	im_trialImage: size = array([0.8       , 0.94814815])
2596.1438 	EXP 	im_trialImage: image = 'cl065.jpg'
2596.1438 	EXP 	im_trialImage: autoDraw = True
2596.9116 	DATA 	Keypress: 5
2596.9645 	DATA 	Keypress: 2
2597.7106 	DATA 	Keypress: 5
2598.1279 	EXP 	im_trialImage: autoDraw = False
2598.1279 	EXP 	str_fixITI: autoDraw = True
2598.5032 	DATA 	Keypress: 5
2598.6193 	EXP 	New trial (rep=0, index=1): {'im_fName': 'cl066.jpg', 'key_correct': 1, 'im_type': 'animal', 'im_familiarity': 'familiar'}
2598.6426 	EXP 	str_fixITI: autoDraw = False
2598.6426 	EXP 	im_trialImage: size = array([0.79583333, 0.94259259])
2598.6426 	EXP 	im_trialImage: image = 'cl066.jpg'
2598.6426 	EXP 	im_trialImage: autoDraw = True
2599.3027 	DATA 	Keypress: 5
2599.3127 	DATA 	Keypress: 1
2600.1037 	DATA 	Keypress: 5
2600.6270 	EXP 	im_trialImage: autoDraw = False
2600.6270 	EXP 	str_fixITI: autoDraw = True
2600.9043 	DATA 	Keypress: 5
2601.1170 	EXP 	New trial (rep=0, index=2): {'im_fName': 'cl067.jpg', 'key_correct': 2, 'im_type': 'scene', 'im_familiarity': 'familiar'}
2601.1415 	EXP 	str_fixITI: autoDraw = False
2601.1415 	EXP 	im_trialImage: size = array([0.8       , 0.94814815])
2601.1415 	EXP 	im_trialImage: image = 'cl067.jpg'
2601.1415 	EXP 	im_trialImage: autoDraw = True
2601.7038 	DATA 	Keypress: 5
2601.8617 	DATA 	Keypress: 2
2602.5098 	DATA 	Keypress: 5
2603.1251 	EXP 	im_trialImage: autoDraw = False
2603.1251 	EXP 	str_fixITI: autoDraw = True
2603.3026 	DATA 	Keypress: 5
2603.6195 	EXP 	New trial (rep=0, index=3): {'im_fName': 'cl068.jpg', 'key_correct': 1, 'im_type': 'animal', 'im_familiarity': 'familiar'}
2603.6429 	EXP 	str_fixITI: autoDraw = False
2603.6429 	EXP 	im_trialImage: size = array([0.79583333, 0.94259259])
2603.6429 	EXP 	im_trialImage: image = 'cl068.jpg'
2603.6429 	EXP 	im_trialImage: autoDraw = True
2604.1109 	DATA 	Keypress: 5
2604.4009 	DATA 	Keypress: 1
2604.9109 	DATA 	Keypress: 5
2605.6318 	EXP 	im_trialImage: autoDraw = False
2605.6318 	EXP 	str_fixITI: autoDraw = True
2605.7096 	DATA 	Keypress: 5
2606.1172 	EXP 	New trial (rep=0, index=4): {'im_fName': 'cl069.jpg', 'key_correct': 1, 'im_type': 'animal', 'im_familiarity': 'familiar'}
2606.1399 	EXP 	str_fixITI: autoDraw = False
2606.1399 	EXP 	im_trialImage: size = array([0.79583333, 0.94259259])
2606.1399 	EXP 	im_trialImage: image = 'cl069.jpg'
2606.1399 	EXP 	im_trialImage: autoDraw = True
2606.5109 	DATA 	Keypress: 5
2606.8689 	DATA 	Keypress: 1
2607.3100 	DATA 	Keypress: 5
2608.1120 	DATA 	Keypress: 5
2608.1324 	EXP 	im_trialImage: autoDraw = False
2608.1324 	EXP 	str_fixITI: autoDraw = True
2608.6178 	EXP 	New trial (rep=0, index=5): {'im_fName': 'cl070.jpg', 'key_correct': 2, 'im_type': 'scene', 'im_familiarity': 'familiar'}
2608.6673 	EXP 	str_fixITI: autoDraw = False
2608.6673 	EXP 	im_trialImage: size = array([0.8       , 0.94814815])
2608.6673 	EXP 	im_trialImage: image = 'cl070.jpg'
2608.6673 	EXP 	im_trialImage: autoDraw = True
2608.9080 	DATA 	Keypress: 5
2609.4081 	DATA 	Keypress: 2
2609.7081 	DATA 	Keypress: 5
2610.5091 	DATA 	Keypress: 5
2610.6305 	EXP 	im_trialImage: autoDraw = False
2610.6305 	EXP 	str_fixITI: autoDraw = True
2611.1177 	EXP 	New trial (rep=0, index=6): {'im_fName': 'cl071.jpg', 'key_correct': 2, 'im_type': 'scene', 'im_familiarity': 'familiar'}
2611.1421 	EXP 	str_fixITI: autoDraw = False
2611.1421 	EXP 	im_trialImage: size = array([0.8       , 0.94814815])
2611.1421 	EXP 	im_trialImage: image = 'cl071.jpg'
2611.1421 	EXP 	im_trialImage: autoDraw = True
2611.3031 	DATA 	Keypress: 5
2612.0592 	DATA 	Keypress: 2
2612.1162 	DATA 	Keypress: 5
2612.9072 	DATA 	Keypress: 5
2613.1233 	EXP 	im_trialImage: autoDraw = False
2613.1233 	EXP 	str_fixITI: autoDraw = True
2613.6220 	EXP 	New trial (rep=0, index=7): {'im_fName': 'cl072.jpg', 'key_correct': 1, 'im_type': 'animal', 'im_familiarity': 'familiar'}
2613.6550 	EXP 	str_fixITI: autoDraw = False
2613.6550 	EXP 	im_trialImage: size = array([0.79583333, 0.94259259])
2613.6550 	EXP 	im_trialImage: image = 'cl072.jpg'
2613.6550 	EXP 	im_trialImage: autoDraw = True
2613.7024 	DATA 	Keypress: 5
2614.4153 	DATA 	Keypress: 1
2614.5023 	DATA 	Keypress: 5
2615.3153 	DATA 	Keypress: 5
2615.6213 	EXP 	im_trialImage: autoDraw = False
2615.6213 	EXP 	str_fixITI: autoDraw = True
2616.1149 	DATA 	Keypress: 5
2616.1226 	EXP 	str_fixITI: autoDraw = False
2616.1226 	EXP 	str_fixRest: autoDraw = True
2616.9090 	DATA 	Keypress: 5
2617.7081 	DATA 	Keypress: 5
2618.5140 	DATA 	Keypress: 5
2619.3140 	DATA 	Keypress: 5
2620.1129 	DATA 	Keypress: 5
2620.9072 	DATA 	Keypress: 5
2621.7131 	DATA 	Keypress: 5
2622.5051 	DATA 	Keypress: 5
2623.3053 	DATA 	Keypress: 5
2624.1063 	DATA 	Keypress: 5
2624.9065 	DATA 	Keypress: 5
2625.7063 	DATA 	Keypress: 5
2626.5063 	DATA 	Keypress: 5
2627.3034 	DATA 	Keypress: 5
2627.6181 	EXP 	str_bangRest: autoDraw = True
2627.6270 	EXP 	str_fixRest: autoDraw = False
2628.1054 	DATA 	Keypress: 5
2628.1128 	EXP 	New trial (rep=0, index=9): {'trialOrderFile': 'scan_order10.xlsx'}
2628.1192 	EXP 	Imported scan_order10.xlsx as conditions, 8 conditions, 4 params
2628.1194 	EXP 	Created sequence: sequential, trialTypes=8, nReps=1, seed=None
2628.1197 	EXP 	New trial (rep=0, index=0): {'im_fName': 'cl073.jpg', 'key_correct': 2, 'im_type': 'scene', 'im_familiarity': 'novel'}
2628.1617 	EXP 	str_fixRest: autoDraw = False
2628.1617 	EXP 	str_bangRest: autoDraw = False
2628.1617 	EXP 	im_trialImage: size = array([0.8       , 0.94814815])
2628.1617 	EXP 	im_trialImage: image = 'cl073.jpg'
2628.1617 	EXP 	im_trialImage: autoDraw = True
2628.9119 	DATA 	Keypress: 5
2628.9889 	DATA 	Keypress: 2
2629.7049 	DATA 	Keypress: 5
2630.1258 	EXP 	im_trialImage: autoDraw = False
2630.1258 	EXP 	str_fixITI: autoDraw = True
2630.5026 	DATA 	Keypress: 5
2630.6204 	EXP 	New trial (rep=0, index=1): {'im_fName': 'cl074.jpg', 'key_correct': 2, 'im_type': 'scene', 'im_familiarity': 'novel'}
2630.6442 	EXP 	str_fixITI: autoDraw = False
2630.6442 	EXP 	im_trialImage: size = array([0.79583333, 0.94259259])
2630.6442 	EXP 	im_trialImage: image = 'cl074.jpg'
2630.6442 	EXP 	im_trialImage: autoDraw = True
2631.3050 	DATA 	Keypress: 5
2631.3980 	DATA 	Keypress: 2
2632.1060 	DATA 	Keypress: 5
2632.6263 	EXP 	im_trialImage: autoDraw = False
2632.6263 	EXP 	str_fixITI: autoDraw = True
2632.9036 	DATA 	Keypress: 5
2633.1197 	EXP 	New trial (rep=0, index=2): {'im_fName': 'cl075.jpg', 'key_correct': 1, 'im_type': 'animal', 'im_familiarity': 'novel'}
2633.1417 	EXP 	str_fixITI: autoDraw = False
2633.1417 	EXP 	im_trialImage: size = array([0.79583333, 0.94259259])
2633.1417 	EXP 	im_trialImage: image = 'cl075.jpg'
2633.1417 	EXP 	im_trialImage: autoDraw = True
2633.7021 	DATA 	Keypress: 5
2633.8561 	DATA 	Keypress: 1
2634.5022 	DATA 	Keypress: 5
2635.1344 	EXP 	im_trialImage: autoDraw = False
2635.1344 	EXP 	str_fixITI: autoDraw = True
2635.3107 	DATA 	Keypress: 5
2635.6166 	EXP 	New trial (rep=0, index=3): {'im_fName': 'cl076.jpg', 'key_correct': 1, 'im_type': 'animal', 'im_familiarity': 'novel'}
2635.6338 	EXP 	str_fixITI: autoDraw = False
2635.6338 	EXP 	im_trialImage: size = array([0.79583333, 0.94259259])
2635.6338 	EXP 	im_trialImage: image = 'cl076.jpg'
2635.6338 	EXP 	im_trialImage: autoDraw = True
2636.1032 	DATA 	Keypress: 5
2636.1932 	DATA 	Keypress: 1
2636.9032 	DATA 	Keypress: 5
2637.6334 	EXP 	im_trialImage: autoDraw = False
2637.6334 	EXP 	str_fixITI: autoDraw = True
2637.7108 	DATA 	Keypress: 5
2638.1161 	EXP 	New trial (rep=0, index=4): {'im_fName': 'cl077.jpg', 'key_correct': 2, 'im_type': 'scene', 'im_familiarity': 'novel'}
2638.1493 	EXP 	str_fixITI: autoDraw = False
2638.1493 	EXP 	im_trialImage: size = array([0.8       , 0.94814815])
2638.1493 	EXP 	im_trialImage: image = 'cl077.jpg'
2638.1493 	EXP 	im_trialImage: autoDraw = True
2638.5113 	DATA 	Keypress: 5
2638.8363 	DATA 	Keypress: 2
2639.3043 	DATA 	Keypress: 5
2640.1103 	DATA 	Keypress: 5
2640.1317 	EXP 	im_trialImage: autoDraw = False
2640.1317 	EXP 	str_fixITI: autoDraw = True
2640.6190 	EXP 	New trial (rep=0, index=5): {'im_fName': 'cl078.jpg', 'key_correct': 1, 'im_type': 'animal', 'im_familiarity': 'novel'}
2640.6424 	EXP 	str_fixITI: autoDraw = False
2640.6424 	EXP 	im_trialImage: size = array([0.79583333, 0.94259259])
2640.6424 	EXP 	im_trialImage: image = 'cl078.jpg'
2640.6424 	EXP 	im_trialImage: autoDraw = True
2640.9044 	DATA 	Keypress: 5
2641.2624 	DATA 	Keypress: 1
2641.7104 	DATA 	Keypress: 5
2642.5034 	DATA 	Keypress: 5
2642.6237 	EXP 	im_trialImage: autoDraw = False
2642.6237 	EXP 	str_fixITI: autoDraw = True
2643.1233 	EXP 	New trial (rep=0, index=6): {'im_fName': 'cl079.jpg', 'key_correct': 1, 'im_type': 'animal', 'im_familiarity': 'novel'}
2643.1424 	EXP 	str_fixITI: autoDraw = False
2643.1424 	EXP 	im_trialImage: size = array([0.79583333, 0.94259259])
2643.1424 	EXP 	im_trialImage: image = 'cl079.jpg'
2643.1424 	EXP 	im_trialImage: autoDraw = True
2643.3035 	DATA 	Keypress: 5
2643.7265 	DATA 	Keypress: 1
2644.1035 	DATA 	Keypress: 5
2644.9025 	DATA 	Keypress: 5
2645.1225 	EXP 	im_trialImage: autoDraw = False
2645.1225 	EXP 	str_fixITI: autoDraw = True
2645.6160 	EXP 	New trial (rep=0, index=7): {'im_fName': 'cl080.jpg', 'key_correct': 2, 'im_type': 'scene', 'im_familiarity': 'novel'}
2645.6335 	EXP 	str_fixITI: autoDraw = False
2645.6335 	EXP 	im_trialImage: size = array([0.79583333, 0.94259259])
2645.6335 	EXP 	im_trialImage: image = 'cl080.jpg'
2645.6335 	EXP 	im_trialImage: autoDraw = True
2645.7105 	DATA 	Keypress: 5
2646.4076 	DATA 	Keypress: 2
2646.5076 	DATA 	Keypress: 5
2647.3026 	DATA 	Keypress: 5
2647.6229 	EXP 	im_trialImage: autoDraw = False
2647.6229 	EXP 	str_fixITI: autoDraw = True
2648.1152 	DATA 	Keypress: 5
2648.1229 	EXP 	str_fixITI: autoDraw = False
2648.1229 	EXP 	str_fixRest: autoDraw = True
2648.9153 	DATA 	Keypress: 5
2649.7094 	DATA 	Keypress: 5
2650.5064 	DATA 	Keypress: 5
2651.3064 	DATA 	Keypress: 5
2652.1144 	DATA 	Keypress: 5
2652.9095 	DATA 	Keypress: 5
2653.7065 	DATA 	Keypress: 5
2654.5055 	DATA 	Keypress: 5
2655.3065 	DATA 	Keypress: 5
2656.1136 	DATA 	Keypress: 5
2656.9077 	DATA 	Keypress: 5
2657.7067 	DATA 	Keypress: 5
2658.5046 	DATA 	Keypress: 5
2659.3047 	DATA 	Keypress: 5
2659.6103 	EXP 	str_bangRest: autoDraw = True
2659.6281 	EXP 	str_fixRest: autoDraw = False
2660.1051 	EXP 	New trial (rep=0, index=10): {'trialOrderFile': 'scan_order11.xlsx'}
2660.1121 	EXP 	Imported scan_order11.xlsx as conditions, 8 conditions, 4 params
2660.1123 	EXP 	Created sequence: sequential, trialTypes=8, nReps=1, seed=None
2660.1126 	EXP 	New trial (rep=0, index=0): {'im_fName': 'cl081.jpg', 'key_correct': 1, 'im_type': 'animal', 'im_familiarity': 'familiar'}
2660.1222 	DATA 	Keypress: 5
2660.1302 	EXP 	str_bangRest: autoDraw = False
2660.1302 	EXP 	str_fixRest: autoDraw = False
2660.1302 	EXP 	str_bangRest: autoDraw = False
2660.1302 	EXP 	im_trialImage: size = array([0.79583333, 0.94259259])
2660.1302 	EXP 	im_trialImage: image = 'cl081.jpg'
2660.1302 	EXP 	im_trialImage: autoDraw = True
2660.8142 	DATA 	Keypress: 1
2660.9042 	DATA 	Keypress: 5
2661.7042 	DATA 	Keypress: 5
2662.1265 	EXP 	im_trialImage: autoDraw = False
2662.1265 	EXP 	str_fixITI: autoDraw = True
2662.5118 	DATA 	Keypress: 5
2662.6121 	EXP 	New trial (rep=0, index=1): {'im_fName': 'cl082.jpg', 'key_correct': 1, 'im_type': 'animal', 'im_familiarity': 'familiar'}
2662.6302 	EXP 	str_fixITI: autoDraw = False
2662.6302 	EXP 	im_trialImage: size = array([0.79583333, 0.94259259])
2662.6302 	EXP 	im_trialImage: image = 'cl082.jpg'
2662.6302 	EXP 	im_trialImage: autoDraw = True
2663.1653 	DATA 	Keypress: 1
2663.3123 	DATA 	Keypress: 5
2664.1113 	DATA 	Keypress: 5
2664.6341 	EXP 	im_trialImage: autoDraw = False
2664.6341 	EXP 	str_fixITI: autoDraw = True
2664.9030 	DATA 	Keypress: 5
2665.1120 	EXP 	New trial (rep=0, index=2): {'im_fName': 'cl083.jpg', 'key_correct': 2, 'im_type': 'scene', 'im_familiarity': 'familiar'}
2665.1677 	EXP 	str_fixITI: autoDraw = False
2665.1677 	EXP 	im_trialImage: size = array([0.8       , 0.94814815])
2665.1677 	EXP 	im_trialImage: image = 'cl083.jpg'
2665.1677 	EXP 	im_trialImage: autoDraw = True
2665.7044 	DATA 	Keypress: 5
2665.8714 	DATA 	Keypress: 2
2666.5044 	DATA 	Keypress: 5
2667.1252 	EXP 	im_trialImage: autoDraw = False
2667.1252 	EXP 	str_fixITI: autoDraw = True
2667.3051 	DATA 	Keypress: 5
2667.6195 	EXP 	New trial (rep=0, index=3): {'im_fName': 'cl084.jpg', 'key_correct': 1, 'im_type': 'animal', 'im_familiarity': 'familiar'}
2667.6510 	EXP 	str_fixITI: autoDraw = False
2667.6510 	EXP 	im_trialImage: size = array([0.79583333, 0.94259259])
2667.6510 	EXP 	im_trialImage: image = 'cl084.jpg'
2667.6510 	EXP 	im_trialImage: autoDraw = True
2668.1105 	DATA 	Keypress: 5
2668.4105 	DATA 	Keypress: 1
2668.9105 	DATA 	Keypress: 5
2669.6266 	EXP 	im_trialImage: autoDraw = False
2669.6266 	EXP 	str_fixITI: autoDraw = True
2669.7032 	DATA 	Keypress: 5
2670.1181 	EXP 	New trial (rep=0, index=4): {'im_fName': 'cl085.jpg', 'key_correct': 1, 'im_type': 'animal', 'im_familiarity': 'familiar'}
2670.1364 	EXP 	str_fixITI: autoDraw = False
2670.1364 	EXP 	im_trialImage: size = array([0.79583333, 0.94259259])
2670.1364 	EXP 	im_trialImage: image = 'cl085.jpg'
2670.1364 	EXP 	im_trialImage: autoDraw = True
2670.5046 	DATA 	Keypress: 5
2670.6534 	DATA 	Keypress: 1
2671.3036 	DATA 	Keypress: 5
2672.1046 	DATA 	Keypress: 5
2672.1251 	EXP 	im_trialImage: autoDraw = False
2672.1251 	EXP 	str_fixITI: autoDraw = True
2672.6161 	EXP 	New trial (rep=0, index=5): {'im_fName': 'cl086.jpg', 'key_correct': 2, 'im_type': 'scene', 'im_familiarity': 'familiar'}
2672.6499 	EXP 	str_fixITI: autoDraw = False
2672.6499 	EXP 	im_trialImage: size = array([0.8       , 0.94814815])
2672.6499 	EXP 	im_trialImage: image = 'cl086.jpg'
2672.6499 	EXP 	im_trialImage: autoDraw = True
2672.9107 	DATA 	Keypress: 5
2673.3447 	DATA 	Keypress: 2
2673.7107 	DATA 	Keypress: 5
2674.5107 	DATA 	Keypress: 5
2674.6317 	EXP 	im_trialImage: autoDraw = False
2674.6317 	EXP 	str_fixITI: autoDraw = True
2675.1175 	EXP 	New trial (rep=0, index=6): {'im_fName': 'cl087.jpg', 'key_correct': 2, 'im_type': 'scene', 'im_familiarity': 'familiar'}
2675.1399 	EXP 	str_fixITI: autoDraw = False
2675.1399 	EXP 	im_trialImage: size = array([0.8       , 0.94814815])
2675.1399 	EXP 	im_trialImage: image = 'cl087.jpg'
2675.1399 	EXP 	im_trialImage: autoDraw = True
2675.3108 	DATA 	Keypress: 5
2675.8358 	DATA 	Keypress: 2
2676.1088 	DATA 	Keypress: 5
2676.9098 	DATA 	Keypress: 5
2677.1311 	EXP 	im_trialImage: autoDraw = False
2677.1311 	EXP 	str_fixITI: autoDraw = True
2677.6149 	EXP 	New trial (rep=0, index=7): {'im_fName': 'cl088.jpg', 'key_correct': 2, 'im_type': 'scene', 'im_familiarity': 'familiar'}
2677.6476 	EXP 	str_fixITI: autoDraw = False
2677.6476 	EXP 	im_trialImage: size = array([0.8       , 0.94814815])
2677.6476 	EXP 	im_trialImage: image = 'cl088.jpg'
2677.6476 	EXP 	im_trialImage: autoDraw = True
2677.7079 	DATA 	Keypress: 5
2678.5079 	DATA 	Keypress: 5
2678.7279 	DATA 	Keypress: 2
2679.3079 	DATA 	Keypress: 5
2679.6240 	EXP 	im_trialImage: autoDraw = False
2679.6240 	EXP 	str_fixITI: autoDraw = True
2680.1105 	DATA 	Keypress: 5
2680.1314 	EXP 	str_fixITI: autoDraw = False
2680.1314 	EXP 	str_fixRest: autoDraw = True
2680.9156 	DATA 	Keypress: 5
2681.7107 	DATA 	Keypress: 5
2682.5077 	DATA 	Keypress: 5
2683.3067 	DATA 	Keypress: 5
2684.1147 	DATA 	Keypress: 5
2684.9088 	DATA 	Keypress: 5
2685.7068 	DATA 	Keypress: 5
2686.5088 	DATA 	Keypress: 5
2687.3089 	DATA 	Keypress: 5
2688.1079 	DATA 	Keypress: 5
2688.9139 	DATA 	Keypress: 5
2689.7069 	DATA 	Keypress: 5
2690.5079 	DATA 	Keypress: 5
2691.3130 	DATA 	Keypress: 5
2691.6276 	EXP 	str_bangRest: autoDraw = True
2691.6366 	EXP 	str_fixRest: autoDraw = False
2692.1130 	DATA 	Keypress: 5
2692.1211 	EXP 	New trial (rep=0, index=11): {'trialOrderFile': 'scan_order12.xlsx'}
2692.1277 	EXP 	Imported scan_order12.xlsx as conditions, 8 conditions, 4 params
2692.1279 	EXP 	Created sequence: sequential, trialTypes=8, nReps=1, seed=None
2692.1281 	EXP 	New trial (rep=0, index=0): {'im_fName': 'cl089.jpg', 'key_correct': 2, 'im_type': 'scene', 'im_familiarity': 'novel'}
2692.1528 	EXP 	str_fixRest: autoDraw = False
2692.1528 	EXP 	str_bangRest: autoDraw = False
2692.1528 	EXP 	im_trialImage: size = array([0.79583333, 0.94259259])
2692.1528 	EXP 	im_trialImage: image = 'cl089.jpg'
2692.1528 	EXP 	im_trialImage: autoDraw = True
2692.8545 	DATA 	Keypress: 2
2692.9085 	DATA 	Keypress: 5
2693.7075 	DATA 	Keypress: 5
2694.1275 	EXP 	im_trialImage: autoDraw = False
2694.1275 	EXP 	str_fixITI: autoDraw = True
2694.5062 	DATA 	Keypress: 5
2694.6119 	EXP 	New trial (rep=0, index=1): {'im_fName': 'cl090.jpg', 'key_correct': 1, 'im_type': 'animal', 'im_familiarity': 'novel'}
2694.6295 	EXP 	str_fixITI: autoDraw = False
2694.6295 	EXP 	im_trialImage: size = array([0.79583333, 0.94259259])
2694.6295 	EXP 	im_trialImage: image = 'cl090.jpg'
2694.6295 	EXP 	im_trialImage: autoDraw = True
2695.3046 	DATA 	Keypress: 5
2695.3246 	DATA 	Keypress: 1
2696.1036 	DATA 	Keypress: 5
2696.6347 	EXP 	im_trialImage: autoDraw = False
2696.6347 	EXP 	str_fixITI: autoDraw = True
2696.9063 	DATA 	Keypress: 5
2697.1203 	EXP 	New trial (rep=0, index=2): {'im_fName': 'cl091.jpg', 'key_correct': 1, 'im_type': 'animal', 'im_familiarity': 'novel'}
2697.1377 	EXP 	str_fixITI: autoDraw = False
2697.1377 	EXP 	im_trialImage: size = array([0.79583333, 0.94259259])
2697.1377 	EXP 	im_trialImage: image = 'cl091.jpg'
2697.1377 	EXP 	im_trialImage: autoDraw = True
2697.7117 	DATA 	Keypress: 5
2697.9647 	DATA 	Keypress: 1
2698.5117 	DATA 	Keypress: 5
2699.1341 	EXP 	im_trialImage: autoDraw = False
2699.1341 	EXP 	str_fixITI: autoDraw = True
2699.3113 	DATA 	Keypress: 5
2699.6204 	EXP 	New trial (rep=0, index=3): {'im_fName': 'cl092.jpg', 'key_correct': 1, 'im_type': 'animal', 'im_familiarity': 'novel'}
2699.6378 	EXP 	str_fixITI: autoDraw = False
2699.6378 	EXP 	im_trialImage: size = array([0.79583333, 0.94259259])
2699.6378 	EXP 	im_trialImage: image = 'cl092.jpg'
2699.6378 	EXP 	im_trialImage: autoDraw = True
2700.1108 	DATA 	Keypress: 5
2700.5448 	DATA 	Keypress: 1
2700.9058 	DATA 	Keypress: 5
2701.6284 	EXP 	im_trialImage: autoDraw = False
2701.6284 	EXP 	str_fixITI: autoDraw = True
2701.7021 	DATA 	Keypress: 5
2702.1195 	EXP 	New trial (rep=0, index=4): {'im_fName': 'cl093.jpg', 'key_correct': 1, 'im_type': 'animal', 'im_familiarity': 'novel'}
2702.1417 	EXP 	str_fixITI: autoDraw = False
2702.1417 	EXP 	im_trialImage: size = array([0.79583333, 0.94259259])
2702.1417 	EXP 	im_trialImage: image = 'cl093.jpg'
2702.1417 	EXP 	im_trialImage: autoDraw = True
2702.5039 	DATA 	Keypress: 5
2702.8309 	DATA 	Keypress: 1
2703.3109 	DATA 	Keypress: 5
2704.1100 	DATA 	Keypress: 5
2704.1276 	EXP 	im_trialImage: autoDraw = False
2704.1276 	EXP 	str_fixITI: autoDraw = True
2704.6187 	EXP 	New trial (rep=0, index=5): {'im_fName': 'cl094.jpg', 'key_correct': 2, 'im_type': 'scene', 'im_familiarity': 'novel'}
2704.6505 	EXP 	str_fixITI: autoDraw = False
2704.6505 	EXP 	im_trialImage: size = array([0.8       , 0.94814815])
2704.6505 	EXP 	im_trialImage: image = 'cl094.jpg'
2704.6505 	EXP 	im_trialImage: autoDraw = True
2704.9100 	DATA 	Keypress: 5
2705.3100 	DATA 	Keypress: 2
2705.7100 	DATA 	Keypress: 5
2706.5101 	DATA 	Keypress: 5
2706.6263 	EXP 	im_trialImage: autoDraw = False
2706.6263 	EXP 	str_fixITI: autoDraw = True
2707.1166 	EXP 	New trial (rep=0, index=6): {'im_fName': 'cl095.jpg', 'key_correct': 2, 'im_type': 'scene', 'im_familiarity': 'novel'}
2707.1350 	EXP 	str_fixITI: autoDraw = False
2707.1350 	EXP 	im_trialImage: size = array([0.8       , 0.94814815])
2707.1350 	EXP 	im_trialImage: image = 'cl095.jpg'
2707.1350 	EXP 	im_trialImage: autoDraw = True
2707.3091 	DATA 	Keypress: 5
2707.8191 	DATA 	Keypress: 2
2708.1111 	DATA 	Keypress: 5
2708.9112 	DATA 	Keypress: 5
2709.1318 	EXP 	im_trialImage: autoDraw = False
2709.1318 	EXP 	str_fixITI: autoDraw = True
2709.6239 	EXP 	New trial (rep=0, index=7): {'im_fName': 'cl096.jpg', 'key_correct': 2, 'im_type': 'scene', 'im_familiarity': 'novel'}
2709.6422 	EXP 	str_fixITI: autoDraw = False
2709.6422 	EXP 	im_trialImage: size = array([0.8       , 0.94814815])
2709.6422 	EXP 	im_trialImage: image = 'cl096.jpg'
2709.6422 	EXP 	im_trialImage: autoDraw = True
2709.7091 	DATA 	Keypress: 5
2710.4443 	DATA 	Keypress: 2
2710.5023 	DATA 	Keypress: 5
2711.3083 	DATA 	Keypress: 5
2711.6243 	EXP 	im_trialImage: autoDraw = False
2711.6243 	EXP 	str_fixITI: autoDraw = True
2712.1019 	DATA 	Keypress: 5
2712.1314 	EXP 	str_fixITI: autoDraw = False
2712.1314 	EXP 	str_fixRest: autoDraw = True
2712.9079 	DATA 	Keypress: 5
2713.7080 	DATA 	Keypress: 5
2714.5021 	DATA 	Keypress: 5
2715.3100 	DATA 	Keypress: 5
2716.1100 	DATA 	Keypress: 5
2716.9074 	DATA 	Keypress: 5
2717.7081 	DATA 	Keypress: 5
2718.5081 	DATA 	Keypress: 5
2719.3082 	DATA 	Keypress: 5
2720.1071 	DATA 	Keypress: 5
2720.9062 	DATA 	Keypress: 5
2721.7074 	DATA 	Keypress: 5
2722.5083 	DATA 	Keypress: 5
2723.3074 	DATA 	Keypress: 5
2723.6282 	EXP 	str_bangRest: autoDraw = True
2723.6377 	EXP 	str_fixRest: autoDraw = False
2724.1074 	DATA 	Keypress: 5
2724.1281 	EXP 	str_fixRest: autoDraw = False
2724.1281 	EXP 	str_bangRest: autoDraw = False
2724.1281 	EXP 	str_end: autoDraw = True
2729.6058 	DATA 	Keypress: space
2729.6127 	EXP 	str_end: autoDraw = False
2729.7328 	EXP 	window1: mouseVisible = True
