1.0953 	WARNING 	We strongly recommend you activate the PTB sound engine in PsychoPy prefs as the preferred audio engine. Its timing is vastly superior. Your prefs are currently set to use ['sounddevice', 'PTB', 'pyo', 'pygame'] (in that order).
2560.7568 	DATA 	Mouse: Left button down, pos=(1110,717)
2560.7570 	DATA 	Mouse:  Left button up, pos=(1110,717)
2561.1177 	EXP 	Created window1 = Window(allowGUI=False, allowStencil=False, autoLog=True, backendConf=UNKNOWN, bitsMode=UNKNOWN, blendMode='avg', bpc=(8, 8, 8), color=array([0, 0, 0]), colorSpace='rgb', depthBits=8, fullscr=<method-wrapper '__getattribute__' of attributeSetter object at 0x0000000013E45F98>, gamma=None, gammaErrorPolicy='raise', lms=UNKNOWN, monitor=<psychopy.monitors.calibTools.Monitor object at 0x0000000013E65668>, multiSample=False, name='window1', numSamples=2, pos=[0.0, 0.0], screen=0, size=array([1920, 1080]), stencilBits=0, stereo=False, units='norm', useFBO=True, useRetina=False, viewOri=0.0, viewPos=None, viewScale=None, waitBlanking=True, winType='pyglet')
2561.1179 	EXP 	window1: mouseVisible = True
2561.1179 	EXP 	window1: recordFrameIntervals = False
2561.2007 	EXP 	window1: recordFrameIntervals = True
2561.2922 	EXP 	window1: recordFrameIntervals = False
2562.0034 	EXP 	Created txt_checkLeft = TextStim(__class__=<class 'psychopy.visual.text.TextStim'>, alignHoriz=method-wrapper(...), alignText='center', alignVert=method-wrapper(...), anchorHoriz='center', anchorVert='center', antialias=True, autoLog=True, bold=False, color=array([1, 1, 1]), colorSpace='rgb', contrast=1.0, depth=0.0, flipHoriz=False, flipVert=False, font='Courier New', fontFiles=[], height=0.1, italic=False, languageStyle='LTR', name='txt_checkLeft', opacity=1, ori=0, pos=array([0., 0.]), rgb=UNKNOWN, text=str(...), units='norm', win=Window(...), wrapWidth=30)
2562.0035 	EXP 	window1: mouseVisible = False
2562.0119 	EXP 	Created txt_checkRight = TextStim(__class__=<class 'psychopy.visual.text.TextStim'>, alignHoriz=method-wrapper(...), alignText='center', alignVert=method-wrapper(...), anchorHoriz='center', anchorVert='center', antialias=True, autoLog=True, bold=False, color=array([1, 1, 1]), colorSpace='rgb', contrast=1.0, depth=0.0, flipHoriz=False, flipVert=False, font='Courier New', fontFiles=[], height=0.1, italic=False, languageStyle='LTR', name='txt_checkRight', opacity=1, ori=0, pos=array([0., 0.]), rgb=UNKNOWN, text=str(...), units='norm', win=Window(...), wrapWidth=30)
2562.0252 	EXP 	Created str_keyInst = TextStim(__class__=<class 'psychopy.visual.text.TextStim'>, alignHoriz=method-wrapper(...), alignText='center', alignVert=method-wrapper(...), anchorHoriz='center', anchorVert='center', antialias=True, autoLog=True, bold=False, color=array([1, 1, 1]), colorSpace='rgb', contrast=1.0, depth=0.0, flipHoriz=False, flipVert=False, font='Courier New', fontFiles=[], height=0.1, italic=False, languageStyle='LTR', name='str_keyInst', opacity=1, ori=0, pos=array([0., 0.]), rgb=UNKNOWN, text=str(...), units='norm', win=Window(...), wrapWidth=30)
2562.0306 	EXP 	Created str_waitScanner = TextStim(__class__=<class 'psychopy.visual.text.TextStim'>, alignHoriz=method-wrapper(...), alignText='center', alignVert=method-wrapper(...), anchorHoriz='center', anchorVert='center', antialias=True, autoLog=True, bold=False, color=array([1, 1, 1]), colorSpace='rgb', contrast=1.0, depth=-1.0, flipHoriz=False, flipVert=False, font='Courier New', fontFiles=[], height=0.1, italic=False, languageStyle='LTR', name='str_waitScanner', opacity=1, ori=0, pos=array([0., 0.]), rgb=UNKNOWN, text='Waiting for scanner...', units='norm', win=Window(...), wrapWidth=1)
2562.0344 	EXP 	Created str_fixRest = TextStim(__class__=<class 'psychopy.visual.text.TextStim'>, alignHoriz=method-wrapper(...), alignText='center', alignVert=method-wrapper(...), anchorHoriz='center', anchorVert='center', antialias=True, autoLog=True, bold=False, color=array([1, 1, 1]), colorSpace='rgb', contrast=1.0, depth=0.0, flipHoriz=False, flipVert=False, font='Courier New', fontFiles=[], height=0.225, italic=False, languageStyle='LTR', name='str_fixRest', opacity=1, ori=0, pos=array([0., 0.]), rgb=UNKNOWN, text='+', units='norm', win=Window(...), wrapWidth=1)
2562.0366 	EXP 	Created str_bangRest = TextStim(__class__=<class 'psychopy.visual.text.TextStim'>, alignHoriz=method-wrapper(...), alignText='center', alignVert=method-wrapper(...), anchorHoriz='center', anchorVert='center', antialias=True, autoLog=True, bold=False, color=array([1, 1, 1]), colorSpace='rgb', contrast=1.0, depth=-1.0, flipHoriz=False, flipVert=False, font='Courier New', fontFiles=[], height=0.225, italic=False, languageStyle='LTR', name='str_bangRest', opacity=1, ori=0, pos=array([0., 0.]), rgb=UNKNOWN, text='!', units='norm', win=Window(...), wrapWidth=1)
2562.0417 	EXP 	Created im_trialImage = ImageStim(__class__=<class 'psychopy.visual.image.ImageStim'>, autoLog=True, color=array([1, 1, 1]), colorSpace='rgb', contrast=1.0, depth=-1.0, flipHoriz=False, flipVert=False, image='sin', interpolate=True, mask=None, maskParams=None, name='im_trialImage', opacity=1, ori=0.0, pos=array([0., 0.]), size=array([0.5, 0.5]), texRes=128, units='norm', win=Window(...))
2562.0433 	EXP 	Created str_fixITI = TextStim(__class__=<class 'psychopy.visual.text.TextStim'>, alignHoriz=method-wrapper(...), alignText='center', alignVert=method-wrapper(...), anchorHoriz='center', anchorVert='center', antialias=True, autoLog=True, bold=False, color=array([1, 1, 1]), colorSpace='rgb', contrast=1.0, depth=0.0, flipHoriz=False, flipVert=False, font='Courier New', fontFiles=[], height=0.225, italic=False, languageStyle='LTR', name='str_fixITI', opacity=1, ori=0, pos=array([0., 0.]), rgb=UNKNOWN, text='+', units='norm', win=Window(...), wrapWidth=1)
2562.0448 	EXP 	Created str_fixRest = TextStim(__class__=<class 'psychopy.visual.text.TextStim'>, alignHoriz=method-wrapper(...), alignText='center', alignVert=method-wrapper(...), anchorHoriz='center', anchorVert='center', antialias=True, autoLog=True, bold=False, color=array([1, 1, 1]), colorSpace='rgb', contrast=1.0, depth=0.0, flipHoriz=False, flipVert=False, font='Courier New', fontFiles=[], height=0.225, italic=False, languageStyle='LTR', name='str_fixRest', opacity=1, ori=0, pos=array([0., 0.]), rgb=UNKNOWN, text='+', units='norm', win=Window(...), wrapWidth=1)
2562.0463 	EXP 	Created str_bangRest = TextStim(__class__=<class 'psychopy.visual.text.TextStim'>, alignHoriz=method-wrapper(...), alignText='center', alignVert=method-wrapper(...), anchorHoriz='center', anchorVert='center', antialias=True, autoLog=True, bold=False, color=array([1, 1, 1]), colorSpace='rgb', contrast=1.0, depth=-1.0, flipHoriz=False, flipVert=False, font='Courier New', fontFiles=[], height=0.225, italic=False, languageStyle='LTR', name='str_bangRest', opacity=1, ori=0, pos=array([0., 0.]), rgb=UNKNOWN, text='!', units='norm', win=Window(...), wrapWidth=1)
2562.0532 	EXP 	Created str_end = TextStim(__class__=<class 'psychopy.visual.text.TextStim'>, alignHoriz=method-wrapper(...), alignText='center', alignVert=method-wrapper(...), anchorHoriz='center', anchorVert='center', antialias=True, autoLog=True, bold=False, color=array([1, 1, 1]), colorSpace='rgb', contrast=1.0, depth=0.0, flipHoriz=False, flipVert=False, font='Courier New', fontFiles=[], height=0.1, italic=False, languageStyle='LTR', name='str_end', opacity=1, ori=0, pos=array([0., 0.]), rgb=UNKNOWN, text=str(...), units='norm', win=Window(...), wrapWidth=30)
2562.0845 	EXP 	txt_checkLeft: autoDraw = True
2571.1874 	DATA 	Keypress: 1
2571.1980 	EXP 	txt_checkLeft: autoDraw = False
2571.1980 	EXP 	txt_checkRight: autoDraw = True
2574.7004 	DATA 	Keypress: 4
2579.8426 	DATA 	Keypress: 4
2586.3559 	DATA 	Keypress: 4
2593.1792 	DATA 	Keypress: 4
2602.1206 	DATA 	Keypress: 4
2605.9678 	DATA 	Keypress: 4
2608.6589 	DATA 	Keypress: 4
2615.3742 	DATA 	Keypress: 2
2615.3964 	EXP 	txt_checkRight: autoDraw = False
2615.3964 	EXP 	str_keyInst: autoDraw = True
2622.0817 	EXP 	Created sequence: sequential, trialTypes=1, nReps=5, seed=None
2622.0820 	EXP 	New trial (rep=0, index=0): None
2622.0834 	DATA 	Keypress: 1
2622.0941 	EXP 	str_keyInst: autoDraw = False
2622.0941 	EXP 	str_waitScanner: autoDraw = True
2656.2890 	DATA 	Keypress: 5
2656.2984 	EXP 	New trial (rep=1, index=0): None
2656.3111 	EXP 	str_waitScanner: autoDraw = False
2656.3111 	EXP 	str_waitScanner: autoDraw = True
2657.0963 	EXP 	New trial (rep=2, index=0): None
2657.0980 	DATA 	Keypress: 5
2657.1051 	EXP 	str_waitScanner: autoDraw = False
2657.1051 	EXP 	str_waitScanner: autoDraw = True
2657.8890 	DATA 	Keypress: 5
2657.8983 	EXP 	New trial (rep=3, index=0): None
2657.9108 	EXP 	str_waitScanner: autoDraw = False
2657.9108 	EXP 	str_waitScanner: autoDraw = True
2658.6963 	EXP 	New trial (rep=4, index=0): None
2658.6981 	DATA 	Keypress: 5
2658.7051 	EXP 	str_waitScanner: autoDraw = False
2658.7051 	EXP 	str_waitScanner: autoDraw = True
2659.4913 	DATA 	Keypress: 5
2659.5020 	EXP 	str_waitScanner: autoDraw = False
2659.5020 	EXP 	str_fixRest: autoDraw = True
2660.2950 	DATA 	Keypress: 5
2661.0949 	DATA 	Keypress: 5
2661.8950 	DATA 	Keypress: 5
2662.6941 	DATA 	Keypress: 5
2663.4941 	DATA 	Keypress: 5
2664.2942 	DATA 	Keypress: 5
2665.0942 	DATA 	Keypress: 5
2665.8943 	DATA 	Keypress: 5
2666.6932 	DATA 	Keypress: 5
2667.4933 	DATA 	Keypress: 5
2668.2933 	DATA 	Keypress: 5
2669.0934 	DATA 	Keypress: 5
2669.8934 	DATA 	Keypress: 5
2670.6925 	DATA 	Keypress: 5
2670.9836 	EXP 	str_bangRest: autoDraw = True
2671.0098 	EXP 	str_fixRest: autoDraw = False
2671.4905 	EXP 	Imported chooseTrialOrderFile.xlsx as conditions, 12 conditions, 1 params
2671.4908 	EXP 	Created sequence: sequential, trialTypes=12, nReps=1, seed=None
2671.4910 	EXP 	New trial (rep=0, index=0): {'trialOrderFile': 'scan_order1.xlsx'}
2671.4966 	EXP 	Imported scan_order1.xlsx as conditions, 8 conditions, 4 params
2671.4968 	EXP 	Created sequence: sequential, trialTypes=8, nReps=1, seed=None
2671.4970 	EXP 	New trial (rep=0, index=0): {'im_fName': 'cl001.jpg', 'key_correct': 2, 'im_type': 'scene', 'im_familiarity': 'familiar'}
2671.5436 	DATA 	Keypress: 5
2671.5509 	EXP 	str_bangRest: autoDraw = False
2671.5509 	EXP 	str_fixRest: autoDraw = False
2671.5509 	EXP 	str_bangRest: autoDraw = False
2671.5509 	EXP 	im_trialImage: size = array([0.8       , 0.94814815])
2671.5509 	EXP 	im_trialImage: image = 'cl001.jpg'
2671.5509 	EXP 	im_trialImage: autoDraw = True
2672.2951 	DATA 	Keypress: 5
2672.5431 	DATA 	Keypress: 2
2673.0961 	DATA 	Keypress: 5
2673.5070 	EXP 	im_trialImage: autoDraw = False
2673.5070 	EXP 	str_fixITI: autoDraw = True
2673.8916 	DATA 	Keypress: 5
2673.9908 	EXP 	New trial (rep=0, index=1): {'im_fName': 'cl002.jpg', 'key_correct': 1, 'im_type': 'animal', 'im_familiarity': 'familiar'}
2674.0321 	EXP 	str_fixITI: autoDraw = False
2674.0321 	EXP 	im_trialImage: size = array([0.79583333, 0.94259259])
2674.0321 	EXP 	im_trialImage: image = 'cl002.jpg'
2674.0321 	EXP 	im_trialImage: autoDraw = True
2674.6942 	DATA 	Keypress: 5
2674.7512 	DATA 	Keypress: 1
2675.4923 	DATA 	Keypress: 5
2675.9993 	EXP 	im_trialImage: autoDraw = False
2675.9993 	EXP 	str_fixITI: autoDraw = True
2676.2917 	DATA 	Keypress: 5
2676.4900 	EXP 	New trial (rep=0, index=2): {'im_fName': 'cl003.jpg', 'key_correct': 2, 'im_type': 'scene', 'im_familiarity': 'familiar'}
2676.5399 	EXP 	str_fixITI: autoDraw = False
2676.5399 	EXP 	im_trialImage: size = array([0.8       , 0.94814815])
2676.5399 	EXP 	im_trialImage: image = 'cl003.jpg'
2676.5399 	EXP 	im_trialImage: autoDraw = True
2677.0953 	DATA 	Keypress: 5
2677.2954 	DATA 	Keypress: 2
2677.8953 	DATA 	Keypress: 5
2678.5057 	EXP 	im_trialImage: autoDraw = False
2678.5057 	EXP 	str_fixITI: autoDraw = True
2678.6907 	DATA 	Keypress: 5
2678.9978 	EXP 	New trial (rep=0, index=3): {'im_fName': 'cl004.jpg', 'key_correct': 1, 'im_type': 'animal', 'im_familiarity': 'familiar'}
2679.0490 	EXP 	str_fixITI: autoDraw = False
2679.0490 	EXP 	im_trialImage: size = array([0.79583333, 0.94259259])
2679.0490 	EXP 	im_trialImage: image = 'cl004.jpg'
2679.0490 	EXP 	im_trialImage: autoDraw = True
2679.4944 	DATA 	Keypress: 5
2679.7744 	DATA 	Keypress: 1
2680.2944 	DATA 	Keypress: 5
2681.0052 	EXP 	im_trialImage: autoDraw = False
2681.0052 	EXP 	str_fixITI: autoDraw = True
2681.0919 	DATA 	Keypress: 5
2681.4972 	EXP 	New trial (rep=0, index=4): {'im_fName': 'cl005.jpg', 'key_correct': 2, 'im_type': 'scene', 'im_familiarity': 'familiar'}
2681.5803 	EXP 	str_fixITI: autoDraw = False
2681.5803 	EXP 	im_trialImage: size = array([0.8       , 0.94814815])
2681.5803 	EXP 	im_trialImage: image = 'cl005.jpg'
2681.5803 	EXP 	im_trialImage: autoDraw = True
2681.8905 	DATA 	Keypress: 5
2682.3276 	DATA 	Keypress: 2
2682.6935 	DATA 	Keypress: 5
2683.4942 	DATA 	Keypress: 5
2683.5046 	EXP 	im_trialImage: autoDraw = False
2683.5046 	EXP 	str_fixITI: autoDraw = True
2683.9966 	EXP 	New trial (rep=0, index=5): {'im_fName': 'cl006.jpg', 'key_correct': 2, 'im_type': 'scene', 'im_familiarity': 'familiar'}
2684.0377 	EXP 	str_fixITI: autoDraw = False
2684.0377 	EXP 	im_trialImage: size = array([0.8       , 0.94814815])
2684.0377 	EXP 	im_trialImage: image = 'cl006.jpg'
2684.0377 	EXP 	im_trialImage: autoDraw = True
2684.2936 	DATA 	Keypress: 5
2684.8736 	DATA 	Keypress: 2
2685.0936 	DATA 	Keypress: 5
2685.8926 	DATA 	Keypress: 5
2686.0041 	EXP 	im_trialImage: autoDraw = False
2686.0041 	EXP 	str_fixITI: autoDraw = True
2686.4959 	EXP 	New trial (rep=0, index=6): {'im_fName': 'cl007.jpg', 'key_correct': 1, 'im_type': 'animal', 'im_familiarity': 'familiar'}
2686.5489 	EXP 	str_fixITI: autoDraw = False
2686.5489 	EXP 	im_trialImage: size = array([0.79583333, 0.94259259])
2686.5489 	EXP 	im_trialImage: image = 'cl007.jpg'
2686.5489 	EXP 	im_trialImage: autoDraw = True
2686.6927 	DATA 	Keypress: 5
2687.3347 	DATA 	Keypress: 1
2687.4907 	DATA 	Keypress: 5
2688.2908 	DATA 	Keypress: 5
2688.5117 	EXP 	im_trialImage: autoDraw = False
2688.5117 	EXP 	str_fixITI: autoDraw = True
2688.9954 	EXP 	New trial (rep=0, index=7): {'im_fName': 'cl008.jpg', 'key_correct': 1, 'im_type': 'animal', 'im_familiarity': 'familiar'}
2689.0280 	EXP 	str_fixITI: autoDraw = False
2689.0280 	EXP 	im_trialImage: size = array([0.79583333, 0.94259259])
2689.0280 	EXP 	im_trialImage: image = 'cl008.jpg'
2689.0280 	EXP 	im_trialImage: autoDraw = True
2689.0888 	DATA 	Keypress: 5
2689.8558 	DATA 	Keypress: 1
2689.8889 	DATA 	Keypress: 5
2690.6899 	DATA 	Keypress: 5
2691.0111 	EXP 	im_trialImage: autoDraw = False
2691.0111 	EXP 	str_fixITI: autoDraw = True
2691.4963 	DATA 	Keypress: 5
2691.5029 	EXP 	str_fixITI: autoDraw = False
2691.5029 	EXP 	str_fixRest: autoDraw = True
2692.2964 	DATA 	Keypress: 5
2693.0954 	DATA 	Keypress: 5
2693.8954 	DATA 	Keypress: 5
2694.6954 	DATA 	Keypress: 5
2695.4955 	DATA 	Keypress: 5
2696.2948 	DATA 	Keypress: 5
2697.0958 	DATA 	Keypress: 5
2697.8946 	DATA 	Keypress: 5
2698.6946 	DATA 	Keypress: 5
2699.4937 	DATA 	Keypress: 5
2700.2937 	DATA 	Keypress: 5
2701.0937 	DATA 	Keypress: 5
2701.8938 	DATA 	Keypress: 5
2702.6938 	DATA 	Keypress: 5
2702.9917 	EXP 	str_bangRest: autoDraw = True
2703.0091 	EXP 	str_fixRest: autoDraw = False
2703.4845 	EXP 	New trial (rep=0, index=1): {'trialOrderFile': 'scan_order2.xlsx'}
2703.4912 	EXP 	Imported scan_order2.xlsx as conditions, 8 conditions, 4 params
2703.4914 	EXP 	Created sequence: sequential, trialTypes=8, nReps=1, seed=None
2703.4917 	EXP 	New trial (rep=0, index=0): {'im_fName': 'cl009.jpg', 'key_correct': 2, 'im_type': 'scene', 'im_familiarity': 'novel'}
2703.5275 	DATA 	Keypress: 5
2703.5354 	EXP 	str_bangRest: autoDraw = False
2703.5354 	EXP 	str_fixRest: autoDraw = False
2703.5354 	EXP 	str_bangRest: autoDraw = False
2703.5354 	EXP 	im_trialImage: size = array([0.8       , 0.94814815])
2703.5354 	EXP 	im_trialImage: image = 'cl009.jpg'
2703.5354 	EXP 	im_trialImage: autoDraw = True
2704.2935 	DATA 	Keypress: 5
2704.3035 	DATA 	Keypress: 2
2705.0955 	DATA 	Keypress: 5
2705.5077 	EXP 	im_trialImage: autoDraw = False
2705.5077 	EXP 	str_fixITI: autoDraw = True
2705.8929 	DATA 	Keypress: 5
2705.9914 	EXP 	New trial (rep=0, index=1): {'im_fName': 'cl010.jpg', 'key_correct': 1, 'im_type': 'animal', 'im_familiarity': 'novel'}
2706.0328 	EXP 	str_fixITI: autoDraw = False
2706.0328 	EXP 	im_trialImage: size = array([0.79583333, 0.94259259])
2706.0328 	EXP 	im_trialImage: image = 'cl010.jpg'
2706.0328 	EXP 	im_trialImage: autoDraw = True
2706.6966 	DATA 	Keypress: 5
2706.9285 	DATA 	Keypress: 1
2707.4926 	DATA 	Keypress: 5
2708.0006 	EXP 	im_trialImage: autoDraw = False
2708.0006 	EXP 	str_fixITI: autoDraw = True
2708.2921 	DATA 	Keypress: 5
2708.4907 	EXP 	New trial (rep=0, index=2): {'im_fName': 'cl011.jpg', 'key_correct': 1, 'im_type': 'animal', 'im_familiarity': 'novel'}
2708.5152 	EXP 	str_fixITI: autoDraw = False
2708.5152 	EXP 	im_trialImage: size = array([0.79583333, 0.94259259])
2708.5152 	EXP 	im_trialImage: image = 'cl011.jpg'
2708.5152 	EXP 	im_trialImage: autoDraw = True
2709.0927 	DATA 	Keypress: 5
2709.2457 	DATA 	Keypress: 1
2709.8927 	DATA 	Keypress: 5
2710.4989 	EXP 	im_trialImage: autoDraw = False
2710.4989 	EXP 	str_fixITI: autoDraw = True
2710.6945 	DATA 	Keypress: 5
2710.9901 	EXP 	New trial (rep=0, index=3): {'im_fName': 'cl012.jpg', 'key_correct': 1, 'im_type': 'animal', 'im_familiarity': 'novel'}
2711.0230 	EXP 	str_fixITI: autoDraw = False
2711.0230 	EXP 	im_trialImage: size = array([0.79583333, 0.94259259])
2711.0230 	EXP 	im_trialImage: image = 'cl012.jpg'
2711.0230 	EXP 	im_trialImage: autoDraw = True
2711.4936 	DATA 	Keypress: 5
2711.8248 	DATA 	Keypress: 1
2712.2949 	DATA 	Keypress: 5
2713.0059 	EXP 	im_trialImage: autoDraw = False
2713.0059 	EXP 	str_fixITI: autoDraw = True
2713.0915 	DATA 	Keypress: 5
2713.4979 	EXP 	New trial (rep=0, index=4): {'im_fName': 'cl013.jpg', 'key_correct': 2, 'im_type': 'scene', 'im_familiarity': 'novel'}
2713.5503 	EXP 	str_fixITI: autoDraw = False
2713.5503 	EXP 	im_trialImage: size = array([0.8       , 0.94814815])
2713.5503 	EXP 	im_trialImage: image = 'cl013.jpg'
2713.5503 	EXP 	im_trialImage: autoDraw = True
2713.8919 	DATA 	Keypress: 5
2714.2579 	DATA 	Keypress: 2
2714.6929 	DATA 	Keypress: 5
2715.4946 	DATA 	Keypress: 5
2715.5053 	EXP 	im_trialImage: autoDraw = False
2715.5053 	EXP 	str_fixITI: autoDraw = True
2715.9978 	EXP 	New trial (rep=0, index=5): {'im_fName': 'cl014.jpg', 'key_correct': 1, 'im_type': 'animal', 'im_familiarity': 'novel'}
2716.0243 	EXP 	str_fixITI: autoDraw = False
2716.0243 	EXP 	im_trialImage: size = array([0.79583333, 0.94259259])
2716.0243 	EXP 	im_trialImage: image = 'cl014.jpg'
2716.0243 	EXP 	im_trialImage: autoDraw = True
2716.2940 	DATA 	Keypress: 5
2716.8241 	DATA 	Keypress: 1
2717.0910 	DATA 	Keypress: 5
2717.8901 	DATA 	Keypress: 5
2718.0061 	EXP 	im_trialImage: autoDraw = False
2718.0061 	EXP 	str_fixITI: autoDraw = True
2718.4966 	EXP 	New trial (rep=0, index=6): {'im_fName': 'cl015.jpg', 'key_correct': 2, 'im_type': 'scene', 'im_familiarity': 'novel'}
2718.5386 	EXP 	str_fixITI: autoDraw = False
2718.5386 	EXP 	im_trialImage: size = array([0.8       , 0.94814815])
2718.5386 	EXP 	im_trialImage: image = 'cl015.jpg'
2718.5386 	EXP 	im_trialImage: autoDraw = True
2718.6921 	DATA 	Keypress: 5
2719.2502 	DATA 	Keypress: 2
2719.4931 	DATA 	Keypress: 5
2720.2932 	DATA 	Keypress: 5
2720.5041 	EXP 	im_trialImage: autoDraw = False
2720.5041 	EXP 	str_fixITI: autoDraw = True
2720.9960 	EXP 	New trial (rep=0, index=7): {'im_fName': 'cl016.jpg', 'key_correct': 2, 'im_type': 'scene', 'im_familiarity': 'novel'}
2721.0145 	EXP 	str_fixITI: autoDraw = False
2721.0145 	EXP 	im_trialImage: size = array([0.8       , 0.94814815])
2721.0145 	EXP 	im_trialImage: image = 'cl016.jpg'
2721.0145 	EXP 	im_trialImage: autoDraw = True
2721.0921 	DATA 	Keypress: 5
2721.8733 	DATA 	Keypress: 2
2721.8933 	DATA 	Keypress: 5
2722.6923 	DATA 	Keypress: 5
2723.0053 	EXP 	im_trialImage: autoDraw = False
2723.0053 	EXP 	str_fixITI: autoDraw = True
2723.4887 	DATA 	Keypress: 5
2723.5041 	EXP 	str_fixITI: autoDraw = False
2723.5041 	EXP 	str_fixRest: autoDraw = True
2724.2879 	DATA 	Keypress: 5
2725.0879 	DATA 	Keypress: 5
2725.8889 	DATA 	Keypress: 5
2726.6883 	DATA 	Keypress: 5
2727.4959 	DATA 	Keypress: 5
2728.2959 	DATA 	Keypress: 5
2729.0988 	DATA 	Keypress: 5
2729.8951 	DATA 	Keypress: 5
2730.6951 	DATA 	Keypress: 5
2731.4950 	DATA 	Keypress: 5
2732.2942 	DATA 	Keypress: 5
2733.0945 	DATA 	Keypress: 5
2733.8943 	DATA 	Keypress: 5
2734.6943 	DATA 	Keypress: 5
2734.9923 	EXP 	str_bangRest: autoDraw = True
2735.0100 	EXP 	str_fixRest: autoDraw = False
2735.4847 	EXP 	New trial (rep=0, index=2): {'trialOrderFile': 'scan_order3.xlsx'}
2735.4925 	EXP 	Imported scan_order3.xlsx as conditions, 8 conditions, 4 params
2735.4928 	EXP 	Created sequence: sequential, trialTypes=8, nReps=1, seed=None
2735.4930 	EXP 	New trial (rep=0, index=0): {'im_fName': 'cl017.jpg', 'key_correct': 2, 'im_type': 'scene', 'im_familiarity': 'familiar'}
2735.5289 	DATA 	Keypress: 5
2735.5363 	EXP 	str_bangRest: autoDraw = False
2735.5363 	EXP 	str_fixRest: autoDraw = False
2735.5363 	EXP 	str_bangRest: autoDraw = False
2735.5363 	EXP 	im_trialImage: size = array([0.8       , 0.94814815])
2735.5363 	EXP 	im_trialImage: image = 'cl017.jpg'
2735.5363 	EXP 	im_trialImage: autoDraw = True
2736.1059 	DATA 	Keypress: 2
2736.2959 	DATA 	Keypress: 5
2737.0889 	DATA 	Keypress: 5
2737.5089 	EXP 	im_trialImage: autoDraw = False
2737.5089 	EXP 	str_fixITI: autoDraw = True
2737.8934 	DATA 	Keypress: 5
2737.9923 	EXP 	New trial (rep=0, index=1): {'im_fName': 'cl018.jpg', 'key_correct': 1, 'im_type': 'animal', 'im_familiarity': 'familiar'}
2738.0335 	EXP 	str_fixITI: autoDraw = False
2738.0335 	EXP 	im_trialImage: size = array([0.79583333, 0.94259259])
2738.0335 	EXP 	im_trialImage: image = 'cl018.jpg'
2738.0335 	EXP 	im_trialImage: autoDraw = True
2738.6290 	DATA 	Keypress: 1
2738.6950 	DATA 	Keypress: 5
2739.4950 	DATA 	Keypress: 5
2740.0078 	EXP 	im_trialImage: autoDraw = False
2740.0078 	EXP 	str_fixITI: autoDraw = True
2740.2925 	DATA 	Keypress: 5
2740.4923 	EXP 	New trial (rep=0, index=2): {'im_fName': 'cl019.jpg', 'key_correct': 1, 'im_type': 'animal', 'im_familiarity': 'familiar'}
2740.5158 	EXP 	str_fixITI: autoDraw = False
2740.5158 	EXP 	im_trialImage: size = array([0.79583333, 0.94259259])
2740.5158 	EXP 	im_trialImage: image = 'cl019.jpg'
2740.5158 	EXP 	im_trialImage: autoDraw = True
2741.0970 	DATA 	Keypress: 5
2741.3851 	DATA 	Keypress: 1
2741.8941 	DATA 	Keypress: 5
2742.5002 	EXP 	im_trialImage: autoDraw = False
2742.5002 	EXP 	str_fixITI: autoDraw = True
2742.6926 	DATA 	Keypress: 5
2742.9908 	EXP 	New trial (rep=0, index=3): {'im_fName': 'cl020.jpg', 'key_correct': 2, 'im_type': 'scene', 'im_familiarity': 'familiar'}
2743.0406 	EXP 	str_fixITI: autoDraw = False
2743.0406 	EXP 	im_trialImage: size = array([0.8       , 0.94814815])
2743.0406 	EXP 	im_trialImage: image = 'cl020.jpg'
2743.0406 	EXP 	im_trialImage: autoDraw = True
2743.4962 	DATA 	Keypress: 5
2743.7292 	DATA 	Keypress: 2
2744.2952 	DATA 	Keypress: 5
2745.0066 	EXP 	im_trialImage: autoDraw = False
2745.0066 	EXP 	str_fixITI: autoDraw = True
2745.0929 	DATA 	Keypress: 5
2745.4902 	EXP 	New trial (rep=0, index=4): {'im_fName': 'cl021.jpg', 'key_correct': 2, 'im_type': 'scene', 'im_familiarity': 'familiar'}
2745.5175 	EXP 	str_fixITI: autoDraw = False
2745.5175 	EXP 	im_trialImage: size = array([0.8       , 0.94814815])
2745.5175 	EXP 	im_trialImage: image = 'cl021.jpg'
2745.5175 	EXP 	im_trialImage: autoDraw = True
2745.8933 	DATA 	Keypress: 5
2746.3853 	DATA 	Keypress: 2
2746.6953 	DATA 	Keypress: 5
2747.4999 	DATA 	Keypress: 5
2747.5067 	EXP 	im_trialImage: autoDraw = False
2747.5067 	EXP 	str_fixITI: autoDraw = True
2747.9979 	EXP 	New trial (rep=0, index=5): {'im_fName': 'cl022.jpg', 'key_correct': 2, 'im_type': 'scene', 'im_familiarity': 'familiar'}
2748.0308 	EXP 	str_fixITI: autoDraw = False
2748.0308 	EXP 	im_trialImage: size = array([0.8       , 0.94814815])
2748.0308 	EXP 	im_trialImage: image = 'cl022.jpg'
2748.0308 	EXP 	im_trialImage: autoDraw = True
2748.2915 	DATA 	Keypress: 5
2749.0534 	DATA 	Keypress: 2
2749.0995 	DATA 	Keypress: 5
2749.8925 	DATA 	Keypress: 5
2749.9985 	EXP 	im_trialImage: autoDraw = False
2749.9985 	EXP 	str_fixITI: autoDraw = True
2750.4973 	EXP 	New trial (rep=0, index=6): {'im_fName': 'cl023.jpg', 'key_correct': 1, 'im_type': 'animal', 'im_familiarity': 'familiar'}
2750.5578 	EXP 	str_fixITI: autoDraw = False
2750.5578 	EXP 	im_trialImage: size = array([0.79583333, 0.94259259])
2750.5578 	EXP 	im_trialImage: image = 'cl023.jpg'
2750.5578 	EXP 	im_trialImage: autoDraw = True
2750.6925 	DATA 	Keypress: 5
2751.3496 	DATA 	Keypress: 1
2751.4925 	DATA 	Keypress: 5
2752.2926 	DATA 	Keypress: 5
2752.5048 	EXP 	im_trialImage: autoDraw = False
2752.5048 	EXP 	str_fixITI: autoDraw = True
2752.9969 	EXP 	New trial (rep=0, index=7): {'im_fName': 'cl024.jpg', 'key_correct': 1, 'im_type': 'animal', 'im_familiarity': 'familiar'}
2753.0240 	EXP 	str_fixITI: autoDraw = False
2753.0240 	EXP 	im_trialImage: size = array([0.79583333, 0.94259259])
2753.0240 	EXP 	im_trialImage: image = 'cl024.jpg'
2753.0240 	EXP 	im_trialImage: autoDraw = True
2753.0936 	DATA 	Keypress: 5
2753.7497 	DATA 	Keypress: 1
2753.8936 	DATA 	Keypress: 5
2754.6987 	DATA 	Keypress: 5
2755.0047 	EXP 	im_trialImage: autoDraw = False
2755.0047 	EXP 	str_fixITI: autoDraw = True
2755.4891 	DATA 	Keypress: 5
2755.5045 	EXP 	str_fixITI: autoDraw = False
2755.5045 	EXP 	str_fixRest: autoDraw = True
2756.2892 	DATA 	Keypress: 5
2757.0883 	DATA 	Keypress: 5
2757.8884 	DATA 	Keypress: 5
2758.6884 	DATA 	Keypress: 5
2759.4893 	DATA 	Keypress: 5
2760.2885 	DATA 	Keypress: 5
2761.0885 	DATA 	Keypress: 5
2761.8964 	DATA 	Keypress: 5
2762.6954 	DATA 	Keypress: 5
2763.4955 	DATA 	Keypress: 5
2764.2955 	DATA 	Keypress: 5
2765.0956 	DATA 	Keypress: 5
2765.8956 	DATA 	Keypress: 5
2766.6947 	DATA 	Keypress: 5
2766.9937 	EXP 	str_bangRest: autoDraw = True
2767.0110 	EXP 	str_fixRest: autoDraw = False
2767.4862 	EXP 	New trial (rep=0, index=3): {'trialOrderFile': 'scan_order4.xlsx'}
2767.4929 	EXP 	Imported scan_order4.xlsx as conditions, 8 conditions, 4 params
2767.4931 	EXP 	Created sequence: sequential, trialTypes=8, nReps=1, seed=None
2767.4934 	EXP 	New trial (rep=0, index=0): {'im_fName': 'cl025.jpg', 'key_correct': 1, 'im_type': 'animal', 'im_familiarity': 'novel'}
2767.5283 	DATA 	Keypress: 5
2767.5361 	EXP 	str_bangRest: autoDraw = False
2767.5361 	EXP 	str_fixRest: autoDraw = False
2767.5361 	EXP 	str_bangRest: autoDraw = False
2767.5361 	EXP 	im_trialImage: size = array([0.8       , 0.94814815])
2767.5361 	EXP 	im_trialImage: image = 'cl025.jpg'
2767.5361 	EXP 	im_trialImage: autoDraw = True
2768.2903 	DATA 	Keypress: 5
2768.3703 	DATA 	Keypress: 1
2769.0893 	DATA 	Keypress: 5
2769.5106 	EXP 	im_trialImage: autoDraw = False
2769.5106 	EXP 	str_fixITI: autoDraw = True
2769.8938 	DATA 	Keypress: 5
2769.9929 	EXP 	New trial (rep=0, index=1): {'im_fName': 'cl026.jpg', 'key_correct': 1, 'im_type': 'animal', 'im_familiarity': 'novel'}
2770.0422 	EXP 	str_fixITI: autoDraw = False
2770.0422 	EXP 	im_trialImage: size = array([0.8       , 0.94814815])
2770.0422 	EXP 	im_trialImage: image = 'cl026.jpg'
2770.0422 	EXP 	im_trialImage: autoDraw = True
2770.6944 	DATA 	Keypress: 5
2770.9044 	DATA 	Keypress: 1
2771.4974 	DATA 	Keypress: 5
2772.0084 	EXP 	im_trialImage: autoDraw = False
2772.0084 	EXP 	str_fixITI: autoDraw = True
2772.2940 	DATA 	Keypress: 5
2772.4921 	EXP 	New trial (rep=0, index=2): {'im_fName': 'cl027.jpg', 'key_correct': 2, 'im_type': 'scene', 'im_familiarity': 'novel'}
2772.5167 	EXP 	str_fixITI: autoDraw = False
2772.5167 	EXP 	im_trialImage: size = array([0.8       , 0.94814815])
2772.5167 	EXP 	im_trialImage: image = 'cl027.jpg'
2772.5167 	EXP 	im_trialImage: autoDraw = True
2773.0935 	DATA 	Keypress: 5
2773.2275 	DATA 	Keypress: 2
2773.8935 	DATA 	Keypress: 5
2774.5006 	EXP 	im_trialImage: autoDraw = False
2774.5006 	EXP 	str_fixITI: autoDraw = True
2774.6930 	DATA 	Keypress: 5
2774.9914 	EXP 	New trial (rep=0, index=3): {'im_fName': 'cl028.jpg', 'key_correct': 2, 'im_type': 'scene', 'im_familiarity': 'novel'}
2775.0743 	EXP 	str_fixITI: autoDraw = False
2775.0743 	EXP 	im_trialImage: size = array([0.8       , 0.94814815])
2775.0743 	EXP 	im_trialImage: image = 'cl028.jpg'
2775.0743 	EXP 	im_trialImage: autoDraw = True
2775.4966 	DATA 	Keypress: 5
2775.9216 	DATA 	Keypress: 2
2776.3017 	DATA 	Keypress: 5
2777.0077 	EXP 	im_trialImage: autoDraw = False
2777.0077 	EXP 	str_fixITI: autoDraw = True
2777.0920 	DATA 	Keypress: 5
2777.4910 	EXP 	New trial (rep=0, index=4): {'im_fName': 'cl029.jpg', 'key_correct': 2, 'im_type': 'scene', 'im_familiarity': 'novel'}
2777.5154 	EXP 	str_fixITI: autoDraw = False
2777.5154 	EXP 	im_trialImage: size = array([0.8       , 0.94814815])
2777.5154 	EXP 	im_trialImage: image = 'cl029.jpg'
2777.5154 	EXP 	im_trialImage: autoDraw = True
2777.8928 	DATA 	Keypress: 5
2778.3699 	DATA 	Keypress: 2
2778.6958 	DATA 	Keypress: 5
2779.4972 	DATA 	Keypress: 5
2779.5067 	EXP 	im_trialImage: autoDraw = False
2779.5067 	EXP 	str_fixITI: autoDraw = True
2779.9902 	EXP 	New trial (rep=0, index=5): {'im_fName': 'cl030.jpg', 'key_correct': 1, 'im_type': 'animal', 'im_familiarity': 'novel'}
2780.0233 	EXP 	str_fixITI: autoDraw = False
2780.0233 	EXP 	im_trialImage: size = array([0.8       , 0.94814815])
2780.0233 	EXP 	im_trialImage: image = 'cl030.jpg'
2780.0233 	EXP 	im_trialImage: autoDraw = True
2780.3008 	DATA 	Keypress: 5
2780.8088 	DATA 	Keypress: 1
2781.0949 	DATA 	Keypress: 5
2781.8949 	DATA 	Keypress: 5
2782.0061 	EXP 	im_trialImage: autoDraw = False
2782.0061 	EXP 	str_fixITI: autoDraw = True
2782.4897 	EXP 	New trial (rep=0, index=6): {'im_fName': 'cl031.jpg', 'key_correct': 2, 'im_type': 'scene', 'im_familiarity': 'novel'}
2782.5324 	EXP 	str_fixITI: autoDraw = False
2782.5324 	EXP 	im_trialImage: size = array([0.79479167, 0.94814815])
2782.5324 	EXP 	im_trialImage: image = 'cl031.jpg'
2782.5324 	EXP 	im_trialImage: autoDraw = True
2782.6929 	DATA 	Keypress: 5
2783.2930 	DATA 	Keypress: 2
2783.4938 	DATA 	Keypress: 5
2784.2911 	DATA 	Keypress: 5
2784.5082 	EXP 	im_trialImage: autoDraw = False
2784.5082 	EXP 	str_fixITI: autoDraw = True
2784.9974 	EXP 	New trial (rep=0, index=7): {'im_fName': 'cl032.jpg', 'key_correct': 1, 'im_type': 'animal', 'im_familiarity': 'novel'}
2785.0225 	EXP 	str_fixITI: autoDraw = False
2785.0225 	EXP 	im_trialImage: size = array([0.8       , 0.94814815])
2785.0225 	EXP 	im_trialImage: image = 'cl032.jpg'
2785.0225 	EXP 	im_trialImage: autoDraw = True
2785.0949 	DATA 	Keypress: 5
2785.6941 	DATA 	Keypress: 1
2785.8941 	DATA 	Keypress: 5
2786.6941 	DATA 	Keypress: 5
2787.0049 	EXP 	im_trialImage: autoDraw = False
2787.0049 	EXP 	str_fixITI: autoDraw = True
2787.4896 	DATA 	Keypress: 5
2787.5049 	EXP 	str_fixITI: autoDraw = False
2787.5049 	EXP 	str_fixRest: autoDraw = True
2788.2896 	DATA 	Keypress: 5
2789.0897 	DATA 	Keypress: 5
2789.8897 	DATA 	Keypress: 5
2790.6887 	DATA 	Keypress: 5
2791.4889 	DATA 	Keypress: 5
2792.2889 	DATA 	Keypress: 5
2793.0890 	DATA 	Keypress: 5
2793.8969 	DATA 	Keypress: 5
2794.6959 	DATA 	Keypress: 5
2795.4959 	DATA 	Keypress: 5
2796.2960 	DATA 	Keypress: 5
2797.0960 	DATA 	Keypress: 5
2797.8961 	DATA 	Keypress: 5
2798.6951 	DATA 	Keypress: 5
2798.9941 	EXP 	str_bangRest: autoDraw = True
2799.0115 	EXP 	str_fixRest: autoDraw = False
2799.4866 	EXP 	New trial (rep=0, index=4): {'trialOrderFile': 'scan_order5.xlsx'}
2799.4934 	EXP 	Imported scan_order5.xlsx as conditions, 8 conditions, 4 params
2799.4936 	EXP 	Created sequence: sequential, trialTypes=8, nReps=1, seed=None
2799.4938 	EXP 	New trial (rep=0, index=0): {'im_fName': 'cl033.jpg', 'key_correct': 1, 'im_type': 'animal', 'im_familiarity': 'familiar'}
2799.5088 	DATA 	Keypress: 5
2799.5188 	EXP 	str_bangRest: autoDraw = False
2799.5188 	EXP 	str_fixRest: autoDraw = False
2799.5188 	EXP 	str_bangRest: autoDraw = False
2799.5188 	EXP 	im_trialImage: size = array([0.79583333, 0.94259259])
2799.5188 	EXP 	im_trialImage: image = 'cl033.jpg'
2799.5188 	EXP 	im_trialImage: autoDraw = True
2800.2657 	DATA 	Keypress: 1
2800.2889 	DATA 	Keypress: 5
2801.0908 	DATA 	Keypress: 5
2801.5109 	EXP 	im_trialImage: autoDraw = False
2801.5109 	EXP 	str_fixITI: autoDraw = True
2801.8943 	DATA 	Keypress: 5
2801.9935 	EXP 	New trial (rep=0, index=1): {'im_fName': 'cl034.jpg', 'key_correct': 1, 'im_type': 'animal', 'im_familiarity': 'familiar'}
2802.0122 	EXP 	str_fixITI: autoDraw = False
2802.0122 	EXP 	im_trialImage: size = array([0.79583333, 0.94259259])
2802.0122 	EXP 	im_trialImage: image = 'cl034.jpg'
2802.0122 	EXP 	im_trialImage: autoDraw = True
2802.6889 	DATA 	Keypress: 5
2802.7368 	DATA 	Keypress: 1
2803.4969 	DATA 	Keypress: 5
2804.0091 	EXP 	im_trialImage: autoDraw = False
2804.0091 	EXP 	str_fixITI: autoDraw = True
2804.2943 	DATA 	Keypress: 5
2804.4934 	EXP 	New trial (rep=0, index=2): {'im_fName': 'cl035.jpg', 'key_correct': 1, 'im_type': 'animal', 'im_familiarity': 'familiar'}
2804.5109 	EXP 	str_fixITI: autoDraw = False
2804.5109 	EXP 	im_trialImage: size = array([0.79583333, 0.94259259])
2804.5109 	EXP 	im_trialImage: image = 'cl035.jpg'
2804.5109 	EXP 	im_trialImage: autoDraw = True
2805.0949 	DATA 	Keypress: 5
2805.2709 	DATA 	Keypress: 1
2805.8980 	DATA 	Keypress: 5
2806.5086 	EXP 	im_trialImage: autoDraw = False
2806.5086 	EXP 	str_fixITI: autoDraw = True
2806.6946 	DATA 	Keypress: 5
2806.9922 	EXP 	New trial (rep=0, index=3): {'im_fName': 'cl036.jpg', 'key_correct': 2, 'im_type': 'scene', 'im_familiarity': 'familiar'}
2807.0284 	EXP 	str_fixITI: autoDraw = False
2807.0284 	EXP 	im_trialImage: size = array([0.8       , 0.94814815])
2807.0284 	EXP 	im_trialImage: image = 'cl036.jpg'
2807.0284 	EXP 	im_trialImage: autoDraw = True
2807.4970 	DATA 	Keypress: 5
2807.6970 	DATA 	Keypress: 2
2808.2971 	DATA 	Keypress: 5
2809.0001 	EXP 	im_trialImage: autoDraw = False
2809.0001 	EXP 	str_fixITI: autoDraw = True
2809.0937 	DATA 	Keypress: 5
2809.4916 	EXP 	New trial (rep=0, index=4): {'im_fName': 'cl037.jpg', 'key_correct': 1, 'im_type': 'animal', 'im_familiarity': 'familiar'}
2809.5167 	EXP 	str_fixITI: autoDraw = False
2809.5167 	EXP 	im_trialImage: size = array([0.79583333, 0.94259259])
2809.5167 	EXP 	im_trialImage: image = 'cl037.jpg'
2809.5167 	EXP 	im_trialImage: autoDraw = True
2809.9021 	DATA 	Keypress: 5
2810.1221 	DATA 	Keypress: 1
2810.7012 	DATA 	Keypress: 5
2811.4936 	DATA 	Keypress: 5
2811.5005 	EXP 	im_trialImage: autoDraw = False
2811.5005 	EXP 	str_fixITI: autoDraw = True
2811.9917 	EXP 	New trial (rep=0, index=5): {'im_fName': 'cl038.jpg', 'key_correct': 2, 'im_type': 'scene', 'im_familiarity': 'familiar'}
2812.0189 	EXP 	str_fixITI: autoDraw = False
2812.0189 	EXP 	im_trialImage: size = array([0.8       , 0.94814815])
2812.0189 	EXP 	im_trialImage: image = 'cl038.jpg'
2812.0189 	EXP 	im_trialImage: autoDraw = True
2812.2933 	DATA 	Keypress: 5
2812.6693 	DATA 	Keypress: 2
2813.0943 	DATA 	Keypress: 5
2813.8944 	DATA 	Keypress: 5
2814.0003 	EXP 	im_trialImage: autoDraw = False
2814.0003 	EXP 	str_fixITI: autoDraw = True
2814.4906 	EXP 	New trial (rep=0, index=6): {'im_fName': 'cl039.jpg', 'key_correct': 2, 'im_type': 'scene', 'im_familiarity': 'familiar'}
2814.5336 	EXP 	str_fixITI: autoDraw = False
2814.5336 	EXP 	im_trialImage: size = array([0.8       , 0.94814815])
2814.5336 	EXP 	im_trialImage: image = 'cl039.jpg'
2814.5336 	EXP 	im_trialImage: autoDraw = True
2814.6953 	DATA 	Keypress: 5
2815.1524 	DATA 	Keypress: 2
2815.4954 	DATA 	Keypress: 5
2816.2954 	DATA 	Keypress: 5
2816.5062 	EXP 	im_trialImage: autoDraw = False
2816.5062 	EXP 	str_fixITI: autoDraw = True
2816.9899 	EXP 	New trial (rep=0, index=7): {'im_fName': 'cl040.jpg', 'key_correct': 2, 'im_type': 'scene', 'im_familiarity': 'familiar'}
2817.0069 	EXP 	str_fixITI: autoDraw = False
2817.0069 	EXP 	im_trialImage: size = array([0.8       , 0.94814815])
2817.0069 	EXP 	im_trialImage: image = 'cl040.jpg'
2817.0069 	EXP 	im_trialImage: autoDraw = True
2817.0934 	DATA 	Keypress: 5
2817.8446 	DATA 	Keypress: 2
2817.8915 	DATA 	Keypress: 5
2818.6915 	DATA 	Keypress: 5
2819.0075 	EXP 	im_trialImage: autoDraw = False
2819.0075 	EXP 	str_fixITI: autoDraw = True
2819.4910 	DATA 	Keypress: 5
2819.5064 	EXP 	str_fixITI: autoDraw = False
2819.5064 	EXP 	str_fixRest: autoDraw = True
2820.2900 	DATA 	Keypress: 5
2821.0899 	DATA 	Keypress: 5
2821.8902 	DATA 	Keypress: 5
2822.6902 	DATA 	Keypress: 5
2823.4892 	DATA 	Keypress: 5
2824.2892 	DATA 	Keypress: 5
2825.0893 	DATA 	Keypress: 5
2825.8893 	DATA 	Keypress: 5
2826.6892 	DATA 	Keypress: 5
2827.4884 	DATA 	Keypress: 5
2828.2885 	DATA 	Keypress: 5
2829.0886 	DATA 	Keypress: 5
2829.8886 	DATA 	Keypress: 5
2830.6964 	DATA 	Keypress: 5
2830.9945 	EXP 	str_bangRest: autoDraw = True
2831.0119 	EXP 	str_fixRest: autoDraw = False
2831.4870 	EXP 	New trial (rep=0, index=5): {'trialOrderFile': 'scan_order6.xlsx'}
2831.4935 	EXP 	Imported scan_order6.xlsx as conditions, 8 conditions, 4 params
2831.4937 	EXP 	Created sequence: sequential, trialTypes=8, nReps=1, seed=None
2831.4940 	EXP 	New trial (rep=0, index=0): {'im_fName': 'cl041.jpg', 'key_correct': 2, 'im_type': 'scene', 'im_familiarity': 'novel'}
2831.5142 	DATA 	Keypress: 5
2831.5217 	EXP 	str_bangRest: autoDraw = False
2831.5217 	EXP 	str_fixRest: autoDraw = False
2831.5217 	EXP 	str_bangRest: autoDraw = False
2831.5217 	EXP 	im_trialImage: size = array([0.8       , 0.94814815])
2831.5217 	EXP 	im_trialImage: image = 'cl041.jpg'
2831.5217 	EXP 	im_trialImage: autoDraw = True
2832.1311 	DATA 	Keypress: 2
2832.2883 	DATA 	Keypress: 5
2833.0892 	DATA 	Keypress: 5
2833.5104 	EXP 	im_trialImage: autoDraw = False
2833.5104 	EXP 	str_fixITI: autoDraw = True
2833.8957 	DATA 	Keypress: 5
2833.9943 	EXP 	New trial (rep=0, index=1): {'im_fName': 'cl042.jpg', 'key_correct': 2, 'im_type': 'scene', 'im_familiarity': 'novel'}
2834.0187 	EXP 	str_fixITI: autoDraw = False
2834.0187 	EXP 	im_trialImage: size = array([0.8       , 0.94814815])
2834.0187 	EXP 	im_trialImage: image = 'cl042.jpg'
2834.0187 	EXP 	im_trialImage: autoDraw = True
2834.6462 	DATA 	Keypress: 2
2834.6893 	DATA 	Keypress: 5
2835.4893 	DATA 	Keypress: 5
2836.0103 	EXP 	im_trialImage: autoDraw = False
2836.0103 	EXP 	str_fixITI: autoDraw = True
2836.2947 	DATA 	Keypress: 5
2836.4937 	EXP 	New trial (rep=0, index=2): {'im_fName': 'cl043.jpg', 'key_correct': 1, 'im_type': 'animal', 'im_familiarity': 'novel'}
2836.5296 	EXP 	str_fixITI: autoDraw = False
2836.5296 	EXP 	im_trialImage: size = array([0.79583333, 0.94259259])
2836.5296 	EXP 	im_trialImage: image = 'cl043.jpg'
2836.5296 	EXP 	im_trialImage: autoDraw = True
2837.0954 	DATA 	Keypress: 5
2837.1953 	DATA 	Keypress: 1
2837.8954 	DATA 	Keypress: 5
2838.5014 	EXP 	im_trialImage: autoDraw = False
2838.5014 	EXP 	str_fixITI: autoDraw = True
2838.6938 	DATA 	Keypress: 5
2838.9928 	EXP 	New trial (rep=0, index=3): {'im_fName': 'cl044.jpg', 'key_correct': 1, 'im_type': 'animal', 'im_familiarity': 'novel'}
2839.0176 	EXP 	str_fixITI: autoDraw = False
2839.0176 	EXP 	im_trialImage: size = array([0.79375  , 0.9462963])
2839.0176 	EXP 	im_trialImage: image = 'cl044.jpg'
2839.0176 	EXP 	im_trialImage: autoDraw = True
2839.4895 	DATA 	Keypress: 5
2839.7615 	DATA 	Keypress: 1
2840.2945 	DATA 	Keypress: 5
2841.0015 	EXP 	im_trialImage: autoDraw = False
2841.0015 	EXP 	str_fixITI: autoDraw = True
2841.0939 	DATA 	Keypress: 5
2841.4923 	EXP 	New trial (rep=0, index=4): {'im_fName': 'cl045.jpg', 'key_correct': 1, 'im_type': 'animal', 'im_familiarity': 'novel'}
2841.5422 	EXP 	str_fixITI: autoDraw = False
2841.5422 	EXP 	im_trialImage: size = array([0.8       , 0.94814815])
2841.5422 	EXP 	im_trialImage: image = 'cl045.jpg'
2841.5422 	EXP 	im_trialImage: autoDraw = True
2841.8976 	DATA 	Keypress: 5
2842.2276 	DATA 	Keypress: 1
2842.6936 	DATA 	Keypress: 5
2843.4942 	DATA 	Keypress: 5
2843.5012 	EXP 	im_trialImage: autoDraw = False
2843.5012 	EXP 	str_fixITI: autoDraw = True
2843.9925 	EXP 	New trial (rep=0, index=5): {'im_fName': 'cl046.jpg', 'key_correct': 2, 'im_type': 'scene', 'im_familiarity': 'novel'}
2844.0169 	EXP 	str_fixITI: autoDraw = False
2844.0169 	EXP 	im_trialImage: size = array([0.8       , 0.94814815])
2844.0169 	EXP 	im_trialImage: image = 'cl046.jpg'
2844.0169 	EXP 	im_trialImage: autoDraw = True
2844.2966 	DATA 	Keypress: 5
2844.7197 	DATA 	Keypress: 2
2845.0967 	DATA 	Keypress: 5
2845.9017 	DATA 	Keypress: 5
2846.0078 	EXP 	im_trialImage: autoDraw = False
2846.0078 	EXP 	str_fixITI: autoDraw = True
2846.4911 	EXP 	New trial (rep=0, index=6): {'im_fName': 'cl047.jpg', 'key_correct': 2, 'im_type': 'scene', 'im_familiarity': 'novel'}
2846.5083 	EXP 	str_fixITI: autoDraw = False
2846.5083 	EXP 	im_trialImage: size = array([0.8       , 0.94814815])
2846.5083 	EXP 	im_trialImage: image = 'cl047.jpg'
2846.5083 	EXP 	im_trialImage: autoDraw = True
2846.6946 	DATA 	Keypress: 5
2847.2846 	DATA 	Keypress: 2
2847.4948 	DATA 	Keypress: 5
2848.2958 	DATA 	Keypress: 5
2848.5069 	EXP 	im_trialImage: autoDraw = False
2848.5069 	EXP 	str_fixITI: autoDraw = True
2848.9905 	EXP 	New trial (rep=0, index=7): {'im_fName': 'cl048.jpg', 'key_correct': 1, 'im_type': 'animal', 'im_familiarity': 'novel'}
2849.0243 	EXP 	str_fixITI: autoDraw = False
2849.0243 	EXP 	im_trialImage: size = array([0.79583333, 0.94259259])
2849.0243 	EXP 	im_trialImage: image = 'cl048.jpg'
2849.0243 	EXP 	im_trialImage: autoDraw = True
2849.1009 	DATA 	Keypress: 5
2849.8689 	DATA 	Keypress: 1
2849.8919 	DATA 	Keypress: 5
2850.6919 	DATA 	Keypress: 5
2850.9992 	EXP 	im_trialImage: autoDraw = False
2850.9992 	EXP 	str_fixITI: autoDraw = True
2851.4914 	DATA 	Keypress: 5
2851.4980 	EXP 	str_fixITI: autoDraw = False
2851.4980 	EXP 	str_fixRest: autoDraw = True
2852.2915 	DATA 	Keypress: 5
2853.0914 	DATA 	Keypress: 5
2853.8905 	DATA 	Keypress: 5
2854.6906 	DATA 	Keypress: 5
2855.4906 	DATA 	Keypress: 5
2856.2898 	DATA 	Keypress: 5
2857.0898 	DATA 	Keypress: 5
2857.8900 	DATA 	Keypress: 5
2858.6899 	DATA 	Keypress: 5
2859.4978 	DATA 	Keypress: 5
2860.2898 	DATA 	Keypress: 5
2861.0888 	DATA 	Keypress: 5
2861.8890 	DATA 	Keypress: 5
2862.6890 	DATA 	Keypress: 5
2862.9867 	EXP 	str_bangRest: autoDraw = True
2863.0042 	EXP 	str_fixRest: autoDraw = False
2863.4794 	EXP 	New trial (rep=0, index=6): {'trialOrderFile': 'scan_order7.xlsx'}
2863.4860 	EXP 	Imported scan_order7.xlsx as conditions, 8 conditions, 4 params
2863.4862 	EXP 	Created sequence: sequential, trialTypes=8, nReps=1, seed=None
2863.4864 	EXP 	New trial (rep=0, index=0): {'im_fName': 'cl049.jpg', 'key_correct': 1, 'im_type': 'animal', 'im_familiarity': 'familiar'}
2863.4966 	DATA 	Keypress: 5
2863.5040 	EXP 	str_bangRest: autoDraw = False
2863.5040 	EXP 	str_fixRest: autoDraw = False
2863.5040 	EXP 	str_bangRest: autoDraw = False
2863.5040 	EXP 	im_trialImage: size = array([0.79583333, 0.94259259])
2863.5040 	EXP 	im_trialImage: image = 'cl049.jpg'
2863.5040 	EXP 	im_trialImage: autoDraw = True
2864.1985 	DATA 	Keypress: 1
2864.2985 	DATA 	Keypress: 5
2865.0986 	DATA 	Keypress: 5
2865.5112 	EXP 	im_trialImage: autoDraw = False
2865.5112 	EXP 	str_fixITI: autoDraw = True
2865.8961 	DATA 	Keypress: 5
2865.9950 	EXP 	New trial (rep=0, index=1): {'im_fName': 'cl050.jpg', 'key_correct': 1, 'im_type': 'animal', 'im_familiarity': 'familiar'}
2866.0113 	EXP 	str_fixITI: autoDraw = False
2866.0113 	EXP 	im_trialImage: size = array([0.79583333, 0.94259259])
2866.0113 	EXP 	im_trialImage: image = 'cl050.jpg'
2866.0113 	EXP 	im_trialImage: autoDraw = True
2866.5216 	DATA 	Keypress: 1
2866.6897 	DATA 	Keypress: 5
2867.4917 	DATA 	Keypress: 5
2868.0119 	EXP 	im_trialImage: autoDraw = False
2868.0119 	EXP 	str_fixITI: autoDraw = True
2868.2961 	DATA 	Keypress: 5
2868.4942 	EXP 	New trial (rep=0, index=2): {'im_fName': 'cl051.jpg', 'key_correct': 1, 'im_type': 'animal', 'im_familiarity': 'familiar'}
2868.5104 	EXP 	str_fixITI: autoDraw = False
2868.5104 	EXP 	im_trialImage: size = array([0.79583333, 0.94259259])
2868.5104 	EXP 	im_trialImage: image = 'cl051.jpg'
2868.5104 	EXP 	im_trialImage: autoDraw = True
2869.0247 	DATA 	Keypress: 1
2869.0907 	DATA 	Keypress: 5
2869.8889 	DATA 	Keypress: 5
2870.5019 	EXP 	im_trialImage: autoDraw = False
2870.5019 	EXP 	str_fixITI: autoDraw = True
2870.6953 	DATA 	Keypress: 5
2870.9940 	EXP 	New trial (rep=0, index=3): {'im_fName': 'cl052.jpg', 'key_correct': 2, 'im_type': 'scene', 'im_familiarity': 'familiar'}
2871.0351 	EXP 	str_fixITI: autoDraw = False
2871.0351 	EXP 	im_trialImage: size = array([0.8       , 0.94814815])
2871.0351 	EXP 	im_trialImage: image = 'cl052.jpg'
2871.0351 	EXP 	im_trialImage: autoDraw = True
2871.4987 	DATA 	Keypress: 5
2871.6559 	DATA 	Keypress: 2
2872.2900 	DATA 	Keypress: 5
2873.0100 	EXP 	im_trialImage: autoDraw = False
2873.0100 	EXP 	str_fixITI: autoDraw = True
2873.0953 	DATA 	Keypress: 5
2873.4932 	EXP 	New trial (rep=0, index=4): {'im_fName': 'cl053.jpg', 'key_correct': 2, 'im_type': 'scene', 'im_familiarity': 'familiar'}
2873.5114 	EXP 	str_fixITI: autoDraw = False
2873.5114 	EXP 	im_trialImage: size = array([0.8       , 0.94814815])
2873.5114 	EXP 	im_trialImage: image = 'cl053.jpg'
2873.5114 	EXP 	im_trialImage: autoDraw = True
2873.8949 	DATA 	Keypress: 5
2874.3280 	DATA 	Keypress: 2
2874.6950 	DATA 	Keypress: 5
2875.4956 	DATA 	Keypress: 5
2875.5026 	EXP 	im_trialImage: autoDraw = False
2875.5026 	EXP 	str_fixITI: autoDraw = True
2875.9924 	EXP 	New trial (rep=0, index=5): {'im_fName': 'cl054.jpg', 'key_correct': 2, 'im_type': 'scene', 'im_familiarity': 'familiar'}
2876.0252 	EXP 	str_fixITI: autoDraw = False
2876.0252 	EXP 	im_trialImage: size = array([0.8       , 0.94814815])
2876.0252 	EXP 	im_trialImage: image = 'cl054.jpg'
2876.0252 	EXP 	im_trialImage: autoDraw = True
2876.2951 	DATA 	Keypress: 5
2876.5861 	DATA 	Keypress: 2
2877.0971 	DATA 	Keypress: 5
2877.8972 	DATA 	Keypress: 5
2878.0082 	EXP 	im_trialImage: autoDraw = False
2878.0082 	EXP 	str_fixITI: autoDraw = True
2878.4918 	EXP 	New trial (rep=0, index=6): {'im_fName': 'cl055.jpg', 'key_correct': 1, 'im_type': 'animal', 'im_familiarity': 'familiar'}
2878.5268 	EXP 	str_fixITI: autoDraw = False
2878.5268 	EXP 	im_trialImage: size = array([0.79583333, 0.94259259])
2878.5268 	EXP 	im_trialImage: image = 'cl055.jpg'
2878.5268 	EXP 	im_trialImage: autoDraw = True
2878.7022 	DATA 	Keypress: 5
2879.2882 	DATA 	Keypress: 1
2879.5022 	DATA 	Keypress: 5
2880.3012 	DATA 	Keypress: 5
2880.5084 	EXP 	im_trialImage: autoDraw = False
2880.5084 	EXP 	str_fixITI: autoDraw = True
2880.9912 	EXP 	New trial (rep=0, index=7): {'im_fName': 'cl056.jpg', 'key_correct': 2, 'im_type': 'scene', 'im_familiarity': 'familiar'}
2881.0161 	EXP 	str_fixITI: autoDraw = False
2881.0161 	EXP 	im_trialImage: size = array([0.8       , 0.94814815])
2881.0161 	EXP 	im_trialImage: image = 'cl056.jpg'
2881.0161 	EXP 	im_trialImage: autoDraw = True
2881.0941 	DATA 	Keypress: 5
2881.8263 	DATA 	Keypress: 2
2881.8933 	DATA 	Keypress: 5
2882.6944 	DATA 	Keypress: 5
2883.0003 	EXP 	im_trialImage: autoDraw = False
2883.0003 	EXP 	str_fixITI: autoDraw = True
2883.4927 	DATA 	Keypress: 5
2883.4993 	EXP 	str_fixITI: autoDraw = False
2883.4993 	EXP 	str_fixRest: autoDraw = True
2884.2919 	DATA 	Keypress: 5
2885.0919 	DATA 	Keypress: 5
2885.8922 	DATA 	Keypress: 5
2886.6909 	DATA 	Keypress: 5
2887.4909 	DATA 	Keypress: 5
2888.2910 	DATA 	Keypress: 5
2889.0910 	DATA 	Keypress: 5
2889.8902 	DATA 	Keypress: 5
2890.6901 	DATA 	Keypress: 5
2891.4902 	DATA 	Keypress: 5
2892.2902 	DATA 	Keypress: 5
2893.0894 	DATA 	Keypress: 5
2893.8894 	DATA 	Keypress: 5
2894.6894 	DATA 	Keypress: 5
2894.9882 	EXP 	str_bangRest: autoDraw = True
2895.0057 	EXP 	str_fixRest: autoDraw = False
2895.4889 	EXP 	New trial (rep=0, index=7): {'trialOrderFile': 'scan_order8.xlsx'}
2895.4956 	EXP 	Imported scan_order8.xlsx as conditions, 8 conditions, 4 params
2895.4959 	EXP 	Created sequence: sequential, trialTypes=8, nReps=1, seed=None
2895.4961 	EXP 	New trial (rep=0, index=0): {'im_fName': 'cl057.jpg', 'key_correct': 2, 'im_type': 'scene', 'im_familiarity': 'novel'}
2895.5110 	DATA 	Keypress: 5
2895.5209 	EXP 	str_bangRest: autoDraw = False
2895.5209 	EXP 	str_fixRest: autoDraw = False
2895.5209 	EXP 	str_bangRest: autoDraw = False
2895.5209 	EXP 	im_trialImage: size = array([0.79583333, 0.94259259])
2895.5209 	EXP 	im_trialImage: image = 'cl057.jpg'
2895.5209 	EXP 	im_trialImage: autoDraw = True
2896.2760 	DATA 	Keypress: 2
2896.2900 	DATA 	Keypress: 5
2897.0980 	DATA 	Keypress: 5
2897.5040 	EXP 	im_trialImage: autoDraw = False
2897.5040 	EXP 	str_fixITI: autoDraw = True
2897.8886 	DATA 	Keypress: 5
2897.9957 	EXP 	New trial (rep=0, index=1): {'im_fName': 'cl058.jpg', 'key_correct': 2, 'im_type': 'scene', 'im_familiarity': 'novel'}
2898.0386 	EXP 	str_fixITI: autoDraw = False
2898.0386 	EXP 	im_trialImage: size = array([0.8       , 0.94814815])
2898.0386 	EXP 	im_trialImage: image = 'cl058.jpg'
2898.0386 	EXP 	im_trialImage: autoDraw = True
2898.6891 	DATA 	Keypress: 5
2898.6992 	DATA 	Keypress: 2
2899.4921 	DATA 	Keypress: 5
2900.0031 	EXP 	im_trialImage: autoDraw = False
2900.0031 	EXP 	str_fixITI: autoDraw = True
2900.2967 	DATA 	Keypress: 5
2900.4949 	EXP 	New trial (rep=0, index=2): {'im_fName': 'cl059.jpg', 'key_correct': 1, 'im_type': 'animal', 'im_familiarity': 'novel'}
2900.5117 	EXP 	str_fixITI: autoDraw = False
2900.5117 	EXP 	im_trialImage: size = array([0.8       , 0.94814815])
2900.5117 	EXP 	im_trialImage: image = 'cl059.jpg'
2900.5117 	EXP 	im_trialImage: autoDraw = True
2901.0902 	DATA 	Keypress: 5
2901.3661 	DATA 	Keypress: 1
2901.8962 	DATA 	Keypress: 5
2902.5042 	EXP 	im_trialImage: autoDraw = False
2902.5042 	EXP 	str_fixITI: autoDraw = True
2902.6957 	DATA 	Keypress: 5
2902.9946 	EXP 	New trial (rep=0, index=3): {'im_fName': 'cl060.jpg', 'key_correct': 2, 'im_type': 'scene', 'im_familiarity': 'novel'}
2903.0277 	EXP 	str_fixITI: autoDraw = False
2903.0277 	EXP 	im_trialImage: size = array([0.79375   , 0.93888889])
2903.0277 	EXP 	im_trialImage: image = 'cl060.jpg'
2903.0277 	EXP 	im_trialImage: autoDraw = True
2903.4963 	DATA 	Keypress: 5
2903.8393 	DATA 	Keypress: 2
2904.2963 	DATA 	Keypress: 5
2905.0025 	EXP 	im_trialImage: autoDraw = False
2905.0025 	EXP 	str_fixITI: autoDraw = True
2905.0948 	DATA 	Keypress: 5
2905.4937 	EXP 	New trial (rep=0, index=4): {'im_fName': 'cl061.jpg', 'key_correct': 2, 'im_type': 'scene', 'im_familiarity': 'novel'}
2905.5185 	EXP 	str_fixITI: autoDraw = False
2905.5185 	EXP 	im_trialImage: size = array([0.8       , 0.94814815])
2905.5185 	EXP 	im_trialImage: image = 'cl061.jpg'
2905.5185 	EXP 	im_trialImage: autoDraw = True
2905.8975 	DATA 	Keypress: 5
2906.1962 	DATA 	Keypress: 2
2906.6904 	DATA 	Keypress: 5
2907.4971 	DATA 	Keypress: 5
2907.5040 	EXP 	im_trialImage: autoDraw = False
2907.5040 	EXP 	str_fixITI: autoDraw = True
2907.9931 	EXP 	New trial (rep=0, index=5): {'im_fName': 'cl062.jpg', 'key_correct': 1, 'im_type': 'animal', 'im_familiarity': 'novel'}
2908.0109 	EXP 	str_fixITI: autoDraw = False
2908.0109 	EXP 	im_trialImage: size = array([0.8       , 0.94814815])
2908.0109 	EXP 	im_trialImage: image = 'cl062.jpg'
2908.0109 	EXP 	im_trialImage: autoDraw = True
2908.2886 	DATA 	Keypress: 5
2908.7885 	DATA 	Keypress: 1
2909.0886 	DATA 	Keypress: 5
2909.8946 	DATA 	Keypress: 5
2910.0019 	EXP 	im_trialImage: autoDraw = False
2910.0019 	EXP 	str_fixITI: autoDraw = True
2910.4929 	EXP 	New trial (rep=0, index=6): {'im_fName': 'cl063.jpg', 'key_correct': 1, 'im_type': 'animal', 'im_familiarity': 'novel'}
2910.5280 	EXP 	str_fixITI: autoDraw = False
2910.5280 	EXP 	im_trialImage: size = array([0.79583333, 0.94259259])
2910.5280 	EXP 	im_trialImage: image = 'cl063.jpg'
2910.5280 	EXP 	im_trialImage: autoDraw = True
2910.6946 	DATA 	Keypress: 5
2911.4146 	DATA 	Keypress: 1
2911.4936 	DATA 	Keypress: 5
2912.2887 	DATA 	Keypress: 5
2912.5090 	EXP 	im_trialImage: autoDraw = False
2912.5090 	EXP 	str_fixITI: autoDraw = True
2912.9920 	EXP 	New trial (rep=0, index=7): {'im_fName': 'cl064.jpg', 'key_correct': 1, 'im_type': 'animal', 'im_familiarity': 'novel'}
2913.0091 	EXP 	str_fixITI: autoDraw = False
2913.0091 	EXP 	im_trialImage: size = array([0.79583333, 0.94259259])
2913.0091 	EXP 	im_trialImage: image = 'cl064.jpg'
2913.0091 	EXP 	im_trialImage: autoDraw = True
2913.0957 	DATA 	Keypress: 5
2913.8517 	DATA 	Keypress: 1
2913.8957 	DATA 	Keypress: 5
2914.6968 	DATA 	Keypress: 5
2915.0077 	EXP 	im_trialImage: autoDraw = False
2915.0077 	EXP 	str_fixITI: autoDraw = True
2915.4932 	DATA 	Keypress: 5
2915.4999 	EXP 	str_fixITI: autoDraw = False
2915.4999 	EXP 	str_fixRest: autoDraw = True
2916.2923 	DATA 	Keypress: 5
2917.0922 	DATA 	Keypress: 5
2917.8923 	DATA 	Keypress: 5
2918.6924 	DATA 	Keypress: 5
2919.4913 	DATA 	Keypress: 5
2920.2915 	DATA 	Keypress: 5
2921.0914 	DATA 	Keypress: 5
2921.8916 	DATA 	Keypress: 5
2922.6906 	DATA 	Keypress: 5
2923.4906 	DATA 	Keypress: 5
2924.2907 	DATA 	Keypress: 5
2925.0906 	DATA 	Keypress: 5
2925.8899 	DATA 	Keypress: 5
2926.6898 	DATA 	Keypress: 5
2926.9893 	EXP 	str_bangRest: autoDraw = True
2927.0061 	EXP 	str_fixRest: autoDraw = False
2927.4812 	EXP 	New trial (rep=0, index=8): {'trialOrderFile': 'scan_order9.xlsx'}
2927.4880 	EXP 	Imported scan_order9.xlsx as conditions, 8 conditions, 4 params
2927.4882 	EXP 	Created sequence: sequential, trialTypes=8, nReps=1, seed=None
2927.4885 	EXP 	New trial (rep=0, index=0): {'im_fName': 'cl065.jpg', 'key_correct': 2, 'im_type': 'scene', 'im_familiarity': 'familiar'}
2927.5024 	DATA 	Keypress: 5
2927.5133 	EXP 	str_bangRest: autoDraw = False
2927.5133 	EXP 	str_fixRest: autoDraw = False
2927.5133 	EXP 	str_bangRest: autoDraw = False
2927.5133 	EXP 	im_trialImage: size = array([0.8       , 0.94814815])
2927.5133 	EXP 	im_trialImage: image = 'cl065.jpg'
2927.5133 	EXP 	im_trialImage: autoDraw = True
2928.1823 	DATA 	Keypress: 2
2928.2914 	DATA 	Keypress: 5
2929.0984 	DATA 	Keypress: 5
2929.5056 	EXP 	im_trialImage: autoDraw = False
2929.5056 	EXP 	str_fixITI: autoDraw = True
2929.8896 	DATA 	Keypress: 5
2929.9966 	EXP 	New trial (rep=0, index=1): {'im_fName': 'cl066.jpg', 'key_correct': 1, 'im_type': 'animal', 'im_familiarity': 'familiar'}
2930.0210 	EXP 	str_fixITI: autoDraw = False
2930.0210 	EXP 	im_trialImage: size = array([0.79583333, 0.94259259])
2930.0210 	EXP 	im_trialImage: image = 'cl066.jpg'
2930.0210 	EXP 	im_trialImage: autoDraw = True
2930.6095 	DATA 	Keypress: 1
2930.6895 	DATA 	Keypress: 5
2931.4895 	DATA 	Keypress: 5
2932.0055 	EXP 	im_trialImage: autoDraw = False
2932.0055 	EXP 	str_fixITI: autoDraw = True
2932.2897 	DATA 	Keypress: 5
2932.4957 	EXP 	New trial (rep=0, index=2): {'im_fName': 'cl067.jpg', 'key_correct': 2, 'im_type': 'scene', 'im_familiarity': 'familiar'}
2932.5205 	EXP 	str_fixITI: autoDraw = False
2932.5205 	EXP 	im_trialImage: size = array([0.8       , 0.94814815])
2932.5205 	EXP 	im_trialImage: image = 'cl067.jpg'
2932.5205 	EXP 	im_trialImage: autoDraw = True
2933.0907 	DATA 	Keypress: 5
2933.1247 	DATA 	Keypress: 2
2933.8978 	DATA 	Keypress: 5
2934.5035 	EXP 	im_trialImage: autoDraw = False
2934.5035 	EXP 	str_fixITI: autoDraw = True
2934.6902 	DATA 	Keypress: 5
2934.9950 	EXP 	New trial (rep=0, index=3): {'im_fName': 'cl068.jpg', 'key_correct': 1, 'im_type': 'animal', 'im_familiarity': 'familiar'}
2935.0198 	EXP 	str_fixITI: autoDraw = False
2935.0198 	EXP 	im_trialImage: size = array([0.79583333, 0.94259259])
2935.0198 	EXP 	im_trialImage: image = 'cl068.jpg'
2935.0198 	EXP 	im_trialImage: autoDraw = True
2935.4987 	DATA 	Keypress: 5
2935.6805 	DATA 	Keypress: 1
2936.2895 	DATA 	Keypress: 5
2937.0120 	EXP 	im_trialImage: autoDraw = False
2937.0120 	EXP 	str_fixITI: autoDraw = True
2937.0964 	DATA 	Keypress: 5
2937.4944 	EXP 	New trial (rep=0, index=4): {'im_fName': 'cl069.jpg', 'key_correct': 1, 'im_type': 'animal', 'im_familiarity': 'familiar'}
2937.5121 	EXP 	str_fixITI: autoDraw = False
2937.5121 	EXP 	im_trialImage: size = array([0.79583333, 0.94259259])
2937.5121 	EXP 	im_trialImage: image = 'cl069.jpg'
2937.5121 	EXP 	im_trialImage: autoDraw = True
2937.8978 	DATA 	Keypress: 5
2938.1548 	DATA 	Keypress: 1
2938.6978 	DATA 	Keypress: 5
2939.4984 	DATA 	Keypress: 5
2939.5104 	EXP 	im_trialImage: autoDraw = False
2939.5104 	EXP 	str_fixITI: autoDraw = True
2939.9938 	EXP 	New trial (rep=0, index=5): {'im_fName': 'cl070.jpg', 'key_correct': 2, 'im_type': 'scene', 'im_familiarity': 'familiar'}
2940.0520 	EXP 	str_fixITI: autoDraw = False
2940.0520 	EXP 	im_trialImage: size = array([0.8       , 0.94814815])
2940.0520 	EXP 	im_trialImage: image = 'cl070.jpg'
2940.0520 	EXP 	im_trialImage: autoDraw = True
2940.2891 	DATA 	Keypress: 5
2940.6289 	DATA 	Keypress: 2
2941.0959 	DATA 	Keypress: 5
2941.8971 	DATA 	Keypress: 5
2942.0030 	EXP 	im_trialImage: autoDraw = False
2942.0030 	EXP 	str_fixITI: autoDraw = True
2942.4932 	EXP 	New trial (rep=0, index=6): {'im_fName': 'cl071.jpg', 'key_correct': 2, 'im_type': 'scene', 'im_familiarity': 'familiar'}
2942.5113 	EXP 	str_fixITI: autoDraw = False
2942.5113 	EXP 	im_trialImage: size = array([0.8       , 0.94814815])
2942.5113 	EXP 	im_trialImage: image = 'cl071.jpg'
2942.5113 	EXP 	im_trialImage: autoDraw = True
2942.6971 	DATA 	Keypress: 5
2943.4530 	DATA 	Keypress: 2
2943.4971 	DATA 	Keypress: 5
2944.2901 	DATA 	Keypress: 5
2944.5103 	EXP 	im_trialImage: autoDraw = False
2944.5103 	EXP 	str_fixITI: autoDraw = True
2944.9926 	EXP 	New trial (rep=0, index=7): {'im_fName': 'cl072.jpg', 'key_correct': 1, 'im_type': 'animal', 'im_familiarity': 'familiar'}
2945.0174 	EXP 	str_fixITI: autoDraw = False
2945.0174 	EXP 	im_trialImage: size = array([0.79583333, 0.94259259])
2945.0174 	EXP 	im_trialImage: image = 'cl072.jpg'
2945.0174 	EXP 	im_trialImage: autoDraw = True
2945.0892 	DATA 	Keypress: 5
2945.5642 	DATA 	Keypress: 1
2945.8972 	DATA 	Keypress: 5
2946.6972 	DATA 	Keypress: 5
2947.0084 	EXP 	im_trialImage: autoDraw = False
2947.0084 	EXP 	str_fixITI: autoDraw = True
2947.4969 	DATA 	Keypress: 5
2947.5082 	EXP 	str_fixITI: autoDraw = False
2947.5082 	EXP 	str_fixRest: autoDraw = True
2948.2937 	DATA 	Keypress: 5
2949.0927 	DATA 	Keypress: 5
2949.8928 	DATA 	Keypress: 5
2950.6927 	DATA 	Keypress: 5
2951.4928 	DATA 	Keypress: 5
2952.2919 	DATA 	Keypress: 5
2953.0919 	DATA 	Keypress: 5
2953.8919 	DATA 	Keypress: 5
2954.6919 	DATA 	Keypress: 5
2955.4920 	DATA 	Keypress: 5
2956.2911 	DATA 	Keypress: 5
2957.0911 	DATA 	Keypress: 5
2957.8914 	DATA 	Keypress: 5
2958.6911 	DATA 	Keypress: 5
2958.9892 	EXP 	str_bangRest: autoDraw = True
2959.0155 	EXP 	str_fixRest: autoDraw = False
2959.4817 	EXP 	New trial (rep=0, index=9): {'trialOrderFile': 'scan_order10.xlsx'}
2959.4882 	EXP 	Imported scan_order10.xlsx as conditions, 8 conditions, 4 params
2959.4886 	EXP 	Created sequence: sequential, trialTypes=8, nReps=1, seed=None
2959.4888 	EXP 	New trial (rep=0, index=0): {'im_fName': 'cl073.jpg', 'key_correct': 2, 'im_type': 'scene', 'im_familiarity': 'novel'}
2959.5308 	DATA 	Keypress: 5
2959.5388 	EXP 	str_bangRest: autoDraw = False
2959.5388 	EXP 	str_fixRest: autoDraw = False
2959.5388 	EXP 	str_bangRest: autoDraw = False
2959.5388 	EXP 	im_trialImage: size = array([0.8       , 0.94814815])
2959.5388 	EXP 	im_trialImage: image = 'cl073.jpg'
2959.5388 	EXP 	im_trialImage: autoDraw = True
2960.2258 	DATA 	Keypress: 2
2960.2928 	DATA 	Keypress: 5
2961.0988 	DATA 	Keypress: 5
2961.5059 	EXP 	im_trialImage: autoDraw = False
2961.5059 	EXP 	str_fixITI: autoDraw = True
2961.8903 	DATA 	Keypress: 5
2961.9970 	EXP 	New trial (rep=0, index=1): {'im_fName': 'cl074.jpg', 'key_correct': 2, 'im_type': 'scene', 'im_familiarity': 'novel'}
2962.0217 	EXP 	str_fixITI: autoDraw = False
2962.0217 	EXP 	im_trialImage: size = array([0.79583333, 0.94259259])
2962.0217 	EXP 	im_trialImage: image = 'cl074.jpg'
2962.0217 	EXP 	im_trialImage: autoDraw = True
2962.5919 	DATA 	Keypress: 2
2962.6919 	DATA 	Keypress: 5
2963.4919 	DATA 	Keypress: 5
2963.9979 	EXP 	im_trialImage: autoDraw = False
2963.9979 	EXP 	str_fixITI: autoDraw = True
2964.2895 	DATA 	Keypress: 5
2964.4963 	EXP 	New trial (rep=0, index=2): {'im_fName': 'cl075.jpg', 'key_correct': 1, 'im_type': 'animal', 'im_familiarity': 'novel'}
2964.5142 	EXP 	str_fixITI: autoDraw = False
2964.5142 	EXP 	im_trialImage: size = array([0.79583333, 0.94259259])
2964.5142 	EXP 	im_trialImage: image = 'cl075.jpg'
2964.5142 	EXP 	im_trialImage: autoDraw = True
2965.0910 	DATA 	Keypress: 5
2965.2580 	DATA 	Keypress: 1
2965.8910 	DATA 	Keypress: 5
2966.5120 	EXP 	im_trialImage: autoDraw = False
2966.5120 	EXP 	str_fixITI: autoDraw = True
2966.6907 	DATA 	Keypress: 5
2966.9957 	EXP 	New trial (rep=0, index=3): {'im_fName': 'cl076.jpg', 'key_correct': 1, 'im_type': 'animal', 'im_familiarity': 'novel'}
2967.0137 	EXP 	str_fixITI: autoDraw = False
2967.0137 	EXP 	im_trialImage: size = array([0.79583333, 0.94259259])
2967.0137 	EXP 	im_trialImage: image = 'cl076.jpg'
2967.0137 	EXP 	im_trialImage: autoDraw = True
2967.4891 	DATA 	Keypress: 5
2967.8141 	DATA 	Keypress: 1
2968.2921 	DATA 	Keypress: 5
2969.0031 	EXP 	im_trialImage: autoDraw = False
2969.0031 	EXP 	str_fixITI: autoDraw = True
2969.0888 	DATA 	Keypress: 5
2969.4951 	EXP 	New trial (rep=0, index=4): {'im_fName': 'cl077.jpg', 'key_correct': 2, 'im_type': 'scene', 'im_familiarity': 'novel'}
2969.5200 	EXP 	str_fixITI: autoDraw = False
2969.5200 	EXP 	im_trialImage: size = array([0.8       , 0.94814815])
2969.5200 	EXP 	im_trialImage: image = 'cl077.jpg'
2969.5200 	EXP 	im_trialImage: autoDraw = True
2969.8902 	DATA 	Keypress: 5
2970.1802 	DATA 	Keypress: 2
2970.6902 	DATA 	Keypress: 5
2971.4903 	DATA 	Keypress: 5
2971.5115 	EXP 	im_trialImage: autoDraw = False
2971.5115 	EXP 	str_fixITI: autoDraw = True
2971.9945 	EXP 	New trial (rep=0, index=5): {'im_fName': 'cl078.jpg', 'key_correct': 1, 'im_type': 'animal', 'im_familiarity': 'novel'}
2972.0194 	EXP 	str_fixITI: autoDraw = False
2972.0194 	EXP 	im_trialImage: size = array([0.79583333, 0.94259259])
2972.0194 	EXP 	im_trialImage: image = 'cl078.jpg'
2972.0194 	EXP 	im_trialImage: autoDraw = True
2972.2913 	DATA 	Keypress: 5
2972.8383 	DATA 	Keypress: 1
2973.0914 	DATA 	Keypress: 5
2973.8974 	DATA 	Keypress: 5
2974.0034 	EXP 	im_trialImage: autoDraw = False
2974.0034 	EXP 	str_fixITI: autoDraw = True
2974.4939 	EXP 	New trial (rep=0, index=6): {'im_fName': 'cl079.jpg', 'key_correct': 1, 'im_type': 'animal', 'im_familiarity': 'novel'}
2974.5117 	EXP 	str_fixITI: autoDraw = False
2974.5117 	EXP 	im_trialImage: size = array([0.79583333, 0.94259259])
2974.5117 	EXP 	im_trialImage: image = 'cl079.jpg'
2974.5117 	EXP 	im_trialImage: autoDraw = True
2974.6894 	DATA 	Keypress: 5
2975.2574 	DATA 	Keypress: 1
2975.4975 	DATA 	Keypress: 5
2976.2975 	DATA 	Keypress: 5
2976.5097 	EXP 	im_trialImage: autoDraw = False
2976.5097 	EXP 	str_fixITI: autoDraw = True
2976.9933 	EXP 	New trial (rep=0, index=7): {'im_fName': 'cl080.jpg', 'key_correct': 2, 'im_type': 'scene', 'im_familiarity': 'novel'}
2977.0110 	EXP 	str_fixITI: autoDraw = False
2977.0110 	EXP 	im_trialImage: size = array([0.79583333, 0.94259259])
2977.0110 	EXP 	im_trialImage: image = 'cl080.jpg'
2977.0110 	EXP 	im_trialImage: autoDraw = True
2977.0905 	DATA 	Keypress: 5
2977.7136 	DATA 	Keypress: 2
2977.8896 	DATA 	Keypress: 5
2978.6896 	DATA 	Keypress: 5
2979.0096 	EXP 	im_trialImage: autoDraw = False
2979.0096 	EXP 	str_fixITI: autoDraw = True
2979.4949 	DATA 	Keypress: 5
2979.5016 	EXP 	str_fixITI: autoDraw = False
2979.5016 	EXP 	str_fixRest: autoDraw = True
2980.2941 	DATA 	Keypress: 5
2981.0941 	DATA 	Keypress: 5
2981.8931 	DATA 	Keypress: 5
2982.6932 	DATA 	Keypress: 5
2983.4932 	DATA 	Keypress: 5
2984.2933 	DATA 	Keypress: 5
2985.0923 	DATA 	Keypress: 5
2985.8923 	DATA 	Keypress: 5
2986.6924 	DATA 	Keypress: 5
2987.4924 	DATA 	Keypress: 5
2988.2924 	DATA 	Keypress: 5
2989.0925 	DATA 	Keypress: 5
2989.8915 	DATA 	Keypress: 5
2990.6915 	DATA 	Keypress: 5
2990.9895 	EXP 	str_bangRest: autoDraw = True
2991.0069 	EXP 	str_fixRest: autoDraw = False
2991.4820 	EXP 	New trial (rep=0, index=10): {'trialOrderFile': 'scan_order11.xlsx'}
2991.4882 	EXP 	Imported scan_order11.xlsx as conditions, 8 conditions, 4 params
2991.4884 	EXP 	Created sequence: sequential, trialTypes=8, nReps=1, seed=None
2991.4887 	EXP 	New trial (rep=0, index=0): {'im_fName': 'cl081.jpg', 'key_correct': 1, 'im_type': 'animal', 'im_familiarity': 'familiar'}
2991.4972 	DATA 	Keypress: 5
2991.5060 	EXP 	str_bangRest: autoDraw = False
2991.5060 	EXP 	str_fixRest: autoDraw = False
2991.5060 	EXP 	str_bangRest: autoDraw = False
2991.5060 	EXP 	im_trialImage: size = array([0.79583333, 0.94259259])
2991.5060 	EXP 	im_trialImage: image = 'cl081.jpg'
2991.5060 	EXP 	im_trialImage: autoDraw = True
2992.1082 	DATA 	Keypress: 1
2992.2952 	DATA 	Keypress: 5
2993.0952 	DATA 	Keypress: 5
2993.5057 	EXP 	im_trialImage: autoDraw = False
2993.5057 	EXP 	str_fixITI: autoDraw = True
2993.8907 	DATA 	Keypress: 5
2993.9977 	EXP 	New trial (rep=0, index=1): {'im_fName': 'cl082.jpg', 'key_correct': 1, 'im_type': 'animal', 'im_familiarity': 'familiar'}
2994.0148 	EXP 	str_fixITI: autoDraw = False
2994.0148 	EXP 	im_trialImage: size = array([0.79583333, 0.94259259])
2994.0148 	EXP 	im_trialImage: image = 'cl082.jpg'
2994.0148 	EXP 	im_trialImage: autoDraw = True
2994.5573 	DATA 	Keypress: 1
2994.6913 	DATA 	Keypress: 5
2995.4904 	DATA 	Keypress: 5
2996.0064 	EXP 	im_trialImage: autoDraw = False
2996.0064 	EXP 	str_fixITI: autoDraw = True
2996.2900 	DATA 	Keypress: 5
2996.4970 	EXP 	New trial (rep=0, index=2): {'im_fName': 'cl083.jpg', 'key_correct': 2, 'im_type': 'scene', 'im_familiarity': 'familiar'}
2996.5469 	EXP 	str_fixITI: autoDraw = False
2996.5469 	EXP 	im_trialImage: size = array([0.8       , 0.94814815])
2996.5469 	EXP 	im_trialImage: image = 'cl083.jpg'
2996.5469 	EXP 	im_trialImage: autoDraw = True
2997.0754 	DATA 	Keypress: 2
2997.0984 	DATA 	Keypress: 5
2997.8905 	DATA 	Keypress: 5
2998.5064 	EXP 	im_trialImage: autoDraw = False
2998.5064 	EXP 	str_fixITI: autoDraw = True
2998.6901 	DATA 	Keypress: 5
2998.9967 	EXP 	New trial (rep=0, index=3): {'im_fName': 'cl084.jpg', 'key_correct': 1, 'im_type': 'animal', 'im_familiarity': 'familiar'}
2999.0213 	EXP 	str_fixITI: autoDraw = False
2999.0213 	EXP 	im_trialImage: size = array([0.79583333, 0.94259259])
2999.0213 	EXP 	im_trialImage: image = 'cl084.jpg'
2999.0213 	EXP 	im_trialImage: autoDraw = True
2999.4935 	DATA 	Keypress: 5
2999.6496 	DATA 	Keypress: 1
3000.2936 	DATA 	Keypress: 5
3001.0038 	EXP 	im_trialImage: autoDraw = False
3001.0038 	EXP 	str_fixITI: autoDraw = True
3001.0932 	DATA 	Keypress: 5
3001.4958 	EXP 	New trial (rep=0, index=4): {'im_fName': 'cl085.jpg', 'key_correct': 1, 'im_type': 'animal', 'im_familiarity': 'familiar'}
3001.5131 	EXP 	str_fixITI: autoDraw = False
3001.5131 	EXP 	im_trialImage: size = array([0.79583333, 0.94259259])
3001.5131 	EXP 	im_trialImage: image = 'cl085.jpg'
3001.5131 	EXP 	im_trialImage: autoDraw = True
3001.8896 	DATA 	Keypress: 5
3002.1556 	DATA 	Keypress: 1
3002.6987 	DATA 	Keypress: 5
3003.4908 	DATA 	Keypress: 5
3003.5117 	EXP 	im_trialImage: autoDraw = False
3003.5117 	EXP 	str_fixITI: autoDraw = True
3003.9952 	EXP 	New trial (rep=0, index=5): {'im_fName': 'cl086.jpg', 'key_correct': 2, 'im_type': 'scene', 'im_familiarity': 'familiar'}
3004.0200 	EXP 	str_fixITI: autoDraw = False
3004.0200 	EXP 	im_trialImage: size = array([0.8       , 0.94814815])
3004.0200 	EXP 	im_trialImage: image = 'cl086.jpg'
3004.0200 	EXP 	im_trialImage: autoDraw = True
3004.2991 	DATA 	Keypress: 5
3004.5658 	DATA 	Keypress: 2
3005.0906 	DATA 	Keypress: 5
3005.8918 	DATA 	Keypress: 5
3006.0027 	EXP 	im_trialImage: autoDraw = False
3006.0027 	EXP 	str_fixITI: autoDraw = True
3006.4946 	EXP 	New trial (rep=0, index=6): {'im_fName': 'cl087.jpg', 'key_correct': 2, 'im_type': 'scene', 'im_familiarity': 'familiar'}
3006.5123 	EXP 	str_fixITI: autoDraw = False
3006.5123 	EXP 	im_trialImage: size = array([0.8       , 0.94814815])
3006.5123 	EXP 	im_trialImage: image = 'cl087.jpg'
3006.5123 	EXP 	im_trialImage: autoDraw = True
3006.6918 	DATA 	Keypress: 5
3007.1498 	DATA 	Keypress: 2
3007.4959 	DATA 	Keypress: 5
3008.2979 	DATA 	Keypress: 5
3008.5039 	EXP 	im_trialImage: autoDraw = False
3008.5039 	EXP 	str_fixITI: autoDraw = True
3008.9942 	EXP 	New trial (rep=0, index=7): {'im_fName': 'cl088.jpg', 'key_correct': 2, 'im_type': 'scene', 'im_familiarity': 'familiar'}
3009.0461 	EXP 	str_fixITI: autoDraw = False
3009.0461 	EXP 	im_trialImage: size = array([0.8       , 0.94814815])
3009.0461 	EXP 	im_trialImage: image = 'cl088.jpg'
3009.0461 	EXP 	im_trialImage: autoDraw = True
3009.0901 	DATA 	Keypress: 5
3009.8910 	DATA 	Keypress: 5
3010.2290 	DATA 	Keypress: 2
3010.6961 	DATA 	Keypress: 5
3011.0020 	EXP 	im_trialImage: autoDraw = False
3011.0020 	EXP 	str_fixITI: autoDraw = True
3011.4954 	DATA 	Keypress: 5
3011.5021 	EXP 	str_fixITI: autoDraw = False
3011.5021 	EXP 	str_fixRest: autoDraw = True
3012.2944 	DATA 	Keypress: 5
3013.0945 	DATA 	Keypress: 5
3013.8936 	DATA 	Keypress: 5
3014.6936 	DATA 	Keypress: 5
3015.4937 	DATA 	Keypress: 5
3016.2937 	DATA 	Keypress: 5
3017.0937 	DATA 	Keypress: 5
3017.8927 	DATA 	Keypress: 5
3018.6928 	DATA 	Keypress: 5
3019.4928 	DATA 	Keypress: 5
3020.2929 	DATA 	Keypress: 5
3021.0929 	DATA 	Keypress: 5
3021.8919 	DATA 	Keypress: 5
3022.6920 	DATA 	Keypress: 5
3022.9910 	EXP 	str_bangRest: autoDraw = True
3023.0083 	EXP 	str_fixRest: autoDraw = False
3023.4908 	EXP 	New trial (rep=0, index=11): {'trialOrderFile': 'scan_order12.xlsx'}
3023.4973 	EXP 	Imported scan_order12.xlsx as conditions, 8 conditions, 4 params
3023.4976 	EXP 	Created sequence: sequential, trialTypes=8, nReps=1, seed=None
3023.4978 	EXP 	New trial (rep=0, index=0): {'im_fName': 'cl089.jpg', 'key_correct': 2, 'im_type': 'scene', 'im_familiarity': 'novel'}
3023.5206 	DATA 	Keypress: 5
3023.5321 	EXP 	str_fixRest: autoDraw = False
3023.5321 	EXP 	str_bangRest: autoDraw = False
3023.5321 	EXP 	im_trialImage: size = array([0.79583333, 0.94259259])
3023.5321 	EXP 	im_trialImage: image = 'cl089.jpg'
3023.5321 	EXP 	im_trialImage: autoDraw = True
3024.2106 	DATA 	Keypress: 2
3024.3006 	DATA 	Keypress: 5
3025.1006 	DATA 	Keypress: 5
3025.5079 	EXP 	im_trialImage: autoDraw = False
3025.5079 	EXP 	str_fixITI: autoDraw = True
3025.8911 	DATA 	Keypress: 5
3025.9901 	EXP 	New trial (rep=0, index=1): {'im_fName': 'cl090.jpg', 'key_correct': 1, 'im_type': 'animal', 'im_familiarity': 'novel'}
3026.0072 	EXP 	str_fixITI: autoDraw = False
3026.0072 	EXP 	im_trialImage: size = array([0.79583333, 0.94259259])
3026.0072 	EXP 	im_trialImage: image = 'cl090.jpg'
3026.0072 	EXP 	im_trialImage: autoDraw = True
3026.6937 	DATA 	Keypress: 5
3026.6939 	DATA 	Keypress: 1
3027.4947 	DATA 	Keypress: 5
3028.0057 	EXP 	im_trialImage: autoDraw = False
3028.0057 	EXP 	str_fixITI: autoDraw = True
3028.2912 	DATA 	Keypress: 5
3028.4977 	EXP 	New trial (rep=0, index=2): {'im_fName': 'cl091.jpg', 'key_correct': 1, 'im_type': 'animal', 'im_familiarity': 'novel'}
3028.5152 	EXP 	str_fixITI: autoDraw = False
3028.5152 	EXP 	im_trialImage: size = array([0.79583333, 0.94259259])
3028.5152 	EXP 	im_trialImage: image = 'cl091.jpg'
3028.5152 	EXP 	im_trialImage: autoDraw = True
3029.0948 	DATA 	Keypress: 5
3029.1748 	DATA 	Keypress: 1
3029.8938 	DATA 	Keypress: 5
3030.5051 	EXP 	im_trialImage: autoDraw = False
3030.5051 	EXP 	str_fixITI: autoDraw = True
3030.6903 	DATA 	Keypress: 5
3030.9972 	EXP 	New trial (rep=0, index=3): {'im_fName': 'cl092.jpg', 'key_correct': 1, 'im_type': 'animal', 'im_familiarity': 'novel'}
3031.0153 	EXP 	str_fixITI: autoDraw = False
3031.0153 	EXP 	im_trialImage: size = array([0.79583333, 0.94259259])
3031.0153 	EXP 	im_trialImage: image = 'cl092.jpg'
3031.0153 	EXP 	im_trialImage: autoDraw = True
3031.4909 	DATA 	Keypress: 5
3031.6909 	DATA 	Keypress: 1
3032.2919 	DATA 	Keypress: 5
3032.9980 	EXP 	im_trialImage: autoDraw = False
3032.9980 	EXP 	str_fixITI: autoDraw = True
3033.0893 	DATA 	Keypress: 5
3033.4965 	EXP 	New trial (rep=0, index=4): {'im_fName': 'cl093.jpg', 'key_correct': 1, 'im_type': 'animal', 'im_familiarity': 'novel'}
3033.5135 	EXP 	str_fixITI: autoDraw = False
3033.5135 	EXP 	im_trialImage: size = array([0.79583333, 0.94259259])
3033.5135 	EXP 	im_trialImage: image = 'cl093.jpg'
3033.5135 	EXP 	im_trialImage: autoDraw = True
3033.8901 	DATA 	Keypress: 5
3034.2810 	DATA 	Keypress: 1
3034.6911 	DATA 	Keypress: 5
3035.4987 	DATA 	Keypress: 5
3035.5054 	EXP 	im_trialImage: autoDraw = False
3035.5054 	EXP 	str_fixITI: autoDraw = True
3035.9960 	EXP 	New trial (rep=0, index=5): {'im_fName': 'cl094.jpg', 'key_correct': 2, 'im_type': 'scene', 'im_familiarity': 'novel'}
3036.0291 	EXP 	str_fixITI: autoDraw = False
3036.0291 	EXP 	im_trialImage: size = array([0.8       , 0.94814815])
3036.0291 	EXP 	im_trialImage: image = 'cl094.jpg'
3036.0291 	EXP 	im_trialImage: autoDraw = True
3036.2931 	DATA 	Keypress: 5
3036.6721 	DATA 	Keypress: 2
3037.0922 	DATA 	Keypress: 5
3037.8922 	DATA 	Keypress: 5
3038.0044 	EXP 	im_trialImage: autoDraw = False
3038.0044 	EXP 	str_fixITI: autoDraw = True
3038.4955 	EXP 	New trial (rep=0, index=6): {'im_fName': 'cl095.jpg', 'key_correct': 2, 'im_type': 'scene', 'im_familiarity': 'novel'}
3038.5127 	EXP 	str_fixITI: autoDraw = False
3038.5127 	EXP 	im_trialImage: size = array([0.8       , 0.94814815])
3038.5127 	EXP 	im_trialImage: image = 'cl095.jpg'
3038.5127 	EXP 	im_trialImage: autoDraw = True
3038.6903 	DATA 	Keypress: 5
3039.2803 	DATA 	Keypress: 2
3039.4903 	DATA 	Keypress: 5
3040.2903 	DATA 	Keypress: 5
3040.5111 	EXP 	im_trialImage: autoDraw = False
3040.5111 	EXP 	str_fixITI: autoDraw = True
3040.9947 	EXP 	New trial (rep=0, index=7): {'im_fName': 'cl096.jpg', 'key_correct': 2, 'im_type': 'scene', 'im_familiarity': 'novel'}
3041.0118 	EXP 	str_fixITI: autoDraw = False
3041.0118 	EXP 	im_trialImage: size = array([0.8       , 0.94814815])
3041.0118 	EXP 	im_trialImage: image = 'cl096.jpg'
3041.0118 	EXP 	im_trialImage: autoDraw = True
3041.0905 	DATA 	Keypress: 5
3041.8914 	DATA 	Keypress: 5
3042.0714 	DATA 	Keypress: 2
3042.6914 	DATA 	Keypress: 5
3043.0117 	EXP 	im_trialImage: autoDraw = False
3043.0117 	EXP 	str_fixITI: autoDraw = True
3043.4958 	DATA 	Keypress: 5
3043.5025 	EXP 	str_fixITI: autoDraw = False
3043.5025 	EXP 	str_fixRest: autoDraw = True
3044.2948 	DATA 	Keypress: 5
3045.0949 	DATA 	Keypress: 5
3045.8950 	DATA 	Keypress: 5
3046.6950 	DATA 	Keypress: 5
3047.4951 	DATA 	Keypress: 5
3048.2940 	DATA 	Keypress: 5
3049.0941 	DATA 	Keypress: 5
3049.8942 	DATA 	Keypress: 5
3050.6941 	DATA 	Keypress: 5
3051.4932 	DATA 	Keypress: 5
3052.2932 	DATA 	Keypress: 5
3053.0933 	DATA 	Keypress: 5
3053.8933 	DATA 	Keypress: 5
3054.6923 	DATA 	Keypress: 5
3054.9912 	EXP 	str_bangRest: autoDraw = True
3055.0087 	EXP 	str_fixRest: autoDraw = False
3055.4922 	EXP 	str_bangRest: autoDraw = False
3055.4922 	EXP 	str_fixRest: autoDraw = False
3055.4922 	EXP 	str_bangRest: autoDraw = False
3055.4922 	EXP 	str_end: autoDraw = True
3055.4964 	DATA 	Keypress: 5
3060.5928 	DATA 	Keypress: space
3060.6087 	EXP 	str_end: autoDraw = False
3060.7266 	EXP 	window1: mouseVisible = True
