1.0902 	WARNING 	We strongly recommend you activate the PTB sound engine in PsychoPy prefs as the preferred audio engine. Its timing is vastly superior. Your prefs are currently set to use ['sounddevice', 'PTB', 'pyo', 'pygame'] (in that order).
2097.9437 	EXP 	Created window1 = Window(allowGUI=False, allowStencil=False, autoLog=True, backendConf=UNKNOWN, bitsMode=UNKNOWN, blendMode='avg', bpc=(8, 8, 8), color=array([0, 0, 0]), colorSpace='rgb', depthBits=8, fullscr=<method-wrapper '__getattribute__' of attributeSetter object at 0x0000000013DE4F98>, gamma=None, gammaErrorPolicy='raise', lms=UNKNOWN, monitor=<psychopy.monitors.calibTools.Monitor object at 0x0000000013E04668>, multiSample=False, name='window1', numSamples=2, pos=[0.0, 0.0], screen=0, size=array([1920, 1080]), stencilBits=0, stereo=False, units='norm', useFBO=True, useRetina=False, viewOri=0.0, viewPos=None, viewScale=None, waitBlanking=True, winType='pyglet')
2097.9439 	EXP 	window1: mouseVisible = True
2097.9440 	EXP 	window1: recordFrameIntervals = False
2098.0267 	EXP 	window1: recordFrameIntervals = True
2098.1189 	EXP 	window1: recordFrameIntervals = False
2099.0639 	EXP 	Created txt_checkLeft = TextStim(__class__=<class 'psychopy.visual.text.TextStim'>, alignHoriz=method-wrapper(...), alignText='center', alignVert=method-wrapper(...), anchorHoriz='center', anchorVert='center', antialias=True, autoLog=True, bold=False, color=array([1, 1, 1]), colorSpace='rgb', contrast=1.0, depth=0.0, flipHoriz=False, flipVert=False, font='Courier New', fontFiles=[], height=0.1, italic=False, languageStyle='LTR', name='txt_checkLeft', opacity=1, ori=0, pos=array([0., 0.]), rgb=UNKNOWN, text=str(...), units='norm', win=Window(...), wrapWidth=30)
2099.0640 	EXP 	window1: mouseVisible = False
2099.0721 	EXP 	Created txt_checkRight = TextStim(__class__=<class 'psychopy.visual.text.TextStim'>, alignHoriz=method-wrapper(...), alignText='center', alignVert=method-wrapper(...), anchorHoriz='center', anchorVert='center', antialias=True, autoLog=True, bold=False, color=array([1, 1, 1]), colorSpace='rgb', contrast=1.0, depth=0.0, flipHoriz=False, flipVert=False, font='Courier New', fontFiles=[], height=0.1, italic=False, languageStyle='LTR', name='txt_checkRight', opacity=1, ori=0, pos=array([0., 0.]), rgb=UNKNOWN, text=str(...), units='norm', win=Window(...), wrapWidth=30)
2099.0852 	EXP 	Created str_keyInst = TextStim(__class__=<class 'psychopy.visual.text.TextStim'>, alignHoriz=method-wrapper(...), alignText='center', alignVert=method-wrapper(...), anchorHoriz='center', anchorVert='center', antialias=True, autoLog=True, bold=False, color=array([1, 1, 1]), colorSpace='rgb', contrast=1.0, depth=0.0, flipHoriz=False, flipVert=False, font='Courier New', fontFiles=[], height=0.1, italic=False, languageStyle='LTR', name='str_keyInst', opacity=1, ori=0, pos=array([0., 0.]), rgb=UNKNOWN, text=str(...), units='norm', win=Window(...), wrapWidth=30)
2099.0904 	EXP 	Created str_waitScanner = TextStim(__class__=<class 'psychopy.visual.text.TextStim'>, alignHoriz=method-wrapper(...), alignText='center', alignVert=method-wrapper(...), anchorHoriz='center', anchorVert='center', antialias=True, autoLog=True, bold=False, color=array([1, 1, 1]), colorSpace='rgb', contrast=1.0, depth=-1.0, flipHoriz=False, flipVert=False, font='Courier New', fontFiles=[], height=0.1, italic=False, languageStyle='LTR', name='str_waitScanner', opacity=1, ori=0, pos=array([0., 0.]), rgb=UNKNOWN, text='Waiting for scanner...', units='norm', win=Window(...), wrapWidth=1)
2099.0943 	EXP 	Created str_fixRest = TextStim(__class__=<class 'psychopy.visual.text.TextStim'>, alignHoriz=method-wrapper(...), alignText='center', alignVert=method-wrapper(...), anchorHoriz='center', anchorVert='center', antialias=True, autoLog=True, bold=False, color=array([1, 1, 1]), colorSpace='rgb', contrast=1.0, depth=0.0, flipHoriz=False, flipVert=False, font='Courier New', fontFiles=[], height=0.225, italic=False, languageStyle='LTR', name='str_fixRest', opacity=1, ori=0, pos=array([0., 0.]), rgb=UNKNOWN, text='+', units='norm', win=Window(...), wrapWidth=1)
2099.0964 	EXP 	Created str_bangRest = TextStim(__class__=<class 'psychopy.visual.text.TextStim'>, alignHoriz=method-wrapper(...), alignText='center', alignVert=method-wrapper(...), anchorHoriz='center', anchorVert='center', antialias=True, autoLog=True, bold=False, color=array([1, 1, 1]), colorSpace='rgb', contrast=1.0, depth=-1.0, flipHoriz=False, flipVert=False, font='Courier New', fontFiles=[], height=0.225, italic=False, languageStyle='LTR', name='str_bangRest', opacity=1, ori=0, pos=array([0., 0.]), rgb=UNKNOWN, text='!', units='norm', win=Window(...), wrapWidth=1)
2099.1019 	EXP 	Created im_trialImage = ImageStim(__class__=<class 'psychopy.visual.image.ImageStim'>, autoLog=True, color=array([1, 1, 1]), colorSpace='rgb', contrast=1.0, depth=-1.0, flipHoriz=False, flipVert=False, image='sin', interpolate=True, mask=None, maskParams=None, name='im_trialImage', opacity=1, ori=0.0, pos=array([0., 0.]), size=array([0.5, 0.5]), texRes=128, units='norm', win=Window(...))
2099.1035 	EXP 	Created str_fixITI = TextStim(__class__=<class 'psychopy.visual.text.TextStim'>, alignHoriz=method-wrapper(...), alignText='center', alignVert=method-wrapper(...), anchorHoriz='center', anchorVert='center', antialias=True, autoLog=True, bold=False, color=array([1, 1, 1]), colorSpace='rgb', contrast=1.0, depth=0.0, flipHoriz=False, flipVert=False, font='Courier New', fontFiles=[], height=0.225, italic=False, languageStyle='LTR', name='str_fixITI', opacity=1, ori=0, pos=array([0., 0.]), rgb=UNKNOWN, text='+', units='norm', win=Window(...), wrapWidth=1)
2099.1050 	EXP 	Created str_fixRest = TextStim(__class__=<class 'psychopy.visual.text.TextStim'>, alignHoriz=method-wrapper(...), alignText='center', alignVert=method-wrapper(...), anchorHoriz='center', anchorVert='center', antialias=True, autoLog=True, bold=False, color=array([1, 1, 1]), colorSpace='rgb', contrast=1.0, depth=0.0, flipHoriz=False, flipVert=False, font='Courier New', fontFiles=[], height=0.225, italic=False, languageStyle='LTR', name='str_fixRest', opacity=1, ori=0, pos=array([0., 0.]), rgb=UNKNOWN, text='+', units='norm', win=Window(...), wrapWidth=1)
2099.1065 	EXP 	Created str_bangRest = TextStim(__class__=<class 'psychopy.visual.text.TextStim'>, alignHoriz=method-wrapper(...), alignText='center', alignVert=method-wrapper(...), anchorHoriz='center', anchorVert='center', antialias=True, autoLog=True, bold=False, color=array([1, 1, 1]), colorSpace='rgb', contrast=1.0, depth=-1.0, flipHoriz=False, flipVert=False, font='Courier New', fontFiles=[], height=0.225, italic=False, languageStyle='LTR', name='str_bangRest', opacity=1, ori=0, pos=array([0., 0.]), rgb=UNKNOWN, text='!', units='norm', win=Window(...), wrapWidth=1)
2099.1136 	EXP 	Created str_end = TextStim(__class__=<class 'psychopy.visual.text.TextStim'>, alignHoriz=method-wrapper(...), alignText='center', alignVert=method-wrapper(...), anchorHoriz='center', anchorVert='center', antialias=True, autoLog=True, bold=False, color=array([1, 1, 1]), colorSpace='rgb', contrast=1.0, depth=0.0, flipHoriz=False, flipVert=False, font='Courier New', fontFiles=[], height=0.1, italic=False, languageStyle='LTR', name='str_end', opacity=1, ori=0, pos=array([0., 0.]), rgb=UNKNOWN, text=str(...), units='norm', win=Window(...), wrapWidth=30)
2099.1442 	EXP 	txt_checkLeft: autoDraw = True
2123.5405 	DATA 	Keypress: 1
2123.5622 	EXP 	txt_checkLeft: autoDraw = False
2123.5622 	EXP 	txt_checkRight: autoDraw = True
2125.4067 	DATA 	Keypress: 4
2128.4990 	DATA 	Keypress: 2
2128.5110 	EXP 	txt_checkRight: autoDraw = False
2128.5110 	EXP 	str_keyInst: autoDraw = True
2134.7803 	EXP 	Created sequence: sequential, trialTypes=1, nReps=5, seed=None
2134.7806 	EXP 	New trial (rep=0, index=0): None
2134.7821 	DATA 	Keypress: 1
2134.7929 	EXP 	str_keyInst: autoDraw = False
2134.7929 	EXP 	str_waitScanner: autoDraw = True
2145.1680 	EXP 	New trial (rep=1, index=0): None
2145.1696 	DATA 	Keypress: 5
2145.1766 	EXP 	str_waitScanner: autoDraw = False
2145.1766 	EXP 	str_waitScanner: autoDraw = True
2145.9679 	EXP 	New trial (rep=2, index=0): None
2145.9697 	DATA 	Keypress: 5
2145.9766 	EXP 	str_waitScanner: autoDraw = False
2145.9766 	EXP 	str_waitScanner: autoDraw = True
2146.7759 	EXP 	New trial (rep=3, index=0): None
2146.7778 	DATA 	Keypress: 5
2146.7848 	EXP 	str_waitScanner: autoDraw = False
2146.7848 	EXP 	str_waitScanner: autoDraw = True
2147.5690 	EXP 	New trial (rep=4, index=0): None
2147.5708 	DATA 	Keypress: 5
2147.5822 	EXP 	str_waitScanner: autoDraw = False
2147.5822 	EXP 	str_waitScanner: autoDraw = True
2148.3710 	DATA 	Keypress: 5
2148.3814 	EXP 	str_waitScanner: autoDraw = False
2148.3814 	EXP 	str_fixRest: autoDraw = True
2149.1689 	DATA 	Keypress: 5
2149.9678 	DATA 	Keypress: 5
2150.7659 	DATA 	Keypress: 5
2151.5690 	DATA 	Keypress: 5
2152.3680 	DATA 	Keypress: 5
2153.1681 	DATA 	Keypress: 5
2153.9671 	DATA 	Keypress: 5
2154.7751 	DATA 	Keypress: 5
2155.5681 	DATA 	Keypress: 5
2156.3672 	DATA 	Keypress: 5
2157.1731 	DATA 	Keypress: 5
2157.9733 	DATA 	Keypress: 5
2158.7742 	DATA 	Keypress: 5
2159.5664 	DATA 	Keypress: 5
2159.8725 	EXP 	str_bangRest: autoDraw = True
2159.8807 	EXP 	str_fixRest: autoDraw = False
2160.3713 	EXP 	Imported chooseTrialOrderFile.xlsx as conditions, 12 conditions, 1 params
2160.3716 	EXP 	Created sequence: sequential, trialTypes=12, nReps=1, seed=None
2160.3718 	EXP 	New trial (rep=0, index=0): {'trialOrderFile': 'scan_order1.xlsx'}
2160.3773 	EXP 	Imported scan_order1.xlsx as conditions, 8 conditions, 4 params
2160.3775 	EXP 	Created sequence: sequential, trialTypes=8, nReps=1, seed=None
2160.3777 	EXP 	New trial (rep=0, index=0): {'im_fName': 'cl001.jpg', 'key_correct': 2, 'im_type': 'scene', 'im_familiarity': 'familiar'}
2160.4032 	DATA 	Keypress: 5
2160.4119 	EXP 	str_bangRest: autoDraw = False
2160.4119 	EXP 	str_fixRest: autoDraw = False
2160.4119 	EXP 	str_bangRest: autoDraw = False
2160.4119 	EXP 	im_trialImage: size = array([0.8       , 0.94814815])
2160.4119 	EXP 	im_trialImage: image = 'cl001.jpg'
2160.4119 	EXP 	im_trialImage: autoDraw = True
2161.1588 	DATA 	Keypress: 2
2161.1728 	DATA 	Keypress: 5
2161.9719 	DATA 	Keypress: 5
2162.3792 	EXP 	im_trialImage: autoDraw = False
2162.3792 	EXP 	str_fixITI: autoDraw = True
2162.7725 	DATA 	Keypress: 5
2162.8787 	EXP 	New trial (rep=0, index=1): {'im_fName': 'cl002.jpg', 'key_correct': 1, 'im_type': 'animal', 'im_familiarity': 'familiar'}
2162.9035 	EXP 	str_fixITI: autoDraw = False
2162.9035 	EXP 	im_trialImage: size = array([0.79583333, 0.94259259])
2162.9035 	EXP 	im_trialImage: image = 'cl002.jpg'
2162.9035 	EXP 	im_trialImage: autoDraw = True
2163.4549 	DATA 	Keypress: 1
2163.5749 	DATA 	Keypress: 5
2164.3750 	DATA 	Keypress: 5
2164.8872 	EXP 	im_trialImage: autoDraw = False
2164.8872 	EXP 	str_fixITI: autoDraw = True
2165.1796 	DATA 	Keypress: 5
2165.3708 	EXP 	New trial (rep=0, index=2): {'im_fName': 'cl003.jpg', 'key_correct': 2, 'im_type': 'scene', 'im_familiarity': 'familiar'}
2165.3950 	EXP 	str_fixITI: autoDraw = False
2165.3950 	EXP 	im_trialImage: size = array([0.8       , 0.94814815])
2165.3950 	EXP 	im_trialImage: image = 'cl003.jpg'
2165.3950 	EXP 	im_trialImage: autoDraw = True
2165.9662 	DATA 	Keypress: 5
2166.0001 	DATA 	Keypress: 2
2166.7662 	DATA 	Keypress: 5
2167.3865 	EXP 	im_trialImage: autoDraw = False
2167.3865 	EXP 	str_fixITI: autoDraw = True
2167.5728 	DATA 	Keypress: 5
2167.8719 	EXP 	New trial (rep=0, index=3): {'im_fName': 'cl004.jpg', 'key_correct': 1, 'im_type': 'animal', 'im_familiarity': 'familiar'}
2167.8961 	EXP 	str_fixITI: autoDraw = False
2167.8961 	EXP 	im_trialImage: size = array([0.79583333, 0.94259259])
2167.8961 	EXP 	im_trialImage: image = 'cl004.jpg'
2167.8961 	EXP 	im_trialImage: autoDraw = True
2168.3663 	DATA 	Keypress: 5
2168.3993 	DATA 	Keypress: 1
2169.1712 	DATA 	Keypress: 5
2169.8783 	EXP 	im_trialImage: autoDraw = False
2169.8783 	EXP 	str_fixITI: autoDraw = True
2169.9709 	DATA 	Keypress: 5
2170.3694 	EXP 	New trial (rep=0, index=4): {'im_fName': 'cl005.jpg', 'key_correct': 2, 'im_type': 'scene', 'im_familiarity': 'familiar'}
2170.4266 	EXP 	str_fixITI: autoDraw = False
2170.4266 	EXP 	im_trialImage: size = array([0.8       , 0.94814815])
2170.4266 	EXP 	im_trialImage: image = 'cl005.jpg'
2170.4266 	EXP 	im_trialImage: autoDraw = True
2170.7733 	DATA 	Keypress: 5
2171.0073 	DATA 	Keypress: 2
2171.5785 	DATA 	Keypress: 5
2172.3704 	DATA 	Keypress: 5
2172.3926 	EXP 	im_trialImage: autoDraw = False
2172.3926 	EXP 	str_fixITI: autoDraw = True
2172.8762 	EXP 	New trial (rep=0, index=5): {'im_fName': 'cl006.jpg', 'key_correct': 2, 'im_type': 'scene', 'im_familiarity': 'familiar'}
2172.9122 	EXP 	str_fixITI: autoDraw = False
2172.9122 	EXP 	im_trialImage: size = array([0.8       , 0.94814815])
2172.9122 	EXP 	im_trialImage: image = 'cl006.jpg'
2172.9122 	EXP 	im_trialImage: autoDraw = True
2173.1784 	DATA 	Keypress: 5
2173.4885 	DATA 	Keypress: 2
2173.9715 	DATA 	Keypress: 5
2174.7725 	DATA 	Keypress: 5
2174.8837 	EXP 	im_trialImage: autoDraw = False
2174.8837 	EXP 	str_fixITI: autoDraw = True
2175.3782 	EXP 	New trial (rep=0, index=6): {'im_fName': 'cl007.jpg', 'key_correct': 1, 'im_type': 'animal', 'im_familiarity': 'familiar'}
2175.4096 	EXP 	str_fixITI: autoDraw = False
2175.4096 	EXP 	im_trialImage: size = array([0.79583333, 0.94259259])
2175.4096 	EXP 	im_trialImage: image = 'cl007.jpg'
2175.4096 	EXP 	im_trialImage: autoDraw = True
2175.5695 	DATA 	Keypress: 5
2175.9355 	DATA 	Keypress: 1
2176.3726 	DATA 	Keypress: 5
2177.1686 	DATA 	Keypress: 5
2177.3914 	EXP 	im_trialImage: autoDraw = False
2177.3914 	EXP 	str_fixITI: autoDraw = True
2177.8771 	EXP 	New trial (rep=0, index=7): {'im_fName': 'cl008.jpg', 'key_correct': 1, 'im_type': 'animal', 'im_familiarity': 'familiar'}
2177.8996 	EXP 	str_fixITI: autoDraw = False
2177.8996 	EXP 	im_trialImage: size = array([0.79583333, 0.94259259])
2177.8996 	EXP 	im_trialImage: image = 'cl008.jpg'
2177.8996 	EXP 	im_trialImage: autoDraw = True
2177.9716 	DATA 	Keypress: 5
2178.4617 	DATA 	Keypress: 1
2178.7767 	DATA 	Keypress: 5
2179.5768 	DATA 	Keypress: 5
2179.8838 	EXP 	im_trialImage: autoDraw = False
2179.8838 	EXP 	str_fixITI: autoDraw = True
2180.3694 	DATA 	Keypress: 5
2180.3848 	EXP 	str_fixITI: autoDraw = False
2180.3848 	EXP 	str_fixRest: autoDraw = True
2181.1685 	DATA 	Keypress: 5
2181.9684 	DATA 	Keypress: 5
2182.7674 	DATA 	Keypress: 5
2183.5665 	DATA 	Keypress: 5
2184.3695 	DATA 	Keypress: 5
2185.1676 	DATA 	Keypress: 5
2185.9686 	DATA 	Keypress: 5
2186.7676 	DATA 	Keypress: 5
2187.5747 	DATA 	Keypress: 5
2188.3668 	DATA 	Keypress: 5
2189.1678 	DATA 	Keypress: 5
2189.9738 	DATA 	Keypress: 5
2190.7739 	DATA 	Keypress: 5
2191.5663 	DATA 	Keypress: 5
2191.8739 	EXP 	str_bangRest: autoDraw = True
2191.8972 	EXP 	str_fixRest: autoDraw = False
2192.3724 	EXP 	New trial (rep=0, index=1): {'trialOrderFile': 'scan_order2.xlsx'}
2192.3787 	EXP 	Imported scan_order2.xlsx as conditions, 8 conditions, 4 params
2192.3789 	EXP 	Created sequence: sequential, trialTypes=8, nReps=1, seed=None
2192.3792 	EXP 	New trial (rep=0, index=0): {'im_fName': 'cl009.jpg', 'key_correct': 2, 'im_type': 'scene', 'im_familiarity': 'novel'}
2192.4364 	DATA 	Keypress: 5
2192.4465 	EXP 	str_fixRest: autoDraw = False
2192.4465 	EXP 	str_bangRest: autoDraw = False
2192.4465 	EXP 	im_trialImage: size = array([0.8       , 0.94814815])
2192.4465 	EXP 	im_trialImage: image = 'cl009.jpg'
2192.4465 	EXP 	im_trialImage: autoDraw = True
2193.1184 	DATA 	Keypress: 2
2193.1754 	DATA 	Keypress: 5
2193.9664 	DATA 	Keypress: 5
2194.3808 	EXP 	im_trialImage: autoDraw = False
2194.3808 	EXP 	str_fixITI: autoDraw = True
2194.7670 	DATA 	Keypress: 5
2194.8729 	EXP 	New trial (rep=0, index=1): {'im_fName': 'cl010.jpg', 'key_correct': 1, 'im_type': 'animal', 'im_familiarity': 'novel'}
2194.8967 	EXP 	str_fixITI: autoDraw = False
2194.8967 	EXP 	im_trialImage: size = array([0.79583333, 0.94259259])
2194.8967 	EXP 	im_trialImage: image = 'cl010.jpg'
2194.8967 	EXP 	im_trialImage: autoDraw = True
2195.5675 	DATA 	Keypress: 5
2195.6146 	DATA 	Keypress: 1
2196.3755 	DATA 	Keypress: 5
2196.8869 	EXP 	im_trialImage: autoDraw = False
2196.8869 	EXP 	str_fixITI: autoDraw = True
2197.1723 	DATA 	Keypress: 5
2197.3723 	EXP 	New trial (rep=0, index=2): {'im_fName': 'cl011.jpg', 'key_correct': 1, 'im_type': 'animal', 'im_familiarity': 'novel'}
2197.3903 	EXP 	str_fixITI: autoDraw = False
2197.3903 	EXP 	im_trialImage: size = array([0.79583333, 0.94259259])
2197.3903 	EXP 	im_trialImage: image = 'cl011.jpg'
2197.3903 	EXP 	im_trialImage: autoDraw = True
2197.9727 	DATA 	Keypress: 5
2198.1387 	DATA 	Keypress: 1
2198.7717 	DATA 	Keypress: 5
2199.3791 	EXP 	im_trialImage: autoDraw = False
2199.3791 	EXP 	str_fixITI: autoDraw = True
2199.5724 	DATA 	Keypress: 5
2199.8704 	EXP 	New trial (rep=0, index=3): {'im_fName': 'cl012.jpg', 'key_correct': 1, 'im_type': 'animal', 'im_familiarity': 'novel'}
2199.8887 	EXP 	str_fixITI: autoDraw = False
2199.8887 	EXP 	im_trialImage: size = array([0.79583333, 0.94259259])
2199.8887 	EXP 	im_trialImage: image = 'cl012.jpg'
2199.8887 	EXP 	im_trialImage: autoDraw = True
2200.3718 	DATA 	Keypress: 5
2200.7148 	DATA 	Keypress: 1
2201.1659 	DATA 	Keypress: 5
2201.8857 	EXP 	im_trialImage: autoDraw = False
2201.8857 	EXP 	str_fixITI: autoDraw = True
2201.9725 	DATA 	Keypress: 5
2202.3706 	EXP 	New trial (rep=0, index=4): {'im_fName': 'cl013.jpg', 'key_correct': 2, 'im_type': 'scene', 'im_familiarity': 'novel'}
2202.4286 	EXP 	str_fixITI: autoDraw = False
2202.4286 	EXP 	im_trialImage: size = array([0.8       , 0.94814815])
2202.4286 	EXP 	im_trialImage: image = 'cl013.jpg'
2202.4286 	EXP 	im_trialImage: autoDraw = True
2202.7660 	DATA 	Keypress: 5
2202.8559 	DATA 	Keypress: 2
2203.5710 	DATA 	Keypress: 5
2204.3746 	DATA 	Keypress: 5
2204.3851 	EXP 	im_trialImage: autoDraw = False
2204.3851 	EXP 	str_fixITI: autoDraw = True
2204.8708 	EXP 	New trial (rep=0, index=5): {'im_fName': 'cl014.jpg', 'key_correct': 1, 'im_type': 'animal', 'im_familiarity': 'novel'}
2204.8941 	EXP 	str_fixITI: autoDraw = False
2204.8941 	EXP 	im_trialImage: size = array([0.79583333, 0.94259259])
2204.8941 	EXP 	im_trialImage: image = 'cl014.jpg'
2204.8941 	EXP 	im_trialImage: autoDraw = True
2205.1740 	DATA 	Keypress: 5
2205.4401 	DATA 	Keypress: 1
2205.9741 	DATA 	Keypress: 5
2206.7701 	DATA 	Keypress: 5
2206.8863 	EXP 	im_trialImage: autoDraw = False
2206.8863 	EXP 	str_fixITI: autoDraw = True
2207.3786 	EXP 	New trial (rep=0, index=6): {'im_fName': 'cl015.jpg', 'key_correct': 2, 'im_type': 'scene', 'im_familiarity': 'novel'}
2207.4211 	EXP 	str_fixITI: autoDraw = False
2207.4211 	EXP 	im_trialImage: size = array([0.8       , 0.94814815])
2207.4211 	EXP 	im_trialImage: image = 'cl015.jpg'
2207.4211 	EXP 	im_trialImage: autoDraw = True
2207.5722 	DATA 	Keypress: 5
2207.9631 	DATA 	Keypress: 2
2208.3732 	DATA 	Keypress: 5
2209.1781 	DATA 	Keypress: 5
2209.3922 	EXP 	im_trialImage: autoDraw = False
2209.3922 	EXP 	str_fixITI: autoDraw = True
2209.8780 	EXP 	New trial (rep=0, index=7): {'im_fName': 'cl016.jpg', 'key_correct': 2, 'im_type': 'scene', 'im_familiarity': 'novel'}
2209.8947 	EXP 	str_fixITI: autoDraw = False
2209.8947 	EXP 	im_trialImage: size = array([0.8       , 0.94814815])
2209.8947 	EXP 	im_trialImage: image = 'cl016.jpg'
2209.8947 	EXP 	im_trialImage: autoDraw = True
2209.9783 	DATA 	Keypress: 5
2210.4113 	DATA 	Keypress: 2
2210.7693 	DATA 	Keypress: 5
2211.5693 	DATA 	Keypress: 5
2211.8856 	EXP 	im_trialImage: autoDraw = False
2211.8856 	EXP 	str_fixITI: autoDraw = True
2212.3706 	DATA 	Keypress: 5
2212.3776 	EXP 	str_fixITI: autoDraw = False
2212.3776 	EXP 	str_fixRest: autoDraw = True
2213.1680 	DATA 	Keypress: 5
2213.9690 	DATA 	Keypress: 5
2214.7680 	DATA 	Keypress: 5
2215.5701 	DATA 	Keypress: 5
2216.3671 	DATA 	Keypress: 5
2217.1692 	DATA 	Keypress: 5
2217.9682 	DATA 	Keypress: 5
2218.7693 	DATA 	Keypress: 5
2219.5753 	DATA 	Keypress: 5
2220.3683 	DATA 	Keypress: 5
2221.1726 	DATA 	Keypress: 5
2221.9684 	DATA 	Keypress: 5
2222.7685 	DATA 	Keypress: 5
2223.5676 	DATA 	Keypress: 5
2223.8664 	EXP 	str_bangRest: autoDraw = True
2223.8897 	EXP 	str_fixRest: autoDraw = False
2224.3660 	EXP 	New trial (rep=0, index=2): {'trialOrderFile': 'scan_order3.xlsx'}
2224.3738 	EXP 	Imported scan_order3.xlsx as conditions, 8 conditions, 4 params
2224.3740 	EXP 	Created sequence: sequential, trialTypes=8, nReps=1, seed=None
2224.3743 	EXP 	New trial (rep=0, index=0): {'im_fName': 'cl017.jpg', 'key_correct': 2, 'im_type': 'scene', 'im_familiarity': 'familiar'}
2224.4192 	DATA 	Keypress: 5
2224.4304 	EXP 	str_bangRest: autoDraw = False
2224.4304 	EXP 	str_fixRest: autoDraw = False
2224.4304 	EXP 	str_bangRest: autoDraw = False
2224.4304 	EXP 	im_trialImage: size = array([0.8       , 0.94814815])
2224.4304 	EXP 	im_trialImage: image = 'cl017.jpg'
2224.4304 	EXP 	im_trialImage: autoDraw = True
2225.1680 	DATA 	Keypress: 5
2225.2830 	DATA 	Keypress: 2
2225.9691 	DATA 	Keypress: 5
2226.3814 	EXP 	im_trialImage: autoDraw = False
2226.3814 	EXP 	str_fixITI: autoDraw = True
2226.7668 	DATA 	Keypress: 5
2226.8740 	EXP 	New trial (rep=0, index=1): {'im_fName': 'cl018.jpg', 'key_correct': 1, 'im_type': 'animal', 'im_familiarity': 'familiar'}
2226.9062 	EXP 	str_fixITI: autoDraw = False
2226.9062 	EXP 	im_trialImage: size = array([0.79583333, 0.94259259])
2226.9062 	EXP 	im_trialImage: image = 'cl018.jpg'
2226.9062 	EXP 	im_trialImage: autoDraw = True
2227.5421 	DATA 	Keypress: 1
2227.5752 	DATA 	Keypress: 5
2228.3752 	DATA 	Keypress: 5
2228.8814 	EXP 	im_trialImage: autoDraw = False
2228.8814 	EXP 	str_fixITI: autoDraw = True
2229.1669 	DATA 	Keypress: 5
2229.3746 	EXP 	New trial (rep=0, index=2): {'im_fName': 'cl019.jpg', 'key_correct': 1, 'im_type': 'animal', 'im_familiarity': 'familiar'}
2229.3960 	EXP 	str_fixITI: autoDraw = False
2229.3960 	EXP 	im_trialImage: size = array([0.79583333, 0.94259259])
2229.3960 	EXP 	im_trialImage: image = 'cl019.jpg'
2229.3960 	EXP 	im_trialImage: autoDraw = True
2229.9683 	DATA 	Keypress: 5
2230.2483 	DATA 	Keypress: 1
2230.7683 	DATA 	Keypress: 5
2231.3885 	EXP 	im_trialImage: autoDraw = False
2231.3885 	EXP 	str_fixITI: autoDraw = True
2231.5740 	DATA 	Keypress: 5
2231.8709 	EXP 	New trial (rep=0, index=3): {'im_fName': 'cl020.jpg', 'key_correct': 2, 'im_type': 'scene', 'im_familiarity': 'familiar'}
2231.9123 	EXP 	str_fixITI: autoDraw = False
2231.9123 	EXP 	im_trialImage: size = array([0.8       , 0.94814815])
2231.9123 	EXP 	im_trialImage: image = 'cl020.jpg'
2231.9123 	EXP 	im_trialImage: autoDraw = True
2232.3673 	DATA 	Keypress: 5
2232.4574 	DATA 	Keypress: 2
2233.1674 	DATA 	Keypress: 5
2233.8878 	EXP 	im_trialImage: autoDraw = False
2233.8878 	EXP 	str_fixITI: autoDraw = True
2233.9761 	DATA 	Keypress: 5
2234.3703 	EXP 	New trial (rep=0, index=4): {'im_fName': 'cl021.jpg', 'key_correct': 2, 'im_type': 'scene', 'im_familiarity': 'familiar'}
2234.3875 	EXP 	str_fixITI: autoDraw = False
2234.3875 	EXP 	im_trialImage: size = array([0.8       , 0.94814815])
2234.3875 	EXP 	im_trialImage: image = 'cl021.jpg'
2234.3875 	EXP 	im_trialImage: autoDraw = True
2234.7675 	DATA 	Keypress: 5
2234.9905 	DATA 	Keypress: 2
2235.5715 	DATA 	Keypress: 5
2236.3724 	DATA 	Keypress: 5
2236.3791 	EXP 	im_trialImage: autoDraw = False
2236.3791 	EXP 	str_fixITI: autoDraw = True
2236.8697 	EXP 	New trial (rep=0, index=5): {'im_fName': 'cl022.jpg', 'key_correct': 2, 'im_type': 'scene', 'im_familiarity': 'familiar'}
2236.8875 	EXP 	str_fixITI: autoDraw = False
2236.8875 	EXP 	im_trialImage: size = array([0.8       , 0.94814815])
2236.8875 	EXP 	im_trialImage: image = 'cl022.jpg'
2236.8875 	EXP 	im_trialImage: autoDraw = True
2237.1667 	DATA 	Keypress: 5
2237.3466 	DATA 	Keypress: 2
2237.9717 	DATA 	Keypress: 5
2238.7717 	DATA 	Keypress: 5
2238.8788 	EXP 	im_trialImage: autoDraw = False
2238.8788 	EXP 	str_fixITI: autoDraw = True
2239.3694 	EXP 	New trial (rep=0, index=6): {'im_fName': 'cl023.jpg', 'key_correct': 1, 'im_type': 'animal', 'im_familiarity': 'familiar'}
2239.3939 	EXP 	str_fixITI: autoDraw = False
2239.3939 	EXP 	im_trialImage: size = array([0.79583333, 0.94259259])
2239.3939 	EXP 	im_trialImage: image = 'cl023.jpg'
2239.3939 	EXP 	im_trialImage: autoDraw = True
2239.5748 	DATA 	Keypress: 5
2239.9077 	DATA 	Keypress: 1
2240.3788 	DATA 	Keypress: 5
2241.1788 	DATA 	Keypress: 5
2241.3862 	EXP 	im_trialImage: autoDraw = False
2241.3862 	EXP 	str_fixITI: autoDraw = True
2241.8696 	EXP 	New trial (rep=0, index=7): {'im_fName': 'cl024.jpg', 'key_correct': 1, 'im_type': 'animal', 'im_familiarity': 'familiar'}
2241.8868 	EXP 	str_fixITI: autoDraw = False
2241.8868 	EXP 	im_trialImage: size = array([0.79583333, 0.94259259])
2241.8868 	EXP 	im_trialImage: image = 'cl024.jpg'
2241.8868 	EXP 	im_trialImage: autoDraw = True
2241.9708 	DATA 	Keypress: 5
2242.4619 	DATA 	Keypress: 1
2242.7699 	DATA 	Keypress: 5
2243.5720 	DATA 	Keypress: 5
2243.8781 	EXP 	im_trialImage: autoDraw = False
2243.8781 	EXP 	str_fixITI: autoDraw = True
2244.3716 	DATA 	Keypress: 5
2244.3787 	EXP 	str_fixITI: autoDraw = False
2244.3787 	EXP 	str_fixRest: autoDraw = True
2245.1696 	DATA 	Keypress: 5
2245.9706 	DATA 	Keypress: 5
2246.7697 	DATA 	Keypress: 5
2247.5707 	DATA 	Keypress: 5
2248.3687 	DATA 	Keypress: 5
2249.1697 	DATA 	Keypress: 5
2249.9688 	DATA 	Keypress: 5
2250.7709 	DATA 	Keypress: 5
2251.5678 	DATA 	Keypress: 5
2252.3679 	DATA 	Keypress: 5
2253.1759 	DATA 	Keypress: 5
2253.9681 	DATA 	Keypress: 5
2254.7701 	DATA 	Keypress: 5
2255.5672 	DATA 	Keypress: 5
2255.8671 	EXP 	str_bangRest: autoDraw = True
2255.8904 	EXP 	str_fixRest: autoDraw = False
2256.3675 	EXP 	New trial (rep=0, index=3): {'trialOrderFile': 'scan_order4.xlsx'}
2256.3742 	EXP 	Imported scan_order4.xlsx as conditions, 8 conditions, 4 params
2256.3744 	EXP 	Created sequence: sequential, trialTypes=8, nReps=1, seed=None
2256.3746 	EXP 	New trial (rep=0, index=0): {'im_fName': 'cl025.jpg', 'key_correct': 1, 'im_type': 'animal', 'im_familiarity': 'novel'}
2256.3906 	DATA 	Keypress: 5
2256.3989 	EXP 	str_bangRest: autoDraw = False
2256.3989 	EXP 	str_fixRest: autoDraw = False
2256.3989 	EXP 	str_bangRest: autoDraw = False
2256.3989 	EXP 	im_trialImage: size = array([0.8       , 0.94814815])
2256.3989 	EXP 	im_trialImage: image = 'cl025.jpg'
2256.3989 	EXP 	im_trialImage: autoDraw = True
2257.1186 	DATA 	Keypress: 1
2257.1756 	DATA 	Keypress: 5
2257.9747 	DATA 	Keypress: 5
2258.3818 	EXP 	im_trialImage: autoDraw = False
2258.3818 	EXP 	str_fixITI: autoDraw = True
2258.7753 	DATA 	Keypress: 5
2258.8735 	EXP 	New trial (rep=0, index=1): {'im_fName': 'cl026.jpg', 'key_correct': 1, 'im_type': 'animal', 'im_familiarity': 'novel'}
2258.8909 	EXP 	str_fixITI: autoDraw = False
2258.8909 	EXP 	im_trialImage: size = array([0.8       , 0.94814815])
2258.8909 	EXP 	im_trialImage: image = 'cl026.jpg'
2258.8909 	EXP 	im_trialImage: autoDraw = True
2259.4847 	DATA 	Keypress: 1
2259.5748 	DATA 	Keypress: 5
2260.3678 	DATA 	Keypress: 5
2260.8886 	EXP 	im_trialImage: autoDraw = False
2260.8886 	EXP 	str_fixITI: autoDraw = True
2261.1666 	DATA 	Keypress: 5
2261.3806 	EXP 	New trial (rep=0, index=2): {'im_fName': 'cl027.jpg', 'key_correct': 2, 'im_type': 'scene', 'im_familiarity': 'novel'}
2261.3985 	EXP 	str_fixITI: autoDraw = False
2261.3985 	EXP 	im_trialImage: size = array([0.8       , 0.94814815])
2261.3985 	EXP 	im_trialImage: image = 'cl027.jpg'
2261.3985 	EXP 	im_trialImage: autoDraw = True
2261.8939 	DATA 	Keypress: 2
2261.9739 	DATA 	Keypress: 5
2262.7669 	DATA 	Keypress: 5
2263.3880 	EXP 	im_trialImage: autoDraw = False
2263.3880 	EXP 	str_fixITI: autoDraw = True
2263.5735 	DATA 	Keypress: 5
2263.8718 	EXP 	New trial (rep=0, index=3): {'im_fName': 'cl028.jpg', 'key_correct': 2, 'im_type': 'scene', 'im_familiarity': 'novel'}
2263.8896 	EXP 	str_fixITI: autoDraw = False
2263.8896 	EXP 	im_trialImage: size = array([0.8       , 0.94814815])
2263.8896 	EXP 	im_trialImage: image = 'cl028.jpg'
2263.8896 	EXP 	im_trialImage: autoDraw = True
2264.3680 	DATA 	Keypress: 5
2264.6350 	DATA 	Keypress: 2
2265.1680 	DATA 	Keypress: 5
2265.8874 	EXP 	im_trialImage: autoDraw = False
2265.8874 	EXP 	str_fixITI: autoDraw = True
2265.9668 	DATA 	Keypress: 5
2266.3735 	EXP 	New trial (rep=0, index=4): {'im_fName': 'cl029.jpg', 'key_correct': 2, 'im_type': 'scene', 'im_familiarity': 'novel'}
2266.3901 	EXP 	str_fixITI: autoDraw = False
2266.3901 	EXP 	im_trialImage: size = array([0.8       , 0.94814815])
2266.3901 	EXP 	im_trialImage: image = 'cl029.jpg'
2266.3901 	EXP 	im_trialImage: autoDraw = True
2266.7681 	DATA 	Keypress: 5
2267.3141 	DATA 	Keypress: 2
2267.5681 	DATA 	Keypress: 5
2268.3728 	DATA 	Keypress: 5
2268.3798 	EXP 	im_trialImage: autoDraw = False
2268.3798 	EXP 	str_fixITI: autoDraw = True
2268.8790 	EXP 	New trial (rep=0, index=5): {'im_fName': 'cl030.jpg', 'key_correct': 1, 'im_type': 'animal', 'im_familiarity': 'novel'}
2268.8963 	EXP 	str_fixITI: autoDraw = False
2268.8963 	EXP 	im_trialImage: size = array([0.8       , 0.94814815])
2268.8963 	EXP 	im_trialImage: image = 'cl030.jpg'
2268.8963 	EXP 	im_trialImage: autoDraw = True
2269.1672 	DATA 	Keypress: 5
2269.4471 	DATA 	Keypress: 1
2269.9743 	DATA 	Keypress: 5
2270.7753 	DATA 	Keypress: 5
2270.8877 	EXP 	im_trialImage: autoDraw = False
2270.8877 	EXP 	str_fixITI: autoDraw = True
2271.3782 	EXP 	New trial (rep=0, index=6): {'im_fName': 'cl031.jpg', 'key_correct': 2, 'im_type': 'scene', 'im_familiarity': 'novel'}
2271.4282 	EXP 	str_fixITI: autoDraw = False
2271.4282 	EXP 	im_trialImage: size = array([0.79479167, 0.94814815])
2271.4282 	EXP 	im_trialImage: image = 'cl031.jpg'
2271.4282 	EXP 	im_trialImage: autoDraw = True
2271.5754 	DATA 	Keypress: 5
2272.3214 	DATA 	Keypress: 2
2272.3754 	DATA 	Keypress: 5
2273.1665 	DATA 	Keypress: 5
2273.3868 	EXP 	im_trialImage: autoDraw = False
2273.3868 	EXP 	str_fixITI: autoDraw = True
2273.8694 	EXP 	New trial (rep=0, index=7): {'im_fName': 'cl032.jpg', 'key_correct': 1, 'im_type': 'animal', 'im_familiarity': 'novel'}
2273.9025 	EXP 	str_fixITI: autoDraw = False
2273.9025 	EXP 	im_trialImage: size = array([0.8       , 0.94814815])
2273.9025 	EXP 	im_trialImage: image = 'cl032.jpg'
2273.9025 	EXP 	im_trialImage: autoDraw = True
2273.9745 	DATA 	Keypress: 5
2274.5125 	DATA 	Keypress: 1
2274.7666 	DATA 	Keypress: 5
2275.5706 	DATA 	Keypress: 5
2275.8867 	EXP 	im_trialImage: autoDraw = False
2275.8867 	EXP 	str_fixITI: autoDraw = True
2276.3728 	DATA 	Keypress: 5
2276.3849 	EXP 	str_fixITI: autoDraw = False
2276.3849 	EXP 	str_fixRest: autoDraw = True
2277.1732 	DATA 	Keypress: 5
2277.9702 	DATA 	Keypress: 5
2278.7783 	DATA 	Keypress: 5
2279.5723 	DATA 	Keypress: 5
2280.3724 	DATA 	Keypress: 5
2281.1715 	DATA 	Keypress: 5
2281.9775 	DATA 	Keypress: 5
2282.7705 	DATA 	Keypress: 5
2283.5695 	DATA 	Keypress: 5
2284.3715 	DATA 	Keypress: 5
2285.1706 	DATA 	Keypress: 5
2285.9696 	DATA 	Keypress: 5
2286.7687 	DATA 	Keypress: 5
2287.5697 	DATA 	Keypress: 5
2287.8671 	EXP 	str_bangRest: autoDraw = True
2287.8848 	EXP 	str_fixRest: autoDraw = False
2288.3601 	EXP 	New trial (rep=0, index=4): {'trialOrderFile': 'scan_order5.xlsx'}
2288.3669 	EXP 	Imported scan_order5.xlsx as conditions, 8 conditions, 4 params
2288.3672 	EXP 	Created sequence: sequential, trialTypes=8, nReps=1, seed=None
2288.3674 	EXP 	New trial (rep=0, index=0): {'im_fName': 'cl033.jpg', 'key_correct': 1, 'im_type': 'animal', 'im_familiarity': 'familiar'}
2288.3822 	DATA 	Keypress: 5
2288.3907 	EXP 	str_bangRest: autoDraw = False
2288.3907 	EXP 	str_fixRest: autoDraw = False
2288.3907 	EXP 	str_bangRest: autoDraw = False
2288.3907 	EXP 	im_trialImage: size = array([0.79583333, 0.94259259])
2288.3907 	EXP 	im_trialImage: image = 'cl033.jpg'
2288.3907 	EXP 	im_trialImage: autoDraw = True
2289.0442 	DATA 	Keypress: 1
2289.1682 	DATA 	Keypress: 5
2289.9751 	DATA 	Keypress: 5
2290.3836 	EXP 	im_trialImage: autoDraw = False
2290.3836 	EXP 	str_fixITI: autoDraw = True
2290.7699 	DATA 	Keypress: 5
2290.8822 	EXP 	New trial (rep=0, index=1): {'im_fName': 'cl034.jpg', 'key_correct': 1, 'im_type': 'animal', 'im_familiarity': 'familiar'}
2290.8998 	EXP 	str_fixITI: autoDraw = False
2290.8998 	EXP 	im_trialImage: size = array([0.79583333, 0.94259259])
2290.8998 	EXP 	im_trialImage: image = 'cl034.jpg'
2290.8998 	EXP 	im_trialImage: autoDraw = True
2291.5704 	DATA 	Keypress: 5
2291.6284 	DATA 	Keypress: 1
2292.3754 	DATA 	Keypress: 5
2292.8815 	EXP 	im_trialImage: autoDraw = False
2292.8815 	EXP 	str_fixITI: autoDraw = True
2293.1681 	DATA 	Keypress: 5
2293.3759 	EXP 	New trial (rep=0, index=2): {'im_fName': 'cl035.jpg', 'key_correct': 1, 'im_type': 'animal', 'im_familiarity': 'familiar'}
2293.3932 	EXP 	str_fixITI: autoDraw = False
2293.3932 	EXP 	im_trialImage: size = array([0.79583333, 0.94259259])
2293.3932 	EXP 	im_trialImage: image = 'cl035.jpg'
2293.3932 	EXP 	im_trialImage: autoDraw = True
2293.9685 	DATA 	Keypress: 5
2294.2915 	DATA 	Keypress: 1
2294.7745 	DATA 	Keypress: 5
2295.3819 	EXP 	im_trialImage: autoDraw = False
2295.3819 	EXP 	str_fixITI: autoDraw = True
2295.5682 	DATA 	Keypress: 5
2295.8737 	EXP 	New trial (rep=0, index=3): {'im_fName': 'cl036.jpg', 'key_correct': 2, 'im_type': 'scene', 'im_familiarity': 'familiar'}
2295.9252 	EXP 	str_fixITI: autoDraw = False
2295.9252 	EXP 	im_trialImage: size = array([0.8       , 0.94814815])
2295.9252 	EXP 	im_trialImage: image = 'cl036.jpg'
2295.9252 	EXP 	im_trialImage: autoDraw = True
2296.3677 	DATA 	Keypress: 5
2296.4826 	DATA 	Keypress: 2
2297.1677 	DATA 	Keypress: 5
2297.8887 	EXP 	im_trialImage: autoDraw = False
2297.8887 	EXP 	str_fixITI: autoDraw = True
2297.9753 	DATA 	Keypress: 5
2298.3804 	EXP 	New trial (rep=0, index=4): {'im_fName': 'cl037.jpg', 'key_correct': 1, 'im_type': 'animal', 'im_familiarity': 'familiar'}
2298.4053 	EXP 	str_fixITI: autoDraw = False
2298.4053 	EXP 	im_trialImage: size = array([0.79583333, 0.94259259])
2298.4053 	EXP 	im_trialImage: image = 'cl037.jpg'
2298.4053 	EXP 	im_trialImage: autoDraw = True
2298.7757 	DATA 	Keypress: 5
2298.9657 	DATA 	Keypress: 1
2299.5767 	DATA 	Keypress: 5
2300.3688 	DATA 	Keypress: 5
2300.3893 	EXP 	im_trialImage: autoDraw = False
2300.3893 	EXP 	str_fixITI: autoDraw = True
2300.8733 	EXP 	New trial (rep=0, index=5): {'im_fName': 'cl038.jpg', 'key_correct': 2, 'im_type': 'scene', 'im_familiarity': 'familiar'}
2300.8964 	EXP 	str_fixITI: autoDraw = False
2300.8964 	EXP 	im_trialImage: size = array([0.8       , 0.94814815])
2300.8964 	EXP 	im_trialImage: image = 'cl038.jpg'
2300.8964 	EXP 	im_trialImage: autoDraw = True
2301.1728 	DATA 	Keypress: 5
2301.3728 	DATA 	Keypress: 2
2301.9729 	DATA 	Keypress: 5
2302.7749 	DATA 	Keypress: 5
2302.8872 	EXP 	im_trialImage: autoDraw = False
2302.8872 	EXP 	str_fixITI: autoDraw = True
2303.3709 	EXP 	New trial (rep=0, index=6): {'im_fName': 'cl039.jpg', 'key_correct': 2, 'im_type': 'scene', 'im_familiarity': 'familiar'}
2303.4120 	EXP 	str_fixITI: autoDraw = False
2303.4120 	EXP 	im_trialImage: size = array([0.8       , 0.94814815])
2303.4120 	EXP 	im_trialImage: image = 'cl039.jpg'
2303.4120 	EXP 	im_trialImage: autoDraw = True
2303.5730 	DATA 	Keypress: 5
2303.9639 	DATA 	Keypress: 2
2304.3758 	DATA 	Keypress: 5
2305.1810 	DATA 	Keypress: 5
2305.3870 	EXP 	im_trialImage: autoDraw = False
2305.3870 	EXP 	str_fixITI: autoDraw = True
2305.8728 	EXP 	New trial (rep=0, index=7): {'im_fName': 'cl040.jpg', 'key_correct': 2, 'im_type': 'scene', 'im_familiarity': 'familiar'}
2305.8900 	EXP 	str_fixITI: autoDraw = False
2305.8900 	EXP 	im_trialImage: size = array([0.8       , 0.94814815])
2305.8900 	EXP 	im_trialImage: image = 'cl040.jpg'
2305.8900 	EXP 	im_trialImage: autoDraw = True
2305.9721 	DATA 	Keypress: 5
2306.3641 	DATA 	Keypress: 2
2306.7741 	DATA 	Keypress: 5
2307.5752 	DATA 	Keypress: 5
2307.8861 	EXP 	im_trialImage: autoDraw = False
2307.8861 	EXP 	str_fixITI: autoDraw = True
2308.3797 	DATA 	Keypress: 5
2308.3866 	EXP 	str_fixITI: autoDraw = False
2308.3866 	EXP 	str_fixRest: autoDraw = True
2309.1729 	DATA 	Keypress: 5
2309.9739 	DATA 	Keypress: 5
2310.7709 	DATA 	Keypress: 5
2311.5719 	DATA 	Keypress: 5
2312.3708 	DATA 	Keypress: 5
2313.1730 	DATA 	Keypress: 5
2313.9721 	DATA 	Keypress: 5
2314.7701 	DATA 	Keypress: 5
2315.5781 	DATA 	Keypress: 5
2316.3722 	DATA 	Keypress: 5
2317.1702 	DATA 	Keypress: 5
2317.9722 	DATA 	Keypress: 5
2318.7773 	DATA 	Keypress: 5
2319.5714 	DATA 	Keypress: 5
2319.8767 	EXP 	str_bangRest: autoDraw = True
2319.8944 	EXP 	str_fixRest: autoDraw = False
2320.3698 	EXP 	New trial (rep=0, index=5): {'trialOrderFile': 'scan_order6.xlsx'}
2320.3761 	EXP 	Imported scan_order6.xlsx as conditions, 8 conditions, 4 params
2320.3764 	EXP 	Created sequence: sequential, trialTypes=8, nReps=1, seed=None
2320.3766 	EXP 	New trial (rep=0, index=0): {'im_fName': 'cl041.jpg', 'key_correct': 2, 'im_type': 'scene', 'im_familiarity': 'novel'}
2320.3908 	DATA 	Keypress: 5
2320.3997 	EXP 	str_fixRest: autoDraw = False
2320.3997 	EXP 	str_bangRest: autoDraw = False
2320.3997 	EXP 	im_trialImage: size = array([0.8       , 0.94814815])
2320.3997 	EXP 	im_trialImage: image = 'cl041.jpg'
2320.3997 	EXP 	im_trialImage: autoDraw = True
2321.0118 	DATA 	Keypress: 2
2321.1688 	DATA 	Keypress: 5
2321.9689 	DATA 	Keypress: 5
2322.3852 	EXP 	im_trialImage: autoDraw = False
2322.3852 	EXP 	str_fixITI: autoDraw = True
2322.7704 	DATA 	Keypress: 5
2322.8784 	EXP 	New trial (rep=0, index=1): {'im_fName': 'cl042.jpg', 'key_correct': 2, 'im_type': 'scene', 'im_familiarity': 'novel'}
2322.9159 	EXP 	str_fixITI: autoDraw = False
2322.9159 	EXP 	im_trialImage: size = array([0.8       , 0.94814815])
2322.9159 	EXP 	im_trialImage: image = 'cl042.jpg'
2322.9159 	EXP 	im_trialImage: autoDraw = True
2323.4299 	DATA 	Keypress: 2
2323.5760 	DATA 	Keypress: 5
2324.3759 	DATA 	Keypress: 5
2324.8904 	EXP 	im_trialImage: autoDraw = False
2324.8904 	EXP 	str_fixITI: autoDraw = True
2325.1677 	DATA 	Keypress: 5
2325.3765 	EXP 	New trial (rep=0, index=2): {'im_fName': 'cl043.jpg', 'key_correct': 1, 'im_type': 'animal', 'im_familiarity': 'novel'}
2325.4081 	EXP 	str_fixITI: autoDraw = False
2325.4081 	EXP 	im_trialImage: size = array([0.79583333, 0.94259259])
2325.4081 	EXP 	im_trialImage: image = 'cl043.jpg'
2325.4081 	EXP 	im_trialImage: autoDraw = True
2325.9672 	DATA 	Keypress: 5
2326.0211 	DATA 	Keypress: 1
2326.7761 	DATA 	Keypress: 5
2327.3833 	EXP 	im_trialImage: autoDraw = False
2327.3833 	EXP 	str_fixITI: autoDraw = True
2327.5697 	DATA 	Keypress: 5
2327.8749 	EXP 	New trial (rep=0, index=3): {'im_fName': 'cl044.jpg', 'key_correct': 1, 'im_type': 'animal', 'im_familiarity': 'novel'}
2327.8984 	EXP 	str_fixITI: autoDraw = False
2327.8984 	EXP 	im_trialImage: size = array([0.79375  , 0.9462963])
2327.8984 	EXP 	im_trialImage: image = 'cl044.jpg'
2327.8984 	EXP 	im_trialImage: autoDraw = True
2328.3682 	DATA 	Keypress: 5
2328.4352 	DATA 	Keypress: 1
2329.1753 	DATA 	Keypress: 5
2329.8823 	EXP 	im_trialImage: autoDraw = False
2329.8823 	EXP 	str_fixITI: autoDraw = True
2329.9679 	DATA 	Keypress: 5
2330.3746 	EXP 	New trial (rep=0, index=4): {'im_fName': 'cl045.jpg', 'key_correct': 1, 'im_type': 'animal', 'im_familiarity': 'novel'}
2330.4311 	EXP 	str_fixITI: autoDraw = False
2330.4311 	EXP 	im_trialImage: size = array([0.8       , 0.94814815])
2330.4311 	EXP 	im_trialImage: image = 'cl045.jpg'
2330.4311 	EXP 	im_trialImage: autoDraw = True
2330.7683 	DATA 	Keypress: 5
2331.1583 	DATA 	Keypress: 1
2331.5674 	DATA 	Keypress: 5
2332.3675 	DATA 	Keypress: 5
2332.3889 	EXP 	im_trialImage: autoDraw = False
2332.3889 	EXP 	str_fixITI: autoDraw = True
2332.8723 	EXP 	New trial (rep=0, index=5): {'im_fName': 'cl046.jpg', 'key_correct': 2, 'im_type': 'scene', 'im_familiarity': 'novel'}
2332.9052 	EXP 	str_fixITI: autoDraw = False
2332.9052 	EXP 	im_trialImage: size = array([0.8       , 0.94814815])
2332.9052 	EXP 	im_trialImage: image = 'cl046.jpg'
2332.9052 	EXP 	im_trialImage: autoDraw = True
2333.1754 	DATA 	Keypress: 5
2333.4755 	DATA 	Keypress: 2
2333.9674 	DATA 	Keypress: 5
2334.7675 	DATA 	Keypress: 5
2334.8882 	EXP 	im_trialImage: autoDraw = False
2334.8882 	EXP 	str_fixITI: autoDraw = True
2335.3731 	EXP 	New trial (rep=0, index=6): {'im_fName': 'cl047.jpg', 'key_correct': 2, 'im_type': 'scene', 'im_familiarity': 'novel'}
2335.3913 	EXP 	str_fixITI: autoDraw = False
2335.3913 	EXP 	im_trialImage: size = array([0.8       , 0.94814815])
2335.3913 	EXP 	im_trialImage: image = 'cl047.jpg'
2335.3913 	EXP 	im_trialImage: autoDraw = True
2335.5735 	DATA 	Keypress: 5
2335.8415 	DATA 	Keypress: 2
2336.3766 	DATA 	Keypress: 5
2337.1766 	DATA 	Keypress: 5
2337.3876 	EXP 	im_trialImage: autoDraw = False
2337.3876 	EXP 	str_fixITI: autoDraw = True
2337.8794 	EXP 	New trial (rep=0, index=7): {'im_fName': 'cl048.jpg', 'key_correct': 1, 'im_type': 'animal', 'im_familiarity': 'novel'}
2337.9044 	EXP 	str_fixITI: autoDraw = False
2337.9044 	EXP 	im_trialImage: size = array([0.79583333, 0.94259259])
2337.9044 	EXP 	im_trialImage: image = 'cl048.jpg'
2337.9044 	EXP 	im_trialImage: autoDraw = True
2337.9747 	DATA 	Keypress: 5
2338.5977 	DATA 	Keypress: 1
2338.7747 	DATA 	Keypress: 5
2339.5748 	DATA 	Keypress: 5
2339.8881 	EXP 	im_trialImage: autoDraw = False
2339.8881 	EXP 	str_fixITI: autoDraw = True
2340.3722 	DATA 	Keypress: 5
2340.3797 	EXP 	str_fixITI: autoDraw = False
2340.3797 	EXP 	str_fixRest: autoDraw = True
2341.1804 	DATA 	Keypress: 5
2341.9805 	DATA 	Keypress: 5
2342.7725 	DATA 	Keypress: 5
2343.5715 	DATA 	Keypress: 5
2344.3726 	DATA 	Keypress: 5
2345.1727 	DATA 	Keypress: 5
2345.9717 	DATA 	Keypress: 5
2346.7706 	DATA 	Keypress: 5
2347.5707 	DATA 	Keypress: 5
2348.3708 	DATA 	Keypress: 5
2349.1709 	DATA 	Keypress: 5
2349.9728 	DATA 	Keypress: 5
2350.7720 	DATA 	Keypress: 5
2351.5779 	DATA 	Keypress: 5
2351.8693 	EXP 	str_bangRest: autoDraw = True
2351.8870 	EXP 	str_fixRest: autoDraw = False
2352.3634 	EXP 	New trial (rep=0, index=6): {'trialOrderFile': 'scan_order7.xlsx'}
2352.3700 	EXP 	Imported scan_order7.xlsx as conditions, 8 conditions, 4 params
2352.3702 	EXP 	Created sequence: sequential, trialTypes=8, nReps=1, seed=None
2352.3704 	EXP 	New trial (rep=0, index=0): {'im_fName': 'cl049.jpg', 'key_correct': 1, 'im_type': 'animal', 'im_familiarity': 'familiar'}
2352.3804 	DATA 	Keypress: 5
2352.3923 	EXP 	str_bangRest: autoDraw = False
2352.3923 	EXP 	str_fixRest: autoDraw = False
2352.3923 	EXP 	str_bangRest: autoDraw = False
2352.3923 	EXP 	im_trialImage: size = array([0.79583333, 0.94259259])
2352.3923 	EXP 	im_trialImage: image = 'cl049.jpg'
2352.3923 	EXP 	im_trialImage: autoDraw = True
2352.9872 	DATA 	Keypress: 1
2353.1774 	DATA 	Keypress: 5
2353.9775 	DATA 	Keypress: 5
2354.3923 	EXP 	im_trialImage: autoDraw = False
2354.3923 	EXP 	str_fixITI: autoDraw = True
2354.7711 	DATA 	Keypress: 5
2354.8770 	EXP 	New trial (rep=0, index=1): {'im_fName': 'cl050.jpg', 'key_correct': 1, 'im_type': 'animal', 'im_familiarity': 'familiar'}
2354.8944 	EXP 	str_fixITI: autoDraw = False
2354.8944 	EXP 	im_trialImage: size = array([0.79583333, 0.94259259])
2354.8944 	EXP 	im_trialImage: image = 'cl050.jpg'
2354.8944 	EXP 	im_trialImage: autoDraw = True
2355.4205 	DATA 	Keypress: 1
2355.5775 	DATA 	Keypress: 5
2356.3726 	DATA 	Keypress: 5
2356.8830 	EXP 	im_trialImage: autoDraw = False
2356.8830 	EXP 	str_fixITI: autoDraw = True
2357.1692 	DATA 	Keypress: 5
2357.3756 	EXP 	New trial (rep=0, index=2): {'im_fName': 'cl051.jpg', 'key_correct': 1, 'im_type': 'animal', 'im_familiarity': 'familiar'}
2357.3923 	EXP 	str_fixITI: autoDraw = False
2357.3923 	EXP 	im_trialImage: size = array([0.79583333, 0.94259259])
2357.3923 	EXP 	im_trialImage: image = 'cl051.jpg'
2357.3923 	EXP 	im_trialImage: autoDraw = True
2357.9517 	DATA 	Keypress: 1
2357.9717 	DATA 	Keypress: 5
2358.7767 	DATA 	Keypress: 5
2359.3828 	EXP 	im_trialImage: autoDraw = False
2359.3828 	EXP 	str_fixITI: autoDraw = True
2359.5691 	DATA 	Keypress: 5
2359.8744 	EXP 	New trial (rep=0, index=3): {'im_fName': 'cl052.jpg', 'key_correct': 2, 'im_type': 'scene', 'im_familiarity': 'familiar'}
2359.9353 	EXP 	str_fixITI: autoDraw = False
2359.9353 	EXP 	im_trialImage: size = array([0.8       , 0.94814815])
2359.9353 	EXP 	im_trialImage: image = 'cl052.jpg'
2359.9353 	EXP 	im_trialImage: autoDraw = True
2360.3758 	DATA 	Keypress: 5
2360.5630 	DATA 	Keypress: 2
2361.1758 	DATA 	Keypress: 5
2361.8832 	EXP 	im_trialImage: autoDraw = False
2361.8832 	EXP 	str_fixITI: autoDraw = True
2361.9765 	DATA 	Keypress: 5
2362.3738 	EXP 	New trial (rep=0, index=4): {'im_fName': 'cl053.jpg', 'key_correct': 2, 'im_type': 'scene', 'im_familiarity': 'familiar'}
2362.3906 	EXP 	str_fixITI: autoDraw = False
2362.3906 	EXP 	im_trialImage: size = array([0.8       , 0.94814815])
2362.3906 	EXP 	im_trialImage: image = 'cl053.jpg'
2362.3906 	EXP 	im_trialImage: autoDraw = True
2362.7759 	DATA 	Keypress: 5
2363.0419 	DATA 	Keypress: 2
2363.5749 	DATA 	Keypress: 5
2364.3756 	DATA 	Keypress: 5
2364.3826 	EXP 	im_trialImage: autoDraw = False
2364.3826 	EXP 	str_fixITI: autoDraw = True
2364.8765 	EXP 	New trial (rep=0, index=5): {'im_fName': 'cl054.jpg', 'key_correct': 2, 'im_type': 'scene', 'im_familiarity': 'familiar'}
2364.9061 	EXP 	str_fixITI: autoDraw = False
2364.9061 	EXP 	im_trialImage: size = array([0.8       , 0.94814815])
2364.9061 	EXP 	im_trialImage: image = 'cl054.jpg'
2364.9061 	EXP 	im_trialImage: autoDraw = True
2365.1681 	DATA 	Keypress: 5
2365.4131 	DATA 	Keypress: 2
2365.9682 	DATA 	Keypress: 5
2366.7749 	DATA 	Keypress: 5
2366.8813 	EXP 	im_trialImage: autoDraw = False
2366.8813 	EXP 	str_fixITI: autoDraw = True
2367.3809 	EXP 	New trial (rep=0, index=6): {'im_fName': 'cl055.jpg', 'key_correct': 1, 'im_type': 'animal', 'im_familiarity': 'familiar'}
2367.4142 	EXP 	str_fixITI: autoDraw = False
2367.4142 	EXP 	im_trialImage: size = array([0.79583333, 0.94259259])
2367.4142 	EXP 	im_trialImage: image = 'cl055.jpg'
2367.4142 	EXP 	im_trialImage: autoDraw = True
2367.5741 	DATA 	Keypress: 5
2367.9082 	DATA 	Keypress: 1
2368.3762 	DATA 	Keypress: 5
2369.1693 	DATA 	Keypress: 5
2369.3896 	EXP 	im_trialImage: autoDraw = False
2369.3896 	EXP 	str_fixITI: autoDraw = True
2369.8721 	EXP 	New trial (rep=0, index=7): {'im_fName': 'cl056.jpg', 'key_correct': 2, 'im_type': 'scene', 'im_familiarity': 'familiar'}
2369.8998 	EXP 	str_fixITI: autoDraw = False
2369.8998 	EXP 	im_trialImage: size = array([0.8       , 0.94814815])
2369.8998 	EXP 	im_trialImage: image = 'cl056.jpg'
2369.8998 	EXP 	im_trialImage: autoDraw = True
2369.9693 	DATA 	Keypress: 5
2370.4273 	DATA 	Keypress: 2
2370.7733 	DATA 	Keypress: 5
2371.5734 	DATA 	Keypress: 5
2371.8814 	EXP 	im_trialImage: autoDraw = False
2371.8814 	EXP 	str_fixITI: autoDraw = True
2372.3740 	DATA 	Keypress: 5
2372.3811 	EXP 	str_fixITI: autoDraw = False
2372.3811 	EXP 	str_fixRest: autoDraw = True
2373.1729 	DATA 	Keypress: 5
2373.9740 	DATA 	Keypress: 5
2374.7720 	DATA 	Keypress: 5
2375.5752 	DATA 	Keypress: 5
2376.3742 	DATA 	Keypress: 5
2377.1742 	DATA 	Keypress: 5
2377.9803 	DATA 	Keypress: 5
2378.7723 	DATA 	Keypress: 5
2379.5724 	DATA 	Keypress: 5
2380.3714 	DATA 	Keypress: 5
2381.1724 	DATA 	Keypress: 5
2381.9725 	DATA 	Keypress: 5
2382.7735 	DATA 	Keypress: 5
2383.5725 	DATA 	Keypress: 5
2383.8694 	EXP 	str_bangRest: autoDraw = True
2383.8870 	EXP 	str_fixRest: autoDraw = False
2384.3648 	EXP 	New trial (rep=0, index=7): {'trialOrderFile': 'scan_order8.xlsx'}
2384.3725 	EXP 	Imported scan_order8.xlsx as conditions, 8 conditions, 4 params
2384.3727 	EXP 	Created sequence: sequential, trialTypes=8, nReps=1, seed=None
2384.3730 	EXP 	New trial (rep=0, index=0): {'im_fName': 'cl057.jpg', 'key_correct': 2, 'im_type': 'scene', 'im_familiarity': 'novel'}
2384.3912 	DATA 	Keypress: 5
2384.4017 	EXP 	str_bangRest: autoDraw = False
2384.4017 	EXP 	str_fixRest: autoDraw = False
2384.4017 	EXP 	str_bangRest: autoDraw = False
2384.4017 	EXP 	im_trialImage: size = array([0.79583333, 0.94259259])
2384.4017 	EXP 	im_trialImage: image = 'cl057.jpg'
2384.4017 	EXP 	im_trialImage: autoDraw = True
2385.1290 	DATA 	Keypress: 2
2385.1720 	DATA 	Keypress: 5
2385.9731 	DATA 	Keypress: 5
2386.3928 	EXP 	im_trialImage: autoDraw = False
2386.3928 	EXP 	str_fixITI: autoDraw = True
2386.7697 	DATA 	Keypress: 5
2386.8709 	EXP 	New trial (rep=0, index=1): {'im_fName': 'cl058.jpg', 'key_correct': 2, 'im_type': 'scene', 'im_familiarity': 'novel'}
2386.9096 	EXP 	str_fixITI: autoDraw = False
2386.9096 	EXP 	im_trialImage: size = array([0.8       , 0.94814815])
2386.9096 	EXP 	im_trialImage: image = 'cl058.jpg'
2386.9096 	EXP 	im_trialImage: autoDraw = True
2387.5362 	DATA 	Keypress: 2
2387.5701 	DATA 	Keypress: 5
2388.3712 	DATA 	Keypress: 5
2388.8839 	EXP 	im_trialImage: autoDraw = False
2388.8839 	EXP 	str_fixITI: autoDraw = True
2389.1778 	DATA 	Keypress: 5
2389.3770 	EXP 	New trial (rep=0, index=2): {'im_fName': 'cl059.jpg', 'key_correct': 1, 'im_type': 'animal', 'im_familiarity': 'novel'}
2389.3942 	EXP 	str_fixITI: autoDraw = False
2389.3942 	EXP 	im_trialImage: size = array([0.8       , 0.94814815])
2389.3942 	EXP 	im_trialImage: image = 'cl059.jpg'
2389.3942 	EXP 	im_trialImage: autoDraw = True
2389.9693 	DATA 	Keypress: 5
2390.0792 	DATA 	Keypress: 1
2390.7693 	DATA 	Keypress: 5
2391.3855 	EXP 	im_trialImage: autoDraw = False
2391.3855 	EXP 	str_fixITI: autoDraw = True
2391.5699 	DATA 	Keypress: 5
2391.8779 	EXP 	New trial (rep=0, index=3): {'im_fName': 'cl060.jpg', 'key_correct': 2, 'im_type': 'scene', 'im_familiarity': 'novel'}
2391.9004 	EXP 	str_fixITI: autoDraw = False
2391.9004 	EXP 	im_trialImage: size = array([0.79375   , 0.93888889])
2391.9004 	EXP 	im_trialImage: image = 'cl060.jpg'
2391.9004 	EXP 	im_trialImage: autoDraw = True
2392.3724 	DATA 	Keypress: 5
2392.6634 	DATA 	Keypress: 2
2393.1684 	DATA 	Keypress: 5
2393.8845 	EXP 	im_trialImage: autoDraw = False
2393.8845 	EXP 	str_fixITI: autoDraw = True
2393.9711 	DATA 	Keypress: 5
2394.3777 	EXP 	New trial (rep=0, index=4): {'im_fName': 'cl061.jpg', 'key_correct': 2, 'im_type': 'scene', 'im_familiarity': 'novel'}
2394.3997 	EXP 	str_fixITI: autoDraw = False
2394.3997 	EXP 	im_trialImage: size = array([0.8       , 0.94814815])
2394.3997 	EXP 	im_trialImage: image = 'cl061.jpg'
2394.3997 	EXP 	im_trialImage: autoDraw = True
2394.7715 	DATA 	Keypress: 5
2395.0435 	DATA 	Keypress: 2
2395.5677 	DATA 	Keypress: 5
2396.3782 	DATA 	Keypress: 5
2396.3906 	EXP 	im_trialImage: autoDraw = False
2396.3906 	EXP 	str_fixITI: autoDraw = True
2396.8824 	EXP 	New trial (rep=0, index=5): {'im_fName': 'cl062.jpg', 'key_correct': 1, 'im_type': 'animal', 'im_familiarity': 'novel'}
2396.8991 	EXP 	str_fixITI: autoDraw = False
2396.8991 	EXP 	im_trialImage: size = array([0.8       , 0.94814815])
2396.8991 	EXP 	im_trialImage: image = 'cl062.jpg'
2396.8991 	EXP 	im_trialImage: autoDraw = True
2397.1696 	DATA 	Keypress: 5
2397.8755 	DATA 	Keypress: 1
2397.9687 	DATA 	Keypress: 5
2398.7688 	DATA 	Keypress: 5
2398.8899 	EXP 	im_trialImage: autoDraw = False
2398.8899 	EXP 	str_fixITI: autoDraw = True
2399.3750 	EXP 	New trial (rep=0, index=6): {'im_fName': 'cl063.jpg', 'key_correct': 1, 'im_type': 'animal', 'im_familiarity': 'novel'}
2399.4020 	EXP 	str_fixITI: autoDraw = False
2399.4020 	EXP 	im_trialImage: size = array([0.79583333, 0.94259259])
2399.4020 	EXP 	im_trialImage: image = 'cl063.jpg'
2399.4020 	EXP 	im_trialImage: autoDraw = True
2399.5768 	DATA 	Keypress: 5
2400.1668 	DATA 	Keypress: 1
2400.3768 	DATA 	Keypress: 5
2401.1768 	DATA 	Keypress: 5
2401.3830 	EXP 	im_trialImage: autoDraw = False
2401.3830 	EXP 	str_fixITI: autoDraw = True
2401.8756 	EXP 	New trial (rep=0, index=7): {'im_fName': 'cl064.jpg', 'key_correct': 1, 'im_type': 'animal', 'im_familiarity': 'novel'}
2401.8975 	EXP 	str_fixITI: autoDraw = False
2401.8975 	EXP 	im_trialImage: size = array([0.79583333, 0.94259259])
2401.8975 	EXP 	im_trialImage: image = 'cl064.jpg'
2401.8975 	EXP 	im_trialImage: autoDraw = True
2401.9680 	DATA 	Keypress: 5
2402.7680 	DATA 	Keypress: 5
2402.7909 	DATA 	Keypress: 1
2403.5680 	DATA 	Keypress: 5
2403.8890 	EXP 	im_trialImage: autoDraw = False
2403.8890 	EXP 	str_fixITI: autoDraw = True
2404.3686 	DATA 	Keypress: 5
2404.3898 	EXP 	str_fixITI: autoDraw = False
2404.3898 	EXP 	str_fixRest: autoDraw = True
2405.1746 	DATA 	Keypress: 5
2405.9736 	DATA 	Keypress: 5
2406.7817 	DATA 	Keypress: 5
2407.5818 	DATA 	Keypress: 5
2408.3738 	DATA 	Keypress: 5
2409.1728 	DATA 	Keypress: 5
2409.9749 	DATA 	Keypress: 5
2410.7739 	DATA 	Keypress: 5
2411.5739 	DATA 	Keypress: 5
2412.3730 	DATA 	Keypress: 5
2413.1741 	DATA 	Keypress: 5
2413.9801 	DATA 	Keypress: 5
2414.7801 	DATA 	Keypress: 5
2415.5741 	DATA 	Keypress: 5
2415.8859 	EXP 	str_bangRest: autoDraw = True
2415.8954 	EXP 	str_fixRest: autoDraw = False
2416.3716 	EXP 	New trial (rep=0, index=8): {'trialOrderFile': 'scan_order9.xlsx'}
2416.3780 	EXP 	Imported scan_order9.xlsx as conditions, 8 conditions, 4 params
2416.3782 	EXP 	Created sequence: sequential, trialTypes=8, nReps=1, seed=None
2416.3785 	EXP 	New trial (rep=0, index=0): {'im_fName': 'cl065.jpg', 'key_correct': 2, 'im_type': 'scene', 'im_familiarity': 'familiar'}
2416.4016 	DATA 	Keypress: 5
2416.4110 	EXP 	str_fixRest: autoDraw = False
2416.4110 	EXP 	str_bangRest: autoDraw = False
2416.4110 	EXP 	im_trialImage: size = array([0.8       , 0.94814815])
2416.4110 	EXP 	im_trialImage: image = 'cl065.jpg'
2416.4110 	EXP 	im_trialImage: autoDraw = True
2417.1727 	DATA 	Keypress: 5
2417.3497 	DATA 	Keypress: 2
2417.9796 	DATA 	Keypress: 5
2418.3870 	EXP 	im_trialImage: autoDraw = False
2418.3870 	EXP 	str_fixITI: autoDraw = True
2418.7733 	DATA 	Keypress: 5
2418.8719 	EXP 	New trial (rep=0, index=1): {'im_fName': 'cl066.jpg', 'key_correct': 1, 'im_type': 'animal', 'im_familiarity': 'familiar'}
2418.8939 	EXP 	str_fixITI: autoDraw = False
2418.8939 	EXP 	im_trialImage: size = array([0.79583333, 0.94259259])
2418.8939 	EXP 	im_trialImage: image = 'cl066.jpg'
2418.8939 	EXP 	im_trialImage: autoDraw = True
2419.4127 	DATA 	Keypress: 1
2419.5792 	DATA 	Keypress: 5
2420.3708 	DATA 	Keypress: 5
2420.8870 	EXP 	im_trialImage: autoDraw = False
2420.8870 	EXP 	str_fixITI: autoDraw = True
2421.1784 	DATA 	Keypress: 5
2421.3767 	EXP 	New trial (rep=0, index=2): {'im_fName': 'cl067.jpg', 'key_correct': 2, 'im_type': 'scene', 'im_familiarity': 'familiar'}
2421.4016 	EXP 	str_fixITI: autoDraw = False
2421.4016 	EXP 	im_trialImage: size = array([0.8       , 0.94814815])
2421.4016 	EXP 	im_trialImage: image = 'cl067.jpg'
2421.4016 	EXP 	im_trialImage: autoDraw = True
2421.8969 	DATA 	Keypress: 2
2421.9739 	DATA 	Keypress: 5
2422.7729 	DATA 	Keypress: 5
2423.3842 	EXP 	im_trialImage: autoDraw = False
2423.3842 	EXP 	str_fixITI: autoDraw = True
2423.5719 	DATA 	Keypress: 5
2423.8772 	EXP 	New trial (rep=0, index=3): {'im_fName': 'cl068.jpg', 'key_correct': 1, 'im_type': 'animal', 'im_familiarity': 'familiar'}
2423.9010 	EXP 	str_fixITI: autoDraw = False
2423.9010 	EXP 	im_trialImage: size = array([0.79583333, 0.94259259])
2423.9010 	EXP 	im_trialImage: image = 'cl068.jpg'
2423.9010 	EXP 	im_trialImage: autoDraw = True
2424.3712 	DATA 	Keypress: 5
2424.4304 	DATA 	Keypress: 1
2425.1712 	DATA 	Keypress: 5
2425.8841 	EXP 	im_trialImage: autoDraw = False
2425.8841 	EXP 	str_fixITI: autoDraw = True
2425.9717 	DATA 	Keypress: 5
2426.3698 	EXP 	New trial (rep=0, index=4): {'im_fName': 'cl069.jpg', 'key_correct': 1, 'im_type': 'animal', 'im_familiarity': 'familiar'}
2426.3918 	EXP 	str_fixITI: autoDraw = False
2426.3918 	EXP 	im_trialImage: size = array([0.79583333, 0.94259259])
2426.3918 	EXP 	im_trialImage: image = 'cl069.jpg'
2426.3918 	EXP 	im_trialImage: autoDraw = True
2426.7721 	DATA 	Keypress: 5
2426.8521 	DATA 	Keypress: 1
2427.5722 	DATA 	Keypress: 5
2428.3766 	DATA 	Keypress: 5
2428.3834 	EXP 	im_trialImage: autoDraw = False
2428.3834 	EXP 	str_fixITI: autoDraw = True
2428.8751 	EXP 	New trial (rep=0, index=5): {'im_fName': 'cl070.jpg', 'key_correct': 2, 'im_type': 'scene', 'im_familiarity': 'familiar'}
2428.9499 	EXP 	str_fixITI: autoDraw = False
2428.9499 	EXP 	im_trialImage: size = array([0.8       , 0.94814815])
2428.9499 	EXP 	im_trialImage: image = 'cl070.jpg'
2428.9499 	EXP 	im_trialImage: autoDraw = True
2429.1772 	DATA 	Keypress: 5
2429.4223 	DATA 	Keypress: 2
2429.9783 	DATA 	Keypress: 5
2430.7783 	DATA 	Keypress: 5
2430.8844 	EXP 	im_trialImage: autoDraw = False
2430.8844 	EXP 	str_fixITI: autoDraw = True
2431.3774 	EXP 	New trial (rep=0, index=6): {'im_fName': 'cl071.jpg', 'key_correct': 2, 'im_type': 'scene', 'im_familiarity': 'familiar'}
2431.4156 	EXP 	str_fixITI: autoDraw = False
2431.4156 	EXP 	im_trialImage: size = array([0.8       , 0.94814815])
2431.4156 	EXP 	im_trialImage: image = 'cl071.jpg'
2431.4156 	EXP 	im_trialImage: autoDraw = True
2431.5763 	DATA 	Keypress: 5
2431.8434 	DATA 	Keypress: 2
2432.3764 	DATA 	Keypress: 5
2433.1774 	DATA 	Keypress: 5
2433.3902 	EXP 	im_trialImage: autoDraw = False
2433.3902 	EXP 	str_fixITI: autoDraw = True
2433.8822 	EXP 	New trial (rep=0, index=7): {'im_fName': 'cl072.jpg', 'key_correct': 1, 'im_type': 'animal', 'im_familiarity': 'familiar'}
2433.9071 	EXP 	str_fixITI: autoDraw = False
2433.9071 	EXP 	im_trialImage: size = array([0.79583333, 0.94259259])
2433.9071 	EXP 	im_trialImage: image = 'cl072.jpg'
2433.9071 	EXP 	im_trialImage: autoDraw = True
2433.9775 	DATA 	Keypress: 5
2434.5775 	DATA 	Keypress: 1
2434.7686 	DATA 	Keypress: 5
2435.5686 	DATA 	Keypress: 5
2435.8909 	EXP 	im_trialImage: autoDraw = False
2435.8909 	EXP 	str_fixITI: autoDraw = True
2436.3762 	DATA 	Keypress: 5
2436.3832 	EXP 	str_fixITI: autoDraw = False
2436.3832 	EXP 	str_fixRest: autoDraw = True
2437.1753 	DATA 	Keypress: 5
2437.9753 	DATA 	Keypress: 5
2438.7743 	DATA 	Keypress: 5
2439.5743 	DATA 	Keypress: 5
2440.3754 	DATA 	Keypress: 5
2441.1774 	DATA 	Keypress: 5
2441.9764 	DATA 	Keypress: 5
2442.7736 	DATA 	Keypress: 5
2443.5736 	DATA 	Keypress: 5
2444.3736 	DATA 	Keypress: 5
2445.1756 	DATA 	Keypress: 5
2445.9726 	DATA 	Keypress: 5
2446.7747 	DATA 	Keypress: 5
2447.5738 	DATA 	Keypress: 5
2447.8784 	EXP 	str_bangRest: autoDraw = True
2447.8879 	EXP 	str_fixRest: autoDraw = False
2448.3738 	EXP 	New trial (rep=0, index=9): {'trialOrderFile': 'scan_order10.xlsx'}
2448.3807 	EXP 	Imported scan_order10.xlsx as conditions, 8 conditions, 4 params
2448.3810 	EXP 	Created sequence: sequential, trialTypes=8, nReps=1, seed=None
2448.3812 	EXP 	New trial (rep=0, index=0): {'im_fName': 'cl073.jpg', 'key_correct': 2, 'im_type': 'scene', 'im_familiarity': 'novel'}
2448.4192 	DATA 	Keypress: 5
2448.4289 	EXP 	str_fixRest: autoDraw = False
2448.4289 	EXP 	str_bangRest: autoDraw = False
2448.4289 	EXP 	im_trialImage: size = array([0.8       , 0.94814815])
2448.4289 	EXP 	im_trialImage: image = 'cl073.jpg'
2448.4289 	EXP 	im_trialImage: autoDraw = True
2449.0050 	DATA 	Keypress: 2
2449.1802 	DATA 	Keypress: 5
2449.9733 	DATA 	Keypress: 5
2450.3806 	EXP 	im_trialImage: autoDraw = False
2450.3806 	EXP 	str_fixITI: autoDraw = True
2450.7719 	DATA 	Keypress: 5
2450.8783 	EXP 	New trial (rep=0, index=1): {'im_fName': 'cl074.jpg', 'key_correct': 2, 'im_type': 'scene', 'im_familiarity': 'novel'}
2450.9030 	EXP 	str_fixITI: autoDraw = False
2450.9030 	EXP 	im_trialImage: size = array([0.79583333, 0.94259259])
2450.9030 	EXP 	im_trialImage: image = 'cl074.jpg'
2450.9030 	EXP 	im_trialImage: autoDraw = True
2451.4503 	DATA 	Keypress: 2
2451.5734 	DATA 	Keypress: 5
2452.3744 	DATA 	Keypress: 5
2452.8866 	EXP 	im_trialImage: autoDraw = False
2452.8866 	EXP 	str_fixITI: autoDraw = True
2453.1730 	DATA 	Keypress: 5
2453.3698 	EXP 	New trial (rep=0, index=2): {'im_fName': 'cl075.jpg', 'key_correct': 1, 'im_type': 'animal', 'im_familiarity': 'novel'}
2453.3873 	EXP 	str_fixITI: autoDraw = False
2453.3873 	EXP 	im_trialImage: size = array([0.79583333, 0.94259259])
2453.3873 	EXP 	im_trialImage: image = 'cl075.jpg'
2453.3873 	EXP 	im_trialImage: autoDraw = True
2453.9794 	DATA 	Keypress: 5
2454.0325 	DATA 	Keypress: 1
2454.7793 	DATA 	Keypress: 5
2455.3860 	EXP 	im_trialImage: autoDraw = False
2455.3860 	EXP 	str_fixITI: autoDraw = True
2455.5721 	DATA 	Keypress: 5
2455.8700 	EXP 	New trial (rep=0, index=3): {'im_fName': 'cl076.jpg', 'key_correct': 1, 'im_type': 'animal', 'im_familiarity': 'novel'}
2455.8884 	EXP 	str_fixITI: autoDraw = False
2455.8884 	EXP 	im_trialImage: size = array([0.79583333, 0.94259259])
2455.8884 	EXP 	im_trialImage: image = 'cl076.jpg'
2455.8884 	EXP 	im_trialImage: autoDraw = True
2456.3726 	DATA 	Keypress: 5
2456.4536 	DATA 	Keypress: 1
2457.1737 	DATA 	Keypress: 5
2457.8845 	EXP 	im_trialImage: autoDraw = False
2457.8845 	EXP 	str_fixITI: autoDraw = True
2457.9713 	DATA 	Keypress: 5
2458.3702 	EXP 	New trial (rep=0, index=4): {'im_fName': 'cl077.jpg', 'key_correct': 2, 'im_type': 'scene', 'im_familiarity': 'novel'}
2458.4018 	EXP 	str_fixITI: autoDraw = False
2458.4018 	EXP 	im_trialImage: size = array([0.8       , 0.94814815])
2458.4018 	EXP 	im_trialImage: image = 'cl077.jpg'
2458.4018 	EXP 	im_trialImage: autoDraw = True
2458.7736 	DATA 	Keypress: 5
2458.8737 	DATA 	Keypress: 2
2459.5717 	DATA 	Keypress: 5
2460.3708 	DATA 	Keypress: 5
2460.3923 	EXP 	im_trialImage: autoDraw = False
2460.3923 	EXP 	str_fixITI: autoDraw = True
2460.8769 	EXP 	New trial (rep=0, index=5): {'im_fName': 'cl078.jpg', 'key_correct': 1, 'im_type': 'animal', 'im_familiarity': 'novel'}
2460.9008 	EXP 	str_fixITI: autoDraw = False
2460.9008 	EXP 	im_trialImage: size = array([0.79583333, 0.94259259])
2460.9008 	EXP 	im_trialImage: image = 'cl078.jpg'
2460.9008 	EXP 	im_trialImage: autoDraw = True
2461.1708 	DATA 	Keypress: 5
2461.4959 	DATA 	Keypress: 1
2461.9729 	DATA 	Keypress: 5
2462.7719 	DATA 	Keypress: 5
2462.8833 	EXP 	im_trialImage: autoDraw = False
2462.8833 	EXP 	str_fixITI: autoDraw = True
2463.3697 	EXP 	New trial (rep=0, index=6): {'im_fName': 'cl079.jpg', 'key_correct': 1, 'im_type': 'animal', 'im_familiarity': 'novel'}
2463.3916 	EXP 	str_fixITI: autoDraw = False
2463.3916 	EXP 	im_trialImage: size = array([0.79583333, 0.94259259])
2463.3916 	EXP 	im_trialImage: image = 'cl079.jpg'
2463.3916 	EXP 	im_trialImage: autoDraw = True
2463.5770 	DATA 	Keypress: 5
2464.0300 	DATA 	Keypress: 1
2464.3690 	DATA 	Keypress: 5
2465.1780 	DATA 	Keypress: 5
2465.3842 	EXP 	im_trialImage: autoDraw = False
2465.3842 	EXP 	str_fixITI: autoDraw = True
2465.8758 	EXP 	New trial (rep=0, index=7): {'im_fName': 'cl080.jpg', 'key_correct': 2, 'im_type': 'scene', 'im_familiarity': 'novel'}
2465.8939 	EXP 	str_fixITI: autoDraw = False
2465.8939 	EXP 	im_trialImage: size = array([0.79583333, 0.94259259])
2465.8939 	EXP 	im_trialImage: image = 'cl080.jpg'
2465.8939 	EXP 	im_trialImage: autoDraw = True
2465.9770 	DATA 	Keypress: 5
2466.3861 	DATA 	Keypress: 2
2466.7684 	DATA 	Keypress: 5
2467.5682 	DATA 	Keypress: 5
2467.8843 	EXP 	im_trialImage: autoDraw = False
2467.8843 	EXP 	str_fixITI: autoDraw = True
2468.3757 	DATA 	Keypress: 5
2468.3824 	EXP 	str_fixITI: autoDraw = False
2468.3824 	EXP 	str_fixRest: autoDraw = True
2469.1699 	DATA 	Keypress: 5
2469.9699 	DATA 	Keypress: 5
2470.7779 	DATA 	Keypress: 5
2471.5781 	DATA 	Keypress: 5
2472.3770 	DATA 	Keypress: 5
2473.1761 	DATA 	Keypress: 5
2473.9760 	DATA 	Keypress: 5
2474.7771 	DATA 	Keypress: 5
2475.5761 	DATA 	Keypress: 5
2476.3783 	DATA 	Keypress: 5
2477.1821 	DATA 	Keypress: 5
2477.9763 	DATA 	Keypress: 5
2478.7732 	DATA 	Keypress: 5
2479.5733 	DATA 	Keypress: 5
2479.8710 	EXP 	str_bangRest: autoDraw = True
2479.8886 	EXP 	str_fixRest: autoDraw = False
2480.3647 	EXP 	New trial (rep=0, index=10): {'trialOrderFile': 'scan_order11.xlsx'}
2480.3714 	EXP 	Imported scan_order11.xlsx as conditions, 8 conditions, 4 params
2480.3717 	EXP 	Created sequence: sequential, trialTypes=8, nReps=1, seed=None
2480.3719 	EXP 	New trial (rep=0, index=0): {'im_fName': 'cl081.jpg', 'key_correct': 1, 'im_type': 'animal', 'im_familiarity': 'familiar'}
2480.3808 	DATA 	Keypress: 5
2480.3889 	EXP 	str_bangRest: autoDraw = False
2480.3889 	EXP 	str_fixRest: autoDraw = False
2480.3889 	EXP 	str_bangRest: autoDraw = False
2480.3889 	EXP 	im_trialImage: size = array([0.79583333, 0.94259259])
2480.3889 	EXP 	im_trialImage: image = 'cl081.jpg'
2480.3889 	EXP 	im_trialImage: autoDraw = True
2480.9578 	DATA 	Keypress: 1
2481.1819 	DATA 	Keypress: 5
2481.9749 	DATA 	Keypress: 5
2482.3871 	EXP 	im_trialImage: autoDraw = False
2482.3871 	EXP 	str_fixITI: autoDraw = True
2482.7724 	DATA 	Keypress: 5
2482.8709 	EXP 	New trial (rep=0, index=1): {'im_fName': 'cl082.jpg', 'key_correct': 1, 'im_type': 'animal', 'im_familiarity': 'familiar'}
2482.8880 	EXP 	str_fixITI: autoDraw = False
2482.8880 	EXP 	im_trialImage: size = array([0.79583333, 0.94259259])
2482.8880 	EXP 	im_trialImage: image = 'cl082.jpg'
2482.8880 	EXP 	im_trialImage: autoDraw = True
2483.4159 	DATA 	Keypress: 1
2483.5740 	DATA 	Keypress: 5
2484.3740 	DATA 	Keypress: 5
2484.8866 	EXP 	im_trialImage: autoDraw = False
2484.8866 	EXP 	str_fixITI: autoDraw = True
2485.1726 	DATA 	Keypress: 5
2485.3728 	EXP 	New trial (rep=0, index=2): {'im_fName': 'cl083.jpg', 'key_correct': 2, 'im_type': 'scene', 'im_familiarity': 'familiar'}
2485.4117 	EXP 	str_fixITI: autoDraw = False
2485.4117 	EXP 	im_trialImage: size = array([0.8       , 0.94814815])
2485.4117 	EXP 	im_trialImage: image = 'cl083.jpg'
2485.4117 	EXP 	im_trialImage: autoDraw = True
2485.9491 	DATA 	Keypress: 2
2485.9741 	DATA 	Keypress: 5
2486.7751 	DATA 	Keypress: 5
2487.3859 	EXP 	im_trialImage: autoDraw = False
2487.3859 	EXP 	str_fixITI: autoDraw = True
2487.5796 	DATA 	Keypress: 5
2487.8716 	EXP 	New trial (rep=0, index=3): {'im_fName': 'cl084.jpg', 'key_correct': 1, 'im_type': 'animal', 'im_familiarity': 'familiar'}
2487.8945 	EXP 	str_fixITI: autoDraw = False
2487.8945 	EXP 	im_trialImage: size = array([0.79583333, 0.94259259])
2487.8945 	EXP 	im_trialImage: image = 'cl084.jpg'
2487.8945 	EXP 	im_trialImage: autoDraw = True
2488.3712 	DATA 	Keypress: 5
2488.4382 	DATA 	Keypress: 1
2489.1712 	DATA 	Keypress: 5
2489.8853 	EXP 	im_trialImage: autoDraw = False
2489.8853 	EXP 	str_fixITI: autoDraw = True
2489.9729 	DATA 	Keypress: 5
2490.3715 	EXP 	New trial (rep=0, index=4): {'im_fName': 'cl085.jpg', 'key_correct': 1, 'im_type': 'animal', 'im_familiarity': 'familiar'}
2490.3891 	EXP 	str_fixITI: autoDraw = False
2490.3891 	EXP 	im_trialImage: size = array([0.79583333, 0.94259259])
2490.3891 	EXP 	im_trialImage: image = 'cl085.jpg'
2490.3891 	EXP 	im_trialImage: autoDraw = True
2490.7704 	DATA 	Keypress: 5
2490.8904 	DATA 	Keypress: 1
2491.5704 	DATA 	Keypress: 5
2492.3704 	DATA 	Keypress: 5
2492.3876 	EXP 	im_trialImage: autoDraw = False
2492.3876 	EXP 	str_fixITI: autoDraw = True
2492.8768 	EXP 	New trial (rep=0, index=5): {'im_fName': 'cl086.jpg', 'key_correct': 2, 'im_type': 'scene', 'im_familiarity': 'familiar'}
2492.9022 	EXP 	str_fixITI: autoDraw = False
2492.9022 	EXP 	im_trialImage: size = array([0.8       , 0.94814815])
2492.9022 	EXP 	im_trialImage: image = 'cl086.jpg'
2492.9022 	EXP 	im_trialImage: autoDraw = True
2493.1714 	DATA 	Keypress: 5
2493.3814 	DATA 	Keypress: 2
2493.9715 	DATA 	Keypress: 5
2494.7735 	DATA 	Keypress: 5
2494.8842 	EXP 	im_trialImage: autoDraw = False
2494.8842 	EXP 	str_fixITI: autoDraw = True
2495.3703 	EXP 	New trial (rep=0, index=6): {'im_fName': 'cl087.jpg', 'key_correct': 2, 'im_type': 'scene', 'im_familiarity': 'familiar'}
2495.3875 	EXP 	str_fixITI: autoDraw = False
2495.3875 	EXP 	im_trialImage: size = array([0.8       , 0.94814815])
2495.3875 	EXP 	im_trialImage: image = 'cl087.jpg'
2495.3875 	EXP 	im_trialImage: autoDraw = True
2495.5695 	DATA 	Keypress: 5
2495.8376 	DATA 	Keypress: 2
2496.3726 	DATA 	Keypress: 5
2497.1727 	DATA 	Keypress: 5
2497.3836 	EXP 	im_trialImage: autoDraw = False
2497.3836 	EXP 	str_fixITI: autoDraw = True
2497.8756 	EXP 	New trial (rep=0, index=7): {'im_fName': 'cl088.jpg', 'key_correct': 2, 'im_type': 'scene', 'im_familiarity': 'familiar'}
2497.9270 	EXP 	str_fixITI: autoDraw = False
2497.9270 	EXP 	im_trialImage: size = array([0.8       , 0.94814815])
2497.9270 	EXP 	im_trialImage: image = 'cl088.jpg'
2497.9270 	EXP 	im_trialImage: autoDraw = True
2497.9777 	DATA 	Keypress: 5
2498.4307 	DATA 	Keypress: 2
2498.7777 	DATA 	Keypress: 5
2499.5708 	DATA 	Keypress: 5
2499.8841 	EXP 	im_trialImage: autoDraw = False
2499.8841 	EXP 	str_fixITI: autoDraw = True
2500.3782 	DATA 	Keypress: 5
2500.3857 	EXP 	str_fixITI: autoDraw = False
2500.3857 	EXP 	str_fixRest: autoDraw = True
2501.1695 	DATA 	Keypress: 5
2501.9696 	DATA 	Keypress: 5
2502.7703 	DATA 	Keypress: 5
2503.5696 	DATA 	Keypress: 5
2504.3697 	DATA 	Keypress: 5
2505.1777 	DATA 	Keypress: 5
2505.9777 	DATA 	Keypress: 5
2506.7777 	DATA 	Keypress: 5
2507.5758 	DATA 	Keypress: 5
2508.3748 	DATA 	Keypress: 5
2509.1768 	DATA 	Keypress: 5
2509.9696 	DATA 	Keypress: 5
2510.7750 	DATA 	Keypress: 5
2511.5770 	DATA 	Keypress: 5
2511.8745 	EXP 	str_bangRest: autoDraw = True
2511.8977 	EXP 	str_fixRest: autoDraw = False
2512.3724 	EXP 	New trial (rep=0, index=11): {'trialOrderFile': 'scan_order12.xlsx'}
2512.3789 	EXP 	Imported scan_order12.xlsx as conditions, 8 conditions, 4 params
2512.3792 	EXP 	Created sequence: sequential, trialTypes=8, nReps=1, seed=None
2512.3794 	EXP 	New trial (rep=0, index=0): {'im_fName': 'cl089.jpg', 'key_correct': 2, 'im_type': 'scene', 'im_familiarity': 'novel'}
2512.4024 	DATA 	Keypress: 5
2512.4137 	EXP 	str_fixRest: autoDraw = False
2512.4137 	EXP 	str_bangRest: autoDraw = False
2512.4137 	EXP 	im_trialImage: size = array([0.79583333, 0.94259259])
2512.4137 	EXP 	im_trialImage: image = 'cl089.jpg'
2512.4137 	EXP 	im_trialImage: autoDraw = True
2513.0244 	DATA 	Keypress: 2
2513.1775 	DATA 	Keypress: 5
2513.9775 	DATA 	Keypress: 5
2514.3880 	EXP 	im_trialImage: autoDraw = False
2514.3880 	EXP 	str_fixITI: autoDraw = True
2514.7741 	DATA 	Keypress: 5
2514.8730 	EXP 	New trial (rep=0, index=1): {'im_fName': 'cl090.jpg', 'key_correct': 1, 'im_type': 'animal', 'im_familiarity': 'novel'}
2514.8904 	EXP 	str_fixITI: autoDraw = False
2514.8904 	EXP 	im_trialImage: size = array([0.79583333, 0.94259259])
2514.8904 	EXP 	im_trialImage: image = 'cl090.jpg'
2514.8904 	EXP 	im_trialImage: autoDraw = True
2515.4836 	DATA 	Keypress: 1
2515.5736 	DATA 	Keypress: 5
2516.3746 	DATA 	Keypress: 5
2516.8808 	EXP 	im_trialImage: autoDraw = False
2516.8808 	EXP 	str_fixITI: autoDraw = True
2517.1813 	DATA 	Keypress: 5
2517.3795 	EXP 	New trial (rep=0, index=2): {'im_fName': 'cl091.jpg', 'key_correct': 1, 'im_type': 'animal', 'im_familiarity': 'novel'}
2517.3985 	EXP 	str_fixITI: autoDraw = False
2517.3985 	EXP 	im_trialImage: size = array([0.79583333, 0.94259259])
2517.3985 	EXP 	im_trialImage: image = 'cl091.jpg'
2517.3985 	EXP 	im_trialImage: autoDraw = True
2517.8417 	DATA 	Keypress: 1
2517.9757 	DATA 	Keypress: 5
2518.7757 	DATA 	Keypress: 5
2519.3788 	EXP 	im_trialImage: autoDraw = False
2519.3788 	EXP 	str_fixITI: autoDraw = True
2519.5743 	DATA 	Keypress: 5
2519.8705 	EXP 	New trial (rep=0, index=3): {'im_fName': 'cl092.jpg', 'key_correct': 1, 'im_type': 'animal', 'im_familiarity': 'novel'}
2519.8874 	EXP 	str_fixITI: autoDraw = False
2519.8874 	EXP 	im_trialImage: size = array([0.79583333, 0.94259259])
2519.8874 	EXP 	im_trialImage: image = 'cl092.jpg'
2519.8874 	EXP 	im_trialImage: autoDraw = True
2520.3808 	DATA 	Keypress: 5
2520.3918 	DATA 	Keypress: 1
2521.1739 	DATA 	Keypress: 5
2521.8801 	EXP 	im_trialImage: autoDraw = False
2521.8801 	EXP 	str_fixITI: autoDraw = True
2521.9725 	DATA 	Keypress: 5
2522.3734 	EXP 	New trial (rep=0, index=4): {'im_fName': 'cl093.jpg', 'key_correct': 1, 'im_type': 'animal', 'im_familiarity': 'novel'}
2522.3945 	EXP 	str_fixITI: autoDraw = False
2522.3945 	EXP 	im_trialImage: size = array([0.79583333, 0.94259259])
2522.3945 	EXP 	im_trialImage: image = 'cl093.jpg'
2522.3945 	EXP 	im_trialImage: autoDraw = True
2522.7749 	DATA 	Keypress: 5
2522.9990 	DATA 	Keypress: 1
2523.5797 	DATA 	Keypress: 5
2524.3794 	DATA 	Keypress: 5
2524.3862 	EXP 	im_trialImage: autoDraw = False
2524.3862 	EXP 	str_fixITI: autoDraw = True
2524.8704 	EXP 	New trial (rep=0, index=5): {'im_fName': 'cl094.jpg', 'key_correct': 2, 'im_type': 'scene', 'im_familiarity': 'novel'}
2524.8951 	EXP 	str_fixITI: autoDraw = False
2524.8951 	EXP 	im_trialImage: size = array([0.8       , 0.94814815])
2524.8951 	EXP 	im_trialImage: image = 'cl094.jpg'
2524.8951 	EXP 	im_trialImage: autoDraw = True
2525.1730 	DATA 	Keypress: 5
2525.3831 	DATA 	Keypress: 2
2525.9791 	DATA 	Keypress: 5
2526.7791 	DATA 	Keypress: 5
2526.8862 	EXP 	im_trialImage: autoDraw = False
2526.8862 	EXP 	str_fixITI: autoDraw = True
2527.3771 	EXP 	New trial (rep=0, index=6): {'im_fName': 'cl095.jpg', 'key_correct': 2, 'im_type': 'scene', 'im_familiarity': 'novel'}
2527.3941 	EXP 	str_fixITI: autoDraw = False
2527.3941 	EXP 	im_trialImage: size = array([0.8       , 0.94814815])
2527.3941 	EXP 	im_trialImage: image = 'cl095.jpg'
2527.3941 	EXP 	im_trialImage: autoDraw = True
2527.5791 	DATA 	Keypress: 5
2527.9042 	DATA 	Keypress: 2
2528.3702 	DATA 	Keypress: 5
2529.1704 	DATA 	Keypress: 5
2529.3864 	EXP 	im_trialImage: autoDraw = False
2529.3864 	EXP 	str_fixITI: autoDraw = True
2529.8776 	EXP 	New trial (rep=0, index=7): {'im_fName': 'cl096.jpg', 'key_correct': 2, 'im_type': 'scene', 'im_familiarity': 'novel'}
2529.8961 	EXP 	str_fixITI: autoDraw = False
2529.8961 	EXP 	im_trialImage: size = array([0.8       , 0.94814815])
2529.8961 	EXP 	im_trialImage: image = 'cl096.jpg'
2529.8961 	EXP 	im_trialImage: autoDraw = True
2529.9703 	DATA 	Keypress: 5
2530.3563 	DATA 	Keypress: 2
2530.7733 	DATA 	Keypress: 5
2531.5734 	DATA 	Keypress: 5
2531.8856 	EXP 	im_trialImage: autoDraw = False
2531.8856 	EXP 	str_fixITI: autoDraw = True
2532.3728 	DATA 	Keypress: 5
2532.3838 	EXP 	str_fixITI: autoDraw = False
2532.3838 	EXP 	str_fixRest: autoDraw = True
2533.1721 	DATA 	Keypress: 5
2533.9710 	DATA 	Keypress: 5
2534.7770 	DATA 	Keypress: 5
2535.5760 	DATA 	Keypress: 5
2536.3711 	DATA 	Keypress: 5
2537.1761 	DATA 	Keypress: 5
2537.9783 	DATA 	Keypress: 5
2538.7783 	DATA 	Keypress: 5
2539.5774 	DATA 	Keypress: 5
2540.3784 	DATA 	Keypress: 5
2541.1785 	DATA 	Keypress: 5
2541.9755 	DATA 	Keypress: 5
2542.7835 	DATA 	Keypress: 5
2543.5776 	DATA 	Keypress: 5
2543.8675 	EXP 	str_bangRest: autoDraw = True
2543.8897 	EXP 	str_fixRest: autoDraw = False
2544.3699 	DATA 	Keypress: 5
2544.3810 	EXP 	str_bangRest: autoDraw = False
2544.3810 	EXP 	str_fixRest: autoDraw = False
2544.3810 	EXP 	str_bangRest: autoDraw = False
2544.3810 	EXP 	str_end: autoDraw = True
2547.9911 	DATA 	Keypress: space
2547.9980 	EXP 	str_end: autoDraw = False
2548.1177 	EXP 	window1: mouseVisible = True
