1.0950 	WARNING 	We strongly recommend you activate the PTB sound engine in PsychoPy prefs as the preferred audio engine. Its timing is vastly superior. Your prefs are currently set to use ['sounddevice', 'PTB', 'pyo', 'pygame'] (in that order).
2070.3461 	EXP 	Created window1 = Window(allowGUI=False, allowStencil=False, autoLog=True, backendConf=UNKNOWN, bitsMode=UNKNOWN, blendMode='avg', bpc=(8, 8, 8), color=array([0, 0, 0]), colorSpace='rgb', depthBits=8, fullscr=<method-wrapper '__getattribute__' of attributeSetter object at 0x0000000013E05F98>, gamma=None, gammaErrorPolicy='raise', lms=UNKNOWN, monitor=<psychopy.monitors.calibTools.Monitor object at 0x0000000013E24630>, multiSample=False, name='window1', numSamples=2, pos=[0.0, 0.0], screen=0, size=array([1920, 1080]), stencilBits=0, stereo=False, units='norm', useFBO=True, useRetina=False, viewOri=0.0, viewPos=None, viewScale=None, waitBlanking=True, winType='pyglet')
2070.3463 	EXP 	window1: mouseVisible = True
2070.3463 	EXP 	window1: recordFrameIntervals = False
2070.4283 	EXP 	window1: recordFrameIntervals = True
2070.5202 	EXP 	window1: recordFrameIntervals = False
2071.4158 	EXP 	Created txt_checkLeft = TextStim(__class__=<class 'psychopy.visual.text.TextStim'>, alignHoriz=method-wrapper(...), alignText='center', alignVert=method-wrapper(...), anchorHoriz='center', anchorVert='center', antialias=True, autoLog=True, bold=False, color=array([1, 1, 1]), colorSpace='rgb', contrast=1.0, depth=0.0, flipHoriz=False, flipVert=False, font='Courier New', fontFiles=[], height=0.1, italic=False, languageStyle='LTR', name='txt_checkLeft', opacity=1, ori=0, pos=array([0., 0.]), rgb=UNKNOWN, text=str(...), units='norm', win=Window(...), wrapWidth=30)
2071.4159 	EXP 	window1: mouseVisible = False
2071.4246 	EXP 	Created txt_checkRight = TextStim(__class__=<class 'psychopy.visual.text.TextStim'>, alignHoriz=method-wrapper(...), alignText='center', alignVert=method-wrapper(...), anchorHoriz='center', anchorVert='center', antialias=True, autoLog=True, bold=False, color=array([1, 1, 1]), colorSpace='rgb', contrast=1.0, depth=0.0, flipHoriz=False, flipVert=False, font='Courier New', fontFiles=[], height=0.1, italic=False, languageStyle='LTR', name='txt_checkRight', opacity=1, ori=0, pos=array([0., 0.]), rgb=UNKNOWN, text=str(...), units='norm', win=Window(...), wrapWidth=30)
2071.4385 	EXP 	Created str_keyInst = TextStim(__class__=<class 'psychopy.visual.text.TextStim'>, alignHoriz=method-wrapper(...), alignText='center', alignVert=method-wrapper(...), anchorHoriz='center', anchorVert='center', antialias=True, autoLog=True, bold=False, color=array([1, 1, 1]), colorSpace='rgb', contrast=1.0, depth=0.0, flipHoriz=False, flipVert=False, font='Courier New', fontFiles=[], height=0.1, italic=False, languageStyle='LTR', name='str_keyInst', opacity=1, ori=0, pos=array([0., 0.]), rgb=UNKNOWN, text=str(...), units='norm', win=Window(...), wrapWidth=30)
2071.4438 	EXP 	Created str_waitScanner = TextStim(__class__=<class 'psychopy.visual.text.TextStim'>, alignHoriz=method-wrapper(...), alignText='center', alignVert=method-wrapper(...), anchorHoriz='center', anchorVert='center', antialias=True, autoLog=True, bold=False, color=array([1, 1, 1]), colorSpace='rgb', contrast=1.0, depth=-1.0, flipHoriz=False, flipVert=False, font='Courier New', fontFiles=[], height=0.1, italic=False, languageStyle='LTR', name='str_waitScanner', opacity=1, ori=0, pos=array([0., 0.]), rgb=UNKNOWN, text='Waiting for scanner...', units='norm', win=Window(...), wrapWidth=1)
2071.4478 	EXP 	Created str_fixRest = TextStim(__class__=<class 'psychopy.visual.text.TextStim'>, alignHoriz=method-wrapper(...), alignText='center', alignVert=method-wrapper(...), anchorHoriz='center', anchorVert='center', antialias=True, autoLog=True, bold=False, color=array([1, 1, 1]), colorSpace='rgb', contrast=1.0, depth=0.0, flipHoriz=False, flipVert=False, font='Courier New', fontFiles=[], height=0.225, italic=False, languageStyle='LTR', name='str_fixRest', opacity=1, ori=0, pos=array([0., 0.]), rgb=UNKNOWN, text='+', units='norm', win=Window(...), wrapWidth=1)
2071.4500 	EXP 	Created str_bangRest = TextStim(__class__=<class 'psychopy.visual.text.TextStim'>, alignHoriz=method-wrapper(...), alignText='center', alignVert=method-wrapper(...), anchorHoriz='center', anchorVert='center', antialias=True, autoLog=True, bold=False, color=array([1, 1, 1]), colorSpace='rgb', contrast=1.0, depth=-1.0, flipHoriz=False, flipVert=False, font='Courier New', fontFiles=[], height=0.225, italic=False, languageStyle='LTR', name='str_bangRest', opacity=1, ori=0, pos=array([0., 0.]), rgb=UNKNOWN, text='!', units='norm', win=Window(...), wrapWidth=1)
2071.4554 	EXP 	Created im_trialImage = ImageStim(__class__=<class 'psychopy.visual.image.ImageStim'>, autoLog=True, color=array([1, 1, 1]), colorSpace='rgb', contrast=1.0, depth=-1.0, flipHoriz=False, flipVert=False, image='sin', interpolate=True, mask=None, maskParams=None, name='im_trialImage', opacity=1, ori=0.0, pos=array([0., 0.]), size=array([0.5, 0.5]), texRes=128, units='norm', win=Window(...))
2071.4570 	EXP 	Created str_fixITI = TextStim(__class__=<class 'psychopy.visual.text.TextStim'>, alignHoriz=method-wrapper(...), alignText='center', alignVert=method-wrapper(...), anchorHoriz='center', anchorVert='center', antialias=True, autoLog=True, bold=False, color=array([1, 1, 1]), colorSpace='rgb', contrast=1.0, depth=0.0, flipHoriz=False, flipVert=False, font='Courier New', fontFiles=[], height=0.225, italic=False, languageStyle='LTR', name='str_fixITI', opacity=1, ori=0, pos=array([0., 0.]), rgb=UNKNOWN, text='+', units='norm', win=Window(...), wrapWidth=1)
2071.4584 	EXP 	Created str_fixRest = TextStim(__class__=<class 'psychopy.visual.text.TextStim'>, alignHoriz=method-wrapper(...), alignText='center', alignVert=method-wrapper(...), anchorHoriz='center', anchorVert='center', antialias=True, autoLog=True, bold=False, color=array([1, 1, 1]), colorSpace='rgb', contrast=1.0, depth=0.0, flipHoriz=False, flipVert=False, font='Courier New', fontFiles=[], height=0.225, italic=False, languageStyle='LTR', name='str_fixRest', opacity=1, ori=0, pos=array([0., 0.]), rgb=UNKNOWN, text='+', units='norm', win=Window(...), wrapWidth=1)
2071.4599 	EXP 	Created str_bangRest = TextStim(__class__=<class 'psychopy.visual.text.TextStim'>, alignHoriz=method-wrapper(...), alignText='center', alignVert=method-wrapper(...), anchorHoriz='center', anchorVert='center', antialias=True, autoLog=True, bold=False, color=array([1, 1, 1]), colorSpace='rgb', contrast=1.0, depth=-1.0, flipHoriz=False, flipVert=False, font='Courier New', fontFiles=[], height=0.225, italic=False, languageStyle='LTR', name='str_bangRest', opacity=1, ori=0, pos=array([0., 0.]), rgb=UNKNOWN, text='!', units='norm', win=Window(...), wrapWidth=1)
2071.4668 	EXP 	Created str_end = TextStim(__class__=<class 'psychopy.visual.text.TextStim'>, alignHoriz=method-wrapper(...), alignText='center', alignVert=method-wrapper(...), anchorHoriz='center', anchorVert='center', antialias=True, autoLog=True, bold=False, color=array([1, 1, 1]), colorSpace='rgb', contrast=1.0, depth=0.0, flipHoriz=False, flipVert=False, font='Courier New', fontFiles=[], height=0.1, italic=False, languageStyle='LTR', name='str_end', opacity=1, ori=0, pos=array([0., 0.]), rgb=UNKNOWN, text=str(...), units='norm', win=Window(...), wrapWidth=30)
2071.4969 	EXP 	txt_checkLeft: autoDraw = True
2089.5614 	DATA 	Keypress: 1
2089.5685 	EXP 	txt_checkLeft: autoDraw = False
2089.5685 	EXP 	txt_checkRight: autoDraw = True
2094.4177 	DATA 	Keypress: 2
2094.4392 	EXP 	txt_checkRight: autoDraw = False
2094.4392 	EXP 	str_keyInst: autoDraw = True
2099.0240 	EXP 	Created sequence: sequential, trialTypes=1, nReps=5, seed=None
2099.0242 	EXP 	New trial (rep=0, index=0): None
2099.0257 	DATA 	Keypress: 1
2099.0337 	EXP 	str_keyInst: autoDraw = False
2099.0337 	EXP 	str_waitScanner: autoDraw = True
2112.7245 	DATA 	Keypress: 5
2112.7368 	EXP 	New trial (rep=1, index=0): None
2112.7453 	EXP 	str_waitScanner: autoDraw = False
2112.7453 	EXP 	str_waitScanner: autoDraw = True
2113.5307 	EXP 	New trial (rep=2, index=0): None
2113.5325 	DATA 	Keypress: 5
2113.5430 	EXP 	str_waitScanner: autoDraw = False
2113.5430 	EXP 	str_waitScanner: autoDraw = True
2114.3289 	EXP 	New trial (rep=3, index=0): None
2114.3305 	DATA 	Keypress: 5
2114.3375 	EXP 	str_waitScanner: autoDraw = False
2114.3375 	EXP 	str_waitScanner: autoDraw = True
2115.1279 	EXP 	New trial (rep=4, index=0): None
2115.1295 	DATA 	Keypress: 5
2115.1365 	EXP 	str_waitScanner: autoDraw = False
2115.1365 	EXP 	str_waitScanner: autoDraw = True
2115.9317 	DATA 	Keypress: 5
2115.9425 	EXP 	str_waitScanner: autoDraw = False
2115.9425 	EXP 	str_fixRest: autoDraw = True
2116.7305 	DATA 	Keypress: 5
2117.5305 	DATA 	Keypress: 5
2118.3297 	DATA 	Keypress: 5
2119.1296 	DATA 	Keypress: 5
2119.9297 	DATA 	Keypress: 5
2120.7267 	DATA 	Keypress: 5
2121.5298 	DATA 	Keypress: 5
2122.3289 	DATA 	Keypress: 5
2123.1338 	DATA 	Keypress: 5
2123.9289 	DATA 	Keypress: 5
2124.7259 	DATA 	Keypress: 5
2125.5339 	DATA 	Keypress: 5
2126.3270 	DATA 	Keypress: 5
2127.1261 	DATA 	Keypress: 5
2127.4262 	EXP 	str_bangRest: autoDraw = True
2127.4493 	EXP 	str_fixRest: autoDraw = False
2127.9248 	EXP 	Imported chooseTrialOrderFile.xlsx as conditions, 12 conditions, 1 params
2127.9251 	EXP 	Created sequence: sequential, trialTypes=12, nReps=1, seed=None
2127.9253 	EXP 	New trial (rep=0, index=0): {'trialOrderFile': 'scan_order1.xlsx'}
2127.9308 	EXP 	Imported scan_order1.xlsx as conditions, 8 conditions, 4 params
2127.9310 	EXP 	Created sequence: sequential, trialTypes=8, nReps=1, seed=None
2127.9312 	EXP 	New trial (rep=0, index=0): {'im_fName': 'cl001.jpg', 'key_correct': 2, 'im_type': 'scene', 'im_familiarity': 'familiar'}
2127.9751 	DATA 	Keypress: 5
2127.9833 	EXP 	str_bangRest: autoDraw = False
2127.9833 	EXP 	str_fixRest: autoDraw = False
2127.9833 	EXP 	str_bangRest: autoDraw = False
2127.9833 	EXP 	im_trialImage: size = array([0.8       , 0.94814815])
2127.9833 	EXP 	im_trialImage: image = 'cl001.jpg'
2127.9833 	EXP 	im_trialImage: autoDraw = True
2128.7336 	DATA 	Keypress: 5
2129.5337 	DATA 	Keypress: 5
2129.8337 	DATA 	Keypress: 2
2129.9413 	EXP 	im_trialImage: autoDraw = False
2129.9413 	EXP 	str_fixITI: autoDraw = True
2130.3262 	DATA 	Keypress: 5
2130.4344 	EXP 	New trial (rep=0, index=1): {'im_fName': 'cl002.jpg', 'key_correct': 1, 'im_type': 'animal', 'im_familiarity': 'familiar'}
2130.4588 	EXP 	str_fixITI: autoDraw = False
2130.4588 	EXP 	im_trialImage: size = array([0.79583333, 0.94259259])
2130.4588 	EXP 	im_trialImage: image = 'cl002.jpg'
2130.4588 	EXP 	im_trialImage: autoDraw = True
2131.1278 	DATA 	Keypress: 5
2131.7848 	DATA 	Keypress: 1
2131.9279 	DATA 	Keypress: 5
2132.4481 	EXP 	im_trialImage: autoDraw = False
2132.4481 	EXP 	str_fixITI: autoDraw = True
2132.7323 	DATA 	Keypress: 5
2132.9314 	EXP 	New trial (rep=0, index=2): {'im_fName': 'cl003.jpg', 'key_correct': 2, 'im_type': 'scene', 'im_familiarity': 'familiar'}
2132.9557 	EXP 	str_fixITI: autoDraw = False
2132.9557 	EXP 	im_trialImage: size = array([0.8       , 0.94814815])
2132.9557 	EXP 	im_trialImage: image = 'cl003.jpg'
2132.9557 	EXP 	im_trialImage: autoDraw = True
2133.5258 	DATA 	Keypress: 5
2134.0159 	DATA 	Keypress: 2
2134.3259 	DATA 	Keypress: 5
2134.9470 	EXP 	im_trialImage: autoDraw = False
2134.9470 	EXP 	str_fixITI: autoDraw = True
2135.1254 	DATA 	Keypress: 5
2135.4336 	EXP 	New trial (rep=0, index=3): {'im_fName': 'cl004.jpg', 'key_correct': 1, 'im_type': 'animal', 'im_familiarity': 'familiar'}
2135.4570 	EXP 	str_fixITI: autoDraw = False
2135.4570 	EXP 	im_trialImage: size = array([0.79583333, 0.94259259])
2135.4570 	EXP 	im_trialImage: image = 'cl004.jpg'
2135.4570 	EXP 	im_trialImage: autoDraw = True
2135.9241 	DATA 	Keypress: 5
2136.4151 	DATA 	Keypress: 1
2136.7339 	DATA 	Keypress: 5
2137.4459 	EXP 	im_trialImage: autoDraw = False
2137.4459 	EXP 	str_fixITI: autoDraw = True
2137.5237 	DATA 	Keypress: 5
2137.9379 	EXP 	New trial (rep=0, index=4): {'im_fName': 'cl005.jpg', 'key_correct': 2, 'im_type': 'scene', 'im_familiarity': 'familiar'}
2137.9797 	EXP 	str_fixITI: autoDraw = False
2137.9797 	EXP 	im_trialImage: size = array([0.8       , 0.94814815])
2137.9797 	EXP 	im_trialImage: image = 'cl005.jpg'
2137.9797 	EXP 	im_trialImage: autoDraw = True
2138.3251 	DATA 	Keypress: 5
2138.9931 	DATA 	Keypress: 2
2139.1311 	DATA 	Keypress: 5
2139.9311 	DATA 	Keypress: 5
2139.9473 	EXP 	im_trialImage: autoDraw = False
2139.9473 	EXP 	str_fixITI: autoDraw = True
2140.4319 	EXP 	New trial (rep=0, index=5): {'im_fName': 'cl006.jpg', 'key_correct': 2, 'im_type': 'scene', 'im_familiarity': 'familiar'}
2140.4649 	EXP 	str_fixITI: autoDraw = False
2140.4649 	EXP 	im_trialImage: size = array([0.8       , 0.94814815])
2140.4649 	EXP 	im_trialImage: image = 'cl006.jpg'
2140.4649 	EXP 	im_trialImage: autoDraw = True
2140.7312 	DATA 	Keypress: 5
2141.5323 	DATA 	Keypress: 5
2141.6993 	DATA 	Keypress: 2
2142.3333 	DATA 	Keypress: 5
2142.4447 	EXP 	im_trialImage: autoDraw = False
2142.4447 	EXP 	str_fixITI: autoDraw = True
2142.9379 	EXP 	New trial (rep=0, index=6): {'im_fName': 'cl007.jpg', 'key_correct': 1, 'im_type': 'animal', 'im_familiarity': 'familiar'}
2142.9699 	EXP 	str_fixITI: autoDraw = False
2142.9699 	EXP 	im_trialImage: size = array([0.79583333, 0.94259259])
2142.9699 	EXP 	im_trialImage: image = 'cl007.jpg'
2142.9699 	EXP 	im_trialImage: autoDraw = True
2143.1303 	DATA 	Keypress: 5
2143.9304 	DATA 	Keypress: 5
2143.9835 	DATA 	Keypress: 1
2144.7294 	DATA 	Keypress: 5
2144.9454 	EXP 	im_trialImage: autoDraw = False
2144.9454 	EXP 	str_fixITI: autoDraw = True
2145.4304 	EXP 	New trial (rep=0, index=7): {'im_fName': 'cl008.jpg', 'key_correct': 1, 'im_type': 'animal', 'im_familiarity': 'familiar'}
2145.4525 	EXP 	str_fixITI: autoDraw = False
2145.4525 	EXP 	im_trialImage: size = array([0.79583333, 0.94259259])
2145.4525 	EXP 	im_trialImage: image = 'cl008.jpg'
2145.4525 	EXP 	im_trialImage: autoDraw = True
2145.5253 	DATA 	Keypress: 5
2146.3245 	DATA 	Keypress: 5
2146.5247 	DATA 	Keypress: 1
2147.1246 	DATA 	Keypress: 5
2147.4447 	EXP 	im_trialImage: autoDraw = False
2147.4447 	EXP 	str_fixITI: autoDraw = True
2147.9290 	DATA 	Keypress: 5
2147.9463 	EXP 	str_fixITI: autoDraw = False
2147.9463 	EXP 	str_fixRest: autoDraw = True
2148.7372 	DATA 	Keypress: 5
2149.5292 	DATA 	Keypress: 5
2150.3283 	DATA 	Keypress: 5
2151.1293 	DATA 	Keypress: 5
2151.9293 	DATA 	Keypress: 5
2152.7303 	DATA 	Keypress: 5
2153.5354 	DATA 	Keypress: 5
2154.3295 	DATA 	Keypress: 5
2155.1295 	DATA 	Keypress: 5
2155.9263 	DATA 	Keypress: 5
2156.7265 	DATA 	Keypress: 5
2157.5285 	DATA 	Keypress: 5
2158.3266 	DATA 	Keypress: 5
2159.1277 	DATA 	Keypress: 5
2159.4358 	EXP 	str_bangRest: autoDraw = True
2159.4578 	EXP 	str_fixRest: autoDraw = False
2159.9284 	EXP 	New trial (rep=0, index=1): {'trialOrderFile': 'scan_order2.xlsx'}
2159.9345 	EXP 	Imported scan_order2.xlsx as conditions, 8 conditions, 4 params
2159.9347 	EXP 	Created sequence: sequential, trialTypes=8, nReps=1, seed=None
2159.9349 	EXP 	New trial (rep=0, index=0): {'im_fName': 'cl009.jpg', 'key_correct': 2, 'im_type': 'scene', 'im_familiarity': 'novel'}
2159.9632 	DATA 	Keypress: 5
2159.9743 	EXP 	str_bangRest: autoDraw = False
2159.9743 	EXP 	str_fixRest: autoDraw = False
2159.9743 	EXP 	str_bangRest: autoDraw = False
2159.9743 	EXP 	im_trialImage: size = array([0.8       , 0.94814815])
2159.9743 	EXP 	im_trialImage: image = 'cl009.jpg'
2159.9743 	EXP 	im_trialImage: autoDraw = True
2160.7292 	DATA 	Keypress: 5
2161.5293 	DATA 	Keypress: 5
2161.7293 	DATA 	Keypress: 2
2161.9493 	EXP 	im_trialImage: autoDraw = False
2161.9493 	EXP 	str_fixITI: autoDraw = True
2162.3337 	DATA 	Keypress: 5
2162.4328 	EXP 	New trial (rep=0, index=1): {'im_fName': 'cl010.jpg', 'key_correct': 1, 'im_type': 'animal', 'im_familiarity': 'novel'}
2162.4572 	EXP 	str_fixITI: autoDraw = False
2162.4572 	EXP 	im_trialImage: size = array([0.79583333, 0.94259259])
2162.4572 	EXP 	im_trialImage: image = 'cl010.jpg'
2162.4572 	EXP 	im_trialImage: autoDraw = True
2163.1293 	DATA 	Keypress: 5
2163.9283 	DATA 	Keypress: 5
2164.4484 	EXP 	im_trialImage: autoDraw = False
2164.4484 	EXP 	str_fixITI: autoDraw = True
2164.7249 	DATA 	Keypress: 5
2164.9328 	EXP 	New trial (rep=0, index=2): {'im_fName': 'cl011.jpg', 'key_correct': 1, 'im_type': 'animal', 'im_familiarity': 'novel'}
2164.9513 	EXP 	str_fixITI: autoDraw = False
2164.9513 	EXP 	im_trialImage: size = array([0.79583333, 0.94259259])
2164.9513 	EXP 	im_trialImage: image = 'cl011.jpg'
2164.9513 	EXP 	im_trialImage: autoDraw = True
2165.5255 	DATA 	Keypress: 5
2165.8915 	DATA 	Keypress: 1
2166.3246 	DATA 	Keypress: 5
2166.9395 	EXP 	im_trialImage: autoDraw = False
2166.9395 	EXP 	str_fixITI: autoDraw = True
2167.1252 	DATA 	Keypress: 5
2167.4394 	EXP 	New trial (rep=0, index=3): {'im_fName': 'cl012.jpg', 'key_correct': 1, 'im_type': 'animal', 'im_familiarity': 'novel'}
2167.4575 	EXP 	str_fixITI: autoDraw = False
2167.4575 	EXP 	im_trialImage: size = array([0.79583333, 0.94259259])
2167.4575 	EXP 	im_trialImage: image = 'cl012.jpg'
2167.4575 	EXP 	im_trialImage: autoDraw = True
2167.9277 	DATA 	Keypress: 5
2168.7247 	DATA 	Keypress: 5
2168.9106 	DATA 	Keypress: 1
2169.4467 	EXP 	im_trialImage: autoDraw = False
2169.4467 	EXP 	str_fixITI: autoDraw = True
2169.5244 	DATA 	Keypress: 5
2169.9305 	EXP 	New trial (rep=0, index=4): {'im_fName': 'cl013.jpg', 'key_correct': 2, 'im_type': 'scene', 'im_familiarity': 'novel'}
2169.9741 	EXP 	str_fixITI: autoDraw = False
2169.9741 	EXP 	im_trialImage: size = array([0.8       , 0.94814815])
2169.9741 	EXP 	im_trialImage: image = 'cl013.jpg'
2169.9741 	EXP 	im_trialImage: autoDraw = True
2170.3278 	DATA 	Keypress: 5
2171.1267 	DATA 	Keypress: 5
2171.1737 	DATA 	Keypress: 2
2171.9268 	DATA 	Keypress: 5
2171.9470 	EXP 	im_trialImage: autoDraw = False
2171.9470 	EXP 	str_fixITI: autoDraw = True
2172.4316 	EXP 	New trial (rep=0, index=5): {'im_fName': 'cl014.jpg', 'key_correct': 1, 'im_type': 'animal', 'im_familiarity': 'novel'}
2172.4547 	EXP 	str_fixITI: autoDraw = False
2172.4547 	EXP 	im_trialImage: size = array([0.79583333, 0.94259259])
2172.4547 	EXP 	im_trialImage: image = 'cl014.jpg'
2172.4547 	EXP 	im_trialImage: autoDraw = True
2172.7268 	DATA 	Keypress: 5
2173.4498 	DATA 	Keypress: 1
2173.5268 	DATA 	Keypress: 5
2174.3259 	DATA 	Keypress: 5
2174.4459 	EXP 	im_trialImage: autoDraw = False
2174.4459 	EXP 	str_fixITI: autoDraw = True
2174.9313 	EXP 	New trial (rep=0, index=6): {'im_fName': 'cl015.jpg', 'key_correct': 2, 'im_type': 'scene', 'im_familiarity': 'novel'}
2174.9791 	EXP 	str_fixITI: autoDraw = False
2174.9791 	EXP 	im_trialImage: size = array([0.8       , 0.94814815])
2174.9791 	EXP 	im_trialImage: image = 'cl015.jpg'
2174.9791 	EXP 	im_trialImage: autoDraw = True
2175.1259 	DATA 	Keypress: 5
2175.9330 	DATA 	Keypress: 5
2176.5310 	DATA 	Keypress: 2
2176.7310 	DATA 	Keypress: 5
2176.9470 	EXP 	im_trialImage: autoDraw = False
2176.9470 	EXP 	str_fixITI: autoDraw = True
2177.4380 	EXP 	New trial (rep=0, index=7): {'im_fName': 'cl016.jpg', 'key_correct': 2, 'im_type': 'scene', 'im_familiarity': 'novel'}
2177.4568 	EXP 	str_fixITI: autoDraw = False
2177.4568 	EXP 	im_trialImage: size = array([0.8       , 0.94814815])
2177.4568 	EXP 	im_trialImage: image = 'cl016.jpg'
2177.4568 	EXP 	im_trialImage: autoDraw = True
2177.5330 	DATA 	Keypress: 5
2178.3301 	DATA 	Keypress: 5
2178.9501 	DATA 	Keypress: 2
2179.1301 	DATA 	Keypress: 5
2179.4464 	EXP 	im_trialImage: autoDraw = False
2179.4464 	EXP 	str_fixITI: autoDraw = True
2179.9248 	DATA 	Keypress: 5
2179.9461 	EXP 	str_fixITI: autoDraw = False
2179.9461 	EXP 	str_fixRest: autoDraw = True
2180.7297 	DATA 	Keypress: 5
2181.5308 	DATA 	Keypress: 5
2182.3289 	DATA 	Keypress: 5
2183.1318 	DATA 	Keypress: 5
2183.9288 	DATA 	Keypress: 5
2184.7309 	DATA 	Keypress: 5
2185.5300 	DATA 	Keypress: 5
2186.3291 	DATA 	Keypress: 5
2187.1310 	DATA 	Keypress: 5
2187.9282 	DATA 	Keypress: 5
2188.7362 	DATA 	Keypress: 5
2189.5301 	DATA 	Keypress: 5
2190.3283 	DATA 	Keypress: 5
2191.1292 	DATA 	Keypress: 5
2191.4350 	EXP 	str_bangRest: autoDraw = True
2191.4527 	EXP 	str_fixRest: autoDraw = False
2191.9287 	EXP 	New trial (rep=0, index=2): {'trialOrderFile': 'scan_order3.xlsx'}
2191.9362 	EXP 	Imported scan_order3.xlsx as conditions, 8 conditions, 4 params
2191.9365 	EXP 	Created sequence: sequential, trialTypes=8, nReps=1, seed=None
2191.9367 	EXP 	New trial (rep=0, index=0): {'im_fName': 'cl017.jpg', 'key_correct': 2, 'im_type': 'scene', 'im_familiarity': 'familiar'}
2191.9488 	DATA 	Keypress: 5
2191.9582 	EXP 	str_bangRest: autoDraw = False
2191.9582 	EXP 	str_fixRest: autoDraw = False
2191.9582 	EXP 	str_bangRest: autoDraw = False
2191.9582 	EXP 	im_trialImage: size = array([0.8       , 0.94814815])
2191.9582 	EXP 	im_trialImage: image = 'cl017.jpg'
2191.9582 	EXP 	im_trialImage: autoDraw = True
2192.6618 	DATA 	Keypress: 2
2192.7288 	DATA 	Keypress: 5
2193.5269 	DATA 	Keypress: 5
2193.9495 	EXP 	im_trialImage: autoDraw = False
2193.9495 	EXP 	str_fixITI: autoDraw = True
2194.3295 	DATA 	Keypress: 5
2194.4367 	EXP 	New trial (rep=0, index=1): {'im_fName': 'cl018.jpg', 'key_correct': 1, 'im_type': 'animal', 'im_familiarity': 'familiar'}
2194.4589 	EXP 	str_fixITI: autoDraw = False
2194.4589 	EXP 	im_trialImage: size = array([0.79583333, 0.94259259])
2194.4589 	EXP 	im_trialImage: image = 'cl018.jpg'
2194.4589 	EXP 	im_trialImage: autoDraw = True
2195.1270 	DATA 	Keypress: 5
2195.1929 	DATA 	Keypress: 1
2195.9260 	DATA 	Keypress: 5
2196.4489 	EXP 	im_trialImage: autoDraw = False
2196.4489 	EXP 	str_fixITI: autoDraw = True
2196.7265 	DATA 	Keypress: 5
2196.9344 	EXP 	New trial (rep=0, index=2): {'im_fName': 'cl019.jpg', 'key_correct': 1, 'im_type': 'animal', 'im_familiarity': 'familiar'}
2196.9570 	EXP 	str_fixITI: autoDraw = False
2196.9570 	EXP 	im_trialImage: size = array([0.79583333, 0.94259259])
2196.9570 	EXP 	im_trialImage: image = 'cl019.jpg'
2196.9570 	EXP 	im_trialImage: autoDraw = True
2197.5290 	DATA 	Keypress: 5
2197.8091 	DATA 	Keypress: 1
2198.3272 	DATA 	Keypress: 5
2198.9482 	EXP 	im_trialImage: autoDraw = False
2198.9482 	EXP 	str_fixITI: autoDraw = True
2199.1266 	DATA 	Keypress: 5
2199.4349 	EXP 	New trial (rep=0, index=3): {'im_fName': 'cl020.jpg', 'key_correct': 2, 'im_type': 'scene', 'im_familiarity': 'familiar'}
2199.4818 	EXP 	str_fixITI: autoDraw = False
2199.4818 	EXP 	im_trialImage: size = array([0.8       , 0.94814815])
2199.4818 	EXP 	im_trialImage: image = 'cl020.jpg'
2199.4818 	EXP 	im_trialImage: autoDraw = True
2199.9332 	DATA 	Keypress: 5
2200.3002 	DATA 	Keypress: 2
2200.7252 	DATA 	Keypress: 5
2201.4476 	EXP 	im_trialImage: autoDraw = False
2201.4476 	EXP 	str_fixITI: autoDraw = True
2201.5249 	DATA 	Keypress: 5
2201.9326 	EXP 	New trial (rep=0, index=4): {'im_fName': 'cl021.jpg', 'key_correct': 2, 'im_type': 'scene', 'im_familiarity': 'familiar'}
2201.9510 	EXP 	str_fixITI: autoDraw = False
2201.9510 	EXP 	im_trialImage: size = array([0.8       , 0.94814815])
2201.9510 	EXP 	im_trialImage: image = 'cl021.jpg'
2201.9510 	EXP 	im_trialImage: autoDraw = True
2202.3244 	DATA 	Keypress: 5
2203.1244 	DATA 	Keypress: 5
2203.4443 	DATA 	Keypress: 2
2203.9264 	DATA 	Keypress: 5
2203.9473 	EXP 	im_trialImage: autoDraw = False
2203.9473 	EXP 	str_fixITI: autoDraw = True
2204.4320 	EXP 	New trial (rep=0, index=5): {'im_fName': 'cl022.jpg', 'key_correct': 2, 'im_type': 'scene', 'im_familiarity': 'familiar'}
2204.4494 	EXP 	str_fixITI: autoDraw = False
2204.4494 	EXP 	im_trialImage: size = array([0.8       , 0.94814815])
2204.4494 	EXP 	im_trialImage: image = 'cl022.jpg'
2204.4494 	EXP 	im_trialImage: autoDraw = True
2204.7255 	DATA 	Keypress: 5
2205.4945 	DATA 	Keypress: 2
2205.5275 	DATA 	Keypress: 5
2206.3276 	DATA 	Keypress: 5
2206.4477 	EXP 	im_trialImage: autoDraw = False
2206.4477 	EXP 	str_fixITI: autoDraw = True
2206.9303 	EXP 	New trial (rep=0, index=6): {'im_fName': 'cl023.jpg', 'key_correct': 1, 'im_type': 'animal', 'im_familiarity': 'familiar'}
2206.9565 	EXP 	str_fixITI: autoDraw = False
2206.9565 	EXP 	im_trialImage: size = array([0.79583333, 0.94259259])
2206.9565 	EXP 	im_trialImage: image = 'cl023.jpg'
2206.9565 	EXP 	im_trialImage: autoDraw = True
2207.1276 	DATA 	Keypress: 5
2207.9336 	DATA 	Keypress: 5
2208.0997 	DATA 	Keypress: 1
2208.7336 	DATA 	Keypress: 5
2208.9396 	EXP 	im_trialImage: autoDraw = False
2208.9396 	EXP 	str_fixITI: autoDraw = True
2209.4303 	EXP 	New trial (rep=0, index=7): {'im_fName': 'cl024.jpg', 'key_correct': 1, 'im_type': 'animal', 'im_familiarity': 'familiar'}
2209.4485 	EXP 	str_fixITI: autoDraw = False
2209.4485 	EXP 	im_trialImage: size = array([0.79583333, 0.94259259])
2209.4485 	EXP 	im_trialImage: image = 'cl024.jpg'
2209.4485 	EXP 	im_trialImage: autoDraw = True
2209.5326 	DATA 	Keypress: 5
2210.3327 	DATA 	Keypress: 5
2210.5977 	DATA 	Keypress: 1
2211.1307 	DATA 	Keypress: 5
2211.4398 	EXP 	im_trialImage: autoDraw = False
2211.4398 	EXP 	str_fixITI: autoDraw = True
2211.9245 	DATA 	Keypress: 5
2211.9398 	EXP 	str_fixITI: autoDraw = False
2211.9398 	EXP 	str_fixRest: autoDraw = True
2212.7323 	DATA 	Keypress: 5
2213.5323 	DATA 	Keypress: 5
2214.3314 	DATA 	Keypress: 5
2215.1324 	DATA 	Keypress: 5
2215.9324 	DATA 	Keypress: 5
2216.7315 	DATA 	Keypress: 5
2217.5305 	DATA 	Keypress: 5
2218.3376 	DATA 	Keypress: 5
2219.1297 	DATA 	Keypress: 5
2219.9306 	DATA 	Keypress: 5
2220.7307 	DATA 	Keypress: 5
2221.5298 	DATA 	Keypress: 5
2222.3280 	DATA 	Keypress: 5
2223.1308 	DATA 	Keypress: 5
2223.4293 	EXP 	str_bangRest: autoDraw = True
2223.4520 	EXP 	str_fixRest: autoDraw = False
2223.9294 	EXP 	New trial (rep=0, index=3): {'trialOrderFile': 'scan_order4.xlsx'}
2223.9359 	EXP 	Imported scan_order4.xlsx as conditions, 8 conditions, 4 params
2223.9361 	EXP 	Created sequence: sequential, trialTypes=8, nReps=1, seed=None
2223.9363 	EXP 	New trial (rep=0, index=0): {'im_fName': 'cl025.jpg', 'key_correct': 1, 'im_type': 'animal', 'im_familiarity': 'novel'}
2223.9494 	DATA 	Keypress: 5
2223.9594 	EXP 	str_bangRest: autoDraw = False
2223.9594 	EXP 	str_fixRest: autoDraw = False
2223.9594 	EXP 	str_bangRest: autoDraw = False
2223.9594 	EXP 	im_trialImage: size = array([0.8       , 0.94814815])
2223.9594 	EXP 	im_trialImage: image = 'cl025.jpg'
2223.9594 	EXP 	im_trialImage: autoDraw = True
2224.7294 	DATA 	Keypress: 5
2225.0624 	DATA 	Keypress: 2
2225.5295 	DATA 	Keypress: 5
2225.9502 	EXP 	im_trialImage: autoDraw = False
2225.9502 	EXP 	str_fixITI: autoDraw = True
2226.3281 	DATA 	Keypress: 5
2226.4362 	EXP 	New trial (rep=0, index=1): {'im_fName': 'cl026.jpg', 'key_correct': 1, 'im_type': 'animal', 'im_familiarity': 'novel'}
2226.4585 	EXP 	str_fixITI: autoDraw = False
2226.4585 	EXP 	im_trialImage: size = array([0.8       , 0.94814815])
2226.4585 	EXP 	im_trialImage: image = 'cl026.jpg'
2226.4585 	EXP 	im_trialImage: autoDraw = True
2227.1286 	DATA 	Keypress: 5
2227.4626 	DATA 	Keypress: 1
2227.9286 	DATA 	Keypress: 5
2228.4497 	EXP 	im_trialImage: autoDraw = False
2228.4497 	EXP 	str_fixITI: autoDraw = True
2228.7352 	DATA 	Keypress: 5
2228.9334 	EXP 	New trial (rep=0, index=2): {'im_fName': 'cl027.jpg', 'key_correct': 2, 'im_type': 'scene', 'im_familiarity': 'novel'}
2228.9506 	EXP 	str_fixITI: autoDraw = False
2228.9506 	EXP 	im_trialImage: size = array([0.8       , 0.94814815])
2228.9506 	EXP 	im_trialImage: image = 'cl027.jpg'
2228.9506 	EXP 	im_trialImage: autoDraw = True
2229.5347 	DATA 	Keypress: 5
2230.2347 	DATA 	Keypress: 2
2230.3348 	DATA 	Keypress: 5
2230.9429 	EXP 	im_trialImage: autoDraw = False
2230.9429 	EXP 	str_fixITI: autoDraw = True
2231.1261 	DATA 	Keypress: 5
2231.4342 	EXP 	New trial (rep=0, index=3): {'im_fName': 'cl028.jpg', 'key_correct': 2, 'im_type': 'scene', 'im_familiarity': 'novel'}
2231.4517 	EXP 	str_fixITI: autoDraw = False
2231.4517 	EXP 	im_trialImage: size = array([0.8       , 0.94814815])
2231.4517 	EXP 	im_trialImage: image = 'cl028.jpg'
2231.4517 	EXP 	im_trialImage: autoDraw = True
2231.9349 	DATA 	Keypress: 5
2232.7110 	DATA 	Keypress: 2
2232.7349 	DATA 	Keypress: 5
2233.4431 	EXP 	im_trialImage: autoDraw = False
2233.4431 	EXP 	str_fixITI: autoDraw = True
2233.5264 	DATA 	Keypress: 5
2233.9322 	EXP 	New trial (rep=0, index=4): {'im_fName': 'cl029.jpg', 'key_correct': 2, 'im_type': 'scene', 'im_familiarity': 'novel'}
2233.9499 	EXP 	str_fixITI: autoDraw = False
2233.9499 	EXP 	im_trialImage: size = array([0.8       , 0.94814815])
2233.9499 	EXP 	im_trialImage: image = 'cl029.jpg'
2233.9499 	EXP 	im_trialImage: autoDraw = True
2234.3259 	DATA 	Keypress: 5
2235.1290 	DATA 	Keypress: 5
2235.9290 	DATA 	Keypress: 5
2235.9495 	EXP 	im_trialImage: autoDraw = False
2235.9495 	EXP 	str_fixITI: autoDraw = True
2236.1585 	DATA 	Keypress: 2
2236.4319 	EXP 	New trial (rep=0, index=5): {'im_fName': 'cl030.jpg', 'key_correct': 1, 'im_type': 'animal', 'im_familiarity': 'novel'}
2236.4500 	EXP 	str_fixITI: autoDraw = False
2236.4500 	EXP 	im_trialImage: size = array([0.8       , 0.94814815])
2236.4500 	EXP 	im_trialImage: image = 'cl030.jpg'
2236.4500 	EXP 	im_trialImage: autoDraw = True
2236.7330 	DATA 	Keypress: 5
2237.0670 	DATA 	Keypress: 1
2237.5252 	DATA 	Keypress: 5
2238.3261 	DATA 	Keypress: 5
2238.4474 	EXP 	im_trialImage: autoDraw = False
2238.4474 	EXP 	str_fixITI: autoDraw = True
2238.9336 	EXP 	New trial (rep=0, index=6): {'im_fName': 'cl031.jpg', 'key_correct': 2, 'im_type': 'scene', 'im_familiarity': 'novel'}
2238.9725 	EXP 	str_fixITI: autoDraw = False
2238.9725 	EXP 	im_trialImage: size = array([0.79479167, 0.94814815])
2238.9725 	EXP 	im_trialImage: image = 'cl031.jpg'
2238.9725 	EXP 	im_trialImage: autoDraw = True
2239.1331 	DATA 	Keypress: 5
2239.9322 	DATA 	Keypress: 5
2240.1322 	DATA 	Keypress: 2
2240.7342 	DATA 	Keypress: 5
2240.9402 	EXP 	im_trialImage: autoDraw = False
2240.9402 	EXP 	str_fixITI: autoDraw = True
2241.4339 	EXP 	New trial (rep=0, index=7): {'im_fName': 'cl032.jpg', 'key_correct': 1, 'im_type': 'animal', 'im_familiarity': 'novel'}
2241.4562 	EXP 	str_fixITI: autoDraw = False
2241.4562 	EXP 	im_trialImage: size = array([0.8       , 0.94814815])
2241.4562 	EXP 	im_trialImage: image = 'cl032.jpg'
2241.4562 	EXP 	im_trialImage: autoDraw = True
2241.5321 	DATA 	Keypress: 5
2242.3343 	DATA 	Keypress: 5
2242.6823 	DATA 	Keypress: 1
2243.1263 	DATA 	Keypress: 5
2243.4475 	EXP 	im_trialImage: autoDraw = False
2243.4475 	EXP 	str_fixITI: autoDraw = True
2243.9259 	DATA 	Keypress: 5
2243.9470 	EXP 	str_fixITI: autoDraw = False
2243.9470 	EXP 	str_fixRest: autoDraw = True
2244.7309 	DATA 	Keypress: 5
2245.5320 	DATA 	Keypress: 5
2246.3340 	DATA 	Keypress: 5
2247.1330 	DATA 	Keypress: 5
2247.9321 	DATA 	Keypress: 5
2248.7312 	DATA 	Keypress: 5
2249.5302 	DATA 	Keypress: 5
2250.3322 	DATA 	Keypress: 5
2251.1323 	DATA 	Keypress: 5
2251.9303 	DATA 	Keypress: 5
2252.7293 	DATA 	Keypress: 5
2253.5294 	DATA 	Keypress: 5
2254.3314 	DATA 	Keypress: 5
2255.1304 	DATA 	Keypress: 5
2255.4434 	EXP 	str_bangRest: autoDraw = True
2255.4526 	EXP 	str_fixRest: autoDraw = False
2255.9307 	EXP 	New trial (rep=0, index=4): {'trialOrderFile': 'scan_order5.xlsx'}
2255.9374 	EXP 	Imported scan_order5.xlsx as conditions, 8 conditions, 4 params
2255.9377 	EXP 	Created sequence: sequential, trialTypes=8, nReps=1, seed=None
2255.9379 	EXP 	New trial (rep=0, index=0): {'im_fName': 'cl033.jpg', 'key_correct': 1, 'im_type': 'animal', 'im_familiarity': 'familiar'}
2255.9520 	DATA 	Keypress: 5
2255.9604 	EXP 	str_fixRest: autoDraw = False
2255.9604 	EXP 	str_bangRest: autoDraw = False
2255.9604 	EXP 	im_trialImage: size = array([0.79583333, 0.94259259])
2255.9604 	EXP 	im_trialImage: image = 'cl033.jpg'
2255.9604 	EXP 	im_trialImage: autoDraw = True
2256.7300 	DATA 	Keypress: 5
2256.8071 	DATA 	Keypress: 1
2257.5291 	DATA 	Keypress: 5
2257.9453 	EXP 	im_trialImage: autoDraw = False
2257.9453 	EXP 	str_fixITI: autoDraw = True
2258.3296 	DATA 	Keypress: 5
2258.4378 	EXP 	New trial (rep=0, index=1): {'im_fName': 'cl034.jpg', 'key_correct': 1, 'im_type': 'animal', 'im_familiarity': 'familiar'}
2258.4594 	EXP 	str_fixITI: autoDraw = False
2258.4594 	EXP 	im_trialImage: size = array([0.79583333, 0.94259259])
2258.4594 	EXP 	im_trialImage: image = 'cl034.jpg'
2258.4594 	EXP 	im_trialImage: autoDraw = True
2259.1321 	DATA 	Keypress: 5
2259.3782 	DATA 	Keypress: 1
2259.9312 	DATA 	Keypress: 5
2260.4514 	EXP 	im_trialImage: autoDraw = False
2260.4514 	EXP 	str_fixITI: autoDraw = True
2260.7277 	DATA 	Keypress: 5
2260.9355 	EXP 	New trial (rep=0, index=2): {'im_fName': 'cl035.jpg', 'key_correct': 1, 'im_type': 'animal', 'im_familiarity': 'familiar'}
2260.9532 	EXP 	str_fixITI: autoDraw = False
2260.9532 	EXP 	im_trialImage: size = array([0.79583333, 0.94259259])
2260.9532 	EXP 	im_trialImage: image = 'cl035.jpg'
2260.9532 	EXP 	im_trialImage: autoDraw = True
2261.5363 	DATA 	Keypress: 5
2261.7793 	DATA 	Keypress: 1
2262.3353 	DATA 	Keypress: 5
2262.9433 	EXP 	im_trialImage: autoDraw = False
2262.9433 	EXP 	str_fixITI: autoDraw = True
2263.1278 	DATA 	Keypress: 5
2263.4337 	EXP 	New trial (rep=0, index=3): {'im_fName': 'cl036.jpg', 'key_correct': 2, 'im_type': 'scene', 'im_familiarity': 'familiar'}
2263.4622 	EXP 	str_fixITI: autoDraw = False
2263.4622 	EXP 	im_trialImage: size = array([0.8       , 0.94814815])
2263.4622 	EXP 	im_trialImage: image = 'cl036.jpg'
2263.4622 	EXP 	im_trialImage: autoDraw = True
2263.9354 	DATA 	Keypress: 5
2264.4224 	DATA 	Keypress: 2
2264.7354 	DATA 	Keypress: 5
2265.4438 	EXP 	im_trialImage: autoDraw = False
2265.4438 	EXP 	str_fixITI: autoDraw = True
2265.5281 	DATA 	Keypress: 5
2265.9415 	EXP 	New trial (rep=0, index=4): {'im_fName': 'cl037.jpg', 'key_correct': 1, 'im_type': 'animal', 'im_familiarity': 'familiar'}
2265.9664 	EXP 	str_fixITI: autoDraw = False
2265.9664 	EXP 	im_trialImage: size = array([0.79583333, 0.94259259])
2265.9664 	EXP 	im_trialImage: image = 'cl037.jpg'
2265.9664 	EXP 	im_trialImage: autoDraw = True
2266.3298 	DATA 	Keypress: 5
2266.7435 	DATA 	Keypress: 1
2267.1295 	DATA 	Keypress: 5
2267.9353 	DATA 	Keypress: 5
2267.9421 	EXP 	im_trialImage: autoDraw = False
2267.9421 	EXP 	str_fixITI: autoDraw = True
2268.4351 	EXP 	New trial (rep=0, index=5): {'im_fName': 'cl038.jpg', 'key_correct': 2, 'im_type': 'scene', 'im_familiarity': 'familiar'}
2268.4577 	EXP 	str_fixITI: autoDraw = False
2268.4577 	EXP 	im_trialImage: size = array([0.8       , 0.94814815])
2268.4577 	EXP 	im_trialImage: image = 'cl038.jpg'
2268.4577 	EXP 	im_trialImage: autoDraw = True
2268.7296 	DATA 	Keypress: 5
2269.4777 	DATA 	Keypress: 2
2269.5336 	DATA 	Keypress: 5
2270.3337 	DATA 	Keypress: 5
2270.4410 	EXP 	im_trialImage: autoDraw = False
2270.4410 	EXP 	str_fixITI: autoDraw = True
2270.9350 	EXP 	New trial (rep=0, index=6): {'im_fName': 'cl039.jpg', 'key_correct': 2, 'im_type': 'scene', 'im_familiarity': 'familiar'}
2271.0064 	EXP 	str_fixITI: autoDraw = False
2271.0064 	EXP 	im_trialImage: size = array([0.8       , 0.94814815])
2271.0064 	EXP 	im_trialImage: image = 'cl039.jpg'
2271.0064 	EXP 	im_trialImage: autoDraw = True
2271.1258 	DATA 	Keypress: 5
2271.9288 	DATA 	Keypress: 5
2272.0418 	DATA 	Keypress: 2
2272.7269 	DATA 	Keypress: 5
2272.9477 	EXP 	im_trialImage: autoDraw = False
2272.9477 	EXP 	str_fixITI: autoDraw = True
2273.4340 	EXP 	New trial (rep=0, index=7): {'im_fName': 'cl040.jpg', 'key_correct': 2, 'im_type': 'scene', 'im_familiarity': 'familiar'}
2273.4559 	EXP 	str_fixITI: autoDraw = False
2273.4559 	EXP 	im_trialImage: size = array([0.8       , 0.94814815])
2273.4559 	EXP 	im_trialImage: image = 'cl040.jpg'
2273.4559 	EXP 	im_trialImage: autoDraw = True
2273.5250 	DATA 	Keypress: 5
2274.3250 	DATA 	Keypress: 5
2274.4679 	DATA 	Keypress: 2
2275.1251 	DATA 	Keypress: 5
2275.4412 	EXP 	im_trialImage: autoDraw = False
2275.4412 	EXP 	str_fixITI: autoDraw = True
2275.9257 	DATA 	Keypress: 5
2275.9470 	EXP 	str_fixITI: autoDraw = False
2275.9470 	EXP 	str_fixRest: autoDraw = True
2276.7247 	DATA 	Keypress: 5
2277.5266 	DATA 	Keypress: 5
2278.3326 	DATA 	Keypress: 5
2279.1248 	DATA 	Keypress: 5
2279.9316 	DATA 	Keypress: 5
2280.7258 	DATA 	Keypress: 5
2281.5249 	DATA 	Keypress: 5
2282.3328 	DATA 	Keypress: 5
2283.1307 	DATA 	Keypress: 5
2283.9319 	DATA 	Keypress: 5
2284.7251 	DATA 	Keypress: 5
2285.5251 	DATA 	Keypress: 5
2286.3320 	DATA 	Keypress: 5
2287.1321 	DATA 	Keypress: 5
2287.4283 	EXP 	str_bangRest: autoDraw = True
2287.4545 	EXP 	str_fixRest: autoDraw = False
2287.9235 	EXP 	New trial (rep=0, index=5): {'trialOrderFile': 'scan_order6.xlsx'}
2287.9302 	EXP 	Imported scan_order6.xlsx as conditions, 8 conditions, 4 params
2287.9304 	EXP 	Created sequence: sequential, trialTypes=8, nReps=1, seed=None
2287.9307 	EXP 	New trial (rep=0, index=0): {'im_fName': 'cl041.jpg', 'key_correct': 2, 'im_type': 'scene', 'im_familiarity': 'novel'}
2287.9596 	DATA 	Keypress: 5
2287.9692 	EXP 	str_bangRest: autoDraw = False
2287.9692 	EXP 	str_fixRest: autoDraw = False
2287.9692 	EXP 	str_bangRest: autoDraw = False
2287.9692 	EXP 	im_trialImage: size = array([0.8       , 0.94814815])
2287.9692 	EXP 	im_trialImage: image = 'cl041.jpg'
2287.9692 	EXP 	im_trialImage: autoDraw = True
2288.7248 	DATA 	Keypress: 5
2288.8246 	DATA 	Keypress: 2
2289.5248 	DATA 	Keypress: 5
2289.9459 	EXP 	im_trialImage: autoDraw = False
2289.9459 	EXP 	str_fixITI: autoDraw = True
2290.3312 	DATA 	Keypress: 5
2290.4308 	EXP 	New trial (rep=0, index=1): {'im_fName': 'cl042.jpg', 'key_correct': 2, 'im_type': 'scene', 'im_familiarity': 'novel'}
2290.4695 	EXP 	str_fixITI: autoDraw = False
2290.4695 	EXP 	im_trialImage: size = array([0.8       , 0.94814815])
2290.4695 	EXP 	im_trialImage: image = 'cl042.jpg'
2290.4695 	EXP 	im_trialImage: autoDraw = True
2291.1287 	DATA 	Keypress: 5
2291.9288 	DATA 	Keypress: 5
2292.4515 	EXP 	im_trialImage: autoDraw = False
2292.4515 	EXP 	str_fixITI: autoDraw = True
2292.7363 	DATA 	Keypress: 5
2292.9044 	DATA 	Keypress: 2
2292.9303 	EXP 	New trial (rep=0, index=2): {'im_fName': 'cl043.jpg', 'key_correct': 1, 'im_type': 'animal', 'im_familiarity': 'novel'}
2292.9600 	EXP 	str_fixITI: autoDraw = False
2292.9600 	EXP 	im_trialImage: size = array([0.79583333, 0.94259259])
2292.9600 	EXP 	im_trialImage: image = 'cl043.jpg'
2292.9600 	EXP 	im_trialImage: autoDraw = True
2293.5289 	DATA 	Keypress: 5
2293.5718 	DATA 	Keypress: 1
2294.3289 	DATA 	Keypress: 5
2294.9509 	EXP 	im_trialImage: autoDraw = False
2294.9509 	EXP 	str_fixITI: autoDraw = True
2295.1285 	DATA 	Keypress: 5
2295.4429 	EXP 	New trial (rep=0, index=3): {'im_fName': 'cl044.jpg', 'key_correct': 1, 'im_type': 'animal', 'im_familiarity': 'novel'}
2295.4678 	EXP 	str_fixITI: autoDraw = False
2295.4678 	EXP 	im_trialImage: size = array([0.79375  , 0.9462963])
2295.4678 	EXP 	im_trialImage: image = 'cl044.jpg'
2295.4678 	EXP 	im_trialImage: autoDraw = True
2295.9280 	DATA 	Keypress: 5
2296.7280 	DATA 	Keypress: 5
2296.8809 	DATA 	Keypress: 1
2297.4503 	EXP 	im_trialImage: autoDraw = False
2297.4503 	EXP 	str_fixITI: autoDraw = True
2297.5276 	DATA 	Keypress: 5
2297.9367 	EXP 	New trial (rep=0, index=4): {'im_fName': 'cl045.jpg', 'key_correct': 1, 'im_type': 'animal', 'im_familiarity': 'novel'}
2298.0005 	EXP 	str_fixITI: autoDraw = False
2298.0005 	EXP 	im_trialImage: size = array([0.8       , 0.94814815])
2298.0005 	EXP 	im_trialImage: image = 'cl045.jpg'
2298.0005 	EXP 	im_trialImage: autoDraw = True
2298.3291 	DATA 	Keypress: 5
2299.1291 	DATA 	Keypress: 5
2299.2721 	DATA 	Keypress: 1
2299.9292 	DATA 	Keypress: 5
2299.9503 	EXP 	im_trialImage: autoDraw = False
2299.9503 	EXP 	str_fixITI: autoDraw = True
2300.4341 	EXP 	New trial (rep=0, index=5): {'im_fName': 'cl046.jpg', 'key_correct': 2, 'im_type': 'scene', 'im_familiarity': 'novel'}
2300.4745 	EXP 	str_fixITI: autoDraw = False
2300.4745 	EXP 	im_trialImage: size = array([0.8       , 0.94814815])
2300.4745 	EXP 	im_trialImage: image = 'cl046.jpg'
2300.4745 	EXP 	im_trialImage: autoDraw = True
2300.7352 	DATA 	Keypress: 5
2301.5303 	DATA 	Keypress: 5
2301.6963 	DATA 	Keypress: 2
2302.3303 	DATA 	Keypress: 5
2302.4509 	EXP 	im_trialImage: autoDraw = False
2302.4509 	EXP 	str_fixITI: autoDraw = True
2302.9347 	EXP 	New trial (rep=0, index=6): {'im_fName': 'cl047.jpg', 'key_correct': 2, 'im_type': 'scene', 'im_familiarity': 'novel'}
2302.9524 	EXP 	str_fixITI: autoDraw = False
2302.9524 	EXP 	im_trialImage: size = array([0.8       , 0.94814815])
2302.9524 	EXP 	im_trialImage: image = 'cl047.jpg'
2302.9524 	EXP 	im_trialImage: autoDraw = True
2303.1352 	DATA 	Keypress: 5
2303.9265 	DATA 	Keypress: 5
2304.5594 	DATA 	Keypress: 2
2304.7265 	DATA 	Keypress: 5
2304.9414 	EXP 	im_trialImage: autoDraw = False
2304.9414 	EXP 	str_fixITI: autoDraw = True
2305.4407 	EXP 	New trial (rep=0, index=7): {'im_fName': 'cl048.jpg', 'key_correct': 1, 'im_type': 'animal', 'im_familiarity': 'novel'}
2305.4674 	EXP 	str_fixITI: autoDraw = False
2305.4674 	EXP 	im_trialImage: size = array([0.79583333, 0.94259259])
2305.4674 	EXP 	im_trialImage: image = 'cl048.jpg'
2305.4674 	EXP 	im_trialImage: autoDraw = True
2305.5346 	DATA 	Keypress: 5
2306.3335 	DATA 	Keypress: 5
2306.8205 	DATA 	Keypress: 1
2307.1257 	DATA 	Keypress: 5
2307.4480 	EXP 	im_trialImage: autoDraw = False
2307.4480 	EXP 	str_fixITI: autoDraw = True
2307.9281 	DATA 	Keypress: 5
2307.9489 	EXP 	str_fixITI: autoDraw = False
2307.9489 	EXP 	str_fixRest: autoDraw = True
2308.7332 	DATA 	Keypress: 5
2309.5343 	DATA 	Keypress: 5
2310.3264 	DATA 	Keypress: 5
2311.1265 	DATA 	Keypress: 5
2311.9265 	DATA 	Keypress: 5
2312.7256 	DATA 	Keypress: 5
2313.5325 	DATA 	Keypress: 5
2314.3324 	DATA 	Keypress: 5
2315.1256 	DATA 	Keypress: 5
2315.9335 	DATA 	Keypress: 5
2316.7325 	DATA 	Keypress: 5
2317.5257 	DATA 	Keypress: 5
2318.3316 	DATA 	Keypress: 5
2319.1326 	DATA 	Keypress: 5
2319.4452 	EXP 	str_bangRest: autoDraw = True
2319.4538 	EXP 	str_fixRest: autoDraw = False
2319.9307 	DATA 	Keypress: 5
2319.9388 	EXP 	New trial (rep=0, index=6): {'trialOrderFile': 'scan_order7.xlsx'}
2319.9455 	EXP 	Imported scan_order7.xlsx as conditions, 8 conditions, 4 params
2319.9457 	EXP 	Created sequence: sequential, trialTypes=8, nReps=1, seed=None
2319.9460 	EXP 	New trial (rep=0, index=0): {'im_fName': 'cl049.jpg', 'key_correct': 1, 'im_type': 'animal', 'im_familiarity': 'familiar'}
2319.9642 	EXP 	str_fixRest: autoDraw = False
2319.9642 	EXP 	str_bangRest: autoDraw = False
2319.9642 	EXP 	im_trialImage: size = array([0.79583333, 0.94259259])
2319.9642 	EXP 	im_trialImage: image = 'cl049.jpg'
2319.9642 	EXP 	im_trialImage: autoDraw = True
2320.6802 	DATA 	Keypress: 1
2320.7343 	DATA 	Keypress: 5
2321.5333 	DATA 	Keypress: 5
2321.9446 	EXP 	im_trialImage: autoDraw = False
2321.9446 	EXP 	str_fixITI: autoDraw = True
2322.3308 	DATA 	Keypress: 5
2322.4389 	EXP 	New trial (rep=0, index=1): {'im_fName': 'cl050.jpg', 'key_correct': 1, 'im_type': 'animal', 'im_familiarity': 'familiar'}
2322.4562 	EXP 	str_fixITI: autoDraw = False
2322.4562 	EXP 	im_trialImage: size = array([0.79583333, 0.94259259])
2322.4562 	EXP 	im_trialImage: image = 'cl050.jpg'
2322.4562 	EXP 	im_trialImage: autoDraw = True
2323.1255 	DATA 	Keypress: 5
2323.3002 	DATA 	Keypress: 1
2323.9305 	DATA 	Keypress: 5
2324.4444 	EXP 	im_trialImage: autoDraw = False
2324.4444 	EXP 	str_fixITI: autoDraw = True
2324.7309 	DATA 	Keypress: 5
2324.9365 	EXP 	New trial (rep=0, index=2): {'im_fName': 'cl051.jpg', 'key_correct': 1, 'im_type': 'animal', 'im_familiarity': 'familiar'}
2324.9543 	EXP 	str_fixITI: autoDraw = False
2324.9543 	EXP 	im_trialImage: size = array([0.79583333, 0.94259259])
2324.9543 	EXP 	im_trialImage: image = 'cl051.jpg'
2324.9543 	EXP 	im_trialImage: autoDraw = True
2325.5295 	DATA 	Keypress: 5
2326.3295 	DATA 	Keypress: 5
2326.4293 	DATA 	Keypress: 1
2326.9455 	EXP 	im_trialImage: autoDraw = False
2326.9455 	EXP 	str_fixITI: autoDraw = True
2327.1291 	DATA 	Keypress: 5
2327.4389 	EXP 	New trial (rep=0, index=3): {'im_fName': 'cl052.jpg', 'key_correct': 2, 'im_type': 'scene', 'im_familiarity': 'familiar'}
2327.5036 	EXP 	str_fixITI: autoDraw = False
2327.5036 	EXP 	im_trialImage: size = array([0.8       , 0.94814815])
2327.5036 	EXP 	im_trialImage: image = 'cl052.jpg'
2327.5036 	EXP 	im_trialImage: autoDraw = True
2327.9326 	DATA 	Keypress: 5
2328.7316 	DATA 	Keypress: 5
2329.2886 	DATA 	Keypress: 2
2329.4516 	EXP 	im_trialImage: autoDraw = False
2329.4516 	EXP 	str_fixITI: autoDraw = True
2329.5313 	DATA 	Keypress: 5
2329.9380 	EXP 	New trial (rep=0, index=4): {'im_fName': 'cl053.jpg', 'key_correct': 2, 'im_type': 'scene', 'im_familiarity': 'familiar'}
2329.9594 	EXP 	str_fixITI: autoDraw = False
2329.9594 	EXP 	im_trialImage: size = array([0.8       , 0.94814815])
2329.9594 	EXP 	im_trialImage: image = 'cl053.jpg'
2329.9594 	EXP 	im_trialImage: autoDraw = True
2330.3297 	DATA 	Keypress: 5
2331.0527 	DATA 	Keypress: 2
2331.1298 	DATA 	Keypress: 5
2331.9298 	DATA 	Keypress: 5
2331.9507 	EXP 	im_trialImage: autoDraw = False
2331.9507 	EXP 	str_fixITI: autoDraw = True
2332.4360 	EXP 	New trial (rep=0, index=5): {'im_fName': 'cl054.jpg', 'key_correct': 2, 'im_type': 'scene', 'im_familiarity': 'familiar'}
2332.4838 	EXP 	str_fixITI: autoDraw = False
2332.4838 	EXP 	im_trialImage: size = array([0.8       , 0.94814815])
2332.4838 	EXP 	im_trialImage: image = 'cl054.jpg'
2332.4838 	EXP 	im_trialImage: autoDraw = True
2332.7308 	DATA 	Keypress: 5
2333.3638 	DATA 	Keypress: 2
2333.5309 	DATA 	Keypress: 5
2334.3309 	DATA 	Keypress: 5
2334.4419 	EXP 	im_trialImage: autoDraw = False
2334.4419 	EXP 	str_fixITI: autoDraw = True
2334.9355 	EXP 	New trial (rep=0, index=6): {'im_fName': 'cl055.jpg', 'key_correct': 1, 'im_type': 'animal', 'im_familiarity': 'familiar'}
2334.9605 	EXP 	str_fixITI: autoDraw = False
2334.9605 	EXP 	im_trialImage: size = array([0.79583333, 0.94259259])
2334.9605 	EXP 	im_trialImage: image = 'cl055.jpg'
2334.9605 	EXP 	im_trialImage: autoDraw = True
2335.1310 	DATA 	Keypress: 5
2335.8440 	DATA 	Keypress: 1
2335.9299 	DATA 	Keypress: 5
2336.7300 	DATA 	Keypress: 5
2336.9500 	EXP 	im_trialImage: autoDraw = False
2336.9500 	EXP 	str_fixITI: autoDraw = True
2337.4416 	EXP 	New trial (rep=0, index=7): {'im_fName': 'cl056.jpg', 'key_correct': 2, 'im_type': 'scene', 'im_familiarity': 'familiar'}
2337.4666 	EXP 	str_fixITI: autoDraw = False
2337.4666 	EXP 	im_trialImage: size = array([0.8       , 0.94814815])
2337.4666 	EXP 	im_trialImage: image = 'cl056.jpg'
2337.4666 	EXP 	im_trialImage: autoDraw = True
2337.5281 	DATA 	Keypress: 5
2338.3261 	DATA 	Keypress: 5
2338.7131 	DATA 	Keypress: 2
2339.1263 	DATA 	Keypress: 5
2339.4434 	EXP 	im_trialImage: autoDraw = False
2339.4434 	EXP 	str_fixITI: autoDraw = True
2339.9268 	DATA 	Keypress: 5
2339.9437 	EXP 	str_fixITI: autoDraw = False
2339.9437 	EXP 	str_fixRest: autoDraw = True
2340.7278 	DATA 	Keypress: 5
2341.5268 	DATA 	Keypress: 5
2342.3339 	DATA 	Keypress: 5
2343.1278 	DATA 	Keypress: 5
2343.9279 	DATA 	Keypress: 5
2344.7330 	DATA 	Keypress: 5
2345.5262 	DATA 	Keypress: 5
2346.3341 	DATA 	Keypress: 5
2347.1260 	DATA 	Keypress: 5
2347.9263 	DATA 	Keypress: 5
2348.7253 	DATA 	Keypress: 5
2349.5262 	DATA 	Keypress: 5
2350.3332 	DATA 	Keypress: 5
2351.1323 	DATA 	Keypress: 5
2351.4315 	EXP 	str_bangRest: autoDraw = True
2351.4544 	EXP 	str_fixRest: autoDraw = False
2351.9315 	EXP 	New trial (rep=0, index=7): {'trialOrderFile': 'scan_order8.xlsx'}
2351.9383 	EXP 	Imported scan_order8.xlsx as conditions, 8 conditions, 4 params
2351.9385 	EXP 	Created sequence: sequential, trialTypes=8, nReps=1, seed=None
2351.9387 	EXP 	New trial (rep=0, index=0): {'im_fName': 'cl057.jpg', 'key_correct': 2, 'im_type': 'scene', 'im_familiarity': 'novel'}
2351.9528 	DATA 	Keypress: 5
2351.9629 	EXP 	str_fixRest: autoDraw = False
2351.9629 	EXP 	str_bangRest: autoDraw = False
2351.9629 	EXP 	im_trialImage: size = array([0.79583333, 0.94259259])
2351.9629 	EXP 	im_trialImage: image = 'cl057.jpg'
2351.9629 	EXP 	im_trialImage: autoDraw = True
2352.7328 	DATA 	Keypress: 5
2352.9568 	DATA 	Keypress: 2
2353.5309 	DATA 	Keypress: 5
2353.9455 	EXP 	im_trialImage: autoDraw = False
2353.9455 	EXP 	str_fixITI: autoDraw = True
2354.3314 	DATA 	Keypress: 5
2354.4311 	EXP 	New trial (rep=0, index=1): {'im_fName': 'cl058.jpg', 'key_correct': 2, 'im_type': 'scene', 'im_familiarity': 'novel'}
2354.4790 	EXP 	str_fixITI: autoDraw = False
2354.4790 	EXP 	im_trialImage: size = array([0.8       , 0.94814815])
2354.4790 	EXP 	im_trialImage: image = 'cl058.jpg'
2354.4790 	EXP 	im_trialImage: autoDraw = True
2355.1260 	DATA 	Keypress: 5
2355.9343 	DATA 	Keypress: 5
2355.9344 	DATA 	Keypress: 2
2356.4449 	EXP 	im_trialImage: autoDraw = False
2356.4449 	EXP 	str_fixITI: autoDraw = True
2356.7315 	DATA 	Keypress: 5
2356.9305 	EXP 	New trial (rep=0, index=2): {'im_fName': 'cl059.jpg', 'key_correct': 1, 'im_type': 'animal', 'im_familiarity': 'novel'}
2356.9531 	EXP 	str_fixITI: autoDraw = False
2356.9531 	EXP 	im_trialImage: size = array([0.8       , 0.94814815])
2356.9531 	EXP 	im_trialImage: image = 'cl059.jpg'
2356.9531 	EXP 	im_trialImage: autoDraw = True
2357.5342 	DATA 	Keypress: 5
2357.9391 	DATA 	Keypress: 1
2358.3311 	DATA 	Keypress: 5
2358.9473 	EXP 	im_trialImage: autoDraw = False
2358.9473 	EXP 	str_fixITI: autoDraw = True
2359.1317 	DATA 	Keypress: 5
2359.4309 	EXP 	New trial (rep=0, index=3): {'im_fName': 'cl060.jpg', 'key_correct': 2, 'im_type': 'scene', 'im_familiarity': 'novel'}
2359.4612 	EXP 	str_fixITI: autoDraw = False
2359.4612 	EXP 	im_trialImage: size = array([0.79375   , 0.93888889])
2359.4612 	EXP 	im_trialImage: image = 'cl060.jpg'
2359.4612 	EXP 	im_trialImage: autoDraw = True
2359.9312 	DATA 	Keypress: 5
2360.5292 	DATA 	Keypress: 2
2360.7302 	DATA 	Keypress: 5
2361.4521 	EXP 	im_trialImage: autoDraw = False
2361.4521 	EXP 	str_fixITI: autoDraw = True
2361.5286 	DATA 	Keypress: 5
2361.9307 	EXP 	New trial (rep=0, index=4): {'im_fName': 'cl061.jpg', 'key_correct': 2, 'im_type': 'scene', 'im_familiarity': 'novel'}
2361.9534 	EXP 	str_fixITI: autoDraw = False
2361.9534 	EXP 	im_trialImage: size = array([0.8       , 0.94814815])
2361.9534 	EXP 	im_trialImage: image = 'cl061.jpg'
2361.9534 	EXP 	im_trialImage: autoDraw = True
2362.3373 	DATA 	Keypress: 5
2363.1373 	DATA 	Keypress: 5
2363.4623 	DATA 	Keypress: 2
2363.9294 	DATA 	Keypress: 5
2363.9515 	EXP 	im_trialImage: autoDraw = False
2363.9515 	EXP 	str_fixITI: autoDraw = True
2364.4387 	EXP 	New trial (rep=0, index=5): {'im_fName': 'cl062.jpg', 'key_correct': 1, 'im_type': 'animal', 'im_familiarity': 'novel'}
2364.4597 	EXP 	str_fixITI: autoDraw = False
2364.4597 	EXP 	im_trialImage: size = array([0.8       , 0.94814815])
2364.4597 	EXP 	im_trialImage: image = 'cl062.jpg'
2364.4597 	EXP 	im_trialImage: autoDraw = True
2364.7284 	DATA 	Keypress: 5
2365.5365 	DATA 	Keypress: 5
2365.9955 	DATA 	Keypress: 1
2366.3284 	DATA 	Keypress: 5
2366.4448 	EXP 	im_trialImage: autoDraw = False
2366.4448 	EXP 	str_fixITI: autoDraw = True
2366.9358 	EXP 	New trial (rep=0, index=6): {'im_fName': 'cl063.jpg', 'key_correct': 1, 'im_type': 'animal', 'im_familiarity': 'novel'}
2366.9595 	EXP 	str_fixITI: autoDraw = False
2366.9595 	EXP 	im_trialImage: size = array([0.79583333, 0.94259259])
2366.9595 	EXP 	im_trialImage: image = 'cl063.jpg'
2366.9595 	EXP 	im_trialImage: autoDraw = True
2367.1295 	DATA 	Keypress: 5
2367.9366 	DATA 	Keypress: 5
2368.2696 	DATA 	Keypress: 1
2368.7356 	DATA 	Keypress: 5
2368.9428 	EXP 	im_trialImage: autoDraw = False
2368.9428 	EXP 	str_fixITI: autoDraw = True
2369.4356 	EXP 	New trial (rep=0, index=7): {'im_fName': 'cl064.jpg', 'key_correct': 1, 'im_type': 'animal', 'im_familiarity': 'novel'}
2369.4585 	EXP 	str_fixITI: autoDraw = False
2369.4585 	EXP 	im_trialImage: size = array([0.79583333, 0.94259259])
2369.4585 	EXP 	im_trialImage: image = 'cl064.jpg'
2369.4585 	EXP 	im_trialImage: autoDraw = True
2369.5357 	DATA 	Keypress: 5
2370.3357 	DATA 	Keypress: 5
2370.6357 	DATA 	Keypress: 1
2371.1358 	DATA 	Keypress: 5
2371.4419 	EXP 	im_trialImage: autoDraw = False
2371.4419 	EXP 	str_fixITI: autoDraw = True
2371.9283 	DATA 	Keypress: 5
2371.9497 	EXP 	str_fixITI: autoDraw = False
2371.9497 	EXP 	str_fixRest: autoDraw = True
2372.7284 	DATA 	Keypress: 5
2373.5283 	DATA 	Keypress: 5
2374.3345 	DATA 	Keypress: 5
2375.1346 	DATA 	Keypress: 5
2375.9267 	DATA 	Keypress: 5
2376.7267 	DATA 	Keypress: 5
2377.5276 	DATA 	Keypress: 5
2378.3336 	DATA 	Keypress: 5
2379.1347 	DATA 	Keypress: 5
2379.9277 	DATA 	Keypress: 5
2380.7269 	DATA 	Keypress: 5
2381.5348 	DATA 	Keypress: 5
2382.3327 	DATA 	Keypress: 5
2383.1339 	DATA 	Keypress: 5
2383.4326 	EXP 	str_bangRest: autoDraw = True
2383.4554 	EXP 	str_fixRest: autoDraw = False
2383.9253 	EXP 	New trial (rep=0, index=8): {'trialOrderFile': 'scan_order9.xlsx'}
2383.9316 	EXP 	Imported scan_order9.xlsx as conditions, 8 conditions, 4 params
2383.9319 	EXP 	Created sequence: sequential, trialTypes=8, nReps=1, seed=None
2383.9321 	EXP 	New trial (rep=0, index=0): {'im_fName': 'cl065.jpg', 'key_correct': 2, 'im_type': 'scene', 'im_familiarity': 'familiar'}
2383.9504 	DATA 	Keypress: 5
2383.9586 	EXP 	str_bangRest: autoDraw = False
2383.9586 	EXP 	str_fixRest: autoDraw = False
2383.9586 	EXP 	str_bangRest: autoDraw = False
2383.9586 	EXP 	im_trialImage: size = array([0.8       , 0.94814815])
2383.9586 	EXP 	im_trialImage: image = 'cl065.jpg'
2383.9586 	EXP 	im_trialImage: autoDraw = True
2384.7275 	DATA 	Keypress: 5
2384.8504 	DATA 	Keypress: 2
2385.5325 	DATA 	Keypress: 5
2385.9384 	EXP 	im_trialImage: autoDraw = False
2385.9384 	EXP 	str_fixITI: autoDraw = True
2386.3341 	DATA 	Keypress: 5
2386.4330 	EXP 	New trial (rep=0, index=1): {'im_fName': 'cl066.jpg', 'key_correct': 1, 'im_type': 'animal', 'im_familiarity': 'familiar'}
2386.4556 	EXP 	str_fixITI: autoDraw = False
2386.4556 	EXP 	im_trialImage: size = array([0.79583333, 0.94259259])
2386.4556 	EXP 	im_trialImage: image = 'cl066.jpg'
2386.4556 	EXP 	im_trialImage: autoDraw = True
2387.1355 	DATA 	Keypress: 5
2387.3685 	DATA 	Keypress: 1
2387.9266 	DATA 	Keypress: 5
2388.4468 	EXP 	im_trialImage: autoDraw = False
2388.4468 	EXP 	str_fixITI: autoDraw = True
2388.7311 	DATA 	Keypress: 5
2388.9389 	EXP 	New trial (rep=0, index=2): {'im_fName': 'cl067.jpg', 'key_correct': 2, 'im_type': 'scene', 'im_familiarity': 'familiar'}
2388.9628 	EXP 	str_fixITI: autoDraw = False
2388.9628 	EXP 	im_trialImage: size = array([0.8       , 0.94814815])
2388.9628 	EXP 	im_trialImage: image = 'cl067.jpg'
2388.9628 	EXP 	im_trialImage: autoDraw = True
2389.5347 	DATA 	Keypress: 5
2389.7247 	DATA 	Keypress: 2
2390.3347 	DATA 	Keypress: 5
2390.9397 	EXP 	im_trialImage: autoDraw = False
2390.9397 	EXP 	str_fixITI: autoDraw = True
2391.1313 	DATA 	Keypress: 5
2391.4373 	EXP 	New trial (rep=0, index=3): {'im_fName': 'cl068.jpg', 'key_correct': 1, 'im_type': 'animal', 'im_familiarity': 'familiar'}
2391.4621 	EXP 	str_fixITI: autoDraw = False
2391.4621 	EXP 	im_trialImage: size = array([0.79583333, 0.94259259])
2391.4621 	EXP 	im_trialImage: image = 'cl068.jpg'
2391.4621 	EXP 	im_trialImage: autoDraw = True
2391.9328 	DATA 	Keypress: 5
2392.1908 	DATA 	Keypress: 1
2392.7339 	DATA 	Keypress: 5
2393.4389 	EXP 	im_trialImage: autoDraw = False
2393.4389 	EXP 	str_fixITI: autoDraw = True
2393.5315 	DATA 	Keypress: 5
2393.9305 	EXP 	New trial (rep=0, index=4): {'im_fName': 'cl069.jpg', 'key_correct': 1, 'im_type': 'animal', 'im_familiarity': 'familiar'}
2393.9528 	EXP 	str_fixITI: autoDraw = False
2393.9528 	EXP 	im_trialImage: size = array([0.79583333, 0.94259259])
2393.9528 	EXP 	im_trialImage: image = 'cl069.jpg'
2393.9528 	EXP 	im_trialImage: autoDraw = True
2394.3297 	DATA 	Keypress: 5
2394.8999 	DATA 	Keypress: 1
2395.1330 	DATA 	Keypress: 5
2395.9337 	DATA 	Keypress: 5
2395.9441 	EXP 	im_trialImage: autoDraw = False
2395.9441 	EXP 	str_fixITI: autoDraw = True
2396.4371 	EXP 	New trial (rep=0, index=5): {'im_fName': 'cl070.jpg', 'key_correct': 2, 'im_type': 'scene', 'im_familiarity': 'familiar'}
2396.4942 	EXP 	str_fixITI: autoDraw = False
2396.4942 	EXP 	im_trialImage: size = array([0.8       , 0.94814815])
2396.4942 	EXP 	im_trialImage: image = 'cl070.jpg'
2396.4942 	EXP 	im_trialImage: autoDraw = True
2396.7310 	DATA 	Keypress: 5
2397.4211 	DATA 	Keypress: 2
2397.5311 	DATA 	Keypress: 5
2398.3290 	DATA 	Keypress: 5
2398.4455 	EXP 	im_trialImage: autoDraw = False
2398.4455 	EXP 	str_fixITI: autoDraw = True
2398.9438 	EXP 	New trial (rep=0, index=6): {'im_fName': 'cl071.jpg', 'key_correct': 2, 'im_type': 'scene', 'im_familiarity': 'familiar'}
2398.9883 	EXP 	str_fixITI: autoDraw = False
2398.9883 	EXP 	im_trialImage: size = array([0.8       , 0.94814815])
2398.9883 	EXP 	im_trialImage: image = 'cl071.jpg'
2398.9883 	EXP 	im_trialImage: autoDraw = True
2399.1372 	DATA 	Keypress: 5
2399.9372 	DATA 	Keypress: 5
2400.1702 	DATA 	Keypress: 2
2400.7372 	DATA 	Keypress: 5
2400.9432 	EXP 	im_trialImage: autoDraw = False
2400.9432 	EXP 	str_fixITI: autoDraw = True
2401.4366 	EXP 	New trial (rep=0, index=7): {'im_fName': 'cl072.jpg', 'key_correct': 1, 'im_type': 'animal', 'im_familiarity': 'familiar'}
2401.4623 	EXP 	str_fixITI: autoDraw = False
2401.4623 	EXP 	im_trialImage: size = array([0.79583333, 0.94259259])
2401.4623 	EXP 	im_trialImage: image = 'cl072.jpg'
2401.4623 	EXP 	im_trialImage: autoDraw = True
2401.5282 	DATA 	Keypress: 5
2402.2703 	DATA 	Keypress: 1
2402.3363 	DATA 	Keypress: 5
2403.1364 	DATA 	Keypress: 5
2403.4441 	EXP 	im_trialImage: autoDraw = False
2403.4441 	EXP 	str_fixITI: autoDraw = True
2403.9289 	DATA 	Keypress: 5
2403.9505 	EXP 	str_fixITI: autoDraw = False
2403.9505 	EXP 	str_fixRest: autoDraw = True
2404.7290 	DATA 	Keypress: 5
2405.5280 	DATA 	Keypress: 5
2406.3349 	DATA 	Keypress: 5
2407.1290 	DATA 	Keypress: 5
2407.9269 	DATA 	Keypress: 5
2408.7291 	DATA 	Keypress: 5
2409.5264 	DATA 	Keypress: 5
2410.3264 	DATA 	Keypress: 5
2411.1272 	DATA 	Keypress: 5
2411.9265 	DATA 	Keypress: 5
2412.7283 	DATA 	Keypress: 5
2413.5274 	DATA 	Keypress: 5
2414.3334 	DATA 	Keypress: 5
2415.1334 	DATA 	Keypress: 5
2415.4337 	EXP 	str_bangRest: autoDraw = True
2415.4582 	EXP 	str_fixRest: autoDraw = False
2415.9258 	DATA 	Keypress: 5
2415.9345 	EXP 	New trial (rep=0, index=9): {'trialOrderFile': 'scan_order10.xlsx'}
2415.9407 	EXP 	Imported scan_order10.xlsx as conditions, 8 conditions, 4 params
2415.9409 	EXP 	Created sequence: sequential, trialTypes=8, nReps=1, seed=None
2415.9412 	EXP 	New trial (rep=0, index=0): {'im_fName': 'cl073.jpg', 'key_correct': 2, 'im_type': 'scene', 'im_familiarity': 'novel'}
2415.9832 	EXP 	str_fixRest: autoDraw = False
2415.9832 	EXP 	str_bangRest: autoDraw = False
2415.9832 	EXP 	im_trialImage: size = array([0.8       , 0.94814815])
2415.9832 	EXP 	im_trialImage: image = 'cl073.jpg'
2415.9832 	EXP 	im_trialImage: autoDraw = True
2416.7351 	DATA 	Keypress: 5
2417.0350 	DATA 	Keypress: 2
2417.5351 	DATA 	Keypress: 5
2417.9472 	EXP 	im_trialImage: autoDraw = False
2417.9472 	EXP 	str_fixITI: autoDraw = True
2418.3261 	DATA 	Keypress: 5
2418.4341 	EXP 	New trial (rep=0, index=1): {'im_fName': 'cl074.jpg', 'key_correct': 2, 'im_type': 'scene', 'im_familiarity': 'novel'}
2418.4579 	EXP 	str_fixITI: autoDraw = False
2418.4579 	EXP 	im_trialImage: size = array([0.79583333, 0.94259259])
2418.4579 	EXP 	im_trialImage: image = 'cl074.jpg'
2418.4579 	EXP 	im_trialImage: autoDraw = True
2419.1282 	DATA 	Keypress: 5
2419.6172 	DATA 	Keypress: 2
2419.9273 	DATA 	Keypress: 5
2420.4476 	EXP 	im_trialImage: autoDraw = False
2420.4476 	EXP 	str_fixITI: autoDraw = True
2420.7327 	DATA 	Keypress: 5
2420.9317 	EXP 	New trial (rep=0, index=2): {'im_fName': 'cl075.jpg', 'key_correct': 1, 'im_type': 'animal', 'im_familiarity': 'novel'}
2420.9731 	EXP 	str_fixITI: autoDraw = False
2420.9731 	EXP 	im_trialImage: size = array([0.79583333, 0.94259259])
2420.9731 	EXP 	im_trialImage: image = 'cl075.jpg'
2420.9731 	EXP 	im_trialImage: autoDraw = True
2421.5333 	DATA 	Keypress: 5
2421.9853 	DATA 	Keypress: 1
2422.3323 	DATA 	Keypress: 5
2422.9473 	EXP 	im_trialImage: autoDraw = False
2422.9473 	EXP 	str_fixITI: autoDraw = True
2423.1398 	DATA 	Keypress: 5
2423.4319 	EXP 	New trial (rep=0, index=3): {'im_fName': 'cl076.jpg', 'key_correct': 1, 'im_type': 'animal', 'im_familiarity': 'novel'}
2423.4492 	EXP 	str_fixITI: autoDraw = False
2423.4492 	EXP 	im_trialImage: size = array([0.79583333, 0.94259259])
2423.4492 	EXP 	im_trialImage: image = 'cl076.jpg'
2423.4492 	EXP 	im_trialImage: autoDraw = True
2423.9314 	DATA 	Keypress: 5
2424.6645 	DATA 	Keypress: 1
2424.7314 	DATA 	Keypress: 5
2425.4478 	EXP 	im_trialImage: autoDraw = False
2425.4478 	EXP 	str_fixITI: autoDraw = True
2425.5311 	DATA 	Keypress: 5
2425.9387 	EXP 	New trial (rep=0, index=4): {'im_fName': 'cl077.jpg', 'key_correct': 2, 'im_type': 'scene', 'im_familiarity': 'novel'}
2425.9645 	EXP 	str_fixITI: autoDraw = False
2425.9645 	EXP 	im_trialImage: size = array([0.8       , 0.94814815])
2425.9645 	EXP 	im_trialImage: image = 'cl077.jpg'
2425.9645 	EXP 	im_trialImage: autoDraw = True
2426.3345 	DATA 	Keypress: 5
2427.1245 	DATA 	Keypress: 2
2427.1345 	DATA 	Keypress: 5
2427.9391 	DATA 	Keypress: 5
2427.9458 	EXP 	im_trialImage: autoDraw = False
2427.9458 	EXP 	str_fixITI: autoDraw = True
2428.4313 	EXP 	New trial (rep=0, index=5): {'im_fName': 'cl078.jpg', 'key_correct': 1, 'im_type': 'animal', 'im_familiarity': 'novel'}
2428.4536 	EXP 	str_fixITI: autoDraw = False
2428.4536 	EXP 	im_trialImage: size = array([0.79583333, 0.94259259])
2428.4536 	EXP 	im_trialImage: image = 'cl078.jpg'
2428.4536 	EXP 	im_trialImage: autoDraw = True
2428.7337 	DATA 	Keypress: 5
2429.5338 	DATA 	Keypress: 5
2429.5907 	DATA 	Keypress: 1
2430.3387 	DATA 	Keypress: 5
2430.4447 	EXP 	im_trialImage: autoDraw = False
2430.4447 	EXP 	str_fixITI: autoDraw = True
2430.9364 	EXP 	New trial (rep=0, index=6): {'im_fName': 'cl079.jpg', 'key_correct': 1, 'im_type': 'animal', 'im_familiarity': 'novel'}
2430.9556 	EXP 	str_fixITI: autoDraw = False
2430.9556 	EXP 	im_trialImage: size = array([0.79583333, 0.94259259])
2430.9556 	EXP 	im_trialImage: image = 'cl079.jpg'
2430.9556 	EXP 	im_trialImage: autoDraw = True
2431.1377 	DATA 	Keypress: 5
2431.9378 	DATA 	Keypress: 5
2432.2048 	DATA 	Keypress: 1
2432.7378 	DATA 	Keypress: 5
2432.9451 	EXP 	im_trialImage: autoDraw = False
2432.9451 	EXP 	str_fixITI: autoDraw = True
2433.4358 	EXP 	New trial (rep=0, index=7): {'im_fName': 'cl080.jpg', 'key_correct': 2, 'im_type': 'scene', 'im_familiarity': 'novel'}
2433.4538 	EXP 	str_fixITI: autoDraw = False
2433.4538 	EXP 	im_trialImage: size = array([0.79583333, 0.94259259])
2433.4538 	EXP 	im_trialImage: image = 'cl080.jpg'
2433.4538 	EXP 	im_trialImage: autoDraw = True
2433.5309 	DATA 	Keypress: 5
2434.3309 	DATA 	Keypress: 5
2434.8409 	DATA 	Keypress: 2
2435.1310 	DATA 	Keypress: 5
2435.4519 	EXP 	im_trialImage: autoDraw = False
2435.4519 	EXP 	str_fixITI: autoDraw = True
2435.9285 	DATA 	Keypress: 5
2435.9456 	EXP 	str_fixITI: autoDraw = False
2435.9456 	EXP 	str_fixRest: autoDraw = True
2436.7287 	DATA 	Keypress: 5
2437.5296 	DATA 	Keypress: 5
2438.3297 	DATA 	Keypress: 5
2439.1306 	DATA 	Keypress: 5
2439.9297 	DATA 	Keypress: 5
2440.7285 	DATA 	Keypress: 5
2441.5297 	DATA 	Keypress: 5
2442.3348 	DATA 	Keypress: 5
2443.1288 	DATA 	Keypress: 5
2443.9271 	DATA 	Keypress: 5
2444.7350 	DATA 	Keypress: 5
2445.5271 	DATA 	Keypress: 5
2446.3351 	DATA 	Keypress: 5
2447.1280 	DATA 	Keypress: 5
2447.4343 	EXP 	str_bangRest: autoDraw = True
2447.4571 	EXP 	str_fixRest: autoDraw = False
2447.9325 	EXP 	New trial (rep=0, index=10): {'trialOrderFile': 'scan_order11.xlsx'}
2447.9388 	EXP 	Imported scan_order11.xlsx as conditions, 8 conditions, 4 params
2447.9391 	EXP 	Created sequence: sequential, trialTypes=8, nReps=1, seed=None
2447.9393 	EXP 	New trial (rep=0, index=0): {'im_fName': 'cl081.jpg', 'key_correct': 1, 'im_type': 'animal', 'im_familiarity': 'familiar'}
2447.9486 	DATA 	Keypress: 5
2447.9569 	EXP 	str_fixRest: autoDraw = False
2447.9569 	EXP 	str_bangRest: autoDraw = False
2447.9569 	EXP 	im_trialImage: size = array([0.79583333, 0.94259259])
2447.9569 	EXP 	im_trialImage: image = 'cl081.jpg'
2447.9569 	EXP 	im_trialImage: autoDraw = True
2448.7096 	DATA 	Keypress: 1
2448.7296 	DATA 	Keypress: 5
2449.5286 	DATA 	Keypress: 5
2449.9487 	EXP 	im_trialImage: autoDraw = False
2449.9487 	EXP 	str_fixITI: autoDraw = True
2450.3343 	DATA 	Keypress: 5
2450.4334 	EXP 	New trial (rep=0, index=1): {'im_fName': 'cl082.jpg', 'key_correct': 1, 'im_type': 'animal', 'im_familiarity': 'familiar'}
2450.4507 	EXP 	str_fixITI: autoDraw = False
2450.4507 	EXP 	im_trialImage: size = array([0.79583333, 0.94259259])
2450.4507 	EXP 	im_trialImage: image = 'cl082.jpg'
2450.4507 	EXP 	im_trialImage: autoDraw = True
2451.1347 	DATA 	Keypress: 5
2451.1687 	DATA 	Keypress: 1
2451.9269 	DATA 	Keypress: 5
2452.4476 	EXP 	im_trialImage: autoDraw = False
2452.4476 	EXP 	str_fixITI: autoDraw = True
2452.7344 	DATA 	Keypress: 5
2452.9331 	EXP 	New trial (rep=0, index=2): {'im_fName': 'cl083.jpg', 'key_correct': 2, 'im_type': 'scene', 'im_familiarity': 'familiar'}
2452.9728 	EXP 	str_fixITI: autoDraw = False
2452.9728 	EXP 	im_trialImage: size = array([0.8       , 0.94814815])
2452.9728 	EXP 	im_trialImage: image = 'cl083.jpg'
2452.9728 	EXP 	im_trialImage: autoDraw = True
2453.5279 	DATA 	Keypress: 5
2453.7409 	DATA 	Keypress: 2
2454.3281 	DATA 	Keypress: 5
2454.9482 	EXP 	im_trialImage: autoDraw = False
2454.9482 	EXP 	str_fixITI: autoDraw = True
2455.1325 	DATA 	Keypress: 5
2455.4336 	EXP 	New trial (rep=0, index=3): {'im_fName': 'cl084.jpg', 'key_correct': 1, 'im_type': 'animal', 'im_familiarity': 'familiar'}
2455.4571 	EXP 	str_fixITI: autoDraw = False
2455.4571 	EXP 	im_trialImage: size = array([0.79583333, 0.94259259])
2455.4571 	EXP 	im_trialImage: image = 'cl084.jpg'
2455.4571 	EXP 	im_trialImage: autoDraw = True
2455.9320 	DATA 	Keypress: 5
2456.3010 	DATA 	Keypress: 1
2456.7340 	DATA 	Keypress: 5
2457.4464 	EXP 	im_trialImage: autoDraw = False
2457.4464 	EXP 	str_fixITI: autoDraw = True
2457.5326 	DATA 	Keypress: 5
2457.9325 	EXP 	New trial (rep=0, index=4): {'im_fName': 'cl085.jpg', 'key_correct': 1, 'im_type': 'animal', 'im_familiarity': 'familiar'}
2457.9546 	EXP 	str_fixITI: autoDraw = False
2457.9546 	EXP 	im_trialImage: size = array([0.79583333, 0.94259259])
2457.9546 	EXP 	im_trialImage: image = 'cl085.jpg'
2457.9546 	EXP 	im_trialImage: autoDraw = True
2458.3331 	DATA 	Keypress: 5
2458.8571 	DATA 	Keypress: 1
2459.1331 	DATA 	Keypress: 5
2459.9338 	DATA 	Keypress: 5
2459.9459 	EXP 	im_trialImage: autoDraw = False
2459.9459 	EXP 	str_fixITI: autoDraw = True
2460.4330 	EXP 	New trial (rep=0, index=5): {'im_fName': 'cl086.jpg', 'key_correct': 2, 'im_type': 'scene', 'im_familiarity': 'familiar'}
2460.4627 	EXP 	str_fixITI: autoDraw = False
2460.4627 	EXP 	im_trialImage: size = array([0.8       , 0.94814815])
2460.4627 	EXP 	im_trialImage: image = 'cl086.jpg'
2460.4627 	EXP 	im_trialImage: autoDraw = True
2460.7333 	DATA 	Keypress: 5
2461.4093 	DATA 	Keypress: 2
2461.5332 	DATA 	Keypress: 5
2462.3343 	DATA 	Keypress: 5
2462.4453 	EXP 	im_trialImage: autoDraw = False
2462.4453 	EXP 	str_fixITI: autoDraw = True
2462.9373 	EXP 	New trial (rep=0, index=6): {'im_fName': 'cl087.jpg', 'key_correct': 2, 'im_type': 'scene', 'im_familiarity': 'familiar'}
2462.9553 	EXP 	str_fixITI: autoDraw = False
2462.9553 	EXP 	im_trialImage: size = array([0.8       , 0.94814815])
2462.9553 	EXP 	im_trialImage: image = 'cl087.jpg'
2462.9553 	EXP 	im_trialImage: autoDraw = True
2463.1324 	DATA 	Keypress: 5
2463.9324 	DATA 	Keypress: 5
2463.9554 	DATA 	Keypress: 2
2464.7325 	DATA 	Keypress: 5
2464.9384 	EXP 	im_trialImage: autoDraw = False
2464.9384 	EXP 	str_fixITI: autoDraw = True
2465.4377 	EXP 	New trial (rep=0, index=7): {'im_fName': 'cl088.jpg', 'key_correct': 2, 'im_type': 'scene', 'im_familiarity': 'familiar'}
2465.4983 	EXP 	str_fixITI: autoDraw = False
2465.4983 	EXP 	im_trialImage: size = array([0.8       , 0.94814815])
2465.4983 	EXP 	im_trialImage: image = 'cl088.jpg'
2465.4983 	EXP 	im_trialImage: autoDraw = True
2465.5384 	DATA 	Keypress: 5
2466.3315 	DATA 	Keypress: 5
2466.3985 	DATA 	Keypress: 2
2467.1336 	DATA 	Keypress: 5
2467.4447 	EXP 	im_trialImage: autoDraw = False
2467.4447 	EXP 	str_fixITI: autoDraw = True
2467.9330 	DATA 	Keypress: 5
2467.9440 	EXP 	str_fixITI: autoDraw = False
2467.9440 	EXP 	str_fixRest: autoDraw = True
2468.7291 	DATA 	Keypress: 5
2469.5293 	DATA 	Keypress: 5
2470.3303 	DATA 	Keypress: 5
2471.1362 	DATA 	Keypress: 5
2471.9313 	DATA 	Keypress: 5
2472.7314 	DATA 	Keypress: 5
2473.5284 	DATA 	Keypress: 5
2474.3294 	DATA 	Keypress: 5
2475.1284 	DATA 	Keypress: 5
2475.9295 	DATA 	Keypress: 5
2476.7285 	DATA 	Keypress: 5
2477.5285 	DATA 	Keypress: 5
2478.3276 	DATA 	Keypress: 5
2479.1346 	DATA 	Keypress: 5
2479.4280 	EXP 	str_bangRest: autoDraw = True
2479.4499 	EXP 	str_fixRest: autoDraw = False
2479.9263 	EXP 	New trial (rep=0, index=11): {'trialOrderFile': 'scan_order12.xlsx'}
2479.9326 	EXP 	Imported scan_order12.xlsx as conditions, 8 conditions, 4 params
2479.9328 	EXP 	Created sequence: sequential, trialTypes=8, nReps=1, seed=None
2479.9330 	EXP 	New trial (rep=0, index=0): {'im_fName': 'cl089.jpg', 'key_correct': 2, 'im_type': 'scene', 'im_familiarity': 'novel'}
2479.9463 	DATA 	Keypress: 5
2479.9583 	EXP 	str_bangRest: autoDraw = False
2479.9583 	EXP 	str_fixRest: autoDraw = False
2479.9583 	EXP 	str_bangRest: autoDraw = False
2479.9583 	EXP 	im_trialImage: size = array([0.79583333, 0.94259259])
2479.9583 	EXP 	im_trialImage: image = 'cl089.jpg'
2479.9583 	EXP 	im_trialImage: autoDraw = True
2480.7264 	DATA 	Keypress: 5
2481.1803 	DATA 	Keypress: 2
2481.5264 	DATA 	Keypress: 5
2481.9435 	EXP 	im_trialImage: autoDraw = False
2481.9435 	EXP 	str_fixITI: autoDraw = True
2482.3298 	DATA 	Keypress: 5
2482.4413 	EXP 	New trial (rep=0, index=1): {'im_fName': 'cl090.jpg', 'key_correct': 1, 'im_type': 'animal', 'im_familiarity': 'novel'}
2482.4601 	EXP 	str_fixITI: autoDraw = False
2482.4601 	EXP 	im_trialImage: size = array([0.79583333, 0.94259259])
2482.4601 	EXP 	im_trialImage: image = 'cl090.jpg'
2482.4601 	EXP 	im_trialImage: autoDraw = True
2483.1274 	DATA 	Keypress: 5
2483.5374 	DATA 	Keypress: 1
2483.9275 	DATA 	Keypress: 5
2484.4484 	EXP 	im_trialImage: autoDraw = False
2484.4484 	EXP 	str_fixITI: autoDraw = True
2484.7359 	DATA 	Keypress: 5
2484.9347 	EXP 	New trial (rep=0, index=2): {'im_fName': 'cl091.jpg', 'key_correct': 1, 'im_type': 'animal', 'im_familiarity': 'novel'}
2484.9923 	EXP 	str_fixITI: autoDraw = False
2484.9923 	EXP 	im_trialImage: size = array([0.79583333, 0.94259259])
2484.9923 	EXP 	im_trialImage: image = 'cl091.jpg'
2484.9923 	EXP 	im_trialImage: autoDraw = True
2485.5284 	DATA 	Keypress: 5
2486.3355 	DATA 	Keypress: 5
2486.4505 	DATA 	Keypress: 1
2486.9479 	EXP 	im_trialImage: autoDraw = False
2486.9479 	EXP 	str_fixITI: autoDraw = True
2487.1361 	DATA 	Keypress: 5
2487.4333 	EXP 	New trial (rep=0, index=3): {'im_fName': 'cl092.jpg', 'key_correct': 1, 'im_type': 'animal', 'im_familiarity': 'novel'}
2487.4505 	EXP 	str_fixITI: autoDraw = False
2487.4505 	EXP 	im_trialImage: size = array([0.79583333, 0.94259259])
2487.4505 	EXP 	im_trialImage: image = 'cl092.jpg'
2487.4505 	EXP 	im_trialImage: autoDraw = True
2487.9337 	DATA 	Keypress: 5
2488.7326 	DATA 	Keypress: 5
2488.7666 	DATA 	Keypress: 1
2489.4398 	EXP 	im_trialImage: autoDraw = False
2489.4398 	EXP 	str_fixITI: autoDraw = True
2489.5353 	DATA 	Keypress: 5
2489.9340 	EXP 	New trial (rep=0, index=4): {'im_fName': 'cl093.jpg', 'key_correct': 1, 'im_type': 'animal', 'im_familiarity': 'novel'}
2489.9554 	EXP 	str_fixITI: autoDraw = False
2489.9554 	EXP 	im_trialImage: size = array([0.79583333, 0.94259259])
2489.9554 	EXP 	im_trialImage: image = 'cl093.jpg'
2489.9554 	EXP 	im_trialImage: autoDraw = True
2490.3357 	DATA 	Keypress: 5
2491.1357 	DATA 	Keypress: 5
2491.3588 	DATA 	Keypress: 1
2491.9364 	DATA 	Keypress: 5
2491.9467 	EXP 	im_trialImage: autoDraw = False
2491.9467 	EXP 	str_fixITI: autoDraw = True
2492.4326 	EXP 	New trial (rep=0, index=5): {'im_fName': 'cl094.jpg', 'key_correct': 2, 'im_type': 'scene', 'im_familiarity': 'novel'}
2492.4636 	EXP 	str_fixITI: autoDraw = False
2492.4636 	EXP 	im_trialImage: size = array([0.8       , 0.94814815])
2492.4636 	EXP 	im_trialImage: image = 'cl094.jpg'
2492.4636 	EXP 	im_trialImage: autoDraw = True
2492.7358 	DATA 	Keypress: 5
2493.5338 	DATA 	Keypress: 5
2494.0439 	DATA 	Keypress: 2
2494.3339 	DATA 	Keypress: 5
2494.4462 	EXP 	im_trialImage: autoDraw = False
2494.4462 	EXP 	str_fixITI: autoDraw = True
2494.9384 	EXP 	New trial (rep=0, index=6): {'im_fName': 'cl095.jpg', 'key_correct': 2, 'im_type': 'scene', 'im_familiarity': 'novel'}
2494.9564 	EXP 	str_fixITI: autoDraw = False
2494.9564 	EXP 	im_trialImage: size = array([0.8       , 0.94814815])
2494.9564 	EXP 	im_trialImage: image = 'cl095.jpg'
2494.9564 	EXP 	im_trialImage: autoDraw = True
2495.1400 	DATA 	Keypress: 5
2495.9400 	DATA 	Keypress: 5
2496.6679 	DATA 	Keypress: 2
2496.7310 	DATA 	Keypress: 5
2496.9390 	EXP 	im_trialImage: autoDraw = False
2496.9390 	EXP 	str_fixITI: autoDraw = True
2497.4308 	EXP 	New trial (rep=0, index=7): {'im_fName': 'cl096.jpg', 'key_correct': 2, 'im_type': 'scene', 'im_familiarity': 'novel'}
2497.4482 	EXP 	str_fixITI: autoDraw = False
2497.4482 	EXP 	im_trialImage: size = array([0.8       , 0.94814815])
2497.4482 	EXP 	im_trialImage: image = 'cl096.jpg'
2497.4482 	EXP 	im_trialImage: autoDraw = True
2497.5311 	DATA 	Keypress: 5
2498.3319 	DATA 	Keypress: 5
2499.1341 	DATA 	Keypress: 5
2499.4450 	EXP 	im_trialImage: autoDraw = False
2499.4450 	EXP 	str_fixITI: autoDraw = True
2499.4637 	DATA 	Keypress: 2
2499.9385 	DATA 	Keypress: 5
2499.9460 	EXP 	str_fixITI: autoDraw = False
2499.9460 	EXP 	str_fixRest: autoDraw = True
2500.7307 	DATA 	Keypress: 5
2501.5328 	DATA 	Keypress: 5
2502.3298 	DATA 	Keypress: 5
2503.1378 	DATA 	Keypress: 5
2503.9309 	DATA 	Keypress: 5
2504.7319 	DATA 	Keypress: 5
2505.5310 	DATA 	Keypress: 5
2506.3320 	DATA 	Keypress: 5
2507.1301 	DATA 	Keypress: 5
2507.9311 	DATA 	Keypress: 5
2508.7361 	DATA 	Keypress: 5
2509.5282 	DATA 	Keypress: 5
2510.3362 	DATA 	Keypress: 5
2511.1273 	DATA 	Keypress: 5
2511.4370 	EXP 	str_bangRest: autoDraw = True
2511.4505 	EXP 	str_fixRest: autoDraw = False
2511.9283 	DATA 	Keypress: 5
2511.9505 	EXP 	str_fixRest: autoDraw = False
2511.9505 	EXP 	str_bangRest: autoDraw = False
2511.9505 	EXP 	str_end: autoDraw = True
2515.8268 	DATA 	Keypress: space
2515.8339 	EXP 	str_end: autoDraw = False
2515.9573 	EXP 	window1: mouseVisible = True
