1.1059 	WARNING 	We strongly recommend you activate the PTB sound engine in PsychoPy prefs as the preferred audio engine. Its timing is vastly superior. Your prefs are currently set to use ['sounddevice', 'PTB', 'pyo', 'pygame'] (in that order).
2146.7940 	EXP 	Created window1 = Window(allowGUI=False, allowStencil=False, autoLog=True, backendConf=UNKNOWN, bitsMode=UNKNOWN, blendMode='avg', bpc=(8, 8, 8), color=array([0, 0, 0]), colorSpace='rgb', depthBits=8, fullscr=<method-wrapper '__getattribute__' of attributeSetter object at 0x0000000013E34F98>, gamma=None, gammaErrorPolicy='raise', lms=UNKNOWN, monitor=<psychopy.monitors.calibTools.Monitor object at 0x0000000013E54630>, multiSample=False, name='window1', numSamples=2, pos=[0.0, 0.0], screen=0, size=array([1920, 1080]), stencilBits=0, stereo=False, units='norm', useFBO=True, useRetina=False, viewOri=0.0, viewPos=None, viewScale=None, waitBlanking=True, winType='pyglet')
2146.7942 	EXP 	window1: mouseVisible = True
2146.7942 	EXP 	window1: recordFrameIntervals = False
2146.8760 	EXP 	window1: recordFrameIntervals = True
2146.9678 	EXP 	window1: recordFrameIntervals = False
2147.7950 	EXP 	Created txt_checkLeft = TextStim(__class__=<class 'psychopy.visual.text.TextStim'>, alignHoriz=method-wrapper(...), alignText='center', alignVert=method-wrapper(...), anchorHoriz='center', anchorVert='center', antialias=True, autoLog=True, bold=False, color=array([1, 1, 1]), colorSpace='rgb', contrast=1.0, depth=0.0, flipHoriz=False, flipVert=False, font='Courier New', fontFiles=[], height=0.1, italic=False, languageStyle='LTR', name='txt_checkLeft', opacity=1, ori=0, pos=array([0., 0.]), rgb=UNKNOWN, text=str(...), units='norm', win=Window(...), wrapWidth=30)
2147.7951 	EXP 	window1: mouseVisible = False
2147.8035 	EXP 	Created txt_checkRight = TextStim(__class__=<class 'psychopy.visual.text.TextStim'>, alignHoriz=method-wrapper(...), alignText='center', alignVert=method-wrapper(...), anchorHoriz='center', anchorVert='center', antialias=True, autoLog=True, bold=False, color=array([1, 1, 1]), colorSpace='rgb', contrast=1.0, depth=0.0, flipHoriz=False, flipVert=False, font='Courier New', fontFiles=[], height=0.1, italic=False, languageStyle='LTR', name='txt_checkRight', opacity=1, ori=0, pos=array([0., 0.]), rgb=UNKNOWN, text=str(...), units='norm', win=Window(...), wrapWidth=30)
2147.8166 	EXP 	Created str_keyInst = TextStim(__class__=<class 'psychopy.visual.text.TextStim'>, alignHoriz=method-wrapper(...), alignText='center', alignVert=method-wrapper(...), anchorHoriz='center', anchorVert='center', antialias=True, autoLog=True, bold=False, color=array([1, 1, 1]), colorSpace='rgb', contrast=1.0, depth=0.0, flipHoriz=False, flipVert=False, font='Courier New', fontFiles=[], height=0.1, italic=False, languageStyle='LTR', name='str_keyInst', opacity=1, ori=0, pos=array([0., 0.]), rgb=UNKNOWN, text=str(...), units='norm', win=Window(...), wrapWidth=30)
2147.8218 	EXP 	Created str_waitScanner = TextStim(__class__=<class 'psychopy.visual.text.TextStim'>, alignHoriz=method-wrapper(...), alignText='center', alignVert=method-wrapper(...), anchorHoriz='center', anchorVert='center', antialias=True, autoLog=True, bold=False, color=array([1, 1, 1]), colorSpace='rgb', contrast=1.0, depth=-1.0, flipHoriz=False, flipVert=False, font='Courier New', fontFiles=[], height=0.1, italic=False, languageStyle='LTR', name='str_waitScanner', opacity=1, ori=0, pos=array([0., 0.]), rgb=UNKNOWN, text='Waiting for scanner...', units='norm', win=Window(...), wrapWidth=1)
2147.8256 	EXP 	Created str_fixRest = TextStim(__class__=<class 'psychopy.visual.text.TextStim'>, alignHoriz=method-wrapper(...), alignText='center', alignVert=method-wrapper(...), anchorHoriz='center', anchorVert='center', antialias=True, autoLog=True, bold=False, color=array([1, 1, 1]), colorSpace='rgb', contrast=1.0, depth=0.0, flipHoriz=False, flipVert=False, font='Courier New', fontFiles=[], height=0.225, italic=False, languageStyle='LTR', name='str_fixRest', opacity=1, ori=0, pos=array([0., 0.]), rgb=UNKNOWN, text='+', units='norm', win=Window(...), wrapWidth=1)
2147.8277 	EXP 	Created str_bangRest = TextStim(__class__=<class 'psychopy.visual.text.TextStim'>, alignHoriz=method-wrapper(...), alignText='center', alignVert=method-wrapper(...), anchorHoriz='center', anchorVert='center', antialias=True, autoLog=True, bold=False, color=array([1, 1, 1]), colorSpace='rgb', contrast=1.0, depth=-1.0, flipHoriz=False, flipVert=False, font='Courier New', fontFiles=[], height=0.225, italic=False, languageStyle='LTR', name='str_bangRest', opacity=1, ori=0, pos=array([0., 0.]), rgb=UNKNOWN, text='!', units='norm', win=Window(...), wrapWidth=1)
2147.8328 	EXP 	Created im_trialImage = ImageStim(__class__=<class 'psychopy.visual.image.ImageStim'>, autoLog=True, color=array([1, 1, 1]), colorSpace='rgb', contrast=1.0, depth=-1.0, flipHoriz=False, flipVert=False, image='sin', interpolate=True, mask=None, maskParams=None, name='im_trialImage', opacity=1, ori=0.0, pos=array([0., 0.]), size=array([0.5, 0.5]), texRes=128, units='norm', win=Window(...))
2147.8343 	EXP 	Created str_fixITI = TextStim(__class__=<class 'psychopy.visual.text.TextStim'>, alignHoriz=method-wrapper(...), alignText='center', alignVert=method-wrapper(...), anchorHoriz='center', anchorVert='center', antialias=True, autoLog=True, bold=False, color=array([1, 1, 1]), colorSpace='rgb', contrast=1.0, depth=0.0, flipHoriz=False, flipVert=False, font='Courier New', fontFiles=[], height=0.225, italic=False, languageStyle='LTR', name='str_fixITI', opacity=1, ori=0, pos=array([0., 0.]), rgb=UNKNOWN, text='+', units='norm', win=Window(...), wrapWidth=1)
2147.8358 	EXP 	Created str_fixRest = TextStim(__class__=<class 'psychopy.visual.text.TextStim'>, alignHoriz=method-wrapper(...), alignText='center', alignVert=method-wrapper(...), anchorHoriz='center', anchorVert='center', antialias=True, autoLog=True, bold=False, color=array([1, 1, 1]), colorSpace='rgb', contrast=1.0, depth=0.0, flipHoriz=False, flipVert=False, font='Courier New', fontFiles=[], height=0.225, italic=False, languageStyle='LTR', name='str_fixRest', opacity=1, ori=0, pos=array([0., 0.]), rgb=UNKNOWN, text='+', units='norm', win=Window(...), wrapWidth=1)
2147.8372 	EXP 	Created str_bangRest = TextStim(__class__=<class 'psychopy.visual.text.TextStim'>, alignHoriz=method-wrapper(...), alignText='center', alignVert=method-wrapper(...), anchorHoriz='center', anchorVert='center', antialias=True, autoLog=True, bold=False, color=array([1, 1, 1]), colorSpace='rgb', contrast=1.0, depth=-1.0, flipHoriz=False, flipVert=False, font='Courier New', fontFiles=[], height=0.225, italic=False, languageStyle='LTR', name='str_bangRest', opacity=1, ori=0, pos=array([0., 0.]), rgb=UNKNOWN, text='!', units='norm', win=Window(...), wrapWidth=1)
2147.8441 	EXP 	Created str_end = TextStim(__class__=<class 'psychopy.visual.text.TextStim'>, alignHoriz=method-wrapper(...), alignText='center', alignVert=method-wrapper(...), anchorHoriz='center', anchorVert='center', antialias=True, autoLog=True, bold=False, color=array([1, 1, 1]), colorSpace='rgb', contrast=1.0, depth=0.0, flipHoriz=False, flipVert=False, font='Courier New', fontFiles=[], height=0.1, italic=False, languageStyle='LTR', name='str_end', opacity=1, ori=0, pos=array([0., 0.]), rgb=UNKNOWN, text=str(...), units='norm', win=Window(...), wrapWidth=30)
2147.8768 	EXP 	txt_checkLeft: autoDraw = True
2168.7752 	DATA 	Keypress: 1
2168.7872 	EXP 	txt_checkLeft: autoDraw = False
2168.7872 	EXP 	txt_checkRight: autoDraw = True
2169.6672 	DATA 	Keypress: 2
2169.6955 	EXP 	txt_checkRight: autoDraw = False
2169.6955 	EXP 	str_keyInst: autoDraw = True
2172.7974 	EXP 	Created sequence: sequential, trialTypes=1, nReps=5, seed=None
2172.7977 	EXP 	New trial (rep=0, index=0): None
2172.7993 	DATA 	Keypress: 1
2172.8115 	EXP 	str_keyInst: autoDraw = False
2172.8115 	EXP 	str_waitScanner: autoDraw = True
2182.5802 	EXP 	New trial (rep=1, index=0): None
2182.5817 	DATA 	Keypress: 5
2182.5925 	EXP 	str_waitScanner: autoDraw = False
2182.5925 	EXP 	str_waitScanner: autoDraw = True
2183.3801 	EXP 	New trial (rep=2, index=0): None
2183.3818 	DATA 	Keypress: 5
2183.3924 	EXP 	str_waitScanner: autoDraw = False
2183.3924 	EXP 	str_waitScanner: autoDraw = True
2184.1781 	EXP 	New trial (rep=3, index=0): None
2184.1799 	DATA 	Keypress: 5
2184.1929 	EXP 	str_waitScanner: autoDraw = False
2184.1929 	EXP 	str_waitScanner: autoDraw = True
2184.9861 	EXP 	New trial (rep=4, index=0): None
2184.9879 	DATA 	Keypress: 5
2184.9952 	EXP 	str_waitScanner: autoDraw = False
2184.9952 	EXP 	str_waitScanner: autoDraw = True
2185.7824 	DATA 	Keypress: 5
2185.7919 	EXP 	str_waitScanner: autoDraw = False
2185.7919 	EXP 	str_fixRest: autoDraw = True
2186.5799 	DATA 	Keypress: 5
2187.3789 	DATA 	Keypress: 5
2188.1790 	DATA 	Keypress: 5
2188.9781 	DATA 	Keypress: 5
2189.7771 	DATA 	Keypress: 5
2190.5781 	DATA 	Keypress: 5
2191.3781 	DATA 	Keypress: 5
2192.1773 	DATA 	Keypress: 5
2192.9762 	DATA 	Keypress: 5
2193.7762 	DATA 	Keypress: 5
2194.5773 	DATA 	Keypress: 5
2195.3764 	DATA 	Keypress: 5
2196.1764 	DATA 	Keypress: 5
2196.9774 	DATA 	Keypress: 5
2197.2811 	EXP 	str_bangRest: autoDraw = True
2197.2999 	EXP 	str_fixRest: autoDraw = False
2197.7803 	EXP 	Imported chooseTrialOrderFile.xlsx as conditions, 12 conditions, 1 params
2197.7808 	EXP 	Created sequence: sequential, trialTypes=12, nReps=1, seed=None
2197.7810 	EXP 	New trial (rep=0, index=0): {'trialOrderFile': 'scan_order1.xlsx'}
2197.7866 	EXP 	Imported scan_order1.xlsx as conditions, 8 conditions, 4 params
2197.7868 	EXP 	Created sequence: sequential, trialTypes=8, nReps=1, seed=None
2197.7870 	EXP 	New trial (rep=0, index=0): {'im_fName': 'cl001.jpg', 'key_correct': 2, 'im_type': 'scene', 'im_familiarity': 'familiar'}
2197.8043 	DATA 	Keypress: 5
2197.8140 	EXP 	str_bangRest: autoDraw = False
2197.8140 	EXP 	str_fixRest: autoDraw = False
2197.8140 	EXP 	str_bangRest: autoDraw = False
2197.8140 	EXP 	im_trialImage: size = array([0.8       , 0.94814815])
2197.8140 	EXP 	im_trialImage: image = 'cl001.jpg'
2197.8140 	EXP 	im_trialImage: autoDraw = True
2198.5000 	DATA 	Keypress: 2
2198.5830 	DATA 	Keypress: 5
2199.3830 	DATA 	Keypress: 5
2199.7909 	EXP 	im_trialImage: autoDraw = False
2199.7909 	EXP 	str_fixITI: autoDraw = True
2200.1747 	DATA 	Keypress: 5
2200.2823 	EXP 	New trial (rep=0, index=1): {'im_fName': 'cl002.jpg', 'key_correct': 1, 'im_type': 'animal', 'im_familiarity': 'familiar'}
2200.3402 	EXP 	str_fixITI: autoDraw = False
2200.3402 	EXP 	im_trialImage: size = array([0.79583333, 0.94259259])
2200.3402 	EXP 	im_trialImage: image = 'cl002.jpg'
2200.3402 	EXP 	im_trialImage: autoDraw = True
2200.9572 	DATA 	Keypress: 1
2200.9820 	DATA 	Keypress: 5
2201.7850 	DATA 	Keypress: 5
2202.2964 	EXP 	im_trialImage: autoDraw = False
2202.2964 	EXP 	str_fixITI: autoDraw = True
2202.5817 	DATA 	Keypress: 5
2202.7899 	EXP 	New trial (rep=0, index=2): {'im_fName': 'cl003.jpg', 'key_correct': 2, 'im_type': 'scene', 'im_familiarity': 'familiar'}
2202.8216 	EXP 	str_fixITI: autoDraw = False
2202.8216 	EXP 	im_trialImage: size = array([0.8       , 0.94814815])
2202.8216 	EXP 	im_trialImage: image = 'cl003.jpg'
2202.8216 	EXP 	im_trialImage: autoDraw = True
2203.3843 	DATA 	Keypress: 5
2204.1762 	DATA 	Keypress: 5
2204.4923 	DATA 	Keypress: 2
2204.7970 	EXP 	im_trialImage: autoDraw = False
2204.7970 	EXP 	str_fixITI: autoDraw = True
2204.9839 	DATA 	Keypress: 5
2205.2823 	EXP 	New trial (rep=0, index=3): {'im_fName': 'cl004.jpg', 'key_correct': 1, 'im_type': 'animal', 'im_familiarity': 'familiar'}
2205.3054 	EXP 	str_fixITI: autoDraw = False
2205.3054 	EXP 	im_trialImage: size = array([0.79583333, 0.94259259])
2205.3054 	EXP 	im_trialImage: image = 'cl004.jpg'
2205.3054 	EXP 	im_trialImage: autoDraw = True
2205.7812 	DATA 	Keypress: 5
2205.9484 	DATA 	Keypress: 1
2206.5834 	DATA 	Keypress: 5
2207.2953 	EXP 	im_trialImage: autoDraw = False
2207.2953 	EXP 	str_fixITI: autoDraw = True
2207.3820 	DATA 	Keypress: 5
2207.7808 	EXP 	New trial (rep=0, index=4): {'im_fName': 'cl005.jpg', 'key_correct': 2, 'im_type': 'scene', 'im_familiarity': 'familiar'}
2207.8315 	EXP 	str_fixITI: autoDraw = False
2207.8315 	EXP 	im_trialImage: size = array([0.8       , 0.94814815])
2207.8315 	EXP 	im_trialImage: image = 'cl005.jpg'
2207.8315 	EXP 	im_trialImage: autoDraw = True
2208.1855 	DATA 	Keypress: 5
2208.4915 	DATA 	Keypress: 2
2208.9846 	DATA 	Keypress: 5
2209.7850 	DATA 	Keypress: 5
2209.7947 	EXP 	im_trialImage: autoDraw = False
2209.7947 	EXP 	str_fixITI: autoDraw = True
2210.2895 	EXP 	New trial (rep=0, index=5): {'im_fName': 'cl006.jpg', 'key_correct': 2, 'im_type': 'scene', 'im_familiarity': 'familiar'}
2210.3224 	EXP 	str_fixITI: autoDraw = False
2210.3224 	EXP 	im_trialImage: size = array([0.8       , 0.94814815])
2210.3224 	EXP 	im_trialImage: image = 'cl006.jpg'
2210.3224 	EXP 	im_trialImage: autoDraw = True
2210.5826 	DATA 	Keypress: 5
2210.9635 	DATA 	Keypress: 2
2211.3827 	DATA 	Keypress: 5
2212.1827 	DATA 	Keypress: 5
2212.3026 	EXP 	im_trialImage: autoDraw = False
2212.3026 	EXP 	str_fixITI: autoDraw = True
2212.7810 	EXP 	New trial (rep=0, index=6): {'im_fName': 'cl007.jpg', 'key_correct': 1, 'im_type': 'animal', 'im_familiarity': 'familiar'}
2212.8109 	EXP 	str_fixITI: autoDraw = False
2212.8109 	EXP 	im_trialImage: size = array([0.79583333, 0.94259259])
2212.8109 	EXP 	im_trialImage: image = 'cl007.jpg'
2212.8109 	EXP 	im_trialImage: autoDraw = True
2212.9827 	DATA 	Keypress: 5
2213.4548 	DATA 	Keypress: 1
2213.7836 	DATA 	Keypress: 5
2214.5878 	DATA 	Keypress: 5
2214.7946 	EXP 	im_trialImage: autoDraw = False
2214.7946 	EXP 	str_fixITI: autoDraw = True
2215.2856 	EXP 	New trial (rep=0, index=7): {'im_fName': 'cl008.jpg', 'key_correct': 1, 'im_type': 'animal', 'im_familiarity': 'familiar'}
2215.3038 	EXP 	str_fixITI: autoDraw = False
2215.3038 	EXP 	im_trialImage: size = array([0.79583333, 0.94259259])
2215.3038 	EXP 	im_trialImage: image = 'cl008.jpg'
2215.3038 	EXP 	im_trialImage: autoDraw = True
2215.3869 	DATA 	Keypress: 5
2215.9119 	DATA 	Keypress: 1
2216.1869 	DATA 	Keypress: 5
2216.9830 	DATA 	Keypress: 5
2217.2945 	EXP 	im_trialImage: autoDraw = False
2217.2945 	EXP 	str_fixITI: autoDraw = True
2217.7876 	DATA 	Keypress: 5
2217.7947 	EXP 	str_fixITI: autoDraw = False
2217.7947 	EXP 	str_fixRest: autoDraw = True
2218.5867 	DATA 	Keypress: 5
2219.3807 	DATA 	Keypress: 5
2220.1777 	DATA 	Keypress: 5
2220.9777 	DATA 	Keypress: 5
2221.7789 	DATA 	Keypress: 5
2222.5779 	DATA 	Keypress: 5
2223.3789 	DATA 	Keypress: 5
2224.1769 	DATA 	Keypress: 5
2224.9780 	DATA 	Keypress: 5
2225.7790 	DATA 	Keypress: 5
2226.5791 	DATA 	Keypress: 5
2227.3781 	DATA 	Keypress: 5
2228.1781 	DATA 	Keypress: 5
2228.9772 	DATA 	Keypress: 5
2229.2850 	EXP 	str_bangRest: autoDraw = True
2229.3073 	EXP 	str_fixRest: autoDraw = False
2229.7762 	DATA 	Keypress: 5
2229.7850 	EXP 	New trial (rep=0, index=1): {'trialOrderFile': 'scan_order2.xlsx'}
2229.7915 	EXP 	Imported scan_order2.xlsx as conditions, 8 conditions, 4 params
2229.7917 	EXP 	Created sequence: sequential, trialTypes=8, nReps=1, seed=None
2229.7919 	EXP 	New trial (rep=0, index=0): {'im_fName': 'cl009.jpg', 'key_correct': 2, 'im_type': 'scene', 'im_familiarity': 'novel'}
2229.8488 	EXP 	str_fixRest: autoDraw = False
2229.8488 	EXP 	str_bangRest: autoDraw = False
2229.8488 	EXP 	im_trialImage: size = array([0.8       , 0.94814815])
2229.8488 	EXP 	im_trialImage: image = 'cl009.jpg'
2229.8488 	EXP 	im_trialImage: autoDraw = True
2230.4457 	DATA 	Keypress: 2
2230.5837 	DATA 	Keypress: 5
2231.3797 	DATA 	Keypress: 5
2231.7980 	EXP 	im_trialImage: autoDraw = False
2231.7980 	EXP 	str_fixITI: autoDraw = True
2232.1763 	DATA 	Keypress: 5
2232.2901 	EXP 	New trial (rep=0, index=1): {'im_fName': 'cl010.jpg', 'key_correct': 1, 'im_type': 'animal', 'im_familiarity': 'novel'}
2232.3148 	EXP 	str_fixITI: autoDraw = False
2232.3148 	EXP 	im_trialImage: size = array([0.79583333, 0.94259259])
2232.3148 	EXP 	im_trialImage: image = 'cl010.jpg'
2232.3148 	EXP 	im_trialImage: autoDraw = True
2232.9857 	DATA 	Keypress: 5
2233.1088 	DATA 	Keypress: 1
2233.7778 	DATA 	Keypress: 5
2234.2986 	EXP 	im_trialImage: autoDraw = False
2234.2986 	EXP 	str_fixITI: autoDraw = True
2234.5764 	DATA 	Keypress: 5
2234.7844 	EXP 	New trial (rep=0, index=2): {'im_fName': 'cl011.jpg', 'key_correct': 1, 'im_type': 'animal', 'im_familiarity': 'novel'}
2234.8056 	EXP 	str_fixITI: autoDraw = False
2234.8056 	EXP 	im_trialImage: size = array([0.79583333, 0.94259259])
2234.8056 	EXP 	im_trialImage: image = 'cl011.jpg'
2234.8056 	EXP 	im_trialImage: autoDraw = True
2235.3769 	DATA 	Keypress: 1
2235.3771 	DATA 	Keypress: 5
2236.1830 	DATA 	Keypress: 5
2236.7969 	EXP 	im_trialImage: autoDraw = False
2236.7969 	EXP 	str_fixITI: autoDraw = True
2236.9836 	DATA 	Keypress: 5
2237.2829 	EXP 	New trial (rep=0, index=3): {'im_fName': 'cl012.jpg', 'key_correct': 1, 'im_type': 'animal', 'im_familiarity': 'novel'}
2237.3000 	EXP 	str_fixITI: autoDraw = False
2237.3000 	EXP 	im_trialImage: size = array([0.79583333, 0.94259259])
2237.3000 	EXP 	im_trialImage: image = 'cl012.jpg'
2237.3000 	EXP 	im_trialImage: autoDraw = True
2237.7761 	DATA 	Keypress: 5
2238.1401 	DATA 	Keypress: 1
2238.5851 	DATA 	Keypress: 5
2239.3047 	EXP 	im_trialImage: autoDraw = False
2239.3047 	EXP 	str_fixITI: autoDraw = True
2239.3837 	DATA 	Keypress: 5
2239.7827 	EXP 	New trial (rep=0, index=4): {'im_fName': 'cl013.jpg', 'key_correct': 2, 'im_type': 'scene', 'im_familiarity': 'novel'}
2239.8298 	EXP 	str_fixITI: autoDraw = False
2239.8298 	EXP 	im_trialImage: size = array([0.8       , 0.94814815])
2239.8298 	EXP 	im_trialImage: image = 'cl013.jpg'
2239.8298 	EXP 	im_trialImage: autoDraw = True
2240.1822 	DATA 	Keypress: 5
2240.9843 	DATA 	Keypress: 5
2241.0233 	DATA 	Keypress: 2
2241.7811 	DATA 	Keypress: 5
2241.7991 	EXP 	im_trialImage: autoDraw = False
2241.7991 	EXP 	str_fixITI: autoDraw = True
2242.2887 	EXP 	New trial (rep=0, index=5): {'im_fName': 'cl014.jpg', 'key_correct': 1, 'im_type': 'animal', 'im_familiarity': 'novel'}
2242.3125 	EXP 	str_fixITI: autoDraw = False
2242.3125 	EXP 	im_trialImage: size = array([0.79583333, 0.94259259])
2242.3125 	EXP 	im_trialImage: image = 'cl014.jpg'
2242.3125 	EXP 	im_trialImage: autoDraw = True
2242.5813 	DATA 	Keypress: 5
2242.9973 	DATA 	Keypress: 1
2243.3834 	DATA 	Keypress: 5
2244.1834 	DATA 	Keypress: 5
2244.3035 	EXP 	im_trialImage: autoDraw = False
2244.3035 	EXP 	str_fixITI: autoDraw = True
2244.7890 	EXP 	New trial (rep=0, index=6): {'im_fName': 'cl015.jpg', 'key_correct': 2, 'im_type': 'scene', 'im_familiarity': 'novel'}
2244.8125 	EXP 	str_fixITI: autoDraw = False
2244.8125 	EXP 	im_trialImage: size = array([0.8       , 0.94814815])
2244.8125 	EXP 	im_trialImage: image = 'cl015.jpg'
2244.8125 	EXP 	im_trialImage: autoDraw = True
2244.9804 	DATA 	Keypress: 5
2245.3825 	DATA 	Keypress: 2
2245.7755 	DATA 	Keypress: 5
2246.5825 	DATA 	Keypress: 5
2246.7946 	EXP 	im_trialImage: autoDraw = False
2246.7946 	EXP 	str_fixITI: autoDraw = True
2247.2885 	EXP 	New trial (rep=0, index=7): {'im_fName': 'cl016.jpg', 'key_correct': 2, 'im_type': 'scene', 'im_familiarity': 'novel'}
2247.3064 	EXP 	str_fixITI: autoDraw = False
2247.3064 	EXP 	im_trialImage: size = array([0.8       , 0.94814815])
2247.3064 	EXP 	im_trialImage: image = 'cl016.jpg'
2247.3064 	EXP 	im_trialImage: autoDraw = True
2247.3806 	DATA 	Keypress: 5
2248.1826 	DATA 	Keypress: 5
2248.2216 	DATA 	Keypress: 2
2248.9827 	DATA 	Keypress: 5
2249.3023 	EXP 	im_trialImage: autoDraw = False
2249.3023 	EXP 	str_fixITI: autoDraw = True
2249.7816 	DATA 	Keypress: 5
2249.8035 	EXP 	str_fixITI: autoDraw = False
2249.8035 	EXP 	str_fixRest: autoDraw = True
2250.5813 	DATA 	Keypress: 5
2251.3804 	DATA 	Keypress: 5
2252.1794 	DATA 	Keypress: 5
2252.9795 	DATA 	Keypress: 5
2253.7785 	DATA 	Keypress: 5
2254.5866 	DATA 	Keypress: 5
2255.3855 	DATA 	Keypress: 5
2256.1807 	DATA 	Keypress: 5
2256.9797 	DATA 	Keypress: 5
2257.7787 	DATA 	Keypress: 5
2258.5788 	DATA 	Keypress: 5
2259.3838 	DATA 	Keypress: 5
2260.1788 	DATA 	Keypress: 5
2260.9789 	DATA 	Keypress: 5
2261.2995 	EXP 	str_bangRest: autoDraw = True
2261.3088 	EXP 	str_fixRest: autoDraw = False
2261.7779 	DATA 	Keypress: 5
2261.7861 	EXP 	New trial (rep=0, index=2): {'trialOrderFile': 'scan_order3.xlsx'}
2261.7937 	EXP 	Imported scan_order3.xlsx as conditions, 8 conditions, 4 params
2261.7940 	EXP 	Created sequence: sequential, trialTypes=8, nReps=1, seed=None
2261.7942 	EXP 	New trial (rep=0, index=0): {'im_fName': 'cl017.jpg', 'key_correct': 2, 'im_type': 'scene', 'im_familiarity': 'familiar'}
2261.8273 	EXP 	str_fixRest: autoDraw = False
2261.8273 	EXP 	str_bangRest: autoDraw = False
2261.8273 	EXP 	im_trialImage: size = array([0.8       , 0.94814815])
2261.8273 	EXP 	im_trialImage: image = 'cl017.jpg'
2261.8273 	EXP 	im_trialImage: autoDraw = True
2262.4364 	DATA 	Keypress: 2
2262.5764 	DATA 	Keypress: 5
2263.3794 	DATA 	Keypress: 5
2263.8003 	EXP 	im_trialImage: autoDraw = False
2263.8003 	EXP 	str_fixITI: autoDraw = True
2264.1781 	DATA 	Keypress: 5
2264.2861 	EXP 	New trial (rep=0, index=1): {'im_fName': 'cl018.jpg', 'key_correct': 1, 'im_type': 'animal', 'im_familiarity': 'familiar'}
2264.3176 	EXP 	str_fixITI: autoDraw = False
2264.3176 	EXP 	im_trialImage: size = array([0.79583333, 0.94259259])
2264.3176 	EXP 	im_trialImage: image = 'cl018.jpg'
2264.3176 	EXP 	im_trialImage: autoDraw = True
2264.9625 	DATA 	Keypress: 1
2264.9855 	DATA 	Keypress: 5
2265.7844 	DATA 	Keypress: 5
2266.2914 	EXP 	im_trialImage: autoDraw = False
2266.2914 	EXP 	str_fixITI: autoDraw = True
2266.5781 	DATA 	Keypress: 5
2266.7905 	EXP 	New trial (rep=0, index=2): {'im_fName': 'cl019.jpg', 'key_correct': 1, 'im_type': 'animal', 'im_familiarity': 'familiar'}
2266.8086 	EXP 	str_fixITI: autoDraw = False
2266.8086 	EXP 	im_trialImage: size = array([0.79583333, 0.94259259])
2266.8086 	EXP 	im_trialImage: image = 'cl019.jpg'
2266.8086 	EXP 	im_trialImage: autoDraw = True
2267.3777 	DATA 	Keypress: 5
2267.3778 	DATA 	Keypress: 1
2268.1836 	DATA 	Keypress: 5
2268.7914 	EXP 	im_trialImage: autoDraw = False
2268.7914 	EXP 	str_fixITI: autoDraw = True
2268.9843 	DATA 	Keypress: 5
2269.2837 	EXP 	New trial (rep=0, index=3): {'im_fName': 'cl020.jpg', 'key_correct': 2, 'im_type': 'scene', 'im_familiarity': 'familiar'}
2269.3260 	EXP 	str_fixITI: autoDraw = False
2269.3260 	EXP 	im_trialImage: size = array([0.8       , 0.94814815])
2269.3260 	EXP 	im_trialImage: image = 'cl020.jpg'
2269.3260 	EXP 	im_trialImage: autoDraw = True
2269.7768 	DATA 	Keypress: 5
2270.0498 	DATA 	Keypress: 2
2270.5858 	DATA 	Keypress: 5
2271.2904 	EXP 	im_trialImage: autoDraw = False
2271.2904 	EXP 	str_fixITI: autoDraw = True
2271.3834 	DATA 	Keypress: 5
2271.7826 	EXP 	New trial (rep=0, index=4): {'im_fName': 'cl021.jpg', 'key_correct': 2, 'im_type': 'scene', 'im_familiarity': 'familiar'}
2271.8007 	EXP 	str_fixITI: autoDraw = False
2271.8007 	EXP 	im_trialImage: size = array([0.8       , 0.94814815])
2271.8007 	EXP 	im_trialImage: image = 'cl021.jpg'
2271.8007 	EXP 	im_trialImage: autoDraw = True
2272.1760 	DATA 	Keypress: 5
2272.9790 	DATA 	Keypress: 5
2273.3850 	DATA 	Keypress: 2
2273.7818 	DATA 	Keypress: 5
2273.8000 	EXP 	im_trialImage: autoDraw = False
2273.8000 	EXP 	str_fixITI: autoDraw = True
2274.2814 	EXP 	New trial (rep=0, index=5): {'im_fName': 'cl022.jpg', 'key_correct': 2, 'im_type': 'scene', 'im_familiarity': 'familiar'}
2274.2981 	EXP 	str_fixITI: autoDraw = False
2274.2981 	EXP 	im_trialImage: size = array([0.8       , 0.94814815])
2274.2981 	EXP 	im_trialImage: image = 'cl022.jpg'
2274.2981 	EXP 	im_trialImage: autoDraw = True
2274.5820 	DATA 	Keypress: 5
2274.9822 	DATA 	Keypress: 2
2275.3861 	DATA 	Keypress: 5
2276.1841 	DATA 	Keypress: 5
2276.2977 	EXP 	im_trialImage: autoDraw = False
2276.2977 	EXP 	str_fixITI: autoDraw = True
2276.7880 	EXP 	New trial (rep=0, index=6): {'im_fName': 'cl023.jpg', 'key_correct': 1, 'im_type': 'animal', 'im_familiarity': 'familiar'}
2276.8214 	EXP 	str_fixITI: autoDraw = False
2276.8214 	EXP 	im_trialImage: size = array([0.79583333, 0.94259259])
2276.8214 	EXP 	im_trialImage: image = 'cl023.jpg'
2276.8214 	EXP 	im_trialImage: autoDraw = True
2276.9822 	DATA 	Keypress: 5
2277.3681 	DATA 	Keypress: 1
2277.7862 	DATA 	Keypress: 5
2278.5891 	DATA 	Keypress: 5
2278.7955 	EXP 	im_trialImage: autoDraw = False
2278.7955 	EXP 	str_fixITI: autoDraw = True
2279.2813 	EXP 	New trial (rep=0, index=7): {'im_fName': 'cl024.jpg', 'key_correct': 1, 'im_type': 'animal', 'im_familiarity': 'familiar'}
2279.2990 	EXP 	str_fixITI: autoDraw = False
2279.2990 	EXP 	im_trialImage: size = array([0.79583333, 0.94259259])
2279.2990 	EXP 	im_trialImage: image = 'cl024.jpg'
2279.2990 	EXP 	im_trialImage: autoDraw = True
2279.3843 	DATA 	Keypress: 5
2279.8583 	DATA 	Keypress: 1
2280.1813 	DATA 	Keypress: 5
2280.9803 	DATA 	Keypress: 5
2281.2979 	EXP 	im_trialImage: autoDraw = False
2281.2979 	EXP 	str_fixITI: autoDraw = True
2281.7813 	DATA 	Keypress: 5
2281.7986 	EXP 	str_fixITI: autoDraw = False
2281.7986 	EXP 	str_fixRest: autoDraw = True
2282.5800 	DATA 	Keypress: 5
2283.3801 	DATA 	Keypress: 5
2284.1811 	DATA 	Keypress: 5
2284.9802 	DATA 	Keypress: 5
2285.7803 	DATA 	Keypress: 5
2286.5792 	DATA 	Keypress: 5
2287.3872 	DATA 	Keypress: 5
2288.1814 	DATA 	Keypress: 5
2288.9813 	DATA 	Keypress: 5
2289.7784 	DATA 	Keypress: 5
2290.5794 	DATA 	Keypress: 5
2291.3795 	DATA 	Keypress: 5
2292.1806 	DATA 	Keypress: 5
2292.9806 	DATA 	Keypress: 5
2293.2921 	EXP 	str_bangRest: autoDraw = True
2293.3014 	EXP 	str_fixRest: autoDraw = False
2293.7797 	DATA 	Keypress: 5
2293.7927 	EXP 	New trial (rep=0, index=3): {'trialOrderFile': 'scan_order4.xlsx'}
2293.7993 	EXP 	Imported scan_order4.xlsx as conditions, 8 conditions, 4 params
2293.7996 	EXP 	Created sequence: sequential, trialTypes=8, nReps=1, seed=None
2293.7998 	EXP 	New trial (rep=0, index=0): {'im_fName': 'cl025.jpg', 'key_correct': 1, 'im_type': 'animal', 'im_familiarity': 'novel'}
2293.8340 	EXP 	str_fixRest: autoDraw = False
2293.8340 	EXP 	str_bangRest: autoDraw = False
2293.8340 	EXP 	im_trialImage: size = array([0.8       , 0.94814815])
2293.8340 	EXP 	im_trialImage: image = 'cl025.jpg'
2293.8340 	EXP 	im_trialImage: autoDraw = True
2294.4891 	DATA 	Keypress: 1
2294.5801 	DATA 	Keypress: 5
2295.3800 	DATA 	Keypress: 5
2295.7938 	EXP 	im_trialImage: autoDraw = False
2295.7938 	EXP 	str_fixITI: autoDraw = True
2296.1788 	DATA 	Keypress: 5
2296.2863 	EXP 	New trial (rep=0, index=1): {'im_fName': 'cl026.jpg', 'key_correct': 1, 'im_type': 'animal', 'im_familiarity': 'novel'}
2296.3082 	EXP 	str_fixITI: autoDraw = False
2296.3082 	EXP 	im_trialImage: size = array([0.8       , 0.94814815])
2296.3082 	EXP 	im_trialImage: image = 'cl026.jpg'
2296.3082 	EXP 	im_trialImage: autoDraw = True
2296.8602 	DATA 	Keypress: 1
2296.9852 	DATA 	Keypress: 5
2297.7772 	DATA 	Keypress: 5
2298.2994 	EXP 	im_trialImage: autoDraw = False
2298.2994 	EXP 	str_fixITI: autoDraw = True
2298.5768 	DATA 	Keypress: 5
2298.7851 	EXP 	New trial (rep=0, index=2): {'im_fName': 'cl027.jpg', 'key_correct': 2, 'im_type': 'scene', 'im_familiarity': 'novel'}
2298.8030 	EXP 	str_fixITI: autoDraw = False
2298.8030 	EXP 	im_trialImage: size = array([0.8       , 0.94814815])
2298.8030 	EXP 	im_trialImage: image = 'cl027.jpg'
2298.8030 	EXP 	im_trialImage: autoDraw = True
2299.3854 	DATA 	Keypress: 5
2299.7933 	DATA 	Keypress: 2
2300.1794 	DATA 	Keypress: 5
2300.7922 	EXP 	im_trialImage: autoDraw = False
2300.7922 	EXP 	str_fixITI: autoDraw = True
2300.9760 	DATA 	Keypress: 5
2301.2835 	EXP 	New trial (rep=0, index=3): {'im_fName': 'cl028.jpg', 'key_correct': 2, 'im_type': 'scene', 'im_familiarity': 'novel'}
2301.3015 	EXP 	str_fixITI: autoDraw = False
2301.3015 	EXP 	im_trialImage: size = array([0.8       , 0.94814815])
2301.3015 	EXP 	im_trialImage: image = 'cl028.jpg'
2301.3015 	EXP 	im_trialImage: autoDraw = True
2301.7785 	DATA 	Keypress: 5
2301.8425 	DATA 	Keypress: 2
2302.5845 	DATA 	Keypress: 5
2303.2987 	EXP 	im_trialImage: autoDraw = False
2303.2987 	EXP 	str_fixITI: autoDraw = True
2303.3781 	DATA 	Keypress: 5
2303.7834 	EXP 	New trial (rep=0, index=4): {'im_fName': 'cl029.jpg', 'key_correct': 2, 'im_type': 'scene', 'im_familiarity': 'novel'}
2303.8007 	EXP 	str_fixITI: autoDraw = False
2303.8007 	EXP 	im_trialImage: size = array([0.8       , 0.94814815])
2303.8007 	EXP 	im_trialImage: image = 'cl029.jpg'
2303.8007 	EXP 	im_trialImage: autoDraw = True
2304.1866 	DATA 	Keypress: 5
2304.3676 	DATA 	Keypress: 2
2304.9797 	DATA 	Keypress: 5
2305.7767 	DATA 	Keypress: 5
2305.7979 	EXP 	im_trialImage: autoDraw = False
2305.7979 	EXP 	str_fixITI: autoDraw = True
2306.2896 	EXP 	New trial (rep=0, index=5): {'im_fName': 'cl030.jpg', 'key_correct': 1, 'im_type': 'animal', 'im_familiarity': 'novel'}
2306.3069 	EXP 	str_fixITI: autoDraw = False
2306.3069 	EXP 	im_trialImage: size = array([0.8       , 0.94814815])
2306.3069 	EXP 	im_trialImage: image = 'cl030.jpg'
2306.3069 	EXP 	im_trialImage: autoDraw = True
2306.5837 	DATA 	Keypress: 5
2306.8667 	DATA 	Keypress: 1
2307.3778 	DATA 	Keypress: 5
2308.1858 	DATA 	Keypress: 5
2308.2983 	EXP 	im_trialImage: autoDraw = False
2308.2983 	EXP 	str_fixITI: autoDraw = True
2308.7811 	EXP 	New trial (rep=0, index=6): {'im_fName': 'cl031.jpg', 'key_correct': 2, 'im_type': 'scene', 'im_familiarity': 'novel'}
2308.8306 	EXP 	str_fixITI: autoDraw = False
2308.8306 	EXP 	im_trialImage: size = array([0.79479167, 0.94814815])
2308.8306 	EXP 	im_trialImage: image = 'cl031.jpg'
2308.8306 	EXP 	im_trialImage: autoDraw = True
2308.9788 	DATA 	Keypress: 5
2309.5439 	DATA 	Keypress: 2
2309.7827 	DATA 	Keypress: 5
2310.5820 	DATA 	Keypress: 5
2310.7965 	EXP 	im_trialImage: autoDraw = False
2310.7965 	EXP 	str_fixITI: autoDraw = True
2311.2829 	EXP 	New trial (rep=0, index=7): {'im_fName': 'cl032.jpg', 'key_correct': 1, 'im_type': 'animal', 'im_familiarity': 'novel'}
2311.3061 	EXP 	str_fixITI: autoDraw = False
2311.3061 	EXP 	im_trialImage: size = array([0.8       , 0.94814815])
2311.3061 	EXP 	im_trialImage: image = 'cl032.jpg'
2311.3061 	EXP 	im_trialImage: autoDraw = True
2311.3860 	DATA 	Keypress: 5
2312.0679 	DATA 	Keypress: 1
2312.1860 	DATA 	Keypress: 5
2312.9810 	DATA 	Keypress: 5
2313.3043 	EXP 	im_trialImage: autoDraw = False
2313.3043 	EXP 	str_fixITI: autoDraw = True
2313.7835 	DATA 	Keypress: 5
2313.7959 	EXP 	str_fixITI: autoDraw = False
2313.7959 	EXP 	str_fixRest: autoDraw = True
2314.5837 	DATA 	Keypress: 5
2315.3838 	DATA 	Keypress: 5
2316.1828 	DATA 	Keypress: 5
2316.9819 	DATA 	Keypress: 5
2317.7828 	DATA 	Keypress: 5
2318.5878 	DATA 	Keypress: 5
2319.3800 	DATA 	Keypress: 5
2320.1801 	DATA 	Keypress: 5
2320.9810 	DATA 	Keypress: 5
2321.7803 	DATA 	Keypress: 5
2322.5811 	DATA 	Keypress: 5
2323.3812 	DATA 	Keypress: 5
2324.1803 	DATA 	Keypress: 5
2324.9813 	DATA 	Keypress: 5
2325.2848 	EXP 	str_bangRest: autoDraw = True
2325.3031 	EXP 	str_fixRest: autoDraw = False
2325.7810 	EXP 	New trial (rep=0, index=4): {'trialOrderFile': 'scan_order5.xlsx'}
2325.7875 	EXP 	Imported scan_order5.xlsx as conditions, 8 conditions, 4 params
2325.7878 	EXP 	Created sequence: sequential, trialTypes=8, nReps=1, seed=None
2325.7880 	EXP 	New trial (rep=0, index=0): {'im_fName': 'cl033.jpg', 'key_correct': 1, 'im_type': 'animal', 'im_familiarity': 'familiar'}
2325.8027 	DATA 	Keypress: 5
2325.8110 	EXP 	str_bangRest: autoDraw = False
2325.8110 	EXP 	str_fixRest: autoDraw = False
2325.8110 	EXP 	str_bangRest: autoDraw = False
2325.8110 	EXP 	im_trialImage: size = array([0.79583333, 0.94259259])
2325.8110 	EXP 	im_trialImage: image = 'cl033.jpg'
2325.8110 	EXP 	im_trialImage: autoDraw = True
2326.3698 	DATA 	Keypress: 1
2326.5877 	DATA 	Keypress: 5
2327.3828 	DATA 	Keypress: 5
2327.7937 	EXP 	im_trialImage: autoDraw = False
2327.7937 	EXP 	str_fixITI: autoDraw = True
2328.1864 	DATA 	Keypress: 5
2328.2931 	EXP 	New trial (rep=0, index=1): {'im_fName': 'cl034.jpg', 'key_correct': 1, 'im_type': 'animal', 'im_familiarity': 'familiar'}
2328.3109 	EXP 	str_fixITI: autoDraw = False
2328.3109 	EXP 	im_trialImage: size = array([0.79583333, 0.94259259])
2328.3109 	EXP 	im_trialImage: image = 'cl034.jpg'
2328.3109 	EXP 	im_trialImage: autoDraw = True
2328.9779 	DATA 	Keypress: 5
2329.2369 	DATA 	Keypress: 1
2329.7808 	DATA 	Keypress: 5
2330.3016 	EXP 	im_trialImage: autoDraw = False
2330.3016 	EXP 	str_fixITI: autoDraw = True
2330.5776 	DATA 	Keypress: 5
2330.7849 	EXP 	New trial (rep=0, index=2): {'im_fName': 'cl035.jpg', 'key_correct': 1, 'im_type': 'animal', 'im_familiarity': 'familiar'}
2330.8022 	EXP 	str_fixITI: autoDraw = False
2330.8022 	EXP 	im_trialImage: size = array([0.79583333, 0.94259259])
2330.8022 	EXP 	im_trialImage: image = 'cl035.jpg'
2330.8022 	EXP 	im_trialImage: autoDraw = True
2331.3770 	DATA 	Keypress: 5
2331.3880 	DATA 	Keypress: 1
2332.1801 	DATA 	Keypress: 5
2332.8009 	EXP 	im_trialImage: autoDraw = False
2332.8009 	EXP 	str_fixITI: autoDraw = True
2332.9797 	DATA 	Keypress: 5
2333.2918 	EXP 	New trial (rep=0, index=3): {'im_fName': 'cl036.jpg', 'key_correct': 2, 'im_type': 'scene', 'im_familiarity': 'familiar'}
2333.3352 	EXP 	str_fixITI: autoDraw = False
2333.3352 	EXP 	im_trialImage: size = array([0.8       , 0.94814815])
2333.3352 	EXP 	im_trialImage: image = 'cl036.jpg'
2333.3352 	EXP 	im_trialImage: autoDraw = True
2333.7862 	DATA 	Keypress: 5
2333.9432 	DATA 	Keypress: 2
2334.5792 	DATA 	Keypress: 5
2335.2993 	EXP 	im_trialImage: autoDraw = False
2335.2993 	EXP 	str_fixITI: autoDraw = True
2335.3778 	DATA 	Keypress: 5
2335.7847 	EXP 	New trial (rep=0, index=4): {'im_fName': 'cl037.jpg', 'key_correct': 1, 'im_type': 'animal', 'im_familiarity': 'familiar'}
2335.8077 	EXP 	str_fixITI: autoDraw = False
2335.8077 	EXP 	im_trialImage: size = array([0.79583333, 0.94259259])
2335.8077 	EXP 	im_trialImage: image = 'cl037.jpg'
2335.8077 	EXP 	im_trialImage: autoDraw = True
2336.1873 	DATA 	Keypress: 5
2336.4613 	DATA 	Keypress: 1
2336.9864 	DATA 	Keypress: 5
2337.7807 	DATA 	Keypress: 5
2337.8012 	EXP 	im_trialImage: autoDraw = False
2337.8012 	EXP 	str_fixITI: autoDraw = True
2338.2823 	EXP 	New trial (rep=0, index=5): {'im_fName': 'cl038.jpg', 'key_correct': 2, 'im_type': 'scene', 'im_familiarity': 'familiar'}
2338.3071 	EXP 	str_fixITI: autoDraw = False
2338.3071 	EXP 	im_trialImage: size = array([0.8       , 0.94814815])
2338.3071 	EXP 	im_trialImage: image = 'cl038.jpg'
2338.3071 	EXP 	im_trialImage: autoDraw = True
2338.5774 	DATA 	Keypress: 5
2338.8704 	DATA 	Keypress: 2
2339.3865 	DATA 	Keypress: 5
2340.1785 	DATA 	Keypress: 5
2340.2911 	EXP 	im_trialImage: autoDraw = False
2340.2911 	EXP 	str_fixITI: autoDraw = True
2340.7831 	EXP 	New trial (rep=0, index=6): {'im_fName': 'cl039.jpg', 'key_correct': 2, 'im_type': 'scene', 'im_familiarity': 'familiar'}
2340.8816 	EXP 	str_fixITI: autoDraw = False
2340.8816 	EXP 	im_trialImage: size = array([0.8       , 0.94814815])
2340.8816 	EXP 	im_trialImage: image = 'cl039.jpg'
2340.8816 	EXP 	im_trialImage: autoDraw = True
2340.9835 	DATA 	Keypress: 5
2341.4166 	DATA 	Keypress: 2
2341.7796 	DATA 	Keypress: 5
2342.5787 	DATA 	Keypress: 5
2342.7912 	EXP 	im_trialImage: autoDraw = False
2342.7912 	EXP 	str_fixITI: autoDraw = True
2343.2826 	EXP 	New trial (rep=0, index=7): {'im_fName': 'cl040.jpg', 'key_correct': 2, 'im_type': 'scene', 'im_familiarity': 'familiar'}
2343.2998 	EXP 	str_fixITI: autoDraw = False
2343.2998 	EXP 	im_trialImage: size = array([0.8       , 0.94814815])
2343.2998 	EXP 	im_trialImage: image = 'cl040.jpg'
2343.2998 	EXP 	im_trialImage: autoDraw = True
2343.3867 	DATA 	Keypress: 5
2343.7997 	DATA 	Keypress: 2
2344.1877 	DATA 	Keypress: 5
2344.9868 	DATA 	Keypress: 5
2345.2982 	EXP 	im_trialImage: autoDraw = False
2345.2982 	EXP 	str_fixITI: autoDraw = True
2345.7842 	DATA 	Keypress: 5
2345.7918 	EXP 	str_fixITI: autoDraw = False
2345.7918 	EXP 	str_fixRest: autoDraw = True
2346.5834 	DATA 	Keypress: 5
2347.3844 	DATA 	Keypress: 5
2348.1826 	DATA 	Keypress: 5
2348.9815 	DATA 	Keypress: 5
2349.7896 	DATA 	Keypress: 5
2350.5826 	DATA 	Keypress: 5
2351.3817 	DATA 	Keypress: 5
2352.1807 	DATA 	Keypress: 5
2352.9808 	DATA 	Keypress: 5
2353.7888 	DATA 	Keypress: 5
2354.5829 	DATA 	Keypress: 5
2355.3829 	DATA 	Keypress: 5
2356.1819 	DATA 	Keypress: 5
2356.9810 	DATA 	Keypress: 5
2357.2795 	EXP 	str_bangRest: autoDraw = True
2357.3024 	EXP 	str_fixRest: autoDraw = False
2357.7795 	EXP 	New trial (rep=0, index=5): {'trialOrderFile': 'scan_order6.xlsx'}
2357.7862 	EXP 	Imported scan_order6.xlsx as conditions, 8 conditions, 4 params
2357.7864 	EXP 	Created sequence: sequential, trialTypes=8, nReps=1, seed=None
2357.7867 	EXP 	New trial (rep=0, index=0): {'im_fName': 'cl041.jpg', 'key_correct': 2, 'im_type': 'scene', 'im_familiarity': 'novel'}
2357.8215 	DATA 	Keypress: 5
2357.8296 	EXP 	str_bangRest: autoDraw = False
2357.8296 	EXP 	str_fixRest: autoDraw = False
2357.8296 	EXP 	str_bangRest: autoDraw = False
2357.8296 	EXP 	im_trialImage: size = array([0.8       , 0.94814815])
2357.8296 	EXP 	im_trialImage: image = 'cl041.jpg'
2357.8296 	EXP 	im_trialImage: autoDraw = True
2358.4655 	DATA 	Keypress: 2
2358.5824 	DATA 	Keypress: 5
2359.3806 	DATA 	Keypress: 5
2359.8019 	EXP 	im_trialImage: autoDraw = False
2359.8019 	EXP 	str_fixITI: autoDraw = True
2360.1812 	DATA 	Keypress: 5
2360.2888 	EXP 	New trial (rep=0, index=1): {'im_fName': 'cl042.jpg', 'key_correct': 2, 'im_type': 'scene', 'im_familiarity': 'novel'}
2360.3268 	EXP 	str_fixITI: autoDraw = False
2360.3268 	EXP 	im_trialImage: size = array([0.8       , 0.94814815])
2360.3268 	EXP 	im_trialImage: image = 'cl042.jpg'
2360.3268 	EXP 	im_trialImage: autoDraw = True
2360.8567 	DATA 	Keypress: 2
2360.9836 	DATA 	Keypress: 5
2361.7866 	DATA 	Keypress: 5
2362.3027 	EXP 	im_trialImage: autoDraw = False
2362.3027 	EXP 	str_fixITI: autoDraw = True
2362.5782 	DATA 	Keypress: 5
2362.7859 	EXP 	New trial (rep=0, index=2): {'im_fName': 'cl043.jpg', 'key_correct': 1, 'im_type': 'animal', 'im_familiarity': 'novel'}
2362.8181 	EXP 	str_fixITI: autoDraw = False
2362.8181 	EXP 	im_trialImage: size = array([0.79583333, 0.94259259])
2362.8181 	EXP 	im_trialImage: image = 'cl043.jpg'
2362.8181 	EXP 	im_trialImage: autoDraw = True
2363.3787 	DATA 	Keypress: 5
2363.5488 	DATA 	Keypress: 1
2364.1867 	DATA 	Keypress: 5
2364.7935 	EXP 	im_trialImage: autoDraw = False
2364.7935 	EXP 	str_fixITI: autoDraw = True
2364.9853 	DATA 	Keypress: 5
2365.2930 	EXP 	New trial (rep=0, index=3): {'im_fName': 'cl044.jpg', 'key_correct': 1, 'im_type': 'animal', 'im_familiarity': 'novel'}
2365.3178 	EXP 	str_fixITI: autoDraw = False
2365.3178 	EXP 	im_trialImage: size = array([0.79375  , 0.9462963])
2365.3178 	EXP 	im_trialImage: image = 'cl044.jpg'
2365.3178 	EXP 	im_trialImage: autoDraw = True
2365.7808 	DATA 	Keypress: 5
2365.9449 	DATA 	Keypress: 1
2366.5809 	DATA 	Keypress: 5
2367.3003 	EXP 	im_trialImage: autoDraw = False
2367.3003 	EXP 	str_fixITI: autoDraw = True
2367.3795 	DATA 	Keypress: 5
2367.7923 	EXP 	New trial (rep=0, index=4): {'im_fName': 'cl045.jpg', 'key_correct': 1, 'im_type': 'animal', 'im_familiarity': 'novel'}
2367.8590 	EXP 	str_fixITI: autoDraw = False
2367.8590 	EXP 	im_trialImage: size = array([0.8       , 0.94814815])
2367.8590 	EXP 	im_trialImage: image = 'cl045.jpg'
2367.8590 	EXP 	im_trialImage: autoDraw = True
2368.1860 	DATA 	Keypress: 5
2368.4940 	DATA 	Keypress: 1
2368.9811 	DATA 	Keypress: 5
2369.7810 	DATA 	Keypress: 5
2369.8009 	EXP 	im_trialImage: autoDraw = False
2369.8009 	EXP 	str_fixITI: autoDraw = True
2370.2916 	EXP 	New trial (rep=0, index=5): {'im_fName': 'cl046.jpg', 'key_correct': 2, 'im_type': 'scene', 'im_familiarity': 'novel'}
2370.3328 	EXP 	str_fixITI: autoDraw = False
2370.3328 	EXP 	im_trialImage: size = array([0.8       , 0.94814815])
2370.3328 	EXP 	im_trialImage: image = 'cl046.jpg'
2370.3328 	EXP 	im_trialImage: autoDraw = True
2370.5852 	DATA 	Keypress: 5
2370.9522 	DATA 	Keypress: 2
2371.3852 	DATA 	Keypress: 5
2372.1852 	DATA 	Keypress: 5
2372.2926 	EXP 	im_trialImage: autoDraw = False
2372.2926 	EXP 	str_fixITI: autoDraw = True
2372.7854 	EXP 	New trial (rep=0, index=6): {'im_fName': 'cl047.jpg', 'key_correct': 2, 'im_type': 'scene', 'im_familiarity': 'novel'}
2372.8072 	EXP 	str_fixITI: autoDraw = False
2372.8072 	EXP 	im_trialImage: size = array([0.8       , 0.94814815])
2372.8072 	EXP 	im_trialImage: image = 'cl047.jpg'
2372.8072 	EXP 	im_trialImage: autoDraw = True
2372.9792 	DATA 	Keypress: 5
2373.4863 	DATA 	Keypress: 2
2373.7773 	DATA 	Keypress: 5
2374.5874 	DATA 	Keypress: 5
2374.7922 	EXP 	im_trialImage: autoDraw = False
2374.7922 	EXP 	str_fixITI: autoDraw = True
2375.2822 	EXP 	New trial (rep=0, index=7): {'im_fName': 'cl048.jpg', 'key_correct': 1, 'im_type': 'animal', 'im_familiarity': 'novel'}
2375.3153 	EXP 	str_fixITI: autoDraw = False
2375.3153 	EXP 	im_trialImage: size = array([0.79583333, 0.94259259])
2375.3153 	EXP 	im_trialImage: image = 'cl048.jpg'
2375.3153 	EXP 	im_trialImage: autoDraw = True
2375.3864 	DATA 	Keypress: 5
2376.0784 	DATA 	Keypress: 1
2376.1794 	DATA 	Keypress: 5
2376.9795 	DATA 	Keypress: 5
2377.2980 	EXP 	im_trialImage: autoDraw = False
2377.2980 	EXP 	str_fixITI: autoDraw = True
2377.7838 	DATA 	Keypress: 5
2377.7913 	EXP 	str_fixITI: autoDraw = False
2377.7913 	EXP 	str_fixRest: autoDraw = True
2378.5831 	DATA 	Keypress: 5
2379.3841 	DATA 	Keypress: 5
2380.1842 	DATA 	Keypress: 5
2380.9902 	DATA 	Keypress: 5
2381.7842 	DATA 	Keypress: 5
2382.5844 	DATA 	Keypress: 5
2383.3834 	DATA 	Keypress: 5
2384.1824 	DATA 	Keypress: 5
2384.9835 	DATA 	Keypress: 5
2385.7844 	DATA 	Keypress: 5
2386.5825 	DATA 	Keypress: 5
2387.3826 	DATA 	Keypress: 5
2388.1848 	DATA 	Keypress: 5
2388.9807 	DATA 	Keypress: 5
2389.2784 	EXP 	str_bangRest: autoDraw = True
2389.2971 	EXP 	str_fixRest: autoDraw = False
2389.7805 	EXP 	New trial (rep=0, index=6): {'trialOrderFile': 'scan_order7.xlsx'}
2389.7872 	EXP 	Imported scan_order7.xlsx as conditions, 8 conditions, 4 params
2389.7874 	EXP 	Created sequence: sequential, trialTypes=8, nReps=1, seed=None
2389.7877 	EXP 	New trial (rep=0, index=0): {'im_fName': 'cl049.jpg', 'key_correct': 1, 'im_type': 'animal', 'im_familiarity': 'familiar'}
2389.7971 	DATA 	Keypress: 5
2389.8053 	EXP 	str_bangRest: autoDraw = False
2389.8053 	EXP 	str_fixRest: autoDraw = False
2389.8053 	EXP 	str_bangRest: autoDraw = False
2389.8053 	EXP 	im_trialImage: size = array([0.79583333, 0.94259259])
2389.8053 	EXP 	im_trialImage: image = 'cl049.jpg'
2389.8053 	EXP 	im_trialImage: autoDraw = True
2390.3251 	DATA 	Keypress: 1
2390.5892 	DATA 	Keypress: 5
2391.3802 	DATA 	Keypress: 5
2391.7945 	EXP 	im_trialImage: autoDraw = False
2391.7945 	EXP 	str_fixITI: autoDraw = True
2392.1828 	DATA 	Keypress: 5
2392.2895 	EXP 	New trial (rep=0, index=1): {'im_fName': 'cl050.jpg', 'key_correct': 1, 'im_type': 'animal', 'im_familiarity': 'familiar'}
2392.3063 	EXP 	str_fixITI: autoDraw = False
2392.3063 	EXP 	im_trialImage: size = array([0.79583333, 0.94259259])
2392.3063 	EXP 	im_trialImage: image = 'cl050.jpg'
2392.3063 	EXP 	im_trialImage: autoDraw = True
2392.8463 	DATA 	Keypress: 1
2392.9823 	DATA 	Keypress: 5
2393.7822 	DATA 	Keypress: 5
2394.3024 	EXP 	im_trialImage: autoDraw = False
2394.3024 	EXP 	str_fixITI: autoDraw = True
2394.5870 	DATA 	Keypress: 5
2394.7943 	EXP 	New trial (rep=0, index=2): {'im_fName': 'cl051.jpg', 'key_correct': 1, 'im_type': 'animal', 'im_familiarity': 'familiar'}
2394.8116 	EXP 	str_fixITI: autoDraw = False
2394.8116 	EXP 	im_trialImage: size = array([0.79583333, 0.94259259])
2394.8116 	EXP 	im_trialImage: image = 'cl051.jpg'
2394.8116 	EXP 	im_trialImage: autoDraw = True
2395.2554 	DATA 	Keypress: 1
2395.3795 	DATA 	Keypress: 5
2396.1874 	DATA 	Keypress: 5
2396.7934 	EXP 	im_trialImage: autoDraw = False
2396.7934 	EXP 	str_fixITI: autoDraw = True
2396.9800 	DATA 	Keypress: 5
2397.2876 	EXP 	New trial (rep=0, index=3): {'im_fName': 'cl052.jpg', 'key_correct': 2, 'im_type': 'scene', 'im_familiarity': 'familiar'}
2397.3437 	EXP 	str_fixITI: autoDraw = False
2397.3437 	EXP 	im_trialImage: size = array([0.8       , 0.94814815])
2397.3437 	EXP 	im_trialImage: image = 'cl052.jpg'
2397.3437 	EXP 	im_trialImage: autoDraw = True
2397.7825 	DATA 	Keypress: 5
2398.0236 	DATA 	Keypress: 2
2398.5826 	DATA 	Keypress: 5
2399.2942 	EXP 	im_trialImage: autoDraw = False
2399.2942 	EXP 	str_fixITI: autoDraw = True
2399.3783 	DATA 	Keypress: 5
2399.7858 	EXP 	New trial (rep=0, index=4): {'im_fName': 'cl053.jpg', 'key_correct': 2, 'im_type': 'scene', 'im_familiarity': 'familiar'}
2399.8036 	EXP 	str_fixITI: autoDraw = False
2399.8036 	EXP 	im_trialImage: size = array([0.8       , 0.94814815])
2399.8036 	EXP 	im_trialImage: image = 'cl053.jpg'
2399.8036 	EXP 	im_trialImage: autoDraw = True
2400.1867 	DATA 	Keypress: 5
2400.6557 	DATA 	Keypress: 2
2400.9866 	DATA 	Keypress: 5
2401.7807 	DATA 	Keypress: 5
2401.8027 	EXP 	im_trialImage: autoDraw = False
2401.8027 	EXP 	str_fixITI: autoDraw = True
2402.2863 	EXP 	New trial (rep=0, index=5): {'im_fName': 'cl054.jpg', 'key_correct': 2, 'im_type': 'scene', 'im_familiarity': 'familiar'}
2402.3171 	EXP 	str_fixITI: autoDraw = False
2402.3171 	EXP 	im_trialImage: size = array([0.8       , 0.94814815])
2402.3171 	EXP 	im_trialImage: image = 'cl054.jpg'
2402.3171 	EXP 	im_trialImage: autoDraw = True
2402.5778 	DATA 	Keypress: 5
2403.0299 	DATA 	Keypress: 2
2403.3818 	DATA 	Keypress: 5
2404.1819 	DATA 	Keypress: 5
2404.2935 	EXP 	im_trialImage: autoDraw = False
2404.2935 	EXP 	str_fixITI: autoDraw = True
2404.7840 	EXP 	New trial (rep=0, index=6): {'im_fName': 'cl055.jpg', 'key_correct': 1, 'im_type': 'animal', 'im_familiarity': 'familiar'}
2404.8169 	EXP 	str_fixITI: autoDraw = False
2404.8169 	EXP 	im_trialImage: size = array([0.79583333, 0.94259259])
2404.8169 	EXP 	im_trialImage: image = 'cl055.jpg'
2404.8169 	EXP 	im_trialImage: autoDraw = True
2404.9870 	DATA 	Keypress: 5
2405.4640 	DATA 	Keypress: 1
2405.7790 	DATA 	Keypress: 5
2406.5871 	DATA 	Keypress: 5
2406.7995 	EXP 	im_trialImage: autoDraw = False
2406.7995 	EXP 	str_fixITI: autoDraw = True
2407.2832 	EXP 	New trial (rep=0, index=7): {'im_fName': 'cl056.jpg', 'key_correct': 2, 'im_type': 'scene', 'im_familiarity': 'familiar'}
2407.3080 	EXP 	str_fixITI: autoDraw = False
2407.3080 	EXP 	im_trialImage: size = array([0.8       , 0.94814815])
2407.3080 	EXP 	im_trialImage: image = 'cl056.jpg'
2407.3080 	EXP 	im_trialImage: autoDraw = True
2407.3781 	DATA 	Keypress: 5
2408.1851 	DATA 	Keypress: 5
2408.2432 	DATA 	Keypress: 2
2408.9842 	DATA 	Keypress: 5
2409.2918 	EXP 	im_trialImage: autoDraw = False
2409.2918 	EXP 	str_fixITI: autoDraw = True
2409.7856 	DATA 	Keypress: 5
2409.7932 	EXP 	str_fixITI: autoDraw = False
2409.7932 	EXP 	str_fixRest: autoDraw = True
2410.5848 	DATA 	Keypress: 5
2411.3839 	DATA 	Keypress: 5
2412.1848 	DATA 	Keypress: 5
2412.9850 	DATA 	Keypress: 5
2413.7859 	DATA 	Keypress: 5
2414.5851 	DATA 	Keypress: 5
2415.3861 	DATA 	Keypress: 5
2416.1841 	DATA 	Keypress: 5
2416.9832 	DATA 	Keypress: 5
2417.7831 	DATA 	Keypress: 5
2418.5843 	DATA 	Keypress: 5
2419.3833 	DATA 	Keypress: 5
2420.1833 	DATA 	Keypress: 5
2420.9824 	DATA 	Keypress: 5
2421.2822 	EXP 	str_bangRest: autoDraw = True
2421.3056 	EXP 	str_fixRest: autoDraw = False
2421.7826 	EXP 	New trial (rep=0, index=7): {'trialOrderFile': 'scan_order8.xlsx'}
2421.7894 	EXP 	Imported scan_order8.xlsx as conditions, 8 conditions, 4 params
2421.7897 	EXP 	Created sequence: sequential, trialTypes=8, nReps=1, seed=None
2421.7899 	EXP 	New trial (rep=0, index=0): {'im_fName': 'cl057.jpg', 'key_correct': 2, 'im_type': 'scene', 'im_familiarity': 'novel'}
2421.8038 	DATA 	Keypress: 5
2421.8130 	EXP 	str_fixRest: autoDraw = False
2421.8130 	EXP 	str_bangRest: autoDraw = False
2421.8130 	EXP 	im_trialImage: size = array([0.79583333, 0.94259259])
2421.8130 	EXP 	im_trialImage: image = 'cl057.jpg'
2421.8130 	EXP 	im_trialImage: autoDraw = True
2422.3419 	DATA 	Keypress: 2
2422.5819 	DATA 	Keypress: 5
2423.3830 	DATA 	Keypress: 5
2423.8039 	EXP 	im_trialImage: autoDraw = False
2423.8039 	EXP 	str_fixITI: autoDraw = True
2424.1835 	DATA 	Keypress: 5
2424.2822 	EXP 	New trial (rep=0, index=1): {'im_fName': 'cl058.jpg', 'key_correct': 2, 'im_type': 'scene', 'im_familiarity': 'novel'}
2424.3159 	EXP 	str_fixITI: autoDraw = False
2424.3159 	EXP 	im_trialImage: size = array([0.8       , 0.94814815])
2424.3159 	EXP 	im_trialImage: image = 'cl058.jpg'
2424.3159 	EXP 	im_trialImage: autoDraw = True
2424.9560 	DATA 	Keypress: 2
2424.9810 	DATA 	Keypress: 5
2425.7849 	DATA 	Keypress: 5
2426.2951 	EXP 	im_trialImage: autoDraw = False
2426.2951 	EXP 	str_fixITI: autoDraw = True
2426.5817 	DATA 	Keypress: 5
2426.7895 	EXP 	New trial (rep=0, index=2): {'im_fName': 'cl059.jpg', 'key_correct': 1, 'im_type': 'animal', 'im_familiarity': 'novel'}
2426.8069 	EXP 	str_fixITI: autoDraw = False
2426.8069 	EXP 	im_trialImage: size = array([0.8       , 0.94814815])
2426.8069 	EXP 	im_trialImage: image = 'cl059.jpg'
2426.8069 	EXP 	im_trialImage: autoDraw = True
2427.3802 	DATA 	Keypress: 5
2427.6642 	DATA 	Keypress: 1
2428.1842 	DATA 	Keypress: 5
2428.8028 	EXP 	im_trialImage: autoDraw = False
2428.8028 	EXP 	str_fixITI: autoDraw = True
2428.9818 	DATA 	Keypress: 5
2429.2892 	EXP 	New trial (rep=0, index=3): {'im_fName': 'cl060.jpg', 'key_correct': 2, 'im_type': 'scene', 'im_familiarity': 'novel'}
2429.3196 	EXP 	str_fixITI: autoDraw = False
2429.3196 	EXP 	im_trialImage: size = array([0.79375   , 0.93888889])
2429.3196 	EXP 	im_trialImage: image = 'cl060.jpg'
2429.3196 	EXP 	im_trialImage: autoDraw = True
2429.7882 	DATA 	Keypress: 5
2430.3652 	DATA 	Keypress: 2
2430.5823 	DATA 	Keypress: 5
2431.2949 	EXP 	im_trialImage: autoDraw = False
2431.2949 	EXP 	str_fixITI: autoDraw = True
2431.3799 	DATA 	Keypress: 5
2431.7876 	EXP 	New trial (rep=0, index=4): {'im_fName': 'cl061.jpg', 'key_correct': 2, 'im_type': 'scene', 'im_familiarity': 'novel'}
2431.8107 	EXP 	str_fixITI: autoDraw = False
2431.8107 	EXP 	im_trialImage: size = array([0.8       , 0.94814815])
2431.8107 	EXP 	im_trialImage: image = 'cl061.jpg'
2431.8107 	EXP 	im_trialImage: autoDraw = True
2432.1823 	DATA 	Keypress: 5
2432.3984 	DATA 	Keypress: 2
2432.9793 	DATA 	Keypress: 5
2433.7813 	DATA 	Keypress: 5
2433.8032 	EXP 	im_trialImage: autoDraw = False
2433.8032 	EXP 	str_fixITI: autoDraw = True
2434.2853 	EXP 	New trial (rep=0, index=5): {'im_fName': 'cl062.jpg', 'key_correct': 1, 'im_type': 'animal', 'im_familiarity': 'novel'}
2434.3036 	EXP 	str_fixITI: autoDraw = False
2434.3036 	EXP 	im_trialImage: size = array([0.8       , 0.94814815])
2434.3036 	EXP 	im_trialImage: image = 'cl062.jpg'
2434.3036 	EXP 	im_trialImage: autoDraw = True
2434.5876 	DATA 	Keypress: 5
2434.8816 	DATA 	Keypress: 1
2435.3786 	DATA 	Keypress: 5
2436.1785 	DATA 	Keypress: 5
2436.3023 	EXP 	im_trialImage: autoDraw = False
2436.3023 	EXP 	str_fixITI: autoDraw = True
2436.7844 	EXP 	New trial (rep=0, index=6): {'im_fName': 'cl063.jpg', 'key_correct': 1, 'im_type': 'animal', 'im_familiarity': 'novel'}
2436.8180 	EXP 	str_fixITI: autoDraw = False
2436.8180 	EXP 	im_trialImage: size = array([0.79583333, 0.94259259])
2436.8180 	EXP 	im_trialImage: image = 'cl063.jpg'
2436.8180 	EXP 	im_trialImage: autoDraw = True
2436.9787 	DATA 	Keypress: 5
2437.5367 	DATA 	Keypress: 1
2437.7825 	DATA 	Keypress: 5
2438.5858 	DATA 	Keypress: 5
2438.7933 	EXP 	im_trialImage: autoDraw = False
2438.7933 	EXP 	str_fixITI: autoDraw = True
2439.2847 	EXP 	New trial (rep=0, index=7): {'im_fName': 'cl064.jpg', 'key_correct': 1, 'im_type': 'animal', 'im_familiarity': 'novel'}
2439.3027 	EXP 	str_fixITI: autoDraw = False
2439.3027 	EXP 	im_trialImage: size = array([0.79583333, 0.94259259])
2439.3027 	EXP 	im_trialImage: image = 'cl064.jpg'
2439.3027 	EXP 	im_trialImage: autoDraw = True
2439.3808 	DATA 	Keypress: 5
2440.1858 	DATA 	Keypress: 5
2440.3218 	DATA 	Keypress: 1
2440.9859 	DATA 	Keypress: 5
2441.3014 	EXP 	im_trialImage: autoDraw = False
2441.3014 	EXP 	str_fixITI: autoDraw = True
2441.7796 	DATA 	Keypress: 5
2441.8007 	EXP 	str_fixITI: autoDraw = False
2441.8007 	EXP 	str_fixRest: autoDraw = True
2442.5796 	DATA 	Keypress: 5
2443.3785 	DATA 	Keypress: 5
2444.1775 	DATA 	Keypress: 5
2444.9867 	DATA 	Keypress: 5
2445.7787 	DATA 	Keypress: 5
2446.5848 	DATA 	Keypress: 5
2447.3848 	DATA 	Keypress: 5
2448.1837 	DATA 	Keypress: 5
2448.9849 	DATA 	Keypress: 5
2449.7848 	DATA 	Keypress: 5
2450.5829 	DATA 	Keypress: 5
2451.3830 	DATA 	Keypress: 5
2452.1830 	DATA 	Keypress: 5
2452.9841 	DATA 	Keypress: 5
2453.2916 	EXP 	str_bangRest: autoDraw = True
2453.3004 	EXP 	str_fixRest: autoDraw = False
2453.7835 	EXP 	New trial (rep=0, index=8): {'trialOrderFile': 'scan_order9.xlsx'}
2453.7898 	EXP 	Imported scan_order9.xlsx as conditions, 8 conditions, 4 params
2453.7900 	EXP 	Created sequence: sequential, trialTypes=8, nReps=1, seed=None
2453.7902 	EXP 	New trial (rep=0, index=0): {'im_fName': 'cl065.jpg', 'key_correct': 2, 'im_type': 'scene', 'im_familiarity': 'familiar'}
2453.8106 	DATA 	Keypress: 5
2453.8224 	EXP 	str_fixRest: autoDraw = False
2453.8224 	EXP 	str_bangRest: autoDraw = False
2453.8224 	EXP 	im_trialImage: size = array([0.8       , 0.94814815])
2453.8224 	EXP 	im_trialImage: image = 'cl065.jpg'
2453.8224 	EXP 	im_trialImage: autoDraw = True
2454.3325 	DATA 	Keypress: 2
2454.5875 	DATA 	Keypress: 5
2455.3827 	DATA 	Keypress: 5
2455.7904 	EXP 	im_trialImage: autoDraw = False
2455.7904 	EXP 	str_fixITI: autoDraw = True
2456.1832 	DATA 	Keypress: 5
2456.2819 	EXP 	New trial (rep=0, index=1): {'im_fName': 'cl066.jpg', 'key_correct': 1, 'im_type': 'animal', 'im_familiarity': 'familiar'}
2456.3050 	EXP 	str_fixITI: autoDraw = False
2456.3050 	EXP 	im_trialImage: size = array([0.79583333, 0.94259259])
2456.3050 	EXP 	im_trialImage: image = 'cl066.jpg'
2456.3050 	EXP 	im_trialImage: autoDraw = True
2456.7767 	DATA 	Keypress: 1
2456.9816 	DATA 	Keypress: 5
2457.7826 	DATA 	Keypress: 5
2458.2960 	EXP 	im_trialImage: autoDraw = False
2458.2960 	EXP 	str_fixITI: autoDraw = True
2458.5834 	DATA 	Keypress: 5
2458.7824 	EXP 	New trial (rep=0, index=2): {'im_fName': 'cl067.jpg', 'key_correct': 2, 'im_type': 'scene', 'im_familiarity': 'familiar'}
2458.8048 	EXP 	str_fixITI: autoDraw = False
2458.8048 	EXP 	im_trialImage: size = array([0.8       , 0.94814815])
2458.8048 	EXP 	im_trialImage: image = 'cl067.jpg'
2458.8048 	EXP 	im_trialImage: autoDraw = True
2459.3179 	DATA 	Keypress: 2
2459.3898 	DATA 	Keypress: 5
2460.1818 	DATA 	Keypress: 5
2460.7966 	EXP 	im_trialImage: autoDraw = False
2460.7966 	EXP 	str_fixITI: autoDraw = True
2460.9835 	DATA 	Keypress: 5
2461.2824 	EXP 	New trial (rep=0, index=3): {'im_fName': 'cl068.jpg', 'key_correct': 1, 'im_type': 'animal', 'im_familiarity': 'familiar'}
2461.3050 	EXP 	str_fixITI: autoDraw = False
2461.3050 	EXP 	im_trialImage: size = array([0.79583333, 0.94259259])
2461.3050 	EXP 	im_trialImage: image = 'cl068.jpg'
2461.3050 	EXP 	im_trialImage: autoDraw = True
2461.7890 	DATA 	Keypress: 5
2462.1060 	DATA 	Keypress: 1
2462.5809 	DATA 	Keypress: 5
2463.2949 	EXP 	im_trialImage: autoDraw = False
2463.2949 	EXP 	str_fixITI: autoDraw = True
2463.3816 	DATA 	Keypress: 5
2463.7895 	EXP 	New trial (rep=0, index=4): {'im_fName': 'cl069.jpg', 'key_correct': 1, 'im_type': 'animal', 'im_familiarity': 'familiar'}
2463.8067 	EXP 	str_fixITI: autoDraw = False
2463.8067 	EXP 	im_trialImage: size = array([0.79583333, 0.94259259])
2463.8067 	EXP 	im_trialImage: image = 'cl069.jpg'
2463.8067 	EXP 	im_trialImage: autoDraw = True
2464.1841 	DATA 	Keypress: 5
2464.3131 	DATA 	Keypress: 1
2464.9802 	DATA 	Keypress: 5
2465.7846 	DATA 	Keypress: 5
2465.7942 	EXP 	im_trialImage: autoDraw = False
2465.7942 	EXP 	str_fixITI: autoDraw = True
2466.2885 	EXP 	New trial (rep=0, index=5): {'im_fName': 'cl070.jpg', 'key_correct': 2, 'im_type': 'scene', 'im_familiarity': 'familiar'}
2466.3373 	EXP 	str_fixITI: autoDraw = False
2466.3373 	EXP 	im_trialImage: size = array([0.8       , 0.94814815])
2466.3373 	EXP 	im_trialImage: image = 'cl070.jpg'
2466.3373 	EXP 	im_trialImage: autoDraw = True
2466.5802 	DATA 	Keypress: 5
2466.8753 	DATA 	Keypress: 2
2467.3823 	DATA 	Keypress: 5
2468.1794 	DATA 	Keypress: 5
2468.3020 	EXP 	im_trialImage: autoDraw = False
2468.3020 	EXP 	str_fixITI: autoDraw = True
2468.7887 	EXP 	New trial (rep=0, index=6): {'im_fName': 'cl071.jpg', 'key_correct': 2, 'im_type': 'scene', 'im_familiarity': 'familiar'}
2468.8384 	EXP 	str_fixITI: autoDraw = False
2468.8384 	EXP 	im_trialImage: size = array([0.8       , 0.94814815])
2468.8384 	EXP 	im_trialImage: image = 'cl071.jpg'
2468.8384 	EXP 	im_trialImage: autoDraw = True
2468.9794 	DATA 	Keypress: 5
2469.4314 	DATA 	Keypress: 2
2469.7874 	DATA 	Keypress: 5
2470.5815 	DATA 	Keypress: 5
2470.8015 	EXP 	im_trialImage: autoDraw = False
2470.8015 	EXP 	str_fixITI: autoDraw = True
2471.2865 	EXP 	New trial (rep=0, index=7): {'im_fName': 'cl072.jpg', 'key_correct': 1, 'im_type': 'animal', 'im_familiarity': 'familiar'}
2471.3183 	EXP 	str_fixITI: autoDraw = False
2471.3183 	EXP 	im_trialImage: size = array([0.79583333, 0.94259259])
2471.3183 	EXP 	im_trialImage: image = 'cl072.jpg'
2471.3183 	EXP 	im_trialImage: autoDraw = True
2471.3786 	DATA 	Keypress: 5
2471.9375 	DATA 	Keypress: 1
2472.1824 	DATA 	Keypress: 5
2472.9795 	DATA 	Keypress: 5
2473.3009 	EXP 	im_trialImage: autoDraw = False
2473.3009 	EXP 	str_fixITI: autoDraw = True
2473.7862 	DATA 	Keypress: 5
2473.7934 	EXP 	str_fixITI: autoDraw = False
2473.7934 	EXP 	str_fixRest: autoDraw = True
2474.5863 	DATA 	Keypress: 5
2475.3802 	DATA 	Keypress: 5
2476.1793 	DATA 	Keypress: 5
2476.9853 	DATA 	Keypress: 5
2477.7853 	DATA 	Keypress: 5
2478.5794 	DATA 	Keypress: 5
2479.3855 	DATA 	Keypress: 5
2480.1855 	DATA 	Keypress: 5
2480.9866 	DATA 	Keypress: 5
2481.7866 	DATA 	Keypress: 5
2482.5846 	DATA 	Keypress: 5
2483.3847 	DATA 	Keypress: 5
2484.1857 	DATA 	Keypress: 5
2484.9838 	DATA 	Keypress: 5
2485.2814 	EXP 	str_bangRest: autoDraw = True
2485.3001 	EXP 	str_fixRest: autoDraw = False
2485.7773 	EXP 	New trial (rep=0, index=9): {'trialOrderFile': 'scan_order10.xlsx'}
2485.7843 	EXP 	Imported scan_order10.xlsx as conditions, 8 conditions, 4 params
2485.7845 	EXP 	Created sequence: sequential, trialTypes=8, nReps=1, seed=None
2485.7848 	EXP 	New trial (rep=0, index=0): {'im_fName': 'cl073.jpg', 'key_correct': 2, 'im_type': 'scene', 'im_familiarity': 'novel'}
2485.8103 	DATA 	Keypress: 5
2485.8184 	EXP 	str_bangRest: autoDraw = False
2485.8184 	EXP 	str_fixRest: autoDraw = False
2485.8184 	EXP 	str_bangRest: autoDraw = False
2485.8184 	EXP 	im_trialImage: size = array([0.8       , 0.94814815])
2485.8184 	EXP 	im_trialImage: image = 'cl073.jpg'
2485.8184 	EXP 	im_trialImage: autoDraw = True
2486.2943 	DATA 	Keypress: 2
2486.5923 	DATA 	Keypress: 5
2487.3917 	DATA 	Keypress: 5
2487.7975 	EXP 	im_trialImage: autoDraw = False
2487.7975 	EXP 	str_fixITI: autoDraw = True
2488.1849 	DATA 	Keypress: 5
2488.2835 	EXP 	New trial (rep=0, index=1): {'im_fName': 'cl074.jpg', 'key_correct': 2, 'im_type': 'scene', 'im_familiarity': 'novel'}
2488.3064 	EXP 	str_fixITI: autoDraw = False
2488.3064 	EXP 	im_trialImage: size = array([0.79583333, 0.94259259])
2488.3064 	EXP 	im_trialImage: image = 'cl074.jpg'
2488.3064 	EXP 	im_trialImage: autoDraw = True
2488.9834 	DATA 	Keypress: 5
2488.9945 	DATA 	Keypress: 2
2489.7875 	DATA 	Keypress: 5
2490.2982 	EXP 	im_trialImage: autoDraw = False
2490.2982 	EXP 	str_fixITI: autoDraw = True
2490.5851 	DATA 	Keypress: 5
2490.7840 	EXP 	New trial (rep=0, index=2): {'im_fName': 'cl075.jpg', 'key_correct': 1, 'im_type': 'animal', 'im_familiarity': 'novel'}
2490.8051 	EXP 	str_fixITI: autoDraw = False
2490.8051 	EXP 	im_trialImage: size = array([0.79583333, 0.94259259])
2490.8051 	EXP 	im_trialImage: image = 'cl075.jpg'
2490.8051 	EXP 	im_trialImage: autoDraw = True
2491.3854 	DATA 	Keypress: 5
2491.4776 	DATA 	Keypress: 1
2492.1866 	DATA 	Keypress: 5
2492.7965 	EXP 	im_trialImage: autoDraw = False
2492.7965 	EXP 	str_fixITI: autoDraw = True
2492.9832 	DATA 	Keypress: 5
2493.2830 	EXP 	New trial (rep=0, index=3): {'im_fName': 'cl076.jpg', 'key_correct': 1, 'im_type': 'animal', 'im_familiarity': 'novel'}
2493.3045 	EXP 	str_fixITI: autoDraw = False
2493.3045 	EXP 	im_trialImage: size = array([0.79583333, 0.94259259])
2493.3045 	EXP 	im_trialImage: image = 'cl076.jpg'
2493.3045 	EXP 	im_trialImage: autoDraw = True
2493.7845 	DATA 	Keypress: 5
2494.1097 	DATA 	Keypress: 1
2494.5847 	DATA 	Keypress: 5
2495.2903 	EXP 	im_trialImage: autoDraw = False
2495.2903 	EXP 	str_fixITI: autoDraw = True
2495.3833 	DATA 	Keypress: 5
2495.7823 	EXP 	New trial (rep=0, index=4): {'im_fName': 'cl077.jpg', 'key_correct': 2, 'im_type': 'scene', 'im_familiarity': 'novel'}
2495.8127 	EXP 	str_fixITI: autoDraw = False
2495.8127 	EXP 	im_trialImage: size = array([0.8       , 0.94814815])
2495.8127 	EXP 	im_trialImage: image = 'cl077.jpg'
2495.8127 	EXP 	im_trialImage: autoDraw = True
2496.1898 	DATA 	Keypress: 5
2496.4808 	DATA 	Keypress: 2
2496.9898 	DATA 	Keypress: 5
2497.7895 	DATA 	Keypress: 5
2497.7967 	EXP 	im_trialImage: autoDraw = False
2497.7967 	EXP 	str_fixITI: autoDraw = True
2498.2882 	EXP 	New trial (rep=0, index=5): {'im_fName': 'cl078.jpg', 'key_correct': 1, 'im_type': 'animal', 'im_familiarity': 'novel'}
2498.3121 	EXP 	str_fixITI: autoDraw = False
2498.3121 	EXP 	im_trialImage: size = array([0.79583333, 0.94259259])
2498.3121 	EXP 	im_trialImage: image = 'cl078.jpg'
2498.3121 	EXP 	im_trialImage: autoDraw = True
2498.5829 	DATA 	Keypress: 5
2498.9760 	DATA 	Keypress: 1
2499.3890 	DATA 	Keypress: 5
2500.1889 	DATA 	Keypress: 5
2500.2947 	EXP 	im_trialImage: autoDraw = False
2500.2947 	EXP 	str_fixITI: autoDraw = True
2500.7815 	EXP 	New trial (rep=0, index=6): {'im_fName': 'cl079.jpg', 'key_correct': 1, 'im_type': 'animal', 'im_familiarity': 'novel'}
2500.8029 	EXP 	str_fixITI: autoDraw = False
2500.8029 	EXP 	im_trialImage: size = array([0.79583333, 0.94259259])
2500.8029 	EXP 	im_trialImage: image = 'cl079.jpg'
2500.8029 	EXP 	im_trialImage: autoDraw = True
2500.9841 	DATA 	Keypress: 5
2501.5220 	DATA 	Keypress: 1
2501.7829 	DATA 	Keypress: 5
2502.5842 	DATA 	Keypress: 5
2502.7951 	EXP 	im_trialImage: autoDraw = False
2502.7951 	EXP 	str_fixITI: autoDraw = True
2503.2860 	EXP 	New trial (rep=0, index=7): {'im_fName': 'cl080.jpg', 'key_correct': 2, 'im_type': 'scene', 'im_familiarity': 'novel'}
2503.3043 	EXP 	str_fixITI: autoDraw = False
2503.3043 	EXP 	im_trialImage: size = array([0.79583333, 0.94259259])
2503.3043 	EXP 	im_trialImage: image = 'cl080.jpg'
2503.3043 	EXP 	im_trialImage: autoDraw = True
2503.3821 	DATA 	Keypress: 5
2504.1883 	DATA 	Keypress: 5
2504.3632 	DATA 	Keypress: 2
2504.9823 	DATA 	Keypress: 5
2505.3019 	EXP 	im_trialImage: autoDraw = False
2505.3019 	EXP 	str_fixITI: autoDraw = True
2505.7809 	DATA 	Keypress: 5
2505.8017 	EXP 	str_fixITI: autoDraw = False
2505.8017 	EXP 	str_fixRest: autoDraw = True
2506.5799 	DATA 	Keypress: 5
2507.3800 	DATA 	Keypress: 5
2508.1800 	DATA 	Keypress: 5
2508.9870 	DATA 	Keypress: 5
2509.7782 	DATA 	Keypress: 5
2510.5862 	DATA 	Keypress: 5
2511.3801 	DATA 	Keypress: 5
2512.1802 	DATA 	Keypress: 5
2512.9794 	DATA 	Keypress: 5
2513.7863 	DATA 	Keypress: 5
2514.5855 	DATA 	Keypress: 5
2515.3864 	DATA 	Keypress: 5
2516.1854 	DATA 	Keypress: 5
2516.9855 	DATA 	Keypress: 5
2517.2919 	EXP 	str_bangRest: autoDraw = True
2517.3105 	EXP 	str_fixRest: autoDraw = False
2517.7835 	EXP 	New trial (rep=0, index=10): {'trialOrderFile': 'scan_order11.xlsx'}
2517.7898 	EXP 	Imported scan_order11.xlsx as conditions, 8 conditions, 4 params
2517.7900 	EXP 	Created sequence: sequential, trialTypes=8, nReps=1, seed=None
2517.7903 	EXP 	New trial (rep=0, index=0): {'im_fName': 'cl081.jpg', 'key_correct': 1, 'im_type': 'animal', 'im_familiarity': 'familiar'}
2517.8000 	DATA 	Keypress: 5
2517.8086 	EXP 	str_fixRest: autoDraw = False
2517.8086 	EXP 	str_bangRest: autoDraw = False
2517.8086 	EXP 	im_trialImage: size = array([0.79583333, 0.94259259])
2517.8086 	EXP 	im_trialImage: image = 'cl081.jpg'
2517.8086 	EXP 	im_trialImage: autoDraw = True
2518.3719 	DATA 	Keypress: 1
2518.5890 	DATA 	Keypress: 5
2519.3801 	DATA 	Keypress: 5
2519.7986 	EXP 	im_trialImage: autoDraw = False
2519.7986 	EXP 	str_fixITI: autoDraw = True
2520.1890 	DATA 	Keypress: 5
2520.2856 	EXP 	New trial (rep=0, index=1): {'im_fName': 'cl082.jpg', 'key_correct': 1, 'im_type': 'animal', 'im_familiarity': 'familiar'}
2520.3067 	EXP 	str_fixITI: autoDraw = False
2520.3067 	EXP 	im_trialImage: size = array([0.79583333, 0.94259259])
2520.3067 	EXP 	im_trialImage: image = 'cl082.jpg'
2520.3067 	EXP 	im_trialImage: autoDraw = True
2520.8003 	DATA 	Keypress: 1
2520.9792 	DATA 	Keypress: 5
2521.7841 	DATA 	Keypress: 5
2522.2990 	EXP 	im_trialImage: autoDraw = False
2522.2990 	EXP 	str_fixITI: autoDraw = True
2522.5918 	DATA 	Keypress: 5
2522.7900 	EXP 	New trial (rep=0, index=2): {'im_fName': 'cl083.jpg', 'key_correct': 2, 'im_type': 'scene', 'im_familiarity': 'familiar'}
2522.8398 	EXP 	str_fixITI: autoDraw = False
2522.8398 	EXP 	im_trialImage: size = array([0.8       , 0.94814815])
2522.8398 	EXP 	im_trialImage: image = 'cl083.jpg'
2522.8398 	EXP 	im_trialImage: autoDraw = True
2523.3922 	DATA 	Keypress: 5
2523.4282 	DATA 	Keypress: 2
2524.1863 	DATA 	Keypress: 5
2524.7974 	EXP 	im_trialImage: autoDraw = False
2524.7974 	EXP 	str_fixITI: autoDraw = True
2524.9849 	DATA 	Keypress: 5
2525.2834 	EXP 	New trial (rep=0, index=3): {'im_fName': 'cl084.jpg', 'key_correct': 1, 'im_type': 'animal', 'im_familiarity': 'familiar'}
2525.3074 	EXP 	str_fixITI: autoDraw = False
2525.3074 	EXP 	im_trialImage: size = array([0.79583333, 0.94259259])
2525.3074 	EXP 	im_trialImage: image = 'cl084.jpg'
2525.3074 	EXP 	im_trialImage: autoDraw = True
2525.7913 	DATA 	Keypress: 5
2525.9604 	DATA 	Keypress: 1
2526.5824 	DATA 	Keypress: 5
2527.2968 	EXP 	im_trialImage: autoDraw = False
2527.2968 	EXP 	str_fixITI: autoDraw = True
2527.3850 	DATA 	Keypress: 5
2527.7832 	EXP 	New trial (rep=0, index=4): {'im_fName': 'cl085.jpg', 'key_correct': 1, 'im_type': 'animal', 'im_familiarity': 'familiar'}
2527.8050 	EXP 	str_fixITI: autoDraw = False
2527.8050 	EXP 	im_trialImage: size = array([0.79583333, 0.94259259])
2527.8050 	EXP 	im_trialImage: image = 'cl085.jpg'
2527.8050 	EXP 	im_trialImage: autoDraw = True
2528.1844 	DATA 	Keypress: 5
2528.3845 	DATA 	Keypress: 1
2528.9825 	DATA 	Keypress: 5
2529.7861 	DATA 	Keypress: 5
2529.7963 	EXP 	im_trialImage: autoDraw = False
2529.7963 	EXP 	str_fixITI: autoDraw = True
2530.2825 	EXP 	New trial (rep=0, index=5): {'im_fName': 'cl086.jpg', 'key_correct': 2, 'im_type': 'scene', 'im_familiarity': 'familiar'}
2530.3131 	EXP 	str_fixITI: autoDraw = False
2530.3131 	EXP 	im_trialImage: size = array([0.8       , 0.94814815])
2530.3131 	EXP 	im_trialImage: image = 'cl086.jpg'
2530.3131 	EXP 	im_trialImage: autoDraw = True
2530.5845 	DATA 	Keypress: 5
2530.7907 	DATA 	Keypress: 2
2531.3897 	DATA 	Keypress: 5
2532.1837 	DATA 	Keypress: 5
2532.2973 	EXP 	im_trialImage: autoDraw = False
2532.2973 	EXP 	str_fixITI: autoDraw = True
2532.7877 	EXP 	New trial (rep=0, index=6): {'im_fName': 'cl087.jpg', 'key_correct': 2, 'im_type': 'scene', 'im_familiarity': 'familiar'}
2532.8047 	EXP 	str_fixITI: autoDraw = False
2532.8047 	EXP 	im_trialImage: size = array([0.8       , 0.94814815])
2532.8047 	EXP 	im_trialImage: image = 'cl087.jpg'
2532.8047 	EXP 	im_trialImage: autoDraw = True
2532.9898 	DATA 	Keypress: 5
2533.2858 	DATA 	Keypress: 2
2533.7836 	DATA 	Keypress: 5
2534.5887 	DATA 	Keypress: 5
2534.7951 	EXP 	im_trialImage: autoDraw = False
2534.7951 	EXP 	str_fixITI: autoDraw = True
2535.2809 	EXP 	New trial (rep=0, index=7): {'im_fName': 'cl088.jpg', 'key_correct': 2, 'im_type': 'scene', 'im_familiarity': 'familiar'}
2535.3319 	EXP 	str_fixITI: autoDraw = False
2535.3319 	EXP 	im_trialImage: size = array([0.8       , 0.94814815])
2535.3319 	EXP 	im_trialImage: image = 'cl088.jpg'
2535.3319 	EXP 	im_trialImage: autoDraw = True
2535.3809 	DATA 	Keypress: 5
2536.1809 	DATA 	Keypress: 5
2536.2310 	DATA 	Keypress: 2
2536.9840 	DATA 	Keypress: 5
2537.2957 	EXP 	im_trialImage: autoDraw = False
2537.2957 	EXP 	str_fixITI: autoDraw = True
2537.7834 	DATA 	Keypress: 5
2537.7944 	EXP 	str_fixITI: autoDraw = False
2537.7944 	EXP 	str_fixRest: autoDraw = True
2538.5797 	DATA 	Keypress: 5
2539.3797 	DATA 	Keypress: 5
2540.1807 	DATA 	Keypress: 5
2540.9798 	DATA 	Keypress: 5
2541.7878 	DATA 	Keypress: 5
2542.5799 	DATA 	Keypress: 5
2543.3799 	DATA 	Keypress: 5
2544.1790 	DATA 	Keypress: 5
2544.9810 	DATA 	Keypress: 5
2545.7803 	DATA 	Keypress: 5
2546.5801 	DATA 	Keypress: 5
2547.3791 	DATA 	Keypress: 5
2548.1802 	DATA 	Keypress: 5
2548.9862 	DATA 	Keypress: 5
2549.2846 	EXP 	str_bangRest: autoDraw = True
2549.3084 	EXP 	str_fixRest: autoDraw = False
2549.7853 	EXP 	New trial (rep=0, index=11): {'trialOrderFile': 'scan_order12.xlsx'}
2549.7918 	EXP 	Imported scan_order12.xlsx as conditions, 8 conditions, 4 params
2549.7921 	EXP 	Created sequence: sequential, trialTypes=8, nReps=1, seed=None
2549.7923 	EXP 	New trial (rep=0, index=0): {'im_fName': 'cl089.jpg', 'key_correct': 2, 'im_type': 'scene', 'im_familiarity': 'novel'}
2549.8137 	DATA 	Keypress: 5
2549.8253 	EXP 	str_fixRest: autoDraw = False
2549.8253 	EXP 	str_bangRest: autoDraw = False
2549.8253 	EXP 	im_trialImage: size = array([0.79583333, 0.94259259])
2549.8253 	EXP 	im_trialImage: image = 'cl089.jpg'
2549.8253 	EXP 	im_trialImage: autoDraw = True
2550.5547 	DATA 	Keypress: 2
2550.5887 	DATA 	Keypress: 5
2551.3858 	DATA 	Keypress: 5
2551.7996 	EXP 	im_trialImage: autoDraw = False
2551.7996 	EXP 	str_fixITI: autoDraw = True
2552.1873 	DATA 	Keypress: 5
2552.2860 	EXP 	New trial (rep=0, index=1): {'im_fName': 'cl090.jpg', 'key_correct': 1, 'im_type': 'animal', 'im_familiarity': 'novel'}
2552.3078 	EXP 	str_fixITI: autoDraw = False
2552.3078 	EXP 	im_trialImage: size = array([0.79583333, 0.94259259])
2552.3078 	EXP 	im_trialImage: image = 'cl090.jpg'
2552.3078 	EXP 	im_trialImage: autoDraw = True
2552.9798 	DATA 	Keypress: 1
2552.9800 	DATA 	Keypress: 5
2553.7848 	DATA 	Keypress: 5
2554.2917 	EXP 	im_trialImage: autoDraw = False
2554.2917 	EXP 	str_fixITI: autoDraw = True
2554.5845 	DATA 	Keypress: 5
2554.7832 	EXP 	New trial (rep=0, index=2): {'im_fName': 'cl091.jpg', 'key_correct': 1, 'im_type': 'animal', 'im_familiarity': 'novel'}
2554.8009 	EXP 	str_fixITI: autoDraw = False
2554.8009 	EXP 	im_trialImage: size = array([0.79583333, 0.94259259])
2554.8009 	EXP 	im_trialImage: image = 'cl091.jpg'
2554.8009 	EXP 	im_trialImage: autoDraw = True
2555.3800 	DATA 	Keypress: 5
2555.4840 	DATA 	Keypress: 1
2556.1880 	DATA 	Keypress: 5
2556.7919 	EXP 	im_trialImage: autoDraw = False
2556.7919 	EXP 	str_fixITI: autoDraw = True
2556.9846 	DATA 	Keypress: 5
2557.2824 	EXP 	New trial (rep=0, index=3): {'im_fName': 'cl092.jpg', 'key_correct': 1, 'im_type': 'animal', 'im_familiarity': 'novel'}
2557.2993 	EXP 	str_fixITI: autoDraw = False
2557.2993 	EXP 	im_trialImage: size = array([0.79583333, 0.94259259])
2557.2993 	EXP 	im_trialImage: image = 'cl092.jpg'
2557.2993 	EXP 	im_trialImage: autoDraw = True
2557.7839 	DATA 	Keypress: 5
2558.1171 	DATA 	Keypress: 1
2558.5842 	DATA 	Keypress: 5
2559.2979 	EXP 	im_trialImage: autoDraw = False
2559.2979 	EXP 	str_fixITI: autoDraw = True
2559.3857 	DATA 	Keypress: 5
2559.7844 	EXP 	New trial (rep=0, index=4): {'im_fName': 'cl093.jpg', 'key_correct': 1, 'im_type': 'animal', 'im_familiarity': 'novel'}
2559.8012 	EXP 	str_fixITI: autoDraw = False
2559.8012 	EXP 	im_trialImage: size = array([0.79583333, 0.94259259])
2559.8012 	EXP 	im_trialImage: image = 'cl093.jpg'
2559.8012 	EXP 	im_trialImage: autoDraw = True
2560.1873 	DATA 	Keypress: 5
2560.2832 	DATA 	Keypress: 1
2560.9853 	DATA 	Keypress: 5
2561.7918 	DATA 	Keypress: 5
2561.7994 	EXP 	im_trialImage: autoDraw = False
2561.7994 	EXP 	str_fixITI: autoDraw = True
2562.2893 	EXP 	New trial (rep=0, index=5): {'im_fName': 'cl094.jpg', 'key_correct': 2, 'im_type': 'scene', 'im_familiarity': 'novel'}
2562.3224 	EXP 	str_fixITI: autoDraw = False
2562.3224 	EXP 	im_trialImage: size = array([0.8       , 0.94814815])
2562.3224 	EXP 	im_trialImage: image = 'cl094.jpg'
2562.3224 	EXP 	im_trialImage: autoDraw = True
2562.5914 	DATA 	Keypress: 5
2562.9343 	DATA 	Keypress: 2
2563.3824 	DATA 	Keypress: 5
2564.1864 	DATA 	Keypress: 5
2564.2978 	EXP 	im_trialImage: autoDraw = False
2564.2978 	EXP 	str_fixITI: autoDraw = True
2564.7809 	EXP 	New trial (rep=0, index=6): {'im_fName': 'cl095.jpg', 'key_correct': 2, 'im_type': 'scene', 'im_familiarity': 'novel'}
2564.7984 	EXP 	str_fixITI: autoDraw = False
2564.7984 	EXP 	im_trialImage: size = array([0.8       , 0.94814815])
2564.7984 	EXP 	im_trialImage: image = 'cl095.jpg'
2564.7984 	EXP 	im_trialImage: autoDraw = True
2564.9825 	DATA 	Keypress: 5
2565.2844 	DATA 	Keypress: 2
2565.7843 	DATA 	Keypress: 5
2566.5906 	DATA 	Keypress: 5
2566.7972 	EXP 	im_trialImage: autoDraw = False
2566.7972 	EXP 	str_fixITI: autoDraw = True
2567.2825 	EXP 	New trial (rep=0, index=7): {'im_fName': 'cl096.jpg', 'key_correct': 2, 'im_type': 'scene', 'im_familiarity': 'novel'}
2567.2996 	EXP 	str_fixITI: autoDraw = False
2567.2996 	EXP 	im_trialImage: size = array([0.8       , 0.94814815])
2567.2996 	EXP 	im_trialImage: image = 'cl096.jpg'
2567.2996 	EXP 	im_trialImage: autoDraw = True
2567.3816 	DATA 	Keypress: 5
2568.0987 	DATA 	Keypress: 2
2568.1896 	DATA 	Keypress: 5
2568.9817 	DATA 	Keypress: 5
2569.2955 	EXP 	im_trialImage: autoDraw = False
2569.2955 	EXP 	str_fixITI: autoDraw = True
2569.7831 	DATA 	Keypress: 5
2569.7954 	EXP 	str_fixITI: autoDraw = False
2569.7954 	EXP 	str_fixRest: autoDraw = True
2570.5833 	DATA 	Keypress: 5
2571.3833 	DATA 	Keypress: 5
2572.1823 	DATA 	Keypress: 5
2572.9814 	DATA 	Keypress: 5
2573.7834 	DATA 	Keypress: 5
2574.5825 	DATA 	Keypress: 5
2575.3816 	DATA 	Keypress: 5
2576.1806 	DATA 	Keypress: 5
2576.9808 	DATA 	Keypress: 5
2577.7801 	DATA 	Keypress: 5
2578.5808 	DATA 	Keypress: 5
2579.3808 	DATA 	Keypress: 5
2580.1802 	DATA 	Keypress: 5
2580.9878 	DATA 	Keypress: 5
2581.2774 	EXP 	str_bangRest: autoDraw = True
2581.3011 	EXP 	str_fixRest: autoDraw = False
2581.7840 	EXP 	str_bangRest: autoDraw = False
2581.7840 	EXP 	str_fixRest: autoDraw = False
2581.7840 	EXP 	str_bangRest: autoDraw = False
2581.7840 	EXP 	str_end: autoDraw = True
2581.7879 	DATA 	Keypress: 5
2584.8694 	DATA 	Keypress: space
2584.8766 	EXP 	str_end: autoDraw = False
2584.9968 	EXP 	window1: mouseVisible = True
