1.1504 	WARNING 	We strongly recommend you activate the PTB sound engine in PsychoPy prefs as the preferred audio engine. Its timing is vastly superior. Your prefs are currently set to use ['sounddevice', 'PTB', 'pyo', 'pygame'] (in that order).
2986.7638 	EXP 	Created window1 = Window(allowGUI=False, allowStencil=False, autoLog=True, backendConf=UNKNOWN, bitsMode=UNKNOWN, blendMode='avg', bpc=(8, 8, 8), color=array([0, 0, 0]), colorSpace='rgb', depthBits=8, fullscr=<method-wrapper '__getattribute__' of attributeSetter object at 0x0000000013F5D470>, gamma=None, gammaErrorPolicy='raise', lms=UNKNOWN, monitor=<psychopy.monitors.calibTools.Monitor object at 0x0000000013F38AC8>, multiSample=False, name='window1', numSamples=2, pos=[0.0, 0.0], screen=0, size=array([1920, 1080]), stencilBits=0, stereo=False, units='norm', useFBO=True, useRetina=False, viewOri=0.0, viewPos=None, viewScale=None, waitBlanking=True, winType='pyglet')
2986.7640 	EXP 	window1: mouseVisible = True
2986.7640 	EXP 	window1: recordFrameIntervals = False
2986.8466 	EXP 	window1: recordFrameIntervals = True
2986.9387 	EXP 	window1: recordFrameIntervals = False
2987.6001 	EXP 	Created txt_checkLeft = TextStim(__class__=<class 'psychopy.visual.text.TextStim'>, alignHoriz=method-wrapper(...), alignText='center', alignVert=method-wrapper(...), anchorHoriz='center', anchorVert='center', antialias=True, autoLog=True, bold=False, color=array([1, 1, 1]), colorSpace='rgb', contrast=1.0, depth=0.0, flipHoriz=False, flipVert=False, font='Courier New', fontFiles=[], height=0.1, italic=False, languageStyle='LTR', name='txt_checkLeft', opacity=1, ori=0, pos=array([0., 0.]), rgb=UNKNOWN, text=str(...), units='norm', win=Window(...), wrapWidth=30)
2987.6002 	EXP 	window1: mouseVisible = False
2987.6090 	EXP 	Created txt_checkRight = TextStim(__class__=<class 'psychopy.visual.text.TextStim'>, alignHoriz=method-wrapper(...), alignText='center', alignVert=method-wrapper(...), anchorHoriz='center', anchorVert='center', antialias=True, autoLog=True, bold=False, color=array([1, 1, 1]), colorSpace='rgb', contrast=1.0, depth=0.0, flipHoriz=False, flipVert=False, font='Courier New', fontFiles=[], height=0.1, italic=False, languageStyle='LTR', name='txt_checkRight', opacity=1, ori=0, pos=array([0., 0.]), rgb=UNKNOWN, text=str(...), units='norm', win=Window(...), wrapWidth=30)
2987.6233 	EXP 	Created str_keyInst = TextStim(__class__=<class 'psychopy.visual.text.TextStim'>, alignHoriz=method-wrapper(...), alignText='center', alignVert=method-wrapper(...), anchorHoriz='center', anchorVert='center', antialias=True, autoLog=True, bold=False, color=array([1, 1, 1]), colorSpace='rgb', contrast=1.0, depth=0.0, flipHoriz=False, flipVert=False, font='Courier New', fontFiles=[], height=0.1, italic=False, languageStyle='LTR', name='str_keyInst', opacity=1, ori=0, pos=array([0., 0.]), rgb=UNKNOWN, text=str(...), units='norm', win=Window(...), wrapWidth=30)
2987.6289 	EXP 	Created str_waitScanner = TextStim(__class__=<class 'psychopy.visual.text.TextStim'>, alignHoriz=method-wrapper(...), alignText='center', alignVert=method-wrapper(...), anchorHoriz='center', anchorVert='center', antialias=True, autoLog=True, bold=False, color=array([1, 1, 1]), colorSpace='rgb', contrast=1.0, depth=-1.0, flipHoriz=False, flipVert=False, font='Courier New', fontFiles=[], height=0.1, italic=False, languageStyle='LTR', name='str_waitScanner', opacity=1, ori=0, pos=array([0., 0.]), rgb=UNKNOWN, text='Waiting for scanner...', units='norm', win=Window(...), wrapWidth=1)
2987.6331 	EXP 	Created str_fixRest = TextStim(__class__=<class 'psychopy.visual.text.TextStim'>, alignHoriz=method-wrapper(...), alignText='center', alignVert=method-wrapper(...), anchorHoriz='center', anchorVert='center', antialias=True, autoLog=True, bold=False, color=array([1, 1, 1]), colorSpace='rgb', contrast=1.0, depth=0.0, flipHoriz=False, flipVert=False, font='Courier New', fontFiles=[], height=0.225, italic=False, languageStyle='LTR', name='str_fixRest', opacity=1, ori=0, pos=array([0., 0.]), rgb=UNKNOWN, text='+', units='norm', win=Window(...), wrapWidth=1)
2987.6353 	EXP 	Created str_bangRest = TextStim(__class__=<class 'psychopy.visual.text.TextStim'>, alignHoriz=method-wrapper(...), alignText='center', alignVert=method-wrapper(...), anchorHoriz='center', anchorVert='center', antialias=True, autoLog=True, bold=False, color=array([1, 1, 1]), colorSpace='rgb', contrast=1.0, depth=-1.0, flipHoriz=False, flipVert=False, font='Courier New', fontFiles=[], height=0.225, italic=False, languageStyle='LTR', name='str_bangRest', opacity=1, ori=0, pos=array([0., 0.]), rgb=UNKNOWN, text='!', units='norm', win=Window(...), wrapWidth=1)
2987.6403 	EXP 	Created im_trialImage = ImageStim(__class__=<class 'psychopy.visual.image.ImageStim'>, autoLog=True, color=array([1, 1, 1]), colorSpace='rgb', contrast=1.0, depth=-1.0, flipHoriz=False, flipVert=False, image='sin', interpolate=True, mask=None, maskParams=None, name='im_trialImage', opacity=1, ori=0.0, pos=array([0., 0.]), size=array([0.5, 0.5]), texRes=128, units='norm', win=Window(...))
2987.6419 	EXP 	Created str_fixITI = TextStim(__class__=<class 'psychopy.visual.text.TextStim'>, alignHoriz=method-wrapper(...), alignText='center', alignVert=method-wrapper(...), anchorHoriz='center', anchorVert='center', antialias=True, autoLog=True, bold=False, color=array([1, 1, 1]), colorSpace='rgb', contrast=1.0, depth=0.0, flipHoriz=False, flipVert=False, font='Courier New', fontFiles=[], height=0.225, italic=False, languageStyle='LTR', name='str_fixITI', opacity=1, ori=0, pos=array([0., 0.]), rgb=UNKNOWN, text='+', units='norm', win=Window(...), wrapWidth=1)
2987.6434 	EXP 	Created str_fixRest = TextStim(__class__=<class 'psychopy.visual.text.TextStim'>, alignHoriz=method-wrapper(...), alignText='center', alignVert=method-wrapper(...), anchorHoriz='center', anchorVert='center', antialias=True, autoLog=True, bold=False, color=array([1, 1, 1]), colorSpace='rgb', contrast=1.0, depth=0.0, flipHoriz=False, flipVert=False, font='Courier New', fontFiles=[], height=0.225, italic=False, languageStyle='LTR', name='str_fixRest', opacity=1, ori=0, pos=array([0., 0.]), rgb=UNKNOWN, text='+', units='norm', win=Window(...), wrapWidth=1)
2987.6450 	EXP 	Created str_bangRest = TextStim(__class__=<class 'psychopy.visual.text.TextStim'>, alignHoriz=method-wrapper(...), alignText='center', alignVert=method-wrapper(...), anchorHoriz='center', anchorVert='center', antialias=True, autoLog=True, bold=False, color=array([1, 1, 1]), colorSpace='rgb', contrast=1.0, depth=-1.0, flipHoriz=False, flipVert=False, font='Courier New', fontFiles=[], height=0.225, italic=False, languageStyle='LTR', name='str_bangRest', opacity=1, ori=0, pos=array([0., 0.]), rgb=UNKNOWN, text='!', units='norm', win=Window(...), wrapWidth=1)
2987.6519 	EXP 	Created str_end = TextStim(__class__=<class 'psychopy.visual.text.TextStim'>, alignHoriz=method-wrapper(...), alignText='center', alignVert=method-wrapper(...), anchorHoriz='center', anchorVert='center', antialias=True, autoLog=True, bold=False, color=array([1, 1, 1]), colorSpace='rgb', contrast=1.0, depth=0.0, flipHoriz=False, flipVert=False, font='Courier New', fontFiles=[], height=0.1, italic=False, languageStyle='LTR', name='str_end', opacity=1, ori=0, pos=array([0., 0.]), rgb=UNKNOWN, text=str(...), units='norm', win=Window(...), wrapWidth=30)
2987.6825 	EXP 	txt_checkLeft: autoDraw = True
3006.7230 	DATA 	Keypress: 1
3006.7334 	EXP 	txt_checkLeft: autoDraw = False
3006.7334 	EXP 	txt_checkRight: autoDraw = True
3007.7460 	DATA 	Keypress: 2
3007.7540 	EXP 	txt_checkRight: autoDraw = False
3007.7540 	EXP 	str_keyInst: autoDraw = True
3011.1182 	EXP 	Created sequence: sequential, trialTypes=1, nReps=5, seed=None
3011.1184 	EXP 	New trial (rep=0, index=0): None
3011.1202 	DATA 	Keypress: 1
3011.1281 	EXP 	str_keyInst: autoDraw = False
3011.1281 	EXP 	str_waitScanner: autoDraw = True
3025.1747 	DATA 	Keypress: 5
3025.1841 	EXP 	New trial (rep=1, index=0): None
3025.1958 	EXP 	str_waitScanner: autoDraw = False
3025.1958 	EXP 	str_waitScanner: autoDraw = True
3025.9829 	EXP 	New trial (rep=2, index=0): None
3025.9847 	DATA 	Keypress: 5
3025.9957 	EXP 	str_waitScanner: autoDraw = False
3025.9957 	EXP 	str_waitScanner: autoDraw = True
3026.7830 	EXP 	New trial (rep=3, index=0): None
3026.7847 	DATA 	Keypress: 5
3026.7956 	EXP 	str_waitScanner: autoDraw = False
3026.7956 	EXP 	str_waitScanner: autoDraw = True
3027.5820 	EXP 	New trial (rep=4, index=0): None
3027.5837 	DATA 	Keypress: 5
3027.5953 	EXP 	str_waitScanner: autoDraw = False
3027.5953 	EXP 	str_waitScanner: autoDraw = True
3028.3758 	DATA 	Keypress: 5
3028.4034 	EXP 	str_waitScanner: autoDraw = False
3028.4034 	EXP 	str_fixRest: autoDraw = True
3029.1797 	DATA 	Keypress: 5
3029.9797 	DATA 	Keypress: 5
3030.7798 	DATA 	Keypress: 5
3031.5798 	DATA 	Keypress: 5
3032.3788 	DATA 	Keypress: 5
3033.1789 	DATA 	Keypress: 5
3033.9790 	DATA 	Keypress: 5
3034.7790 	DATA 	Keypress: 5
3035.5779 	DATA 	Keypress: 5
3036.3780 	DATA 	Keypress: 5
3037.1781 	DATA 	Keypress: 5
3037.9781 	DATA 	Keypress: 5
3038.7781 	DATA 	Keypress: 5
3039.5771 	DATA 	Keypress: 5
3039.8853 	EXP 	str_bangRest: autoDraw = True
3039.9026 	EXP 	str_fixRest: autoDraw = False
3040.3772 	DATA 	Keypress: 5
3040.3917 	EXP 	Imported chooseTrialOrderFile.xlsx as conditions, 12 conditions, 1 params
3040.3919 	EXP 	Created sequence: sequential, trialTypes=12, nReps=1, seed=None
3040.3922 	EXP 	New trial (rep=0, index=0): {'trialOrderFile': 'scan_order1.xlsx'}
3040.3980 	EXP 	Imported scan_order1.xlsx as conditions, 8 conditions, 4 params
3040.3982 	EXP 	Created sequence: sequential, trialTypes=8, nReps=1, seed=None
3040.3985 	EXP 	New trial (rep=0, index=0): {'im_fName': 'cl001.jpg', 'key_correct': 2, 'im_type': 'scene', 'im_familiarity': 'familiar'}
3040.4337 	EXP 	str_bangRest: autoDraw = False
3040.4337 	EXP 	str_fixRest: autoDraw = False
3040.4337 	EXP 	str_bangRest: autoDraw = False
3040.4337 	EXP 	im_trialImage: size = array([0.8       , 0.94814815])
3040.4337 	EXP 	im_trialImage: image = 'cl001.jpg'
3040.4337 	EXP 	im_trialImage: autoDraw = True
3041.1808 	DATA 	Keypress: 5
3041.5898 	DATA 	Keypress: 2
3041.9779 	DATA 	Keypress: 5
3042.4084 	EXP 	im_trialImage: autoDraw = False
3042.4084 	EXP 	str_fixITI: autoDraw = True
3042.7763 	DATA 	Keypress: 5
3042.8927 	EXP 	New trial (rep=0, index=1): {'im_fName': 'cl002.jpg', 'key_correct': 1, 'im_type': 'animal', 'im_familiarity': 'familiar'}
3042.9168 	EXP 	str_fixITI: autoDraw = False
3042.9168 	EXP 	im_trialImage: size = array([0.79583333, 0.94259259])
3042.9168 	EXP 	im_trialImage: image = 'cl002.jpg'
3042.9168 	EXP 	im_trialImage: autoDraw = True
3043.5289 	DATA 	Keypress: 1
3043.5849 	DATA 	Keypress: 5
3044.3770 	DATA 	Keypress: 5
3044.9006 	EXP 	im_trialImage: autoDraw = False
3044.9006 	EXP 	str_fixITI: autoDraw = True
3045.1765 	DATA 	Keypress: 5
3045.3915 	EXP 	New trial (rep=0, index=2): {'im_fName': 'cl003.jpg', 'key_correct': 2, 'im_type': 'scene', 'im_familiarity': 'familiar'}
3045.4247 	EXP 	str_fixITI: autoDraw = False
3045.4247 	EXP 	im_trialImage: size = array([0.8       , 0.94814815])
3045.4247 	EXP 	im_trialImage: image = 'cl003.jpg'
3045.4247 	EXP 	im_trialImage: autoDraw = True
3045.9770 	DATA 	Keypress: 5
3046.0770 	DATA 	Keypress: 2
3046.7800 	DATA 	Keypress: 5
3047.4081 	EXP 	im_trialImage: autoDraw = False
3047.4081 	EXP 	str_fixITI: autoDraw = True
3047.5753 	DATA 	Keypress: 5
3047.8928 	EXP 	New trial (rep=0, index=3): {'im_fName': 'cl004.jpg', 'key_correct': 1, 'im_type': 'animal', 'im_familiarity': 'familiar'}
3047.9240 	EXP 	str_fixITI: autoDraw = False
3047.9240 	EXP 	im_trialImage: size = array([0.79583333, 0.94259259])
3047.9240 	EXP 	im_trialImage: image = 'cl004.jpg'
3047.9240 	EXP 	im_trialImage: autoDraw = True
3048.3791 	DATA 	Keypress: 5
3048.5592 	DATA 	Keypress: 1
3049.1842 	DATA 	Keypress: 5
3049.9067 	EXP 	im_trialImage: autoDraw = False
3049.9067 	EXP 	str_fixITI: autoDraw = True
3049.9766 	DATA 	Keypress: 5
3050.3906 	EXP 	New trial (rep=0, index=4): {'im_fName': 'cl005.jpg', 'key_correct': 2, 'im_type': 'scene', 'im_familiarity': 'familiar'}
3050.4318 	EXP 	str_fixITI: autoDraw = False
3050.4318 	EXP 	im_trialImage: size = array([0.8       , 0.94814815])
3050.4318 	EXP 	im_trialImage: image = 'cl005.jpg'
3050.4318 	EXP 	im_trialImage: autoDraw = True
3050.7753 	DATA 	Keypress: 5
3051.0372 	DATA 	Keypress: 2
3051.5831 	DATA 	Keypress: 5
3052.3783 	DATA 	Keypress: 5
3052.3985 	EXP 	im_trialImage: autoDraw = False
3052.3985 	EXP 	str_fixITI: autoDraw = True
3052.8900 	EXP 	New trial (rep=0, index=5): {'im_fName': 'cl006.jpg', 'key_correct': 2, 'im_type': 'scene', 'im_familiarity': 'familiar'}
3052.9589 	EXP 	str_fixITI: autoDraw = False
3052.9589 	EXP 	im_trialImage: size = array([0.8       , 0.94814815])
3052.9589 	EXP 	im_trialImage: image = 'cl006.jpg'
3052.9589 	EXP 	im_trialImage: autoDraw = True
3053.1784 	DATA 	Keypress: 5
3053.6595 	DATA 	Keypress: 2
3053.9834 	DATA 	Keypress: 5
3054.7764 	DATA 	Keypress: 5
3054.9065 	EXP 	im_trialImage: autoDraw = False
3054.9065 	EXP 	str_fixITI: autoDraw = True
3055.3977 	EXP 	New trial (rep=0, index=6): {'im_fName': 'cl007.jpg', 'key_correct': 1, 'im_type': 'animal', 'im_familiarity': 'familiar'}
3055.4338 	EXP 	str_fixITI: autoDraw = False
3055.4338 	EXP 	im_trialImage: size = array([0.79583333, 0.94259259])
3055.4338 	EXP 	im_trialImage: image = 'cl007.jpg'
3055.4338 	EXP 	im_trialImage: autoDraw = True
3055.5755 	DATA 	Keypress: 5
3056.1605 	DATA 	Keypress: 1
3056.3775 	DATA 	Keypress: 5
3057.1775 	DATA 	Keypress: 5
3057.4065 	EXP 	im_trialImage: autoDraw = False
3057.4065 	EXP 	str_fixITI: autoDraw = True
3057.8974 	EXP 	New trial (rep=0, index=7): {'im_fName': 'cl008.jpg', 'key_correct': 1, 'im_type': 'animal', 'im_familiarity': 'familiar'}
3057.9140 	EXP 	str_fixITI: autoDraw = False
3057.9140 	EXP 	im_trialImage: size = array([0.79583333, 0.94259259])
3057.9140 	EXP 	im_trialImage: image = 'cl008.jpg'
3057.9140 	EXP 	im_trialImage: autoDraw = True
3057.9774 	DATA 	Keypress: 5
3058.5936 	DATA 	Keypress: 1
3058.7816 	DATA 	Keypress: 5
3059.5738 	DATA 	Keypress: 5
3059.9126 	EXP 	im_trialImage: autoDraw = False
3059.9126 	EXP 	str_fixITI: autoDraw = True
3060.3812 	DATA 	Keypress: 5
3060.4058 	EXP 	str_fixITI: autoDraw = False
3060.4058 	EXP 	str_fixRest: autoDraw = True
3061.1812 	DATA 	Keypress: 5
3061.9802 	DATA 	Keypress: 5
3062.7813 	DATA 	Keypress: 5
3063.5803 	DATA 	Keypress: 5
3064.3803 	DATA 	Keypress: 5
3065.1798 	DATA 	Keypress: 5
3065.9794 	DATA 	Keypress: 5
3066.7794 	DATA 	Keypress: 5
3067.5794 	DATA 	Keypress: 5
3068.3785 	DATA 	Keypress: 5
3069.1786 	DATA 	Keypress: 5
3069.9786 	DATA 	Keypress: 5
3070.7786 	DATA 	Keypress: 5
3071.5786 	DATA 	Keypress: 5
3071.8942 	EXP 	str_bangRest: autoDraw = True
3071.9110 	EXP 	str_fixRest: autoDraw = False
3072.3777 	DATA 	Keypress: 5
3072.3942 	EXP 	New trial (rep=0, index=1): {'trialOrderFile': 'scan_order2.xlsx'}
3072.4009 	EXP 	Imported scan_order2.xlsx as conditions, 8 conditions, 4 params
3072.4011 	EXP 	Created sequence: sequential, trialTypes=8, nReps=1, seed=None
3072.4013 	EXP 	New trial (rep=0, index=0): {'im_fName': 'cl009.jpg', 'key_correct': 2, 'im_type': 'scene', 'im_familiarity': 'novel'}
3072.4539 	EXP 	str_fixRest: autoDraw = False
3072.4539 	EXP 	str_bangRest: autoDraw = False
3072.4539 	EXP 	im_trialImage: size = array([0.8       , 0.94814815])
3072.4539 	EXP 	im_trialImage: image = 'cl009.jpg'
3072.4539 	EXP 	im_trialImage: autoDraw = True
3073.1803 	DATA 	Keypress: 5
3073.2133 	DATA 	Keypress: 2
3073.9864 	DATA 	Keypress: 5
3074.4036 	EXP 	im_trialImage: autoDraw = False
3074.4036 	EXP 	str_fixITI: autoDraw = True
3074.7778 	DATA 	Keypress: 5
3074.8933 	EXP 	New trial (rep=0, index=1): {'im_fName': 'cl010.jpg', 'key_correct': 1, 'im_type': 'animal', 'im_familiarity': 'novel'}
3074.9176 	EXP 	str_fixITI: autoDraw = False
3074.9176 	EXP 	im_trialImage: size = array([0.79583333, 0.94259259])
3074.9176 	EXP 	im_trialImage: image = 'cl010.jpg'
3074.9176 	EXP 	im_trialImage: autoDraw = True
3075.5785 	DATA 	Keypress: 5
3075.9394 	DATA 	Keypress: 1
3076.3795 	DATA 	Keypress: 5
3076.9086 	EXP 	im_trialImage: autoDraw = False
3076.9086 	EXP 	str_fixITI: autoDraw = True
3077.1769 	DATA 	Keypress: 5
3077.3922 	EXP 	New trial (rep=0, index=2): {'im_fName': 'cl011.jpg', 'key_correct': 1, 'im_type': 'animal', 'im_familiarity': 'novel'}
3077.4107 	EXP 	str_fixITI: autoDraw = False
3077.4107 	EXP 	im_trialImage: size = array([0.79583333, 0.94259259])
3077.4107 	EXP 	im_trialImage: image = 'cl011.jpg'
3077.4107 	EXP 	im_trialImage: autoDraw = True
3077.9805 	DATA 	Keypress: 5
3078.0275 	DATA 	Keypress: 1
3078.7776 	DATA 	Keypress: 5
3079.4081 	EXP 	im_trialImage: autoDraw = False
3079.4081 	EXP 	str_fixITI: autoDraw = True
3079.5759 	DATA 	Keypress: 5
3079.8920 	EXP 	New trial (rep=0, index=3): {'im_fName': 'cl012.jpg', 'key_correct': 1, 'im_type': 'animal', 'im_familiarity': 'novel'}
3079.9091 	EXP 	str_fixITI: autoDraw = False
3079.9091 	EXP 	im_trialImage: size = array([0.79583333, 0.94259259])
3079.9091 	EXP 	im_trialImage: image = 'cl012.jpg'
3079.9091 	EXP 	im_trialImage: autoDraw = True
3080.3766 	DATA 	Keypress: 5
3080.7516 	DATA 	Keypress: 1
3081.1847 	DATA 	Keypress: 5
3081.8998 	EXP 	im_trialImage: autoDraw = False
3081.8998 	EXP 	str_fixITI: autoDraw = True
3081.9763 	DATA 	Keypress: 5
3082.3912 	EXP 	New trial (rep=0, index=4): {'im_fName': 'cl013.jpg', 'key_correct': 2, 'im_type': 'scene', 'im_familiarity': 'novel'}
3082.4410 	EXP 	str_fixITI: autoDraw = False
3082.4410 	EXP 	im_trialImage: size = array([0.8       , 0.94814815])
3082.4410 	EXP 	im_trialImage: image = 'cl013.jpg'
3082.4410 	EXP 	im_trialImage: autoDraw = True
3082.7778 	DATA 	Keypress: 5
3083.3208 	DATA 	Keypress: 2
3083.5778 	DATA 	Keypress: 5
3084.3838 	DATA 	Keypress: 5
3084.4014 	EXP 	im_trialImage: autoDraw = False
3084.4014 	EXP 	str_fixITI: autoDraw = True
3084.8908 	EXP 	New trial (rep=0, index=5): {'im_fName': 'cl014.jpg', 'key_correct': 1, 'im_type': 'animal', 'im_familiarity': 'novel'}
3084.9153 	EXP 	str_fixITI: autoDraw = False
3084.9153 	EXP 	im_trialImage: size = array([0.79583333, 0.94259259])
3084.9153 	EXP 	im_trialImage: image = 'cl014.jpg'
3084.9153 	EXP 	im_trialImage: autoDraw = True
3085.1769 	DATA 	Keypress: 5
3085.9759 	DATA 	Keypress: 5
3086.1849 	DATA 	Keypress: 1
3086.7838 	DATA 	Keypress: 5
3086.8992 	EXP 	im_trialImage: autoDraw = False
3086.8992 	EXP 	str_fixITI: autoDraw = True
3087.3901 	EXP 	New trial (rep=0, index=6): {'im_fName': 'cl015.jpg', 'key_correct': 2, 'im_type': 'scene', 'im_familiarity': 'novel'}
3087.4147 	EXP 	str_fixITI: autoDraw = False
3087.4147 	EXP 	im_trialImage: size = array([0.8       , 0.94814815])
3087.4147 	EXP 	im_trialImage: image = 'cl015.jpg'
3087.4147 	EXP 	im_trialImage: autoDraw = True
3087.5750 	DATA 	Keypress: 5
3088.0620 	DATA 	Keypress: 2
3088.3830 	DATA 	Keypress: 5
3089.1780 	DATA 	Keypress: 5
3089.3981 	EXP 	im_trialImage: autoDraw = False
3089.3981 	EXP 	str_fixITI: autoDraw = True
3089.8897 	EXP 	New trial (rep=0, index=7): {'im_fName': 'cl016.jpg', 'key_correct': 2, 'im_type': 'scene', 'im_familiarity': 'novel'}
3089.9074 	EXP 	str_fixITI: autoDraw = False
3089.9074 	EXP 	im_trialImage: size = array([0.8       , 0.94814815])
3089.9074 	EXP 	im_trialImage: image = 'cl016.jpg'
3089.9074 	EXP 	im_trialImage: autoDraw = True
3089.9829 	DATA 	Keypress: 5
3090.6991 	DATA 	Keypress: 2
3090.7761 	DATA 	Keypress: 5
3091.5751 	DATA 	Keypress: 5
3091.9064 	EXP 	im_trialImage: autoDraw = False
3091.9064 	EXP 	str_fixITI: autoDraw = True
3092.3817 	DATA 	Keypress: 5
3092.4061 	EXP 	str_fixITI: autoDraw = False
3092.4061 	EXP 	str_fixRest: autoDraw = True
3093.1817 	DATA 	Keypress: 5
3093.9817 	DATA 	Keypress: 5
3094.7808 	DATA 	Keypress: 5
3095.5808 	DATA 	Keypress: 5
3096.3808 	DATA 	Keypress: 5
3097.1808 	DATA 	Keypress: 5
3097.9809 	DATA 	Keypress: 5
3098.7799 	DATA 	Keypress: 5
3099.5800 	DATA 	Keypress: 5
3100.3800 	DATA 	Keypress: 5
3101.1791 	DATA 	Keypress: 5
3101.9791 	DATA 	Keypress: 5
3102.7791 	DATA 	Keypress: 5
3103.5791 	DATA 	Keypress: 5
3103.8946 	EXP 	str_bangRest: autoDraw = True
3103.9115 	EXP 	str_fixRest: autoDraw = False
3104.3792 	DATA 	Keypress: 5
3104.3867 	EXP 	New trial (rep=0, index=2): {'trialOrderFile': 'scan_order3.xlsx'}
3104.3948 	EXP 	Imported scan_order3.xlsx as conditions, 8 conditions, 4 params
3104.3951 	EXP 	Created sequence: sequential, trialTypes=8, nReps=1, seed=None
3104.3954 	EXP 	New trial (rep=0, index=0): {'im_fName': 'cl017.jpg', 'key_correct': 2, 'im_type': 'scene', 'im_familiarity': 'familiar'}
3104.4301 	EXP 	str_bangRest: autoDraw = False
3104.4301 	EXP 	str_fixRest: autoDraw = False
3104.4301 	EXP 	str_bangRest: autoDraw = False
3104.4301 	EXP 	im_trialImage: size = array([0.8       , 0.94814815])
3104.4301 	EXP 	im_trialImage: image = 'cl017.jpg'
3104.4301 	EXP 	im_trialImage: autoDraw = True
3105.1798 	DATA 	Keypress: 5
3105.6539 	DATA 	Keypress: 2
3105.9788 	DATA 	Keypress: 5
3106.4100 	EXP 	im_trialImage: autoDraw = False
3106.4100 	EXP 	str_fixITI: autoDraw = True
3106.7783 	DATA 	Keypress: 5
3106.8940 	EXP 	New trial (rep=0, index=1): {'im_fName': 'cl018.jpg', 'key_correct': 1, 'im_type': 'animal', 'im_familiarity': 'familiar'}
3106.9268 	EXP 	str_fixITI: autoDraw = False
3106.9268 	EXP 	im_trialImage: size = array([0.79583333, 0.94259259])
3106.9268 	EXP 	im_trialImage: image = 'cl018.jpg'
3106.9268 	EXP 	im_trialImage: autoDraw = True
3107.5789 	DATA 	Keypress: 5
3107.7119 	DATA 	Keypress: 1
3108.3820 	DATA 	Keypress: 5
3108.9101 	EXP 	im_trialImage: autoDraw = False
3108.9101 	EXP 	str_fixITI: autoDraw = True
3109.1775 	DATA 	Keypress: 5
3109.3930 	EXP 	New trial (rep=0, index=2): {'im_fName': 'cl019.jpg', 'key_correct': 1, 'im_type': 'animal', 'im_familiarity': 'familiar'}
3109.4115 	EXP 	str_fixITI: autoDraw = False
3109.4115 	EXP 	im_trialImage: size = array([0.79583333, 0.94259259])
3109.4115 	EXP 	im_trialImage: image = 'cl019.jpg'
3109.4115 	EXP 	im_trialImage: autoDraw = True
3109.9860 	DATA 	Keypress: 5
3110.2800 	DATA 	Keypress: 1
3110.7781 	DATA 	Keypress: 5
3111.4013 	EXP 	im_trialImage: autoDraw = False
3111.4013 	EXP 	str_fixITI: autoDraw = True
3111.5775 	DATA 	Keypress: 5
3111.8928 	EXP 	New trial (rep=0, index=3): {'im_fName': 'cl020.jpg', 'key_correct': 2, 'im_type': 'scene', 'im_familiarity': 'familiar'}
3111.9423 	EXP 	str_fixITI: autoDraw = False
3111.9423 	EXP 	im_trialImage: size = array([0.8       , 0.94814815])
3111.9423 	EXP 	im_trialImage: image = 'cl020.jpg'
3111.9423 	EXP 	im_trialImage: autoDraw = True
3112.3811 	DATA 	Keypress: 5
3113.1793 	DATA 	Keypress: 5
3113.3122 	DATA 	Keypress: 2
3113.9094 	EXP 	im_trialImage: autoDraw = False
3113.9094 	EXP 	str_fixITI: autoDraw = True
3113.9767 	DATA 	Keypress: 5
3114.3918 	EXP 	New trial (rep=0, index=4): {'im_fName': 'cl021.jpg', 'key_correct': 2, 'im_type': 'scene', 'im_familiarity': 'familiar'}
3114.4095 	EXP 	str_fixITI: autoDraw = False
3114.4095 	EXP 	im_trialImage: size = array([0.8       , 0.94814815])
3114.4095 	EXP 	im_trialImage: image = 'cl021.jpg'
3114.4095 	EXP 	im_trialImage: autoDraw = True
3114.7853 	DATA 	Keypress: 5
3115.2273 	DATA 	Keypress: 2
3115.5803 	DATA 	Keypress: 5
3116.3784 	DATA 	Keypress: 5
3116.4087 	EXP 	im_trialImage: autoDraw = False
3116.4087 	EXP 	str_fixITI: autoDraw = True
3116.8915 	EXP 	New trial (rep=0, index=5): {'im_fName': 'cl022.jpg', 'key_correct': 2, 'im_type': 'scene', 'im_familiarity': 'familiar'}
3116.9082 	EXP 	str_fixITI: autoDraw = False
3116.9082 	EXP 	im_trialImage: size = array([0.8       , 0.94814815])
3116.9082 	EXP 	im_trialImage: image = 'cl022.jpg'
3116.9082 	EXP 	im_trialImage: autoDraw = True
3117.1764 	DATA 	Keypress: 5
3117.6434 	DATA 	Keypress: 2
3117.9764 	DATA 	Keypress: 5
3118.7794 	DATA 	Keypress: 5
3118.8996 	EXP 	im_trialImage: autoDraw = False
3118.8996 	EXP 	str_fixITI: autoDraw = True
3119.3907 	EXP 	New trial (rep=0, index=6): {'im_fName': 'cl023.jpg', 'key_correct': 1, 'im_type': 'animal', 'im_familiarity': 'familiar'}
3119.4239 	EXP 	str_fixITI: autoDraw = False
3119.4239 	EXP 	im_trialImage: size = array([0.79583333, 0.94259259])
3119.4239 	EXP 	im_trialImage: image = 'cl023.jpg'
3119.4239 	EXP 	im_trialImage: autoDraw = True
3119.5795 	DATA 	Keypress: 5
3120.2086 	DATA 	Keypress: 1
3120.3756 	DATA 	Keypress: 5
3121.1756 	DATA 	Keypress: 5
3121.4064 	EXP 	im_trialImage: autoDraw = False
3121.4064 	EXP 	str_fixITI: autoDraw = True
3121.8904 	EXP 	New trial (rep=0, index=7): {'im_fName': 'cl024.jpg', 'key_correct': 1, 'im_type': 'animal', 'im_familiarity': 'familiar'}
3121.9078 	EXP 	str_fixITI: autoDraw = False
3121.9078 	EXP 	im_trialImage: size = array([0.79583333, 0.94259259])
3121.9078 	EXP 	im_trialImage: image = 'cl024.jpg'
3121.9078 	EXP 	im_trialImage: autoDraw = True
3121.9755 	DATA 	Keypress: 5
3122.6347 	DATA 	Keypress: 1
3122.7786 	DATA 	Keypress: 5
3123.5746 	DATA 	Keypress: 5
3123.9058 	EXP 	im_trialImage: autoDraw = False
3123.9058 	EXP 	str_fixITI: autoDraw = True
3124.3746 	DATA 	Keypress: 5
3124.3986 	EXP 	str_fixITI: autoDraw = False
3124.3986 	EXP 	str_fixRest: autoDraw = True
3125.1742 	DATA 	Keypress: 5
3125.9822 	DATA 	Keypress: 5
3126.7823 	DATA 	Keypress: 5
3127.5813 	DATA 	Keypress: 5
3128.3813 	DATA 	Keypress: 5
3129.1814 	DATA 	Keypress: 5
3129.9814 	DATA 	Keypress: 5
3130.7804 	DATA 	Keypress: 5
3131.5805 	DATA 	Keypress: 5
3132.3806 	DATA 	Keypress: 5
3133.1805 	DATA 	Keypress: 5
3133.9805 	DATA 	Keypress: 5
3134.7796 	DATA 	Keypress: 5
3135.5797 	DATA 	Keypress: 5
3135.8868 	EXP 	str_bangRest: autoDraw = True
3135.9040 	EXP 	str_fixRest: autoDraw = False
3136.3792 	EXP 	New trial (rep=0, index=3): {'trialOrderFile': 'scan_order4.xlsx'}
3136.3859 	EXP 	Imported scan_order4.xlsx as conditions, 8 conditions, 4 params
3136.3861 	EXP 	Created sequence: sequential, trialTypes=8, nReps=1, seed=None
3136.3864 	EXP 	New trial (rep=0, index=0): {'im_fName': 'cl025.jpg', 'key_correct': 1, 'im_type': 'animal', 'im_familiarity': 'novel'}
3136.4103 	DATA 	Keypress: 5
3136.4199 	EXP 	str_bangRest: autoDraw = False
3136.4199 	EXP 	str_fixRest: autoDraw = False
3136.4199 	EXP 	str_bangRest: autoDraw = False
3136.4199 	EXP 	im_trialImage: size = array([0.8       , 0.94814815])
3136.4199 	EXP 	im_trialImage: image = 'cl025.jpg'
3136.4199 	EXP 	im_trialImage: autoDraw = True
3137.1833 	DATA 	Keypress: 5
3137.5634 	DATA 	Keypress: 1
3137.9833 	DATA 	Keypress: 5
3138.4054 	EXP 	im_trialImage: autoDraw = False
3138.4054 	EXP 	str_fixITI: autoDraw = True
3138.7788 	DATA 	Keypress: 5
3138.8946 	EXP 	New trial (rep=0, index=1): {'im_fName': 'cl026.jpg', 'key_correct': 1, 'im_type': 'animal', 'im_familiarity': 'novel'}
3138.9118 	EXP 	str_fixITI: autoDraw = False
3138.9118 	EXP 	im_trialImage: size = array([0.8       , 0.94814815])
3138.9118 	EXP 	im_trialImage: image = 'cl026.jpg'
3138.9118 	EXP 	im_trialImage: autoDraw = True
3139.5745 	DATA 	Keypress: 5
3139.7314 	DATA 	Keypress: 1
3140.3795 	DATA 	Keypress: 5
3140.9048 	EXP 	im_trialImage: autoDraw = False
3140.9048 	EXP 	str_fixITI: autoDraw = True
3141.1790 	DATA 	Keypress: 5
3141.3938 	EXP 	New trial (rep=0, index=2): {'im_fName': 'cl027.jpg', 'key_correct': 2, 'im_type': 'scene', 'im_familiarity': 'novel'}
3141.4109 	EXP 	str_fixITI: autoDraw = False
3141.4109 	EXP 	im_trialImage: size = array([0.8       , 0.94814815])
3141.4109 	EXP 	im_trialImage: image = 'cl027.jpg'
3141.4109 	EXP 	im_trialImage: autoDraw = True
3141.9805 	DATA 	Keypress: 5
3142.1575 	DATA 	Keypress: 2
3142.7806 	DATA 	Keypress: 5
3143.4095 	EXP 	im_trialImage: autoDraw = False
3143.4095 	EXP 	str_fixITI: autoDraw = True
3143.5792 	DATA 	Keypress: 5
3143.8934 	EXP 	New trial (rep=0, index=3): {'im_fName': 'cl028.jpg', 'key_correct': 2, 'im_type': 'scene', 'im_familiarity': 'novel'}
3143.9111 	EXP 	str_fixITI: autoDraw = False
3143.9111 	EXP 	im_trialImage: size = array([0.8       , 0.94814815])
3143.9111 	EXP 	im_trialImage: image = 'cl028.jpg'
3143.9111 	EXP 	im_trialImage: autoDraw = True
3144.3796 	DATA 	Keypress: 5
3144.8316 	DATA 	Keypress: 2
3145.1817 	DATA 	Keypress: 5
3145.9091 	EXP 	im_trialImage: autoDraw = False
3145.9091 	EXP 	str_fixITI: autoDraw = True
3145.9771 	DATA 	Keypress: 5
3146.3927 	EXP 	New trial (rep=0, index=4): {'im_fName': 'cl029.jpg', 'key_correct': 2, 'im_type': 'scene', 'im_familiarity': 'novel'}
3146.4092 	EXP 	str_fixITI: autoDraw = False
3146.4092 	EXP 	im_trialImage: size = array([0.8       , 0.94814815])
3146.4092 	EXP 	im_trialImage: image = 'cl029.jpg'
3146.4092 	EXP 	im_trialImage: autoDraw = True
3146.7858 	DATA 	Keypress: 5
3147.5808 	DATA 	Keypress: 5
3147.6138 	DATA 	Keypress: 2
3148.3808 	DATA 	Keypress: 5
3148.4012 	EXP 	im_trialImage: autoDraw = False
3148.4012 	EXP 	str_fixITI: autoDraw = True
3148.8925 	EXP 	New trial (rep=0, index=5): {'im_fName': 'cl030.jpg', 'key_correct': 1, 'im_type': 'animal', 'im_familiarity': 'novel'}
3148.9093 	EXP 	str_fixITI: autoDraw = False
3148.9093 	EXP 	im_trialImage: size = array([0.8       , 0.94814815])
3148.9093 	EXP 	im_trialImage: image = 'cl030.jpg'
3148.9093 	EXP 	im_trialImage: autoDraw = True
3149.1769 	DATA 	Keypress: 5
3149.6619 	DATA 	Keypress: 1
3149.9849 	DATA 	Keypress: 5
3150.7769 	DATA 	Keypress: 5
3150.9079 	EXP 	im_trialImage: autoDraw = False
3150.9079 	EXP 	str_fixITI: autoDraw = True
3151.3919 	EXP 	New trial (rep=0, index=6): {'im_fName': 'cl031.jpg', 'key_correct': 2, 'im_type': 'scene', 'im_familiarity': 'novel'}
3151.4246 	EXP 	str_fixITI: autoDraw = False
3151.4246 	EXP 	im_trialImage: size = array([0.79479167, 0.94814815])
3151.4246 	EXP 	im_trialImage: image = 'cl031.jpg'
3151.4246 	EXP 	im_trialImage: autoDraw = True
3151.5780 	DATA 	Keypress: 5
3152.2050 	DATA 	Keypress: 2
3152.3800 	DATA 	Keypress: 5
3153.1790 	DATA 	Keypress: 5
3153.4072 	EXP 	im_trialImage: autoDraw = False
3153.4072 	EXP 	str_fixITI: autoDraw = True
3153.8910 	EXP 	New trial (rep=0, index=7): {'im_fName': 'cl032.jpg', 'key_correct': 1, 'im_type': 'animal', 'im_familiarity': 'novel'}
3153.9157 	EXP 	str_fixITI: autoDraw = False
3153.9157 	EXP 	im_trialImage: size = array([0.8       , 0.94814815])
3153.9157 	EXP 	im_trialImage: image = 'cl032.jpg'
3153.9157 	EXP 	im_trialImage: autoDraw = True
3153.9800 	DATA 	Keypress: 5
3154.7791 	DATA 	Keypress: 5
3155.2172 	DATA 	Keypress: 1
3155.5842 	DATA 	Keypress: 5
3155.8994 	EXP 	im_trialImage: autoDraw = False
3155.8994 	EXP 	str_fixITI: autoDraw = True
3156.3837 	DATA 	Keypress: 5
3156.3990 	EXP 	str_fixITI: autoDraw = False
3156.3990 	EXP 	str_fixRest: autoDraw = True
3157.1827 	DATA 	Keypress: 5
3157.9838 	DATA 	Keypress: 5
3158.7749 	DATA 	Keypress: 5
3159.5828 	DATA 	Keypress: 5
3160.3819 	DATA 	Keypress: 5
3161.1819 	DATA 	Keypress: 5
3161.9819 	DATA 	Keypress: 5
3162.7819 	DATA 	Keypress: 5
3163.5819 	DATA 	Keypress: 5
3164.3811 	DATA 	Keypress: 5
3165.1811 	DATA 	Keypress: 5
3165.9812 	DATA 	Keypress: 5
3166.7811 	DATA 	Keypress: 5
3167.5802 	DATA 	Keypress: 5
3167.8882 	EXP 	str_bangRest: autoDraw = True
3167.9055 	EXP 	str_fixRest: autoDraw = False
3168.3802 	DATA 	Keypress: 5
3168.3887 	EXP 	New trial (rep=0, index=4): {'trialOrderFile': 'scan_order5.xlsx'}
3168.3956 	EXP 	Imported scan_order5.xlsx as conditions, 8 conditions, 4 params
3168.3958 	EXP 	Created sequence: sequential, trialTypes=8, nReps=1, seed=None
3168.3961 	EXP 	New trial (rep=0, index=0): {'im_fName': 'cl033.jpg', 'key_correct': 1, 'im_type': 'animal', 'im_familiarity': 'familiar'}
3168.4207 	EXP 	str_bangRest: autoDraw = False
3168.4207 	EXP 	str_fixRest: autoDraw = False
3168.4207 	EXP 	str_bangRest: autoDraw = False
3168.4207 	EXP 	im_trialImage: size = array([0.79583333, 0.94259259])
3168.4207 	EXP 	im_trialImage: image = 'cl033.jpg'
3168.4207 	EXP 	im_trialImage: autoDraw = True
3169.1828 	DATA 	Keypress: 5
3169.3078 	DATA 	Keypress: 1
3169.9827 	DATA 	Keypress: 5
3170.4115 	EXP 	im_trialImage: autoDraw = False
3170.4115 	EXP 	str_fixITI: autoDraw = True
3170.7803 	DATA 	Keypress: 5
3170.8970 	EXP 	New trial (rep=0, index=1): {'im_fName': 'cl034.jpg', 'key_correct': 1, 'im_type': 'animal', 'im_familiarity': 'familiar'}
3170.9140 	EXP 	str_fixITI: autoDraw = False
3170.9140 	EXP 	im_trialImage: size = array([0.79583333, 0.94259259])
3170.9140 	EXP 	im_trialImage: image = 'cl034.jpg'
3170.9140 	EXP 	im_trialImage: autoDraw = True
3171.5720 	DATA 	Keypress: 1
3171.5819 	DATA 	Keypress: 5
3172.3800 	DATA 	Keypress: 5
3172.9040 	EXP 	im_trialImage: autoDraw = False
3172.9040 	EXP 	str_fixITI: autoDraw = True
3173.1804 	DATA 	Keypress: 5
3173.3946 	EXP 	New trial (rep=0, index=2): {'im_fName': 'cl035.jpg', 'key_correct': 1, 'im_type': 'animal', 'im_familiarity': 'familiar'}
3173.4115 	EXP 	str_fixITI: autoDraw = False
3173.4115 	EXP 	im_trialImage: size = array([0.79583333, 0.94259259])
3173.4115 	EXP 	im_trialImage: image = 'cl035.jpg'
3173.4115 	EXP 	im_trialImage: autoDraw = True
3173.9810 	DATA 	Keypress: 5
3174.0051 	DATA 	Keypress: 1
3174.7811 	DATA 	Keypress: 5
3175.4103 	EXP 	im_trialImage: autoDraw = False
3175.4103 	EXP 	str_fixITI: autoDraw = True
3175.5785 	DATA 	Keypress: 5
3175.8942 	EXP 	New trial (rep=0, index=3): {'im_fName': 'cl036.jpg', 'key_correct': 2, 'im_type': 'scene', 'im_familiarity': 'familiar'}
3175.9438 	EXP 	str_fixITI: autoDraw = False
3175.9438 	EXP 	im_trialImage: size = array([0.8       , 0.94814815])
3175.9438 	EXP 	im_trialImage: image = 'cl036.jpg'
3175.9438 	EXP 	im_trialImage: autoDraw = True
3176.3872 	DATA 	Keypress: 5
3176.5622 	DATA 	Keypress: 2
3177.1792 	DATA 	Keypress: 5
3177.9098 	EXP 	im_trialImage: autoDraw = False
3177.9098 	EXP 	str_fixITI: autoDraw = True
3177.9788 	DATA 	Keypress: 5
3178.3935 	EXP 	New trial (rep=0, index=4): {'im_fName': 'cl037.jpg', 'key_correct': 1, 'im_type': 'animal', 'im_familiarity': 'familiar'}
3178.4183 	EXP 	str_fixITI: autoDraw = False
3178.4183 	EXP 	im_trialImage: size = array([0.79583333, 0.94259259])
3178.4183 	EXP 	im_trialImage: image = 'cl037.jpg'
3178.4183 	EXP 	im_trialImage: autoDraw = True
3178.7872 	DATA 	Keypress: 5
3179.0973 	DATA 	Keypress: 1
3179.5803 	DATA 	Keypress: 5
3180.3803 	DATA 	Keypress: 5
3180.4017 	EXP 	im_trialImage: autoDraw = False
3180.4017 	EXP 	str_fixITI: autoDraw = True
3180.8931 	EXP 	New trial (rep=0, index=5): {'im_fName': 'cl038.jpg', 'key_correct': 2, 'im_type': 'scene', 'im_familiarity': 'familiar'}
3180.9178 	EXP 	str_fixITI: autoDraw = False
3180.9178 	EXP 	im_trialImage: size = array([0.8       , 0.94814815])
3180.9178 	EXP 	im_trialImage: image = 'cl038.jpg'
3180.9178 	EXP 	im_trialImage: autoDraw = True
3181.1794 	DATA 	Keypress: 5
3181.6314 	DATA 	Keypress: 2
3181.9813 	DATA 	Keypress: 5
3182.7794 	DATA 	Keypress: 5
3182.9105 	EXP 	im_trialImage: autoDraw = False
3182.9105 	EXP 	str_fixITI: autoDraw = True
3183.3922 	EXP 	New trial (rep=0, index=6): {'im_fName': 'cl039.jpg', 'key_correct': 2, 'im_type': 'scene', 'im_familiarity': 'familiar'}
3183.4347 	EXP 	str_fixITI: autoDraw = False
3183.4347 	EXP 	im_trialImage: size = array([0.8       , 0.94814815])
3183.4347 	EXP 	im_trialImage: image = 'cl039.jpg'
3183.4347 	EXP 	im_trialImage: autoDraw = True
3183.5773 	DATA 	Keypress: 5
3184.2785 	DATA 	Keypress: 2
3184.3785 	DATA 	Keypress: 5
3185.1806 	DATA 	Keypress: 5
3185.4006 	EXP 	im_trialImage: autoDraw = False
3185.4006 	EXP 	str_fixITI: autoDraw = True
3185.8922 	EXP 	New trial (rep=0, index=7): {'im_fName': 'cl040.jpg', 'key_correct': 2, 'im_type': 'scene', 'im_familiarity': 'familiar'}
3185.9098 	EXP 	str_fixITI: autoDraw = False
3185.9098 	EXP 	im_trialImage: size = array([0.8       , 0.94814815])
3185.9098 	EXP 	im_trialImage: image = 'cl040.jpg'
3185.9098 	EXP 	im_trialImage: autoDraw = True
3185.9795 	DATA 	Keypress: 5
3186.7786 	DATA 	Keypress: 5
3187.0767 	DATA 	Keypress: 2
3187.5767 	DATA 	Keypress: 5
3187.9022 	EXP 	im_trialImage: autoDraw = False
3187.9022 	EXP 	str_fixITI: autoDraw = True
3188.3761 	DATA 	Keypress: 5
3188.3994 	EXP 	str_fixITI: autoDraw = False
3188.3994 	EXP 	str_fixRest: autoDraw = True
3189.1752 	DATA 	Keypress: 5
3189.9753 	DATA 	Keypress: 5
3190.7753 	DATA 	Keypress: 5
3191.5753 	DATA 	Keypress: 5
3192.3834 	DATA 	Keypress: 5
3193.1824 	DATA 	Keypress: 5
3193.9824 	DATA 	Keypress: 5
3194.7745 	DATA 	Keypress: 5
3195.5825 	DATA 	Keypress: 5
3196.3826 	DATA 	Keypress: 5
3197.1815 	DATA 	Keypress: 5
3197.9817 	DATA 	Keypress: 5
3198.7816 	DATA 	Keypress: 5
3199.5816 	DATA 	Keypress: 5
3199.8890 	EXP 	str_bangRest: autoDraw = True
3199.9061 	EXP 	str_fixRest: autoDraw = False
3200.3807 	DATA 	Keypress: 5
3200.3892 	EXP 	New trial (rep=0, index=5): {'trialOrderFile': 'scan_order6.xlsx'}
3200.3959 	EXP 	Imported scan_order6.xlsx as conditions, 8 conditions, 4 params
3200.3961 	EXP 	Created sequence: sequential, trialTypes=8, nReps=1, seed=None
3200.3963 	EXP 	New trial (rep=0, index=0): {'im_fName': 'cl041.jpg', 'key_correct': 2, 'im_type': 'scene', 'im_familiarity': 'novel'}
3200.4216 	EXP 	str_bangRest: autoDraw = False
3200.4216 	EXP 	str_fixRest: autoDraw = False
3200.4216 	EXP 	str_bangRest: autoDraw = False
3200.4216 	EXP 	im_trialImage: size = array([0.8       , 0.94814815])
3200.4216 	EXP 	im_trialImage: image = 'cl041.jpg'
3200.4216 	EXP 	im_trialImage: autoDraw = True
3201.0933 	DATA 	Keypress: 2
3201.1833 	DATA 	Keypress: 5
3201.9834 	DATA 	Keypress: 5
3202.4040 	EXP 	im_trialImage: autoDraw = False
3202.4040 	EXP 	str_fixITI: autoDraw = True
3202.7808 	DATA 	Keypress: 5
3202.8971 	EXP 	New trial (rep=0, index=1): {'im_fName': 'cl042.jpg', 'key_correct': 2, 'im_type': 'scene', 'im_familiarity': 'novel'}
3202.9236 	EXP 	str_fixITI: autoDraw = False
3202.9236 	EXP 	im_trialImage: size = array([0.8       , 0.94814815])
3202.9236 	EXP 	im_trialImage: image = 'cl042.jpg'
3202.9236 	EXP 	im_trialImage: autoDraw = True
3203.5814 	DATA 	Keypress: 5
3203.7725 	DATA 	Keypress: 2
3204.3845 	DATA 	Keypress: 5
3204.9047 	EXP 	im_trialImage: autoDraw = False
3204.9047 	EXP 	str_fixITI: autoDraw = True
3205.1800 	DATA 	Keypress: 5
3205.3956 	EXP 	New trial (rep=0, index=2): {'im_fName': 'cl043.jpg', 'key_correct': 1, 'im_type': 'animal', 'im_familiarity': 'novel'}
3205.4285 	EXP 	str_fixITI: autoDraw = False
3205.4285 	EXP 	im_trialImage: size = array([0.79583333, 0.94259259])
3205.4285 	EXP 	im_trialImage: image = 'cl043.jpg'
3205.4285 	EXP 	im_trialImage: autoDraw = True
3205.9806 	DATA 	Keypress: 5
3206.3216 	DATA 	Keypress: 1
3206.7756 	DATA 	Keypress: 5
3207.4028 	EXP 	im_trialImage: autoDraw = False
3207.4028 	EXP 	str_fixITI: autoDraw = True
3207.5802 	DATA 	Keypress: 5
3207.8951 	EXP 	New trial (rep=0, index=3): {'im_fName': 'cl044.jpg', 'key_correct': 1, 'im_type': 'animal', 'im_familiarity': 'novel'}
3207.9198 	EXP 	str_fixITI: autoDraw = False
3207.9198 	EXP 	im_trialImage: size = array([0.79375  , 0.9462963])
3207.9198 	EXP 	im_trialImage: image = 'cl044.jpg'
3207.9198 	EXP 	im_trialImage: autoDraw = True
3208.3817 	DATA 	Keypress: 5
3208.6576 	DATA 	Keypress: 1
3209.1797 	DATA 	Keypress: 5
3209.9028 	EXP 	im_trialImage: autoDraw = False
3209.9028 	EXP 	str_fixITI: autoDraw = True
3209.9803 	DATA 	Keypress: 5
3210.3943 	EXP 	New trial (rep=0, index=4): {'im_fName': 'cl045.jpg', 'key_correct': 1, 'im_type': 'animal', 'im_familiarity': 'novel'}
3210.4551 	EXP 	str_fixITI: autoDraw = False
3210.4551 	EXP 	im_trialImage: size = array([0.8       , 0.94814815])
3210.4551 	EXP 	im_trialImage: image = 'cl045.jpg'
3210.4551 	EXP 	im_trialImage: autoDraw = True
3210.7798 	DATA 	Keypress: 5
3211.3888 	DATA 	Keypress: 1
3211.5829 	DATA 	Keypress: 5
3212.3789 	DATA 	Keypress: 5
3212.4102 	EXP 	im_trialImage: autoDraw = False
3212.4102 	EXP 	str_fixITI: autoDraw = True
3212.8955 	EXP 	New trial (rep=0, index=5): {'im_fName': 'cl046.jpg', 'key_correct': 2, 'im_type': 'scene', 'im_familiarity': 'novel'}
3212.9449 	EXP 	str_fixITI: autoDraw = False
3212.9449 	EXP 	im_trialImage: size = array([0.8       , 0.94814815])
3212.9449 	EXP 	im_trialImage: image = 'cl046.jpg'
3212.9449 	EXP 	im_trialImage: autoDraw = True
3213.1819 	DATA 	Keypress: 5
3213.6789 	DATA 	Keypress: 2
3213.9789 	DATA 	Keypress: 5
3214.7800 	DATA 	Keypress: 5
3214.9100 	EXP 	im_trialImage: autoDraw = False
3214.9100 	EXP 	str_fixITI: autoDraw = True
3215.3933 	EXP 	New trial (rep=0, index=6): {'im_fName': 'cl047.jpg', 'key_correct': 2, 'im_type': 'scene', 'im_familiarity': 'novel'}
3215.4104 	EXP 	str_fixITI: autoDraw = False
3215.4104 	EXP 	im_trialImage: size = array([0.8       , 0.94814815])
3215.4104 	EXP 	im_trialImage: image = 'cl047.jpg'
3215.4104 	EXP 	im_trialImage: autoDraw = True
3215.5780 	DATA 	Keypress: 5
3216.0970 	DATA 	Keypress: 2
3216.3860 	DATA 	Keypress: 5
3217.1810 	DATA 	Keypress: 5
3217.4010 	EXP 	im_trialImage: autoDraw = False
3217.4010 	EXP 	str_fixITI: autoDraw = True
3217.8929 	EXP 	New trial (rep=0, index=7): {'im_fName': 'cl048.jpg', 'key_correct': 1, 'im_type': 'animal', 'im_familiarity': 'novel'}
3217.9256 	EXP 	str_fixITI: autoDraw = False
3217.9256 	EXP 	im_trialImage: size = array([0.79583333, 0.94259259])
3217.9256 	EXP 	im_trialImage: image = 'cl048.jpg'
3217.9256 	EXP 	im_trialImage: autoDraw = True
3217.9810 	DATA 	Keypress: 5
3218.6711 	DATA 	Keypress: 1
3218.7811 	DATA 	Keypress: 5
3219.5792 	DATA 	Keypress: 5
3219.9094 	EXP 	im_trialImage: autoDraw = False
3219.9094 	EXP 	str_fixITI: autoDraw = True
3220.3766 	DATA 	Keypress: 5
3220.4000 	EXP 	str_fixITI: autoDraw = False
3220.4000 	EXP 	str_fixRest: autoDraw = True
3221.1767 	DATA 	Keypress: 5
3221.9767 	DATA 	Keypress: 5
3222.7758 	DATA 	Keypress: 5
3223.5758 	DATA 	Keypress: 5
3224.3760 	DATA 	Keypress: 5
3225.1760 	DATA 	Keypress: 5
3225.9839 	DATA 	Keypress: 5
3226.7830 	DATA 	Keypress: 5
3227.5830 	DATA 	Keypress: 5
3228.3832 	DATA 	Keypress: 5
3229.1831 	DATA 	Keypress: 5
3229.9821 	DATA 	Keypress: 5
3230.7821 	DATA 	Keypress: 5
3231.5822 	DATA 	Keypress: 5
3231.8894 	EXP 	str_bangRest: autoDraw = True
3231.9065 	EXP 	str_fixRest: autoDraw = False
3232.3817 	EXP 	New trial (rep=0, index=6): {'trialOrderFile': 'scan_order7.xlsx'}
3232.3886 	EXP 	Imported scan_order7.xlsx as conditions, 8 conditions, 4 params
3232.3888 	EXP 	Created sequence: sequential, trialTypes=8, nReps=1, seed=None
3232.3890 	EXP 	New trial (rep=0, index=0): {'im_fName': 'cl049.jpg', 'key_correct': 1, 'im_type': 'animal', 'im_familiarity': 'familiar'}
3232.3988 	DATA 	Keypress: 5
3232.4062 	EXP 	str_bangRest: autoDraw = False
3232.4062 	EXP 	str_fixRest: autoDraw = False
3232.4062 	EXP 	str_bangRest: autoDraw = False
3232.4062 	EXP 	im_trialImage: size = array([0.79583333, 0.94259259])
3232.4062 	EXP 	im_trialImage: image = 'cl049.jpg'
3232.4062 	EXP 	im_trialImage: autoDraw = True
3233.0158 	DATA 	Keypress: 1
3233.1828 	DATA 	Keypress: 5
3233.9768 	DATA 	Keypress: 5
3234.4068 	EXP 	im_trialImage: autoDraw = False
3234.4068 	EXP 	str_fixITI: autoDraw = True
3234.7813 	DATA 	Keypress: 5
3234.8975 	EXP 	New trial (rep=0, index=1): {'im_fName': 'cl050.jpg', 'key_correct': 1, 'im_type': 'animal', 'im_familiarity': 'familiar'}
3234.9144 	EXP 	str_fixITI: autoDraw = False
3234.9144 	EXP 	im_trialImage: size = array([0.79583333, 0.94259259])
3234.9144 	EXP 	im_trialImage: image = 'cl050.jpg'
3234.9144 	EXP 	im_trialImage: autoDraw = True
3235.4919 	DATA 	Keypress: 1
3235.5770 	DATA 	Keypress: 5
3236.3820 	DATA 	Keypress: 5
3236.9060 	EXP 	im_trialImage: autoDraw = False
3236.9060 	EXP 	str_fixITI: autoDraw = True
3237.1814 	DATA 	Keypress: 5
3237.3962 	EXP 	New trial (rep=0, index=2): {'im_fName': 'cl051.jpg', 'key_correct': 1, 'im_type': 'animal', 'im_familiarity': 'familiar'}
3237.4135 	EXP 	str_fixITI: autoDraw = False
3237.4135 	EXP 	im_trialImage: size = array([0.79583333, 0.94259259])
3237.4135 	EXP 	im_trialImage: image = 'cl051.jpg'
3237.4135 	EXP 	im_trialImage: autoDraw = True
3237.9831 	DATA 	Keypress: 5
3238.1170 	DATA 	Keypress: 1
3238.7809 	DATA 	Keypress: 5
3239.4040 	EXP 	im_trialImage: autoDraw = False
3239.4040 	EXP 	str_fixITI: autoDraw = True
3239.5805 	DATA 	Keypress: 5
3239.8957 	EXP 	New trial (rep=0, index=3): {'im_fName': 'cl052.jpg', 'key_correct': 2, 'im_type': 'scene', 'im_familiarity': 'familiar'}
3239.9371 	EXP 	str_fixITI: autoDraw = False
3239.9371 	EXP 	im_trialImage: size = array([0.8       , 0.94814815])
3239.9371 	EXP 	im_trialImage: image = 'cl052.jpg'
3239.9371 	EXP 	im_trialImage: autoDraw = True
3240.3842 	DATA 	Keypress: 5
3240.6501 	DATA 	Keypress: 2
3241.1822 	DATA 	Keypress: 5
3241.9031 	EXP 	im_trialImage: autoDraw = False
3241.9031 	EXP 	str_fixITI: autoDraw = True
3241.9808 	DATA 	Keypress: 5
3242.3950 	EXP 	New trial (rep=0, index=4): {'im_fName': 'cl053.jpg', 'key_correct': 2, 'im_type': 'scene', 'im_familiarity': 'familiar'}
3242.4127 	EXP 	str_fixITI: autoDraw = False
3242.4127 	EXP 	im_trialImage: size = array([0.8       , 0.94814815])
3242.4127 	EXP 	im_trialImage: image = 'cl053.jpg'
3242.4127 	EXP 	im_trialImage: autoDraw = True
3242.7823 	DATA 	Keypress: 5
3243.0563 	DATA 	Keypress: 2
3243.5754 	DATA 	Keypress: 5
3244.3834 	DATA 	Keypress: 5
3244.4035 	EXP 	im_trialImage: autoDraw = False
3244.4035 	EXP 	str_fixITI: autoDraw = True
3244.8951 	EXP 	New trial (rep=0, index=5): {'im_fName': 'cl054.jpg', 'key_correct': 2, 'im_type': 'scene', 'im_familiarity': 'familiar'}
3244.9276 	EXP 	str_fixITI: autoDraw = False
3244.9276 	EXP 	im_trialImage: size = array([0.8       , 0.94814815])
3244.9276 	EXP 	im_trialImage: image = 'cl054.jpg'
3244.9276 	EXP 	im_trialImage: autoDraw = True
3245.1794 	DATA 	Keypress: 5
3245.6644 	DATA 	Keypress: 2
3245.9795 	DATA 	Keypress: 5
3246.7875 	DATA 	Keypress: 5
3246.9019 	EXP 	im_trialImage: autoDraw = False
3246.9019 	EXP 	str_fixITI: autoDraw = True
3247.3939 	EXP 	New trial (rep=0, index=6): {'im_fName': 'cl055.jpg', 'key_correct': 1, 'im_type': 'animal', 'im_familiarity': 'familiar'}
3247.4270 	EXP 	str_fixITI: autoDraw = False
3247.4270 	EXP 	im_trialImage: size = array([0.79583333, 0.94259259])
3247.4270 	EXP 	im_trialImage: image = 'cl055.jpg'
3247.4270 	EXP 	im_trialImage: autoDraw = True
3247.5825 	DATA 	Keypress: 5
3248.2135 	DATA 	Keypress: 1
3248.3805 	DATA 	Keypress: 5
3249.1786 	DATA 	Keypress: 5
3249.4097 	EXP 	im_trialImage: autoDraw = False
3249.4097 	EXP 	str_fixITI: autoDraw = True
3249.8933 	EXP 	New trial (rep=0, index=7): {'im_fName': 'cl056.jpg', 'key_correct': 2, 'im_type': 'scene', 'im_familiarity': 'familiar'}
3249.9181 	EXP 	str_fixITI: autoDraw = False
3249.9181 	EXP 	im_trialImage: size = array([0.8       , 0.94814815])
3249.9181 	EXP 	im_trialImage: image = 'cl056.jpg'
3249.9181 	EXP 	im_trialImage: autoDraw = True
3249.9865 	DATA 	Keypress: 5
3250.7787 	DATA 	Keypress: 5
3251.2216 	DATA 	Keypress: 2
3251.5816 	DATA 	Keypress: 5
3251.9019 	EXP 	im_trialImage: autoDraw = False
3251.9019 	EXP 	str_fixITI: autoDraw = True
3252.3772 	DATA 	Keypress: 5
3252.4004 	EXP 	str_fixITI: autoDraw = False
3252.4004 	EXP 	str_fixRest: autoDraw = True
3253.1772 	DATA 	Keypress: 5
3253.9773 	DATA 	Keypress: 5
3254.7773 	DATA 	Keypress: 5
3255.5763 	DATA 	Keypress: 5
3256.3773 	DATA 	Keypress: 5
3257.1764 	DATA 	Keypress: 5
3257.9755 	DATA 	Keypress: 5
3258.7755 	DATA 	Keypress: 5
3259.5755 	DATA 	Keypress: 5
3260.3756 	DATA 	Keypress: 5
3261.1756 	DATA 	Keypress: 5
3261.9836 	DATA 	Keypress: 5
3262.7827 	DATA 	Keypress: 5
3263.5758 	DATA 	Keypress: 5
3263.8895 	EXP 	str_bangRest: autoDraw = True
3263.9069 	EXP 	str_fixRest: autoDraw = False
3264.3822 	EXP 	New trial (rep=0, index=7): {'trialOrderFile': 'scan_order8.xlsx'}
3264.3894 	EXP 	Imported scan_order8.xlsx as conditions, 8 conditions, 4 params
3264.3897 	EXP 	Created sequence: sequential, trialTypes=8, nReps=1, seed=None
3264.3899 	EXP 	New trial (rep=0, index=0): {'im_fName': 'cl057.jpg', 'key_correct': 2, 'im_type': 'scene', 'im_familiarity': 'novel'}
3264.4053 	DATA 	Keypress: 5
3264.4147 	EXP 	str_bangRest: autoDraw = False
3264.4147 	EXP 	str_fixRest: autoDraw = False
3264.4147 	EXP 	str_bangRest: autoDraw = False
3264.4147 	EXP 	im_trialImage: size = array([0.79583333, 0.94259259])
3264.4147 	EXP 	im_trialImage: image = 'cl057.jpg'
3264.4147 	EXP 	im_trialImage: autoDraw = True
3265.1783 	DATA 	Keypress: 5
3265.4664 	DATA 	Keypress: 2
3265.9764 	DATA 	Keypress: 5
3266.4064 	EXP 	im_trialImage: autoDraw = False
3266.4064 	EXP 	str_fixITI: autoDraw = True
3266.7818 	DATA 	Keypress: 5
3266.8896 	EXP 	New trial (rep=0, index=1): {'im_fName': 'cl058.jpg', 'key_correct': 2, 'im_type': 'scene', 'im_familiarity': 'novel'}
3266.9306 	EXP 	str_fixITI: autoDraw = False
3266.9306 	EXP 	im_trialImage: size = array([0.8       , 0.94814815])
3266.9306 	EXP 	im_trialImage: image = 'cl058.jpg'
3266.9306 	EXP 	im_trialImage: autoDraw = True
3267.5324 	DATA 	Keypress: 2
3267.5764 	DATA 	Keypress: 5
3268.3825 	DATA 	Keypress: 5
3268.9075 	EXP 	im_trialImage: autoDraw = False
3268.9075 	EXP 	str_fixITI: autoDraw = True
3269.1818 	DATA 	Keypress: 5
3269.3970 	EXP 	New trial (rep=0, index=2): {'im_fName': 'cl059.jpg', 'key_correct': 1, 'im_type': 'animal', 'im_familiarity': 'novel'}
3269.4147 	EXP 	str_fixITI: autoDraw = False
3269.4147 	EXP 	im_trialImage: size = array([0.8       , 0.94814815])
3269.4147 	EXP 	im_trialImage: image = 'cl059.jpg'
3269.4147 	EXP 	im_trialImage: autoDraw = True
3269.9856 	DATA 	Keypress: 5
3270.1935 	DATA 	Keypress: 1
3270.7766 	DATA 	Keypress: 5
3271.4065 	EXP 	im_trialImage: autoDraw = False
3271.4065 	EXP 	str_fixITI: autoDraw = True
3271.5822 	DATA 	Keypress: 5
3271.8971 	EXP 	New trial (rep=0, index=3): {'im_fName': 'cl060.jpg', 'key_correct': 2, 'im_type': 'scene', 'im_familiarity': 'novel'}
3271.9295 	EXP 	str_fixITI: autoDraw = False
3271.9295 	EXP 	im_trialImage: size = array([0.79375   , 0.93888889])
3271.9295 	EXP 	im_trialImage: image = 'cl060.jpg'
3271.9295 	EXP 	im_trialImage: autoDraw = True
3272.3768 	DATA 	Keypress: 5
3272.8847 	DATA 	Keypress: 2
3273.1837 	DATA 	Keypress: 5
3273.9038 	EXP 	im_trialImage: autoDraw = False
3273.9038 	EXP 	str_fixITI: autoDraw = True
3273.9800 	DATA 	Keypress: 5
3274.3958 	EXP 	New trial (rep=0, index=4): {'im_fName': 'cl061.jpg', 'key_correct': 2, 'im_type': 'scene', 'im_familiarity': 'novel'}
3274.4207 	EXP 	str_fixITI: autoDraw = False
3274.4207 	EXP 	im_trialImage: size = array([0.8       , 0.94814815])
3274.4207 	EXP 	im_trialImage: image = 'cl061.jpg'
3274.4207 	EXP 	im_trialImage: autoDraw = True
3274.7828 	DATA 	Keypress: 5
3275.3989 	DATA 	Keypress: 2
3275.5808 	DATA 	Keypress: 5
3276.3818 	DATA 	Keypress: 5
3276.4033 	EXP 	im_trialImage: autoDraw = False
3276.4033 	EXP 	str_fixITI: autoDraw = True
3276.8954 	EXP 	New trial (rep=0, index=5): {'im_fName': 'cl062.jpg', 'key_correct': 1, 'im_type': 'animal', 'im_familiarity': 'novel'}
3276.9132 	EXP 	str_fixITI: autoDraw = False
3276.9132 	EXP 	im_trialImage: size = array([0.8       , 0.94814815])
3276.9132 	EXP 	im_trialImage: image = 'cl062.jpg'
3276.9132 	EXP 	im_trialImage: autoDraw = True
3277.1839 	DATA 	Keypress: 5
3277.9149 	DATA 	Keypress: 1
3277.9819 	DATA 	Keypress: 5
3278.7880 	DATA 	Keypress: 5
3278.9110 	EXP 	im_trialImage: autoDraw = False
3278.9110 	EXP 	str_fixITI: autoDraw = True
3279.3946 	EXP 	New trial (rep=0, index=6): {'im_fName': 'cl063.jpg', 'key_correct': 1, 'im_type': 'animal', 'im_familiarity': 'novel'}
3279.4204 	EXP 	str_fixITI: autoDraw = False
3279.4204 	EXP 	im_trialImage: size = array([0.79583333, 0.94259259])
3279.4204 	EXP 	im_trialImage: image = 'cl063.jpg'
3279.4204 	EXP 	im_trialImage: autoDraw = True
3279.5800 	DATA 	Keypress: 5
3279.9490 	DATA 	Keypress: 1
3280.3820 	DATA 	Keypress: 5
3281.1811 	DATA 	Keypress: 5
3281.4113 	EXP 	im_trialImage: autoDraw = False
3281.4113 	EXP 	str_fixITI: autoDraw = True
3281.8941 	EXP 	New trial (rep=0, index=7): {'im_fName': 'cl064.jpg', 'key_correct': 1, 'im_type': 'animal', 'im_familiarity': 'novel'}
3281.9435 	EXP 	str_fixITI: autoDraw = False
3281.9435 	EXP 	im_trialImage: size = array([0.79583333, 0.94259259])
3281.9435 	EXP 	im_trialImage: image = 'cl064.jpg'
3281.9435 	EXP 	im_trialImage: autoDraw = True
3281.9809 	DATA 	Keypress: 5
3282.7312 	DATA 	Keypress: 1
3282.7872 	DATA 	Keypress: 5
3283.5802 	DATA 	Keypress: 5
3283.9044 	EXP 	im_trialImage: autoDraw = False
3283.9044 	EXP 	str_fixITI: autoDraw = True
3284.3776 	DATA 	Keypress: 5
3284.4013 	EXP 	str_fixITI: autoDraw = False
3284.4013 	EXP 	str_fixRest: autoDraw = True
3285.1776 	DATA 	Keypress: 5
3285.9777 	DATA 	Keypress: 5
3286.7778 	DATA 	Keypress: 5
3287.5769 	DATA 	Keypress: 5
3288.3768 	DATA 	Keypress: 5
3289.1769 	DATA 	Keypress: 5
3289.9769 	DATA 	Keypress: 5
3290.7770 	DATA 	Keypress: 5
3291.5760 	DATA 	Keypress: 5
3292.3771 	DATA 	Keypress: 5
3293.1761 	DATA 	Keypress: 5
3293.9763 	DATA 	Keypress: 5
3294.7842 	DATA 	Keypress: 5
3295.5832 	DATA 	Keypress: 5
3295.8906 	EXP 	str_bangRest: autoDraw = True
3295.9076 	EXP 	str_fixRest: autoDraw = False
3296.3827 	EXP 	New trial (rep=0, index=8): {'trialOrderFile': 'scan_order9.xlsx'}
3296.3896 	EXP 	Imported scan_order9.xlsx as conditions, 8 conditions, 4 params
3296.3898 	EXP 	Created sequence: sequential, trialTypes=8, nReps=1, seed=None
3296.3901 	EXP 	New trial (rep=0, index=0): {'im_fName': 'cl065.jpg', 'key_correct': 2, 'im_type': 'scene', 'im_familiarity': 'familiar'}
3296.4048 	DATA 	Keypress: 5
3296.4155 	EXP 	str_bangRest: autoDraw = False
3296.4155 	EXP 	str_fixRest: autoDraw = False
3296.4155 	EXP 	str_bangRest: autoDraw = False
3296.4155 	EXP 	im_trialImage: size = array([0.8       , 0.94814815])
3296.4155 	EXP 	im_trialImage: image = 'cl065.jpg'
3296.4155 	EXP 	im_trialImage: autoDraw = True
3297.1418 	DATA 	Keypress: 2
3297.1759 	DATA 	Keypress: 5
3297.9789 	DATA 	Keypress: 5
3298.3988 	EXP 	im_trialImage: autoDraw = False
3298.3988 	EXP 	str_fixITI: autoDraw = True
3298.7833 	DATA 	Keypress: 5
3298.8908 	EXP 	New trial (rep=0, index=1): {'im_fName': 'cl066.jpg', 'key_correct': 1, 'im_type': 'animal', 'im_familiarity': 'familiar'}
3298.9150 	EXP 	str_fixITI: autoDraw = False
3298.9150 	EXP 	im_trialImage: size = array([0.79583333, 0.94259259])
3298.9150 	EXP 	im_trialImage: image = 'cl066.jpg'
3298.9150 	EXP 	im_trialImage: autoDraw = True
3299.5100 	DATA 	Keypress: 1
3299.5770 	DATA 	Keypress: 5
3300.3760 	DATA 	Keypress: 5
3300.9002 	EXP 	im_trialImage: autoDraw = False
3300.9002 	EXP 	str_fixITI: autoDraw = True
3301.1824 	DATA 	Keypress: 5
3301.3895 	EXP 	New trial (rep=0, index=2): {'im_fName': 'cl067.jpg', 'key_correct': 2, 'im_type': 'scene', 'im_familiarity': 'familiar'}
3301.4142 	EXP 	str_fixITI: autoDraw = False
3301.4142 	EXP 	im_trialImage: size = array([0.8       , 0.94814815])
3301.4142 	EXP 	im_trialImage: image = 'cl067.jpg'
3301.4142 	EXP 	im_trialImage: autoDraw = True
3301.9760 	DATA 	Keypress: 5
3302.0530 	DATA 	Keypress: 2
3302.7761 	DATA 	Keypress: 5
3303.4052 	EXP 	im_trialImage: autoDraw = False
3303.4052 	EXP 	str_fixITI: autoDraw = True
3303.5816 	DATA 	Keypress: 5
3303.8977 	EXP 	New trial (rep=0, index=3): {'im_fName': 'cl068.jpg', 'key_correct': 1, 'im_type': 'animal', 'im_familiarity': 'familiar'}
3303.9221 	EXP 	str_fixITI: autoDraw = False
3303.9221 	EXP 	im_trialImage: size = array([0.79583333, 0.94259259])
3303.9221 	EXP 	im_trialImage: image = 'cl068.jpg'
3303.9221 	EXP 	im_trialImage: autoDraw = True
3304.3842 	DATA 	Keypress: 5
3304.7602 	DATA 	Keypress: 1
3305.1822 	DATA 	Keypress: 5
3305.9047 	EXP 	im_trialImage: autoDraw = False
3305.9047 	EXP 	str_fixITI: autoDraw = True
3305.9819 	DATA 	Keypress: 5
3306.3966 	EXP 	New trial (rep=0, index=4): {'im_fName': 'cl069.jpg', 'key_correct': 1, 'im_type': 'animal', 'im_familiarity': 'familiar'}
3306.4146 	EXP 	str_fixITI: autoDraw = False
3306.4146 	EXP 	im_trialImage: size = array([0.79583333, 0.94259259])
3306.4146 	EXP 	im_trialImage: image = 'cl069.jpg'
3306.4146 	EXP 	im_trialImage: autoDraw = True
3306.7832 	DATA 	Keypress: 5
3307.0743 	DATA 	Keypress: 1
3307.5833 	DATA 	Keypress: 5
3308.3764 	DATA 	Keypress: 5
3308.4053 	EXP 	im_trialImage: autoDraw = False
3308.4053 	EXP 	str_fixITI: autoDraw = True
3308.8960 	EXP 	New trial (rep=0, index=5): {'im_fName': 'cl070.jpg', 'key_correct': 2, 'im_type': 'scene', 'im_familiarity': 'familiar'}
3308.9709 	EXP 	str_fixITI: autoDraw = False
3308.9709 	EXP 	im_trialImage: size = array([0.8       , 0.94814815])
3308.9709 	EXP 	im_trialImage: image = 'cl070.jpg'
3308.9709 	EXP 	im_trialImage: autoDraw = True
3309.1765 	DATA 	Keypress: 5
3309.9845 	DATA 	Keypress: 5
3310.5995 	DATA 	Keypress: 2
3310.7755 	DATA 	Keypress: 5
3310.9054 	EXP 	im_trialImage: autoDraw = False
3310.9054 	EXP 	str_fixITI: autoDraw = True
3311.3956 	EXP 	New trial (rep=0, index=6): {'im_fName': 'cl071.jpg', 'key_correct': 2, 'im_type': 'scene', 'im_familiarity': 'familiar'}
3311.4227 	EXP 	str_fixITI: autoDraw = False
3311.4227 	EXP 	im_trialImage: size = array([0.8       , 0.94814815])
3311.4227 	EXP 	im_trialImage: image = 'cl071.jpg'
3311.4227 	EXP 	im_trialImage: autoDraw = True
3311.5805 	DATA 	Keypress: 5
3312.1655 	DATA 	Keypress: 2
3312.3756 	DATA 	Keypress: 5
3313.1836 	DATA 	Keypress: 5
3313.4029 	EXP 	im_trialImage: autoDraw = False
3313.4029 	EXP 	str_fixITI: autoDraw = True
3313.8951 	EXP 	New trial (rep=0, index=7): {'im_fName': 'cl072.jpg', 'key_correct': 1, 'im_type': 'animal', 'im_familiarity': 'familiar'}
3313.9279 	EXP 	str_fixITI: autoDraw = False
3313.9279 	EXP 	im_trialImage: size = array([0.79583333, 0.94259259])
3313.9279 	EXP 	im_trialImage: image = 'cl072.jpg'
3313.9279 	EXP 	im_trialImage: autoDraw = True
3313.9836 	DATA 	Keypress: 5
3314.5246 	DATA 	Keypress: 1
3314.7816 	DATA 	Keypress: 5
3315.5826 	DATA 	Keypress: 5
3315.9048 	EXP 	im_trialImage: autoDraw = False
3315.9048 	EXP 	str_fixITI: autoDraw = True
3316.3792 	DATA 	Keypress: 5
3316.4026 	EXP 	str_fixITI: autoDraw = False
3316.4026 	EXP 	str_fixRest: autoDraw = True
3317.1792 	DATA 	Keypress: 5
3317.9783 	DATA 	Keypress: 5
3318.7783 	DATA 	Keypress: 5
3319.5783 	DATA 	Keypress: 5
3320.3784 	DATA 	Keypress: 5
3321.1773 	DATA 	Keypress: 5
3321.9774 	DATA 	Keypress: 5
3322.7774 	DATA 	Keypress: 5
3323.5775 	DATA 	Keypress: 5
3324.3766 	DATA 	Keypress: 5
3325.1766 	DATA 	Keypress: 5
3325.9766 	DATA 	Keypress: 5
3326.7766 	DATA 	Keypress: 5
3327.5757 	DATA 	Keypress: 5
3327.8921 	EXP 	str_bangRest: autoDraw = True
3327.9091 	EXP 	str_fixRest: autoDraw = False
3328.3758 	DATA 	Keypress: 5
3328.3842 	EXP 	New trial (rep=0, index=9): {'trialOrderFile': 'scan_order10.xlsx'}
3328.3907 	EXP 	Imported scan_order10.xlsx as conditions, 8 conditions, 4 params
3328.3909 	EXP 	Created sequence: sequential, trialTypes=8, nReps=1, seed=None
3328.3911 	EXP 	New trial (rep=0, index=0): {'im_fName': 'cl073.jpg', 'key_correct': 2, 'im_type': 'scene', 'im_familiarity': 'novel'}
3328.4330 	EXP 	str_bangRest: autoDraw = False
3328.4330 	EXP 	str_fixRest: autoDraw = False
3328.4330 	EXP 	str_bangRest: autoDraw = False
3328.4330 	EXP 	im_trialImage: size = array([0.8       , 0.94814815])
3328.4330 	EXP 	im_trialImage: image = 'cl073.jpg'
3328.4330 	EXP 	im_trialImage: autoDraw = True
3329.0433 	DATA 	Keypress: 2
3329.1803 	DATA 	Keypress: 5
3329.9794 	DATA 	Keypress: 5
3330.3994 	EXP 	im_trialImage: autoDraw = False
3330.3994 	EXP 	str_fixITI: autoDraw = True
3330.7760 	DATA 	Keypress: 5
3330.8912 	EXP 	New trial (rep=0, index=1): {'im_fName': 'cl074.jpg', 'key_correct': 2, 'im_type': 'scene', 'im_familiarity': 'novel'}
3330.9157 	EXP 	str_fixITI: autoDraw = False
3330.9157 	EXP 	im_trialImage: size = array([0.79583333, 0.94259259])
3330.9157 	EXP 	im_trialImage: image = 'cl074.jpg'
3330.9157 	EXP 	im_trialImage: autoDraw = True
3331.3784 	DATA 	Keypress: 2
3331.5774 	DATA 	Keypress: 5
3332.3755 	DATA 	Keypress: 5
3332.9066 	EXP 	im_trialImage: autoDraw = False
3332.9066 	EXP 	str_fixITI: autoDraw = True
3333.1830 	DATA 	Keypress: 5
3333.3902 	EXP 	New trial (rep=0, index=2): {'im_fName': 'cl075.jpg', 'key_correct': 1, 'im_type': 'animal', 'im_familiarity': 'novel'}
3333.4079 	EXP 	str_fixITI: autoDraw = False
3333.4079 	EXP 	im_trialImage: size = array([0.79583333, 0.94259259])
3333.4079 	EXP 	im_trialImage: image = 'cl075.jpg'
3333.4079 	EXP 	im_trialImage: autoDraw = True
3333.9756 	DATA 	Keypress: 5
3334.0955 	DATA 	Keypress: 1
3334.7767 	DATA 	Keypress: 5
3335.3995 	EXP 	im_trialImage: autoDraw = False
3335.3995 	EXP 	str_fixITI: autoDraw = True
3335.5832 	DATA 	Keypress: 5
3335.8899 	EXP 	New trial (rep=0, index=3): {'im_fName': 'cl076.jpg', 'key_correct': 1, 'im_type': 'animal', 'im_familiarity': 'novel'}
3335.9071 	EXP 	str_fixITI: autoDraw = False
3335.9071 	EXP 	im_trialImage: size = array([0.79583333, 0.94259259])
3335.9071 	EXP 	im_trialImage: image = 'cl076.jpg'
3335.9071 	EXP 	im_trialImage: autoDraw = True
3336.3847 	DATA 	Keypress: 5
3336.8267 	DATA 	Keypress: 1
3337.1777 	DATA 	Keypress: 5
3337.9056 	EXP 	im_trialImage: autoDraw = False
3337.9056 	EXP 	str_fixITI: autoDraw = True
3337.9833 	DATA 	Keypress: 5
3338.3973 	EXP 	New trial (rep=0, index=4): {'im_fName': 'cl077.jpg', 'key_correct': 2, 'im_type': 'scene', 'im_familiarity': 'novel'}
3338.4305 	EXP 	str_fixITI: autoDraw = False
3338.4305 	EXP 	im_trialImage: size = array([0.8       , 0.94814815])
3338.4305 	EXP 	im_trialImage: image = 'cl077.jpg'
3338.4305 	EXP 	im_trialImage: autoDraw = True
3338.7838 	DATA 	Keypress: 5
3339.0858 	DATA 	Keypress: 2
3339.5838 	DATA 	Keypress: 5
3340.3768 	DATA 	Keypress: 5
3340.4070 	EXP 	im_trialImage: autoDraw = False
3340.4070 	EXP 	str_fixITI: autoDraw = True
3340.8973 	EXP 	New trial (rep=0, index=5): {'im_fName': 'cl078.jpg', 'key_correct': 1, 'im_type': 'animal', 'im_familiarity': 'novel'}
3340.9217 	EXP 	str_fixITI: autoDraw = False
3340.9217 	EXP 	im_trialImage: size = array([0.79583333, 0.94259259])
3340.9217 	EXP 	im_trialImage: image = 'cl078.jpg'
3340.9217 	EXP 	im_trialImage: autoDraw = True
3341.1768 	DATA 	Keypress: 5
3341.6939 	DATA 	Keypress: 1
3341.9819 	DATA 	Keypress: 5
3342.7849 	DATA 	Keypress: 5
3342.9053 	EXP 	im_trialImage: autoDraw = False
3342.9053 	EXP 	str_fixITI: autoDraw = True
3343.3961 	EXP 	New trial (rep=0, index=6): {'im_fName': 'cl079.jpg', 'key_correct': 1, 'im_type': 'animal', 'im_familiarity': 'novel'}
3343.4143 	EXP 	str_fixITI: autoDraw = False
3343.4143 	EXP 	im_trialImage: size = array([0.79583333, 0.94259259])
3343.4143 	EXP 	im_trialImage: image = 'cl079.jpg'
3343.4143 	EXP 	im_trialImage: autoDraw = True
3343.5820 	DATA 	Keypress: 5
3343.9410 	DATA 	Keypress: 1
3344.3830 	DATA 	Keypress: 5
3345.1831 	DATA 	Keypress: 5
3345.4037 	EXP 	im_trialImage: autoDraw = False
3345.4037 	EXP 	str_fixITI: autoDraw = True
3345.8956 	EXP 	New trial (rep=0, index=7): {'im_fName': 'cl080.jpg', 'key_correct': 2, 'im_type': 'scene', 'im_familiarity': 'novel'}
3345.9126 	EXP 	str_fixITI: autoDraw = False
3345.9126 	EXP 	im_trialImage: size = array([0.79583333, 0.94259259])
3345.9126 	EXP 	im_trialImage: image = 'cl080.jpg'
3345.9126 	EXP 	im_trialImage: autoDraw = True
3345.9890 	DATA 	Keypress: 5
3346.7842 	DATA 	Keypress: 5
3347.0242 	DATA 	Keypress: 2
3347.5892 	DATA 	Keypress: 5
3347.9031 	EXP 	im_trialImage: autoDraw = False
3347.9031 	EXP 	str_fixITI: autoDraw = True
3348.3797 	DATA 	Keypress: 5
3348.4030 	EXP 	str_fixITI: autoDraw = False
3348.4030 	EXP 	str_fixRest: autoDraw = True
3349.1797 	DATA 	Keypress: 5
3349.9797 	DATA 	Keypress: 5
3350.7787 	DATA 	Keypress: 5
3351.5788 	DATA 	Keypress: 5
3352.3789 	DATA 	Keypress: 5
3353.1789 	DATA 	Keypress: 5
3353.9789 	DATA 	Keypress: 5
3354.7779 	DATA 	Keypress: 5
3355.5780 	DATA 	Keypress: 5
3356.3781 	DATA 	Keypress: 5
3357.1781 	DATA 	Keypress: 5
3357.9771 	DATA 	Keypress: 5
3358.7771 	DATA 	Keypress: 5
3359.5772 	DATA 	Keypress: 5
3359.8927 	EXP 	str_bangRest: autoDraw = True
3359.9095 	EXP 	str_fixRest: autoDraw = False
3360.3772 	DATA 	Keypress: 5
3360.3848 	EXP 	New trial (rep=0, index=10): {'trialOrderFile': 'scan_order11.xlsx'}
3360.3914 	EXP 	Imported scan_order11.xlsx as conditions, 8 conditions, 4 params
3360.3916 	EXP 	Created sequence: sequential, trialTypes=8, nReps=1, seed=None
3360.3919 	EXP 	New trial (rep=0, index=0): {'im_fName': 'cl081.jpg', 'key_correct': 1, 'im_type': 'animal', 'im_familiarity': 'familiar'}
3360.4091 	EXP 	str_bangRest: autoDraw = False
3360.4091 	EXP 	str_fixRest: autoDraw = False
3360.4091 	EXP 	str_bangRest: autoDraw = False
3360.4091 	EXP 	im_trialImage: size = array([0.79583333, 0.94259259])
3360.4091 	EXP 	im_trialImage: image = 'cl081.jpg'
3360.4091 	EXP 	im_trialImage: autoDraw = True
3360.9808 	DATA 	Keypress: 1
3361.1788 	DATA 	Keypress: 5
3361.9769 	DATA 	Keypress: 5
3362.4019 	EXP 	im_trialImage: autoDraw = False
3362.4019 	EXP 	str_fixITI: autoDraw = True
3362.7764 	DATA 	Keypress: 5
3362.8919 	EXP 	New trial (rep=0, index=1): {'im_fName': 'cl082.jpg', 'key_correct': 1, 'im_type': 'animal', 'im_familiarity': 'familiar'}
3362.9094 	EXP 	str_fixITI: autoDraw = False
3362.9094 	EXP 	im_trialImage: size = array([0.79583333, 0.94259259])
3362.9094 	EXP 	im_trialImage: image = 'cl082.jpg'
3362.9094 	EXP 	im_trialImage: autoDraw = True
3363.4960 	DATA 	Keypress: 1
3363.5769 	DATA 	Keypress: 5
3364.3780 	DATA 	Keypress: 5
3364.9075 	EXP 	im_trialImage: autoDraw = False
3364.9075 	EXP 	str_fixITI: autoDraw = True
3365.1845 	DATA 	Keypress: 5
3365.3910 	EXP 	New trial (rep=0, index=2): {'im_fName': 'cl083.jpg', 'key_correct': 2, 'im_type': 'scene', 'im_familiarity': 'familiar'}
3365.4246 	EXP 	str_fixITI: autoDraw = False
3365.4246 	EXP 	im_trialImage: size = array([0.8       , 0.94814815])
3365.4246 	EXP 	im_trialImage: image = 'cl083.jpg'
3365.4246 	EXP 	im_trialImage: autoDraw = True
3365.9761 	DATA 	Keypress: 5
3366.1091 	DATA 	Keypress: 2
3366.7761 	DATA 	Keypress: 5
3367.3992 	EXP 	im_trialImage: autoDraw = False
3367.3992 	EXP 	str_fixITI: autoDraw = True
3367.5835 	DATA 	Keypress: 5
3367.8912 	EXP 	New trial (rep=0, index=3): {'im_fName': 'cl084.jpg', 'key_correct': 1, 'im_type': 'animal', 'im_familiarity': 'familiar'}
3367.9153 	EXP 	str_fixITI: autoDraw = False
3367.9153 	EXP 	im_trialImage: size = array([0.79583333, 0.94259259])
3367.9153 	EXP 	im_trialImage: image = 'cl084.jpg'
3367.9153 	EXP 	im_trialImage: autoDraw = True
3368.3792 	DATA 	Keypress: 5
3368.5692 	DATA 	Keypress: 1
3369.1772 	DATA 	Keypress: 5
3369.8983 	EXP 	im_trialImage: autoDraw = False
3369.8983 	EXP 	str_fixITI: autoDraw = True
3369.9825 	DATA 	Keypress: 5
3370.3899 	EXP 	New trial (rep=0, index=4): {'im_fName': 'cl085.jpg', 'key_correct': 1, 'im_type': 'animal', 'im_familiarity': 'familiar'}
3370.4076 	EXP 	str_fixITI: autoDraw = False
3370.4076 	EXP 	im_trialImage: size = array([0.79583333, 0.94259259])
3370.4076 	EXP 	im_trialImage: image = 'cl085.jpg'
3370.4076 	EXP 	im_trialImage: autoDraw = True
3370.7853 	DATA 	Keypress: 5
3371.0613 	DATA 	Keypress: 1
3371.5783 	DATA 	Keypress: 5
3372.3764 	DATA 	Keypress: 5
3372.4067 	EXP 	im_trialImage: autoDraw = False
3372.4067 	EXP 	str_fixITI: autoDraw = True
3372.8976 	EXP 	New trial (rep=0, index=5): {'im_fName': 'cl086.jpg', 'key_correct': 2, 'im_type': 'scene', 'im_familiarity': 'familiar'}
3372.9225 	EXP 	str_fixITI: autoDraw = False
3372.9225 	EXP 	im_trialImage: size = array([0.8       , 0.94814815])
3372.9225 	EXP 	im_trialImage: image = 'cl086.jpg'
3372.9225 	EXP 	im_trialImage: autoDraw = True
3373.1854 	DATA 	Keypress: 5
3373.5764 	DATA 	Keypress: 2
3373.9844 	DATA 	Keypress: 5
3374.7844 	DATA 	Keypress: 5
3374.9051 	EXP 	im_trialImage: autoDraw = False
3374.9051 	EXP 	str_fixITI: autoDraw = True
3375.3970 	EXP 	New trial (rep=0, index=6): {'im_fName': 'cl087.jpg', 'key_correct': 2, 'im_type': 'scene', 'im_familiarity': 'familiar'}
3375.4149 	EXP 	str_fixITI: autoDraw = False
3375.4149 	EXP 	im_trialImage: size = array([0.8       , 0.94814815])
3375.4149 	EXP 	im_trialImage: image = 'cl087.jpg'
3375.4149 	EXP 	im_trialImage: autoDraw = True
3375.5775 	DATA 	Keypress: 5
3376.0185 	DATA 	Keypress: 2
3376.3836 	DATA 	Keypress: 5
3377.1766 	DATA 	Keypress: 5
3377.4066 	EXP 	im_trialImage: autoDraw = False
3377.4066 	EXP 	str_fixITI: autoDraw = True
3377.8984 	EXP 	New trial (rep=0, index=7): {'im_fName': 'cl088.jpg', 'key_correct': 2, 'im_type': 'scene', 'im_familiarity': 'familiar'}
3377.9542 	EXP 	str_fixITI: autoDraw = False
3377.9542 	EXP 	im_trialImage: size = array([0.8       , 0.94814815])
3377.9542 	EXP 	im_trialImage: image = 'cl088.jpg'
3377.9542 	EXP 	im_trialImage: autoDraw = True
3377.9816 	DATA 	Keypress: 5
3378.5397 	DATA 	Keypress: 2
3378.7816 	DATA 	Keypress: 5
3379.5847 	DATA 	Keypress: 5
3379.9038 	EXP 	im_trialImage: autoDraw = False
3379.9038 	EXP 	str_fixITI: autoDraw = True
3380.3802 	DATA 	Keypress: 5
3380.4036 	EXP 	str_fixITI: autoDraw = False
3380.4036 	EXP 	str_fixRest: autoDraw = True
3381.1802 	DATA 	Keypress: 5
3381.9802 	DATA 	Keypress: 5
3382.7803 	DATA 	Keypress: 5
3383.5793 	DATA 	Keypress: 5
3384.3793 	DATA 	Keypress: 5
3385.1805 	DATA 	Keypress: 5
3385.9794 	DATA 	Keypress: 5
3386.7795 	DATA 	Keypress: 5
3387.5785 	DATA 	Keypress: 5
3388.3786 	DATA 	Keypress: 5
3389.1786 	DATA 	Keypress: 5
3389.9786 	DATA 	Keypress: 5
3390.7776 	DATA 	Keypress: 5
3391.5777 	DATA 	Keypress: 5
3391.8939 	EXP 	str_bangRest: autoDraw = True
3391.9111 	EXP 	str_fixRest: autoDraw = False
3392.3777 	DATA 	Keypress: 5
3392.3930 	EXP 	New trial (rep=0, index=11): {'trialOrderFile': 'scan_order12.xlsx'}
3392.3997 	EXP 	Imported scan_order12.xlsx as conditions, 8 conditions, 4 params
3392.3999 	EXP 	Created sequence: sequential, trialTypes=8, nReps=1, seed=None
3392.4002 	EXP 	New trial (rep=0, index=0): {'im_fName': 'cl089.jpg', 'key_correct': 2, 'im_type': 'scene', 'im_familiarity': 'novel'}
3392.4344 	EXP 	str_fixRest: autoDraw = False
3392.4344 	EXP 	str_bangRest: autoDraw = False
3392.4344 	EXP 	im_trialImage: size = array([0.79583333, 0.94259259])
3392.4344 	EXP 	im_trialImage: image = 'cl089.jpg'
3392.4344 	EXP 	im_trialImage: autoDraw = True
3393.0453 	DATA 	Keypress: 2
3393.1783 	DATA 	Keypress: 5
3393.9784 	DATA 	Keypress: 5
3394.4034 	EXP 	im_trialImage: autoDraw = False
3394.4034 	EXP 	str_fixITI: autoDraw = True
3394.7768 	DATA 	Keypress: 5
3394.8926 	EXP 	New trial (rep=0, index=1): {'im_fName': 'cl090.jpg', 'key_correct': 1, 'im_type': 'animal', 'im_familiarity': 'novel'}
3394.9107 	EXP 	str_fixITI: autoDraw = False
3394.9107 	EXP 	im_trialImage: size = array([0.79583333, 0.94259259])
3394.9107 	EXP 	im_trialImage: image = 'cl090.jpg'
3394.9107 	EXP 	im_trialImage: autoDraw = True
3395.5854 	DATA 	Keypress: 5
3395.6194 	DATA 	Keypress: 1
3396.3795 	DATA 	Keypress: 5
3396.9004 	EXP 	im_trialImage: autoDraw = False
3396.9004 	EXP 	str_fixITI: autoDraw = True
3397.1760 	DATA 	Keypress: 5
3397.3919 	EXP 	New trial (rep=0, index=2): {'im_fName': 'cl091.jpg', 'key_correct': 1, 'im_type': 'animal', 'im_familiarity': 'novel'}
3397.4089 	EXP 	str_fixITI: autoDraw = False
3397.4089 	EXP 	im_trialImage: size = array([0.79583333, 0.94259259])
3397.4089 	EXP 	im_trialImage: image = 'cl091.jpg'
3397.4089 	EXP 	im_trialImage: autoDraw = True
3397.9855 	DATA 	Keypress: 5
3398.0705 	DATA 	Keypress: 1
3398.7846 	DATA 	Keypress: 5
3399.4076 	EXP 	im_trialImage: autoDraw = False
3399.4076 	EXP 	str_fixITI: autoDraw = True
3399.5838 	DATA 	Keypress: 5
3399.8915 	EXP 	New trial (rep=0, index=3): {'im_fName': 'cl092.jpg', 'key_correct': 1, 'im_type': 'animal', 'im_familiarity': 'novel'}
3399.9091 	EXP 	str_fixITI: autoDraw = False
3399.9091 	EXP 	im_trialImage: size = array([0.79583333, 0.94259259])
3399.9091 	EXP 	im_trialImage: image = 'cl092.jpg'
3399.9091 	EXP 	im_trialImage: autoDraw = True
3400.3777 	DATA 	Keypress: 5
3400.5527 	DATA 	Keypress: 1
3401.1797 	DATA 	Keypress: 5
3401.9070 	EXP 	im_trialImage: autoDraw = False
3401.9070 	EXP 	str_fixITI: autoDraw = True
3401.9842 	DATA 	Keypress: 5
3402.3905 	EXP 	New trial (rep=0, index=4): {'im_fName': 'cl093.jpg', 'key_correct': 1, 'im_type': 'animal', 'im_familiarity': 'novel'}
3402.4083 	EXP 	str_fixITI: autoDraw = False
3402.4083 	EXP 	im_trialImage: size = array([0.79583333, 0.94259259])
3402.4083 	EXP 	im_trialImage: image = 'cl093.jpg'
3402.4083 	EXP 	im_trialImage: autoDraw = True
3402.7838 	DATA 	Keypress: 5
3403.1779 	DATA 	Keypress: 1
3403.5838 	DATA 	Keypress: 5
3404.3788 	DATA 	Keypress: 5
3404.3990 	EXP 	im_trialImage: autoDraw = False
3404.3990 	EXP 	str_fixITI: autoDraw = True
3404.8906 	EXP 	New trial (rep=0, index=5): {'im_fName': 'cl094.jpg', 'key_correct': 2, 'im_type': 'scene', 'im_familiarity': 'novel'}
3404.9231 	EXP 	str_fixITI: autoDraw = False
3404.9231 	EXP 	im_trialImage: size = array([0.8       , 0.94814815])
3404.9231 	EXP 	im_trialImage: image = 'cl094.jpg'
3404.9231 	EXP 	im_trialImage: autoDraw = True
3405.1789 	DATA 	Keypress: 5
3405.5339 	DATA 	Keypress: 2
3405.9849 	DATA 	Keypress: 5
3406.7830 	DATA 	Keypress: 5
3406.9001 	EXP 	im_trialImage: autoDraw = False
3406.9001 	EXP 	str_fixITI: autoDraw = True
3407.3977 	EXP 	New trial (rep=0, index=6): {'im_fName': 'cl095.jpg', 'key_correct': 2, 'im_type': 'scene', 'im_familiarity': 'novel'}
3407.4152 	EXP 	str_fixITI: autoDraw = False
3407.4152 	EXP 	im_trialImage: size = array([0.8       , 0.94814815])
3407.4152 	EXP 	im_trialImage: image = 'cl095.jpg'
3407.4152 	EXP 	im_trialImage: autoDraw = True
3407.5850 	DATA 	Keypress: 5
3408.1660 	DATA 	Keypress: 2
3408.3830 	DATA 	Keypress: 5
3409.1781 	DATA 	Keypress: 5
3409.4137 	EXP 	im_trialImage: autoDraw = False
3409.4137 	EXP 	str_fixITI: autoDraw = True
3409.8976 	EXP 	New trial (rep=0, index=7): {'im_fName': 'cl096.jpg', 'key_correct': 2, 'im_type': 'scene', 'im_familiarity': 'novel'}
3409.9145 	EXP 	str_fixITI: autoDraw = False
3409.9145 	EXP 	im_trialImage: size = array([0.8       , 0.94814815])
3409.9145 	EXP 	im_trialImage: image = 'cl096.jpg'
3409.9145 	EXP 	im_trialImage: autoDraw = True
3409.9780 	DATA 	Keypress: 5
3410.6101 	DATA 	Keypress: 2
3410.7861 	DATA 	Keypress: 5
3411.5852 	DATA 	Keypress: 5
3411.9047 	EXP 	im_trialImage: autoDraw = False
3411.9047 	EXP 	str_fixITI: autoDraw = True
3412.3816 	DATA 	Keypress: 5
3412.4051 	EXP 	str_fixITI: autoDraw = False
3412.4051 	EXP 	str_fixRest: autoDraw = True
3413.1807 	DATA 	Keypress: 5
3413.9807 	DATA 	Keypress: 5
3414.7808 	DATA 	Keypress: 5
3415.5808 	DATA 	Keypress: 5
3416.3799 	DATA 	Keypress: 5
3417.1799 	DATA 	Keypress: 5
3417.9799 	DATA 	Keypress: 5
3418.7799 	DATA 	Keypress: 5
3419.5801 	DATA 	Keypress: 5
3420.3791 	DATA 	Keypress: 5
3421.1791 	DATA 	Keypress: 5
3421.9791 	DATA 	Keypress: 5
3422.7792 	DATA 	Keypress: 5
3423.5782 	DATA 	Keypress: 5
3423.8944 	EXP 	str_bangRest: autoDraw = True
3423.9115 	EXP 	str_fixRest: autoDraw = False
3424.3782 	DATA 	Keypress: 5
3424.3949 	EXP 	str_bangRest: autoDraw = False
3424.3949 	EXP 	str_fixRest: autoDraw = False
3424.3949 	EXP 	str_bangRest: autoDraw = False
3424.3949 	EXP 	str_end: autoDraw = True
3427.0475 	DATA 	Keypress: 2
3429.0529 	DATA 	Keypress: space
3429.0597 	EXP 	str_end: autoDraw = False
3429.1805 	EXP 	window1: mouseVisible = True
