1.1417 	WARNING 	We strongly recommend you activate the PTB sound engine in PsychoPy prefs as the preferred audio engine. Its timing is vastly superior. Your prefs are currently set to use ['sounddevice', 'PTB', 'pyo', 'pygame'] (in that order).
2870.8140 	EXP 	Created window1 = Window(allowGUI=False, allowStencil=False, autoLog=True, backendConf=UNKNOWN, bitsMode=UNKNOWN, blendMode='avg', bpc=(8, 8, 8), color=array([0, 0, 0]), colorSpace='rgb', depthBits=8, fullscr=<method-wrapper '__getattribute__' of attributeSetter object at 0x000000001433E470>, gamma=None, gammaErrorPolicy='raise', lms=UNKNOWN, monitor=<psychopy.monitors.calibTools.Monitor object at 0x0000000014392B00>, multiSample=False, name='window1', numSamples=2, pos=[0.0, 0.0], screen=0, size=array([1920, 1080]), stencilBits=0, stereo=False, units='norm', useFBO=True, useRetina=False, viewOri=0.0, viewPos=None, viewScale=None, waitBlanking=True, winType='pyglet')
2870.8142 	EXP 	window1: mouseVisible = True
2870.8143 	EXP 	window1: recordFrameIntervals = False
2870.8948 	EXP 	window1: recordFrameIntervals = True
2870.9867 	EXP 	window1: recordFrameIntervals = False
2871.7263 	EXP 	Created txt_checkLeft = TextStim(__class__=<class 'psychopy.visual.text.TextStim'>, alignHoriz=method-wrapper(...), alignText='center', alignVert=method-wrapper(...), anchorHoriz='center', anchorVert='center', antialias=True, autoLog=True, bold=False, color=array([1, 1, 1]), colorSpace='rgb', contrast=1.0, depth=0.0, flipHoriz=False, flipVert=False, font='Courier New', fontFiles=[], height=0.1, italic=False, languageStyle='LTR', name='txt_checkLeft', opacity=1, ori=0, pos=array([0., 0.]), rgb=UNKNOWN, text=str(...), units='norm', win=Window(...), wrapWidth=30)
2871.7264 	EXP 	window1: mouseVisible = False
2871.7352 	EXP 	Created txt_checkRight = TextStim(__class__=<class 'psychopy.visual.text.TextStim'>, alignHoriz=method-wrapper(...), alignText='center', alignVert=method-wrapper(...), anchorHoriz='center', anchorVert='center', antialias=True, autoLog=True, bold=False, color=array([1, 1, 1]), colorSpace='rgb', contrast=1.0, depth=0.0, flipHoriz=False, flipVert=False, font='Courier New', fontFiles=[], height=0.1, italic=False, languageStyle='LTR', name='txt_checkRight', opacity=1, ori=0, pos=array([0., 0.]), rgb=UNKNOWN, text=str(...), units='norm', win=Window(...), wrapWidth=30)
2871.7482 	EXP 	Created str_keyInst = TextStim(__class__=<class 'psychopy.visual.text.TextStim'>, alignHoriz=method-wrapper(...), alignText='center', alignVert=method-wrapper(...), anchorHoriz='center', anchorVert='center', antialias=True, autoLog=True, bold=False, color=array([1, 1, 1]), colorSpace='rgb', contrast=1.0, depth=0.0, flipHoriz=False, flipVert=False, font='Courier New', fontFiles=[], height=0.1, italic=False, languageStyle='LTR', name='str_keyInst', opacity=1, ori=0, pos=array([0., 0.]), rgb=UNKNOWN, text=str(...), units='norm', win=Window(...), wrapWidth=30)
2871.7535 	EXP 	Created str_waitScanner = TextStim(__class__=<class 'psychopy.visual.text.TextStim'>, alignHoriz=method-wrapper(...), alignText='center', alignVert=method-wrapper(...), anchorHoriz='center', anchorVert='center', antialias=True, autoLog=True, bold=False, color=array([1, 1, 1]), colorSpace='rgb', contrast=1.0, depth=-1.0, flipHoriz=False, flipVert=False, font='Courier New', fontFiles=[], height=0.1, italic=False, languageStyle='LTR', name='str_waitScanner', opacity=1, ori=0, pos=array([0., 0.]), rgb=UNKNOWN, text='Waiting for scanner...', units='norm', win=Window(...), wrapWidth=1)
2871.7575 	EXP 	Created str_fixRest = TextStim(__class__=<class 'psychopy.visual.text.TextStim'>, alignHoriz=method-wrapper(...), alignText='center', alignVert=method-wrapper(...), anchorHoriz='center', anchorVert='center', antialias=True, autoLog=True, bold=False, color=array([1, 1, 1]), colorSpace='rgb', contrast=1.0, depth=0.0, flipHoriz=False, flipVert=False, font='Courier New', fontFiles=[], height=0.225, italic=False, languageStyle='LTR', name='str_fixRest', opacity=1, ori=0, pos=array([0., 0.]), rgb=UNKNOWN, text='+', units='norm', win=Window(...), wrapWidth=1)
2871.7598 	EXP 	Created str_bangRest = TextStim(__class__=<class 'psychopy.visual.text.TextStim'>, alignHoriz=method-wrapper(...), alignText='center', alignVert=method-wrapper(...), anchorHoriz='center', anchorVert='center', antialias=True, autoLog=True, bold=False, color=array([1, 1, 1]), colorSpace='rgb', contrast=1.0, depth=-1.0, flipHoriz=False, flipVert=False, font='Courier New', fontFiles=[], height=0.225, italic=False, languageStyle='LTR', name='str_bangRest', opacity=1, ori=0, pos=array([0., 0.]), rgb=UNKNOWN, text='!', units='norm', win=Window(...), wrapWidth=1)
2871.7643 	EXP 	Created im_trialImage = ImageStim(__class__=<class 'psychopy.visual.image.ImageStim'>, autoLog=True, color=array([1, 1, 1]), colorSpace='rgb', contrast=1.0, depth=-1.0, flipHoriz=False, flipVert=False, image='sin', interpolate=True, mask=None, maskParams=None, name='im_trialImage', opacity=1, ori=0.0, pos=array([0., 0.]), size=array([0.5, 0.5]), texRes=128, units='norm', win=Window(...))
2871.7659 	EXP 	Created str_fixITI = TextStim(__class__=<class 'psychopy.visual.text.TextStim'>, alignHoriz=method-wrapper(...), alignText='center', alignVert=method-wrapper(...), anchorHoriz='center', anchorVert='center', antialias=True, autoLog=True, bold=False, color=array([1, 1, 1]), colorSpace='rgb', contrast=1.0, depth=0.0, flipHoriz=False, flipVert=False, font='Courier New', fontFiles=[], height=0.225, italic=False, languageStyle='LTR', name='str_fixITI', opacity=1, ori=0, pos=array([0., 0.]), rgb=UNKNOWN, text='+', units='norm', win=Window(...), wrapWidth=1)
2871.7674 	EXP 	Created str_fixRest = TextStim(__class__=<class 'psychopy.visual.text.TextStim'>, alignHoriz=method-wrapper(...), alignText='center', alignVert=method-wrapper(...), anchorHoriz='center', anchorVert='center', antialias=True, autoLog=True, bold=False, color=array([1, 1, 1]), colorSpace='rgb', contrast=1.0, depth=0.0, flipHoriz=False, flipVert=False, font='Courier New', fontFiles=[], height=0.225, italic=False, languageStyle='LTR', name='str_fixRest', opacity=1, ori=0, pos=array([0., 0.]), rgb=UNKNOWN, text='+', units='norm', win=Window(...), wrapWidth=1)
2871.7689 	EXP 	Created str_bangRest = TextStim(__class__=<class 'psychopy.visual.text.TextStim'>, alignHoriz=method-wrapper(...), alignText='center', alignVert=method-wrapper(...), anchorHoriz='center', anchorVert='center', antialias=True, autoLog=True, bold=False, color=array([1, 1, 1]), colorSpace='rgb', contrast=1.0, depth=-1.0, flipHoriz=False, flipVert=False, font='Courier New', fontFiles=[], height=0.225, italic=False, languageStyle='LTR', name='str_bangRest', opacity=1, ori=0, pos=array([0., 0.]), rgb=UNKNOWN, text='!', units='norm', win=Window(...), wrapWidth=1)
2871.7760 	EXP 	Created str_end = TextStim(__class__=<class 'psychopy.visual.text.TextStim'>, alignHoriz=method-wrapper(...), alignText='center', alignVert=method-wrapper(...), anchorHoriz='center', anchorVert='center', antialias=True, autoLog=True, bold=False, color=array([1, 1, 1]), colorSpace='rgb', contrast=1.0, depth=0.0, flipHoriz=False, flipVert=False, font='Courier New', fontFiles=[], height=0.1, italic=False, languageStyle='LTR', name='str_end', opacity=1, ori=0, pos=array([0., 0.]), rgb=UNKNOWN, text=str(...), units='norm', win=Window(...), wrapWidth=30)
2871.8126 	EXP 	txt_checkLeft: autoDraw = True
2901.4500 	DATA 	Keypress: 1
2901.4622 	EXP 	txt_checkLeft: autoDraw = False
2901.4622 	EXP 	txt_checkRight: autoDraw = True
2903.7660 	DATA 	Keypress: 2
2903.7785 	EXP 	txt_checkRight: autoDraw = False
2903.7785 	EXP 	str_keyInst: autoDraw = True
2909.7652 	DATA 	Keypress: 1
2909.7793 	EXP 	Created sequence: sequential, trialTypes=1, nReps=5, seed=None
2909.7795 	EXP 	New trial (rep=0, index=0): None
2909.7936 	EXP 	str_keyInst: autoDraw = False
2909.7936 	EXP 	str_waitScanner: autoDraw = True
2919.3519 	EXP 	New trial (rep=1, index=0): None
2919.3535 	DATA 	Keypress: 5
2919.3605 	EXP 	str_waitScanner: autoDraw = False
2919.3605 	EXP 	str_waitScanner: autoDraw = True
2920.1458 	EXP 	New trial (rep=2, index=0): None
2920.1476 	DATA 	Keypress: 5
2920.1578 	EXP 	str_waitScanner: autoDraw = False
2920.1578 	EXP 	str_waitScanner: autoDraw = True
2920.9459 	EXP 	New trial (rep=3, index=0): None
2920.9476 	DATA 	Keypress: 5
2920.9575 	EXP 	str_waitScanner: autoDraw = False
2920.9575 	EXP 	str_waitScanner: autoDraw = True
2921.7449 	EXP 	New trial (rep=4, index=0): None
2921.7466 	DATA 	Keypress: 5
2921.7575 	EXP 	str_waitScanner: autoDraw = False
2921.7575 	EXP 	str_waitScanner: autoDraw = True
2922.5459 	DATA 	Keypress: 5
2922.5572 	EXP 	str_waitScanner: autoDraw = False
2922.5572 	EXP 	str_fixRest: autoDraw = True
2923.3447 	DATA 	Keypress: 5
2924.1427 	DATA 	Keypress: 5
2924.9427 	DATA 	Keypress: 5
2925.7427 	DATA 	Keypress: 5
2926.5438 	DATA 	Keypress: 5
2927.3498 	DATA 	Keypress: 5
2928.1410 	DATA 	Keypress: 5
2928.9439 	DATA 	Keypress: 5
2929.7429 	DATA 	Keypress: 5
2930.5409 	DATA 	Keypress: 5
2931.3399 	DATA 	Keypress: 5
2932.1431 	DATA 	Keypress: 5
2932.9431 	DATA 	Keypress: 5
2933.7401 	DATA 	Keypress: 5
2934.0462 	EXP 	str_bangRest: autoDraw = True
2934.0652 	EXP 	str_fixRest: autoDraw = False
2934.5474 	EXP 	Imported chooseTrialOrderFile.xlsx as conditions, 12 conditions, 1 params
2934.5477 	EXP 	Created sequence: sequential, trialTypes=12, nReps=1, seed=None
2934.5480 	EXP 	New trial (rep=0, index=0): {'trialOrderFile': 'scan_order1.xlsx'}
2934.5536 	EXP 	Imported scan_order1.xlsx as conditions, 8 conditions, 4 params
2934.5538 	EXP 	Created sequence: sequential, trialTypes=8, nReps=1, seed=None
2934.5540 	EXP 	New trial (rep=0, index=0): {'im_fName': 'cl001.jpg', 'key_correct': 2, 'im_type': 'scene', 'im_familiarity': 'familiar'}
2934.5911 	DATA 	Keypress: 5
2934.5992 	EXP 	str_bangRest: autoDraw = False
2934.5992 	EXP 	str_fixRest: autoDraw = False
2934.5992 	EXP 	str_bangRest: autoDraw = False
2934.5992 	EXP 	im_trialImage: size = array([0.8       , 0.94814815])
2934.5992 	EXP 	im_trialImage: image = 'cl001.jpg'
2934.5992 	EXP 	im_trialImage: autoDraw = True
2935.3397 	DATA 	Keypress: 5
2935.5067 	DATA 	Keypress: 2
2936.1397 	DATA 	Keypress: 5
2936.5555 	EXP 	im_trialImage: autoDraw = False
2936.5555 	EXP 	str_fixITI: autoDraw = True
2936.9413 	DATA 	Keypress: 5
2937.0491 	EXP 	New trial (rep=0, index=1): {'im_fName': 'cl002.jpg', 'key_correct': 1, 'im_type': 'animal', 'im_familiarity': 'familiar'}
2937.0957 	EXP 	str_fixITI: autoDraw = False
2937.0957 	EXP 	im_trialImage: size = array([0.79583333, 0.94259259])
2937.0957 	EXP 	im_trialImage: image = 'cl002.jpg'
2937.0957 	EXP 	im_trialImage: autoDraw = True
2937.7478 	DATA 	Keypress: 5
2937.7479 	DATA 	Keypress: 1
2938.5488 	DATA 	Keypress: 5
2939.0548 	EXP 	im_trialImage: autoDraw = False
2939.0548 	EXP 	str_fixITI: autoDraw = True
2939.3494 	DATA 	Keypress: 5
2939.5471 	EXP 	New trial (rep=0, index=2): {'im_fName': 'cl003.jpg', 'key_correct': 2, 'im_type': 'scene', 'im_familiarity': 'familiar'}
2939.5889 	EXP 	str_fixITI: autoDraw = False
2939.5889 	EXP 	im_trialImage: size = array([0.8       , 0.94814815])
2939.5889 	EXP 	im_trialImage: image = 'cl003.jpg'
2939.5889 	EXP 	im_trialImage: autoDraw = True
2940.1488 	DATA 	Keypress: 5
2940.2818 	DATA 	Keypress: 2
2940.9489 	DATA 	Keypress: 5
2941.5540 	EXP 	im_trialImage: autoDraw = False
2941.5540 	EXP 	str_fixITI: autoDraw = True
2941.7495 	DATA 	Keypress: 5
2942.0472 	EXP 	New trial (rep=0, index=3): {'im_fName': 'cl004.jpg', 'key_correct': 1, 'im_type': 'animal', 'im_familiarity': 'familiar'}
2942.0861 	EXP 	str_fixITI: autoDraw = False
2942.0861 	EXP 	im_trialImage: size = array([0.79583333, 0.94259259])
2942.0861 	EXP 	im_trialImage: image = 'cl004.jpg'
2942.0861 	EXP 	im_trialImage: autoDraw = True
2942.5460 	DATA 	Keypress: 5
2942.6570 	DATA 	Keypress: 1
2943.3500 	DATA 	Keypress: 5
2944.0540 	EXP 	im_trialImage: autoDraw = False
2944.0540 	EXP 	str_fixITI: autoDraw = True
2944.1455 	DATA 	Keypress: 5
2944.5453 	EXP 	New trial (rep=0, index=4): {'im_fName': 'cl005.jpg', 'key_correct': 2, 'im_type': 'scene', 'im_familiarity': 'familiar'}
2944.5943 	EXP 	str_fixITI: autoDraw = False
2944.5943 	EXP 	im_trialImage: size = array([0.8       , 0.94814815])
2944.5943 	EXP 	im_trialImage: image = 'cl005.jpg'
2944.5943 	EXP 	im_trialImage: autoDraw = True
2944.9410 	DATA 	Keypress: 5
2945.2070 	DATA 	Keypress: 2
2945.7411 	DATA 	Keypress: 5
2946.5451 	DATA 	Keypress: 5
2946.5625 	EXP 	im_trialImage: autoDraw = False
2946.5625 	EXP 	str_fixITI: autoDraw = True
2947.0519 	EXP 	New trial (rep=0, index=5): {'im_fName': 'cl006.jpg', 'key_correct': 2, 'im_type': 'scene', 'im_familiarity': 'familiar'}
2947.0929 	EXP 	str_fixITI: autoDraw = False
2947.0929 	EXP 	im_trialImage: size = array([0.8       , 0.94814815])
2947.0929 	EXP 	im_trialImage: image = 'cl006.jpg'
2947.0929 	EXP 	im_trialImage: autoDraw = True
2947.3540 	DATA 	Keypress: 5
2948.1472 	DATA 	Keypress: 5
2948.1473 	DATA 	Keypress: 1
2948.9382 	DATA 	Keypress: 2
2948.9482 	DATA 	Keypress: 5
2949.0593 	EXP 	im_trialImage: autoDraw = False
2949.0593 	EXP 	str_fixITI: autoDraw = True
2949.5454 	EXP 	New trial (rep=0, index=6): {'im_fName': 'cl007.jpg', 'key_correct': 1, 'im_type': 'animal', 'im_familiarity': 'familiar'}
2949.5929 	EXP 	str_fixITI: autoDraw = False
2949.5929 	EXP 	im_trialImage: size = array([0.79583333, 0.94259259])
2949.5929 	EXP 	im_trialImage: image = 'cl007.jpg'
2949.5929 	EXP 	im_trialImage: autoDraw = True
2949.7533 	DATA 	Keypress: 5
2950.5533 	DATA 	Keypress: 5
2951.3134 	DATA 	Keypress: 1
2951.3473 	DATA 	Keypress: 5
2951.5605 	EXP 	im_trialImage: autoDraw = False
2951.5605 	EXP 	str_fixITI: autoDraw = True
2952.0446 	EXP 	New trial (rep=0, index=7): {'im_fName': 'cl008.jpg', 'key_correct': 1, 'im_type': 'animal', 'im_familiarity': 'familiar'}
2952.1002 	EXP 	str_fixITI: autoDraw = False
2952.1002 	EXP 	im_trialImage: size = array([0.79583333, 0.94259259])
2952.1002 	EXP 	im_trialImage: image = 'cl008.jpg'
2952.1002 	EXP 	im_trialImage: autoDraw = True
2952.1484 	DATA 	Keypress: 5
2952.9474 	DATA 	Keypress: 5
2953.4805 	DATA 	Keypress: 1
2953.7475 	DATA 	Keypress: 5
2954.0581 	EXP 	im_trialImage: autoDraw = False
2954.0581 	EXP 	str_fixITI: autoDraw = True
2954.5470 	DATA 	Keypress: 5
2954.5579 	EXP 	str_fixITI: autoDraw = False
2954.5579 	EXP 	str_fixRest: autoDraw = True
2955.3461 	DATA 	Keypress: 5
2956.1431 	DATA 	Keypress: 5
2956.9432 	DATA 	Keypress: 5
2957.7511 	DATA 	Keypress: 5
2958.5452 	DATA 	Keypress: 5
2959.3422 	DATA 	Keypress: 5
2960.1422 	DATA 	Keypress: 5
2960.9503 	DATA 	Keypress: 5
2961.7423 	DATA 	Keypress: 5
2962.5413 	DATA 	Keypress: 5
2963.3434 	DATA 	Keypress: 5
2964.1494 	DATA 	Keypress: 5
2964.9426 	DATA 	Keypress: 5
2965.7435 	DATA 	Keypress: 5
2966.0413 	EXP 	str_bangRest: autoDraw = True
2966.0646 	EXP 	str_fixRest: autoDraw = False
2966.5401 	EXP 	New trial (rep=0, index=1): {'trialOrderFile': 'scan_order2.xlsx'}
2966.5468 	EXP 	Imported scan_order2.xlsx as conditions, 8 conditions, 4 params
2966.5470 	EXP 	Created sequence: sequential, trialTypes=8, nReps=1, seed=None
2966.5472 	EXP 	New trial (rep=0, index=0): {'im_fName': 'cl009.jpg', 'key_correct': 2, 'im_type': 'scene', 'im_familiarity': 'novel'}
2966.6001 	DATA 	Keypress: 5
2966.6079 	EXP 	str_bangRest: autoDraw = False
2966.6079 	EXP 	str_fixRest: autoDraw = False
2966.6079 	EXP 	str_bangRest: autoDraw = False
2966.6079 	EXP 	im_trialImage: size = array([0.8       , 0.94814815])
2966.6079 	EXP 	im_trialImage: image = 'cl009.jpg'
2966.6079 	EXP 	im_trialImage: autoDraw = True
2967.3441 	DATA 	Keypress: 5
2968.1441 	DATA 	Keypress: 5
2968.2671 	DATA 	Keypress: 2
2968.5629 	EXP 	im_trialImage: autoDraw = False
2968.5629 	EXP 	str_fixITI: autoDraw = True
2968.9427 	DATA 	Keypress: 5
2969.0551 	EXP 	New trial (rep=0, index=1): {'im_fName': 'cl010.jpg', 'key_correct': 1, 'im_type': 'animal', 'im_familiarity': 'novel'}
2969.1049 	EXP 	str_fixITI: autoDraw = False
2969.1049 	EXP 	im_trialImage: size = array([0.79583333, 0.94259259])
2969.1049 	EXP 	im_trialImage: image = 'cl010.jpg'
2969.1049 	EXP 	im_trialImage: autoDraw = True
2969.7422 	DATA 	Keypress: 5
2969.9232 	DATA 	Keypress: 1
2970.5432 	DATA 	Keypress: 5
2971.0551 	EXP 	im_trialImage: autoDraw = False
2971.0551 	EXP 	str_fixITI: autoDraw = True
2971.3417 	DATA 	Keypress: 5
2971.5495 	EXP 	New trial (rep=0, index=2): {'im_fName': 'cl011.jpg', 'key_correct': 1, 'im_type': 'animal', 'im_familiarity': 'novel'}
2971.5961 	EXP 	str_fixITI: autoDraw = False
2971.5961 	EXP 	im_trialImage: size = array([0.79583333, 0.94259259])
2971.5961 	EXP 	im_trialImage: image = 'cl011.jpg'
2971.5961 	EXP 	im_trialImage: autoDraw = True
2972.1433 	DATA 	Keypress: 5
2972.2563 	DATA 	Keypress: 1
2972.9413 	DATA 	Keypress: 5
2973.5618 	EXP 	im_trialImage: autoDraw = False
2973.5618 	EXP 	str_fixITI: autoDraw = True
2973.7478 	DATA 	Keypress: 5
2974.0465 	EXP 	New trial (rep=0, index=3): {'im_fName': 'cl012.jpg', 'key_correct': 1, 'im_type': 'animal', 'im_familiarity': 'novel'}
2974.0867 	EXP 	str_fixITI: autoDraw = False
2974.0867 	EXP 	im_trialImage: size = array([0.79583333, 0.94259259])
2974.0867 	EXP 	im_trialImage: image = 'cl012.jpg'
2974.0867 	EXP 	im_trialImage: autoDraw = True
2974.5474 	DATA 	Keypress: 5
2975.0054 	DATA 	Keypress: 1
2975.3484 	DATA 	Keypress: 5
2976.0535 	EXP 	im_trialImage: autoDraw = False
2976.0535 	EXP 	str_fixITI: autoDraw = True
2976.1490 	DATA 	Keypress: 5
2976.5532 	EXP 	New trial (rep=0, index=4): {'im_fName': 'cl013.jpg', 'key_correct': 2, 'im_type': 'scene', 'im_familiarity': 'novel'}
2976.5956 	EXP 	str_fixITI: autoDraw = False
2976.5956 	EXP 	im_trialImage: size = array([0.8       , 0.94814815])
2976.5956 	EXP 	im_trialImage: image = 'cl013.jpg'
2976.5956 	EXP 	im_trialImage: autoDraw = True
2976.9465 	DATA 	Keypress: 5
2977.4295 	DATA 	Keypress: 2
2977.7495 	DATA 	Keypress: 5
2978.5490 	DATA 	Keypress: 5
2978.5606 	EXP 	im_trialImage: autoDraw = False
2978.5606 	EXP 	str_fixITI: autoDraw = True
2979.0528 	EXP 	New trial (rep=0, index=5): {'im_fName': 'cl014.jpg', 'key_correct': 1, 'im_type': 'animal', 'im_familiarity': 'novel'}
2979.0941 	EXP 	str_fixITI: autoDraw = False
2979.0941 	EXP 	im_trialImage: size = array([0.79583333, 0.94259259])
2979.0941 	EXP 	im_trialImage: image = 'cl014.jpg'
2979.0941 	EXP 	im_trialImage: autoDraw = True
2979.3496 	DATA 	Keypress: 5
2979.9056 	DATA 	Keypress: 1
2980.1496 	DATA 	Keypress: 5
2980.9407 	DATA 	Keypress: 5
2981.0609 	EXP 	im_trialImage: autoDraw = False
2981.0609 	EXP 	str_fixITI: autoDraw = True
2981.5522 	EXP 	New trial (rep=0, index=6): {'im_fName': 'cl015.jpg', 'key_correct': 2, 'im_type': 'scene', 'im_familiarity': 'novel'}
2981.6853 	EXP 	str_fixITI: autoDraw = False
2981.6853 	EXP 	im_trialImage: size = array([0.8       , 0.94814815])
2981.6853 	EXP 	im_trialImage: image = 'cl015.jpg'
2981.6853 	EXP 	im_trialImage: autoDraw = True
2981.7455 	DATA 	Keypress: 5
2982.4737 	DATA 	Keypress: 2
2982.5407 	DATA 	Keypress: 5
2983.3448 	DATA 	Keypress: 5
2983.5608 	EXP 	im_trialImage: autoDraw = False
2983.5608 	EXP 	str_fixITI: autoDraw = True
2984.0530 	EXP 	New trial (rep=0, index=7): {'im_fName': 'cl016.jpg', 'key_correct': 2, 'im_type': 'scene', 'im_familiarity': 'novel'}
2984.0925 	EXP 	str_fixITI: autoDraw = False
2984.0925 	EXP 	im_trialImage: size = array([0.8       , 0.94814815])
2984.0925 	EXP 	im_trialImage: image = 'cl016.jpg'
2984.0925 	EXP 	im_trialImage: autoDraw = True
2984.1528 	DATA 	Keypress: 5
2984.9478 	DATA 	Keypress: 5
2985.3278 	DATA 	Keypress: 2
2985.7449 	DATA 	Keypress: 5
2986.0670 	EXP 	im_trialImage: autoDraw = False
2986.0670 	EXP 	str_fixITI: autoDraw = True
2986.5524 	DATA 	Keypress: 5
2986.5596 	EXP 	str_fixITI: autoDraw = False
2986.5596 	EXP 	str_fixRest: autoDraw = True
2987.3446 	DATA 	Keypress: 5
2988.1445 	DATA 	Keypress: 5
2988.9435 	DATA 	Keypress: 5
2989.7446 	DATA 	Keypress: 5
2990.5516 	DATA 	Keypress: 5
2991.3457 	DATA 	Keypress: 5
2992.1427 	DATA 	Keypress: 5
2992.9447 	DATA 	Keypress: 5
2993.7429 	DATA 	Keypress: 5
2994.5428 	DATA 	Keypress: 5
2995.3449 	DATA 	Keypress: 5
2996.1449 	DATA 	Keypress: 5
2996.9536 	DATA 	Keypress: 5
2997.7501 	DATA 	Keypress: 5
2998.0428 	EXP 	str_bangRest: autoDraw = True
2998.0649 	EXP 	str_fixRest: autoDraw = False
2998.5343 	EXP 	New trial (rep=0, index=2): {'trialOrderFile': 'scan_order3.xlsx'}
2998.5427 	EXP 	Imported scan_order3.xlsx as conditions, 8 conditions, 4 params
2998.5430 	EXP 	Created sequence: sequential, trialTypes=8, nReps=1, seed=None
2998.5432 	EXP 	New trial (rep=0, index=0): {'im_fName': 'cl017.jpg', 'key_correct': 2, 'im_type': 'scene', 'im_familiarity': 'familiar'}
2998.5825 	DATA 	Keypress: 5
2998.5906 	EXP 	str_bangRest: autoDraw = False
2998.5906 	EXP 	str_fixRest: autoDraw = False
2998.5906 	EXP 	str_bangRest: autoDraw = False
2998.5906 	EXP 	im_trialImage: size = array([0.8       , 0.94814815])
2998.5906 	EXP 	im_trialImage: image = 'cl017.jpg'
2998.5906 	EXP 	im_trialImage: autoDraw = True
2999.3495 	DATA 	Keypress: 5
3000.0775 	DATA 	Keypress: 2
3000.1445 	DATA 	Keypress: 5
3000.5646 	EXP 	im_trialImage: autoDraw = False
3000.5646 	EXP 	str_fixITI: autoDraw = True
3000.9421 	DATA 	Keypress: 5
3001.0501 	EXP 	New trial (rep=0, index=1): {'im_fName': 'cl018.jpg', 'key_correct': 1, 'im_type': 'animal', 'im_familiarity': 'familiar'}
3001.1055 	EXP 	str_fixITI: autoDraw = False
3001.1055 	EXP 	im_trialImage: size = array([0.79583333, 0.94259259])
3001.1055 	EXP 	im_trialImage: image = 'cl018.jpg'
3001.1055 	EXP 	im_trialImage: autoDraw = True
3001.7426 	DATA 	Keypress: 5
3001.8576 	DATA 	Keypress: 1
3002.5436 	DATA 	Keypress: 5
3003.0630 	EXP 	im_trialImage: autoDraw = False
3003.0630 	EXP 	str_fixITI: autoDraw = True
3003.3492 	DATA 	Keypress: 5
3003.5478 	EXP 	New trial (rep=0, index=2): {'im_fName': 'cl019.jpg', 'key_correct': 1, 'im_type': 'animal', 'im_familiarity': 'familiar'}
3003.5714 	EXP 	str_fixITI: autoDraw = False
3003.5714 	EXP 	im_trialImage: size = array([0.79583333, 0.94259259])
3003.5714 	EXP 	im_trialImage: image = 'cl019.jpg'
3003.5714 	EXP 	im_trialImage: autoDraw = True
3004.1497 	DATA 	Keypress: 5
3004.8587 	DATA 	Keypress: 1
3004.9497 	DATA 	Keypress: 5
3005.5549 	EXP 	im_trialImage: autoDraw = False
3005.5549 	EXP 	str_fixITI: autoDraw = True
3005.7473 	DATA 	Keypress: 5
3006.0487 	EXP 	New trial (rep=0, index=3): {'im_fName': 'cl020.jpg', 'key_correct': 2, 'im_type': 'scene', 'im_familiarity': 'familiar'}
3006.0978 	EXP 	str_fixITI: autoDraw = False
3006.0978 	EXP 	im_trialImage: size = array([0.8       , 0.94814815])
3006.0978 	EXP 	im_trialImage: image = 'cl020.jpg'
3006.0978 	EXP 	im_trialImage: autoDraw = True
3006.5408 	DATA 	Keypress: 5
3006.9648 	DATA 	Keypress: 2
3007.3409 	DATA 	Keypress: 5
3008.0548 	EXP 	im_trialImage: autoDraw = False
3008.0548 	EXP 	str_fixITI: autoDraw = True
3008.1483 	DATA 	Keypress: 5
3008.5470 	EXP 	New trial (rep=0, index=4): {'im_fName': 'cl021.jpg', 'key_correct': 2, 'im_type': 'scene', 'im_familiarity': 'familiar'}
3008.5867 	EXP 	str_fixITI: autoDraw = False
3008.5867 	EXP 	im_trialImage: size = array([0.8       , 0.94814815])
3008.5867 	EXP 	im_trialImage: image = 'cl021.jpg'
3008.5867 	EXP 	im_trialImage: autoDraw = True
3008.9469 	DATA 	Keypress: 5
3009.3239 	DATA 	Keypress: 2
3009.7469 	DATA 	Keypress: 5
3010.5420 	DATA 	Keypress: 5
3010.5623 	EXP 	im_trialImage: autoDraw = False
3010.5623 	EXP 	str_fixITI: autoDraw = True
3011.0473 	EXP 	New trial (rep=0, index=5): {'im_fName': 'cl022.jpg', 'key_correct': 2, 'im_type': 'scene', 'im_familiarity': 'familiar'}
3011.1138 	EXP 	str_fixITI: autoDraw = False
3011.1138 	EXP 	im_trialImage: size = array([0.8       , 0.94814815])
3011.1138 	EXP 	im_trialImage: image = 'cl022.jpg'
3011.1138 	EXP 	im_trialImage: autoDraw = True
3011.3470 	DATA 	Keypress: 5
3011.8579 	DATA 	Keypress: 2
3012.1480 	DATA 	Keypress: 5
3012.9461 	DATA 	Keypress: 5
3013.0533 	EXP 	im_trialImage: autoDraw = False
3013.0533 	EXP 	str_fixITI: autoDraw = True
3013.5474 	EXP 	New trial (rep=0, index=6): {'im_fName': 'cl023.jpg', 'key_correct': 1, 'im_type': 'animal', 'im_familiarity': 'familiar'}
3013.6025 	EXP 	str_fixITI: autoDraw = False
3013.6025 	EXP 	im_trialImage: size = array([0.79583333, 0.94259259])
3013.6025 	EXP 	im_trialImage: image = 'cl023.jpg'
3013.6025 	EXP 	im_trialImage: autoDraw = True
3013.7541 	DATA 	Keypress: 5
3014.1881 	DATA 	Keypress: 1
3014.5412 	DATA 	Keypress: 5
3015.3472 	DATA 	Keypress: 5
3015.5532 	EXP 	im_trialImage: autoDraw = False
3015.5532 	EXP 	str_fixITI: autoDraw = True
3016.0521 	EXP 	New trial (rep=0, index=7): {'im_fName': 'cl024.jpg', 'key_correct': 1, 'im_type': 'animal', 'im_familiarity': 'familiar'}
3016.1015 	EXP 	str_fixITI: autoDraw = False
3016.1015 	EXP 	im_trialImage: size = array([0.79583333, 0.94259259])
3016.1015 	EXP 	im_trialImage: image = 'cl024.jpg'
3016.1015 	EXP 	im_trialImage: autoDraw = True
3016.1542 	DATA 	Keypress: 5
3016.7791 	DATA 	Keypress: 1
3016.9472 	DATA 	Keypress: 5
3017.7483 	DATA 	Keypress: 5
3018.0594 	EXP 	im_trialImage: autoDraw = False
3018.0594 	EXP 	str_fixITI: autoDraw = True
3018.5457 	DATA 	Keypress: 5
3018.5529 	EXP 	str_fixITI: autoDraw = False
3018.5529 	EXP 	str_fixRest: autoDraw = True
3019.3469 	DATA 	Keypress: 5
3020.1456 	DATA 	Keypress: 5
3020.9451 	DATA 	Keypress: 5
3021.7460 	DATA 	Keypress: 5
3022.5440 	DATA 	Keypress: 5
3023.3521 	DATA 	Keypress: 5
3024.1441 	DATA 	Keypress: 5
3024.9441 	DATA 	Keypress: 5
3025.7452 	DATA 	Keypress: 5
3026.5442 	DATA 	Keypress: 5
3027.3443 	DATA 	Keypress: 5
3028.1434 	DATA 	Keypress: 5
3028.9423 	DATA 	Keypress: 5
3029.7503 	DATA 	Keypress: 5
3030.0421 	EXP 	str_bangRest: autoDraw = True
3030.0656 	EXP 	str_fixRest: autoDraw = False
3030.5348 	EXP 	New trial (rep=0, index=3): {'trialOrderFile': 'scan_order4.xlsx'}
3030.5415 	EXP 	Imported scan_order4.xlsx as conditions, 8 conditions, 4 params
3030.5418 	EXP 	Created sequence: sequential, trialTypes=8, nReps=1, seed=None
3030.5420 	EXP 	New trial (rep=0, index=0): {'im_fName': 'cl025.jpg', 'key_correct': 1, 'im_type': 'animal', 'im_familiarity': 'novel'}
3030.5779 	DATA 	Keypress: 5
3030.5901 	EXP 	str_bangRest: autoDraw = False
3030.5901 	EXP 	str_fixRest: autoDraw = False
3030.5901 	EXP 	str_bangRest: autoDraw = False
3030.5901 	EXP 	im_trialImage: size = array([0.8       , 0.94814815])
3030.5901 	EXP 	im_trialImage: image = 'cl025.jpg'
3030.5901 	EXP 	im_trialImage: autoDraw = True
3031.3439 	DATA 	Keypress: 5
3031.6099 	DATA 	Keypress: 1
3032.1419 	DATA 	Keypress: 5
3032.5643 	EXP 	im_trialImage: autoDraw = False
3032.5643 	EXP 	str_fixITI: autoDraw = True
3032.9415 	DATA 	Keypress: 5
3033.0494 	EXP 	New trial (rep=0, index=1): {'im_fName': 'cl026.jpg', 'key_correct': 1, 'im_type': 'animal', 'im_familiarity': 'novel'}
3033.0845 	EXP 	str_fixITI: autoDraw = False
3033.0845 	EXP 	im_trialImage: size = array([0.8       , 0.94814815])
3033.0845 	EXP 	im_trialImage: image = 'cl026.jpg'
3033.0845 	EXP 	im_trialImage: autoDraw = True
3033.7410 	DATA 	Keypress: 5
3034.3530 	DATA 	Keypress: 1
3034.5410 	DATA 	Keypress: 5
3035.0563 	EXP 	im_trialImage: autoDraw = False
3035.0563 	EXP 	str_fixITI: autoDraw = True
3035.3436 	DATA 	Keypress: 5
3035.5558 	EXP 	New trial (rep=0, index=2): {'im_fName': 'cl027.jpg', 'key_correct': 2, 'im_type': 'scene', 'im_familiarity': 'novel'}
3035.5970 	EXP 	str_fixITI: autoDraw = False
3035.5970 	EXP 	im_trialImage: size = array([0.8       , 0.94814815])
3035.5970 	EXP 	im_trialImage: image = 'cl027.jpg'
3035.5970 	EXP 	im_trialImage: autoDraw = True
3036.1411 	DATA 	Keypress: 5
3036.2741 	DATA 	Keypress: 2
3036.9491 	DATA 	Keypress: 5
3037.5632 	EXP 	im_trialImage: autoDraw = False
3037.5632 	EXP 	str_fixITI: autoDraw = True
3037.7488 	DATA 	Keypress: 5
3038.0551 	EXP 	New trial (rep=0, index=3): {'im_fName': 'cl028.jpg', 'key_correct': 2, 'im_type': 'scene', 'im_familiarity': 'novel'}
3038.0821 	EXP 	str_fixITI: autoDraw = False
3038.0821 	EXP 	im_trialImage: size = array([0.8       , 0.94814815])
3038.0821 	EXP 	im_trialImage: image = 'cl028.jpg'
3038.0821 	EXP 	im_trialImage: autoDraw = True
3038.5502 	DATA 	Keypress: 5
3039.0482 	DATA 	Keypress: 2
3039.3432 	DATA 	Keypress: 5
3040.0634 	EXP 	im_trialImage: autoDraw = False
3040.0634 	EXP 	str_fixITI: autoDraw = True
3040.1419 	DATA 	Keypress: 5
3040.5480 	EXP 	New trial (rep=0, index=4): {'im_fName': 'cl029.jpg', 'key_correct': 2, 'im_type': 'scene', 'im_familiarity': 'novel'}
3040.5874 	EXP 	str_fixITI: autoDraw = False
3040.5874 	EXP 	im_trialImage: size = array([0.8       , 0.94814815])
3040.5874 	EXP 	im_trialImage: image = 'cl029.jpg'
3040.5874 	EXP 	im_trialImage: autoDraw = True
3040.9414 	DATA 	Keypress: 5
3041.7434 	DATA 	Keypress: 5
3041.9563 	DATA 	Keypress: 2
3042.5480 	DATA 	Keypress: 5
3042.5549 	EXP 	im_trialImage: autoDraw = False
3042.5549 	EXP 	str_fixITI: autoDraw = True
3043.0487 	EXP 	New trial (rep=0, index=5): {'im_fName': 'cl030.jpg', 'key_correct': 1, 'im_type': 'animal', 'im_familiarity': 'novel'}
3043.0805 	EXP 	str_fixITI: autoDraw = False
3043.0805 	EXP 	im_trialImage: size = array([0.8       , 0.94814815])
3043.0805 	EXP 	im_trialImage: image = 'cl030.jpg'
3043.0805 	EXP 	im_trialImage: autoDraw = True
3043.3494 	DATA 	Keypress: 5
3043.7644 	DATA 	Keypress: 1
3044.1405 	DATA 	Keypress: 5
3044.9485 	DATA 	Keypress: 5
3045.0544 	EXP 	im_trialImage: autoDraw = False
3045.0544 	EXP 	str_fixITI: autoDraw = True
3045.5534 	EXP 	New trial (rep=0, index=6): {'im_fName': 'cl031.jpg', 'key_correct': 2, 'im_type': 'scene', 'im_familiarity': 'novel'}
3045.5876 	EXP 	str_fixITI: autoDraw = False
3045.5876 	EXP 	im_trialImage: size = array([0.79479167, 0.94814815])
3045.5876 	EXP 	im_trialImage: image = 'cl031.jpg'
3045.5876 	EXP 	im_trialImage: autoDraw = True
3045.7465 	DATA 	Keypress: 5
3046.5416 	DATA 	Keypress: 5
3046.6796 	DATA 	Keypress: 2
3047.3486 	DATA 	Keypress: 5
3047.5608 	EXP 	im_trialImage: autoDraw = False
3047.5608 	EXP 	str_fixITI: autoDraw = True
3048.0460 	EXP 	New trial (rep=0, index=7): {'im_fName': 'cl032.jpg', 'key_correct': 1, 'im_type': 'animal', 'im_familiarity': 'novel'}
3048.0876 	EXP 	str_fixITI: autoDraw = False
3048.0876 	EXP 	im_trialImage: size = array([0.8       , 0.94814815])
3048.0876 	EXP 	im_trialImage: image = 'cl032.jpg'
3048.0876 	EXP 	im_trialImage: autoDraw = True
3048.1407 	DATA 	Keypress: 5
3048.9476 	DATA 	Keypress: 5
3049.0707 	DATA 	Keypress: 1
3049.7477 	DATA 	Keypress: 5
3050.0603 	EXP 	im_trialImage: autoDraw = False
3050.0603 	EXP 	str_fixITI: autoDraw = True
3050.5492 	DATA 	Keypress: 5
3050.5599 	EXP 	str_fixITI: autoDraw = False
3050.5599 	EXP 	str_fixRest: autoDraw = True
3051.3473 	DATA 	Keypress: 5
3052.1533 	DATA 	Keypress: 5
3052.9442 	DATA 	Keypress: 5
3053.7442 	DATA 	Keypress: 5
3054.5475 	DATA 	Keypress: 5
3055.3445 	DATA 	Keypress: 5
3056.1455 	DATA 	Keypress: 5
3056.9456 	DATA 	Keypress: 5
3057.7515 	DATA 	Keypress: 5
3058.5457 	DATA 	Keypress: 5
3059.3516 	DATA 	Keypress: 5
3060.1517 	DATA 	Keypress: 5
3060.9507 	DATA 	Keypress: 5
3061.7448 	DATA 	Keypress: 5
3062.0437 	EXP 	str_bangRest: autoDraw = True
3062.0658 	EXP 	str_fixRest: autoDraw = False
3062.5442 	EXP 	New trial (rep=0, index=4): {'trialOrderFile': 'scan_order5.xlsx'}
3062.5507 	EXP 	Imported scan_order5.xlsx as conditions, 8 conditions, 4 params
3062.5509 	EXP 	Created sequence: sequential, trialTypes=8, nReps=1, seed=None
3062.5511 	EXP 	New trial (rep=0, index=0): {'im_fName': 'cl033.jpg', 'key_correct': 1, 'im_type': 'animal', 'im_familiarity': 'familiar'}
3062.5683 	DATA 	Keypress: 5
3062.5768 	EXP 	str_bangRest: autoDraw = False
3062.5768 	EXP 	str_fixRest: autoDraw = False
3062.5768 	EXP 	str_bangRest: autoDraw = False
3062.5768 	EXP 	im_trialImage: size = array([0.79583333, 0.94259259])
3062.5768 	EXP 	im_trialImage: image = 'cl033.jpg'
3062.5768 	EXP 	im_trialImage: autoDraw = True
3063.3463 	DATA 	Keypress: 5
3063.3923 	DATA 	Keypress: 1
3064.1503 	DATA 	Keypress: 5
3064.5650 	EXP 	im_trialImage: autoDraw = False
3064.5650 	EXP 	str_fixITI: autoDraw = True
3064.9449 	DATA 	Keypress: 5
3065.0519 	EXP 	New trial (rep=0, index=1): {'im_fName': 'cl034.jpg', 'key_correct': 1, 'im_type': 'animal', 'im_familiarity': 'familiar'}
3065.0733 	EXP 	str_fixITI: autoDraw = False
3065.0733 	EXP 	im_trialImage: size = array([0.79583333, 0.94259259])
3065.0733 	EXP 	im_trialImage: image = 'cl034.jpg'
3065.0733 	EXP 	im_trialImage: autoDraw = True
3065.7504 	DATA 	Keypress: 5
3066.5504 	DATA 	Keypress: 5
3066.7114 	DATA 	Keypress: 1
3067.0655 	EXP 	im_trialImage: autoDraw = False
3067.0655 	EXP 	str_fixITI: autoDraw = True
3067.3421 	DATA 	Keypress: 5
3067.5499 	EXP 	New trial (rep=0, index=2): {'im_fName': 'cl035.jpg', 'key_correct': 1, 'im_type': 'animal', 'im_familiarity': 'familiar'}
3067.5682 	EXP 	str_fixITI: autoDraw = False
3067.5682 	EXP 	im_trialImage: size = array([0.79583333, 0.94259259])
3067.5682 	EXP 	im_trialImage: image = 'cl035.jpg'
3067.5682 	EXP 	im_trialImage: autoDraw = True
3068.1435 	DATA 	Keypress: 5
3068.7995 	DATA 	Keypress: 1
3068.9435 	DATA 	Keypress: 5
3069.5575 	EXP 	im_trialImage: autoDraw = False
3069.5575 	EXP 	str_fixITI: autoDraw = True
3069.7431 	DATA 	Keypress: 5
3070.0475 	EXP 	New trial (rep=0, index=3): {'im_fName': 'cl036.jpg', 'key_correct': 2, 'im_type': 'scene', 'im_familiarity': 'familiar'}
3070.0816 	EXP 	str_fixITI: autoDraw = False
3070.0816 	EXP 	im_trialImage: size = array([0.8       , 0.94814815])
3070.0816 	EXP 	im_trialImage: image = 'cl036.jpg'
3070.0816 	EXP 	im_trialImage: autoDraw = True
3070.5496 	DATA 	Keypress: 5
3071.3186 	DATA 	Keypress: 2
3071.3426 	DATA 	Keypress: 5
3072.0636 	EXP 	im_trialImage: autoDraw = False
3072.0636 	EXP 	str_fixITI: autoDraw = True
3072.1493 	DATA 	Keypress: 5
3072.5479 	EXP 	New trial (rep=0, index=4): {'im_fName': 'cl037.jpg', 'key_correct': 1, 'im_type': 'animal', 'im_familiarity': 'familiar'}
3072.5719 	EXP 	str_fixITI: autoDraw = False
3072.5719 	EXP 	im_trialImage: size = array([0.79583333, 0.94259259])
3072.5719 	EXP 	im_trialImage: image = 'cl037.jpg'
3072.5719 	EXP 	im_trialImage: autoDraw = True
3072.9487 	DATA 	Keypress: 5
3073.5998 	DATA 	Keypress: 1
3073.7438 	DATA 	Keypress: 5
3074.5483 	DATA 	Keypress: 5
3074.5550 	EXP 	im_trialImage: autoDraw = False
3074.5550 	EXP 	str_fixITI: autoDraw = True
3075.0547 	EXP 	New trial (rep=0, index=5): {'im_fName': 'cl038.jpg', 'key_correct': 2, 'im_type': 'scene', 'im_familiarity': 'familiar'}
3075.0989 	EXP 	str_fixITI: autoDraw = False
3075.0989 	EXP 	im_trialImage: size = array([0.8       , 0.94814815])
3075.0989 	EXP 	im_trialImage: image = 'cl038.jpg'
3075.0989 	EXP 	im_trialImage: autoDraw = True
3075.3478 	DATA 	Keypress: 5
3076.1479 	DATA 	Keypress: 5
3076.3809 	DATA 	Keypress: 2
3076.9489 	DATA 	Keypress: 5
3077.0560 	EXP 	im_trialImage: autoDraw = False
3077.0560 	EXP 	str_fixITI: autoDraw = True
3077.5457 	EXP 	New trial (rep=0, index=6): {'im_fName': 'cl039.jpg', 'key_correct': 2, 'im_type': 'scene', 'im_familiarity': 'familiar'}
3077.5702 	EXP 	str_fixITI: autoDraw = False
3077.5702 	EXP 	im_trialImage: size = array([0.8       , 0.94814815])
3077.5702 	EXP 	im_trialImage: image = 'cl039.jpg'
3077.5702 	EXP 	im_trialImage: autoDraw = True
3077.7489 	DATA 	Keypress: 5
3078.5410 	DATA 	Keypress: 5
3078.5740 	DATA 	Keypress: 2
3079.3490 	DATA 	Keypress: 5
3079.5550 	EXP 	im_trialImage: autoDraw = False
3079.5550 	EXP 	str_fixITI: autoDraw = True
3080.0463 	EXP 	New trial (rep=0, index=7): {'im_fName': 'cl040.jpg', 'key_correct': 2, 'im_type': 'scene', 'im_familiarity': 'familiar'}
3080.0898 	EXP 	str_fixITI: autoDraw = False
3080.0898 	EXP 	im_trialImage: size = array([0.8       , 0.94814815])
3080.0898 	EXP 	im_trialImage: image = 'cl040.jpg'
3080.0898 	EXP 	im_trialImage: autoDraw = True
3080.1490 	DATA 	Keypress: 5
3080.9481 	DATA 	Keypress: 5
3081.2301 	DATA 	Keypress: 2
3081.7481 	DATA 	Keypress: 5
3082.0541 	EXP 	im_trialImage: autoDraw = False
3082.0541 	EXP 	str_fixITI: autoDraw = True
3082.5546 	DATA 	Keypress: 5
3082.5621 	EXP 	str_fixITI: autoDraw = False
3082.5621 	EXP 	str_fixRest: autoDraw = True
3083.3457 	DATA 	Keypress: 5
3084.1458 	DATA 	Keypress: 5
3084.9478 	DATA 	Keypress: 5
3085.7469 	DATA 	Keypress: 5
3086.5468 	DATA 	Keypress: 5
3087.3460 	DATA 	Keypress: 5
3088.1470 	DATA 	Keypress: 5
3088.9530 	DATA 	Keypress: 5
3089.7470 	DATA 	Keypress: 5
3090.5451 	DATA 	Keypress: 5
3091.3440 	DATA 	Keypress: 5
3092.1461 	DATA 	Keypress: 5
3092.9522 	DATA 	Keypress: 5
3093.7442 	DATA 	Keypress: 5
3094.0520 	EXP 	str_bangRest: autoDraw = True
3094.0754 	EXP 	str_fixRest: autoDraw = False
3094.5436 	EXP 	New trial (rep=0, index=5): {'trialOrderFile': 'scan_order6.xlsx'}
3094.5503 	EXP 	Imported scan_order6.xlsx as conditions, 8 conditions, 4 params
3094.5505 	EXP 	Created sequence: sequential, trialTypes=8, nReps=1, seed=None
3094.5507 	EXP 	New trial (rep=0, index=0): {'im_fName': 'cl041.jpg', 'key_correct': 2, 'im_type': 'scene', 'im_familiarity': 'novel'}
3094.5907 	DATA 	Keypress: 5
3094.5996 	EXP 	str_bangRest: autoDraw = False
3094.5996 	EXP 	str_fixRest: autoDraw = False
3094.5996 	EXP 	str_bangRest: autoDraw = False
3094.5996 	EXP 	im_trialImage: size = array([0.8       , 0.94814815])
3094.5996 	EXP 	im_trialImage: image = 'cl041.jpg'
3094.5996 	EXP 	im_trialImage: autoDraw = True
3095.3517 	DATA 	Keypress: 5
3095.4047 	DATA 	Keypress: 2
3096.1467 	DATA 	Keypress: 5
3096.5575 	EXP 	im_trialImage: autoDraw = False
3096.5575 	EXP 	str_fixITI: autoDraw = True
3096.9513 	DATA 	Keypress: 5
3097.0578 	EXP 	New trial (rep=0, index=1): {'im_fName': 'cl042.jpg', 'key_correct': 2, 'im_type': 'scene', 'im_familiarity': 'novel'}
3097.1073 	EXP 	str_fixITI: autoDraw = False
3097.1073 	EXP 	im_trialImage: size = array([0.8       , 0.94814815])
3097.1073 	EXP 	im_trialImage: image = 'cl042.jpg'
3097.1073 	EXP 	im_trialImage: autoDraw = True
3097.7428 	DATA 	Keypress: 5
3098.5459 	DATA 	Keypress: 5
3098.5929 	DATA 	Keypress: 2
3099.0587 	EXP 	im_trialImage: autoDraw = False
3099.0587 	EXP 	str_fixITI: autoDraw = True
3099.3424 	DATA 	Keypress: 5
3099.5505 	EXP 	New trial (rep=0, index=2): {'im_fName': 'cl043.jpg', 'key_correct': 1, 'im_type': 'animal', 'im_familiarity': 'novel'}
3099.5750 	EXP 	str_fixITI: autoDraw = False
3099.5750 	EXP 	im_trialImage: size = array([0.79583333, 0.94259259])
3099.5750 	EXP 	im_trialImage: image = 'cl043.jpg'
3099.5750 	EXP 	im_trialImage: autoDraw = True
3100.1509 	DATA 	Keypress: 5
3100.9000 	DATA 	Keypress: 1
3100.9440 	DATA 	Keypress: 5
3101.5649 	EXP 	im_trialImage: autoDraw = False
3101.5649 	EXP 	str_fixITI: autoDraw = True
3101.7436 	DATA 	Keypress: 5
3102.0485 	EXP 	New trial (rep=0, index=3): {'im_fName': 'cl044.jpg', 'key_correct': 1, 'im_type': 'animal', 'im_familiarity': 'novel'}
3102.0730 	EXP 	str_fixITI: autoDraw = False
3102.0730 	EXP 	im_trialImage: size = array([0.79375  , 0.9462963])
3102.0730 	EXP 	im_trialImage: image = 'cl044.jpg'
3102.0730 	EXP 	im_trialImage: autoDraw = True
3102.5430 	DATA 	Keypress: 5
3103.3411 	DATA 	Keypress: 5
3104.0560 	EXP 	im_trialImage: autoDraw = False
3104.0560 	EXP 	str_fixITI: autoDraw = True
3104.1427 	DATA 	Keypress: 5
3104.5560 	EXP 	New trial (rep=0, index=4): {'im_fName': 'cl045.jpg', 'key_correct': 1, 'im_type': 'animal', 'im_familiarity': 'novel'}
3104.6071 	EXP 	str_fixITI: autoDraw = False
3104.6071 	EXP 	im_trialImage: size = array([0.8       , 0.94814815])
3104.6071 	EXP 	im_trialImage: image = 'cl045.jpg'
3104.6071 	EXP 	im_trialImage: autoDraw = True
3104.9431 	DATA 	Keypress: 5
3105.4861 	DATA 	Keypress: 1
3105.7441 	DATA 	Keypress: 5
3106.5432 	DATA 	Keypress: 5
3106.5644 	EXP 	im_trialImage: autoDraw = False
3106.5644 	EXP 	str_fixITI: autoDraw = True
3107.0496 	EXP 	New trial (rep=0, index=5): {'im_fName': 'cl046.jpg', 'key_correct': 2, 'im_type': 'scene', 'im_familiarity': 'novel'}
3107.0714 	EXP 	str_fixITI: autoDraw = False
3107.0714 	EXP 	im_trialImage: size = array([0.8       , 0.94814815])
3107.0714 	EXP 	im_trialImage: image = 'cl046.jpg'
3107.0714 	EXP 	im_trialImage: autoDraw = True
3107.3502 	DATA 	Keypress: 5
3107.9683 	DATA 	Keypress: 2
3108.1483 	DATA 	Keypress: 5
3108.9483 	DATA 	Keypress: 5
3109.0556 	EXP 	im_trialImage: autoDraw = False
3109.0556 	EXP 	str_fixITI: autoDraw = True
3109.5548 	EXP 	New trial (rep=0, index=6): {'im_fName': 'cl047.jpg', 'key_correct': 2, 'im_type': 'scene', 'im_familiarity': 'novel'}
3109.5741 	EXP 	str_fixITI: autoDraw = False
3109.5741 	EXP 	im_trialImage: size = array([0.8       , 0.94814815])
3109.5741 	EXP 	im_trialImage: image = 'cl047.jpg'
3109.5741 	EXP 	im_trialImage: autoDraw = True
3109.7484 	DATA 	Keypress: 5
3110.5424 	DATA 	Keypress: 5
3110.5894 	DATA 	Keypress: 2
3111.3415 	DATA 	Keypress: 5
3111.5565 	EXP 	im_trialImage: autoDraw = False
3111.5565 	EXP 	str_fixITI: autoDraw = True
3112.0542 	EXP 	New trial (rep=0, index=7): {'im_fName': 'cl048.jpg', 'key_correct': 1, 'im_type': 'animal', 'im_familiarity': 'novel'}
3112.0791 	EXP 	str_fixITI: autoDraw = False
3112.0791 	EXP 	im_trialImage: size = array([0.79583333, 0.94259259])
3112.0791 	EXP 	im_trialImage: image = 'cl048.jpg'
3112.0791 	EXP 	im_trialImage: autoDraw = True
3112.1414 	DATA 	Keypress: 5
3112.7895 	DATA 	Keypress: 1
3112.9425 	DATA 	Keypress: 5
3113.7406 	DATA 	Keypress: 5
3114.0616 	EXP 	im_trialImage: autoDraw = False
3114.0616 	EXP 	str_fixITI: autoDraw = True
3114.5470 	DATA 	Keypress: 5
3114.5544 	EXP 	str_fixITI: autoDraw = False
3114.5544 	EXP 	str_fixRest: autoDraw = True
3115.3412 	DATA 	Keypress: 5
3116.1479 	DATA 	Keypress: 5
3116.9505 	DATA 	Keypress: 5
3117.7483 	DATA 	Keypress: 5
3118.5453 	DATA 	Keypress: 5
3119.3543 	DATA 	Keypress: 5
3120.1464 	DATA 	Keypress: 5
3120.9465 	DATA 	Keypress: 5
3121.7464 	DATA 	Keypress: 5
3122.5465 	DATA 	Keypress: 5
3123.3456 	DATA 	Keypress: 5
3124.1445 	DATA 	Keypress: 5
3124.9446 	DATA 	Keypress: 5
3125.7456 	DATA 	Keypress: 5
3126.0440 	EXP 	str_bangRest: autoDraw = True
3126.0615 	EXP 	str_fixRest: autoDraw = False
3126.5370 	EXP 	New trial (rep=0, index=6): {'trialOrderFile': 'scan_order7.xlsx'}
3126.5439 	EXP 	Imported scan_order7.xlsx as conditions, 8 conditions, 4 params
3126.5442 	EXP 	Created sequence: sequential, trialTypes=8, nReps=1, seed=None
3126.5444 	EXP 	New trial (rep=0, index=0): {'im_fName': 'cl049.jpg', 'key_correct': 1, 'im_type': 'animal', 'im_familiarity': 'familiar'}
3126.5792 	DATA 	Keypress: 5
3126.5870 	EXP 	str_bangRest: autoDraw = False
3126.5870 	EXP 	str_fixRest: autoDraw = False
3126.5870 	EXP 	str_bangRest: autoDraw = False
3126.5870 	EXP 	im_trialImage: size = array([0.79583333, 0.94259259])
3126.5870 	EXP 	im_trialImage: image = 'cl049.jpg'
3126.5870 	EXP 	im_trialImage: autoDraw = True
3127.3471 	DATA 	Keypress: 5
3127.4041 	DATA 	Keypress: 1
3128.1441 	DATA 	Keypress: 5
3128.5664 	EXP 	im_trialImage: autoDraw = False
3128.5664 	EXP 	str_fixITI: autoDraw = True
3128.9517 	DATA 	Keypress: 5
3129.0503 	EXP 	New trial (rep=0, index=1): {'im_fName': 'cl050.jpg', 'key_correct': 1, 'im_type': 'animal', 'im_familiarity': 'familiar'}
3129.0686 	EXP 	str_fixITI: autoDraw = False
3129.0686 	EXP 	im_trialImage: size = array([0.79583333, 0.94259259])
3129.0686 	EXP 	im_trialImage: image = 'cl050.jpg'
3129.0686 	EXP 	im_trialImage: autoDraw = True
3129.6702 	DATA 	Keypress: 1
3129.7472 	DATA 	Keypress: 5
3130.5454 	DATA 	Keypress: 5
3131.0584 	EXP 	im_trialImage: autoDraw = False
3131.0584 	EXP 	str_fixITI: autoDraw = True
3131.3428 	DATA 	Keypress: 5
3131.5506 	EXP 	New trial (rep=0, index=2): {'im_fName': 'cl051.jpg', 'key_correct': 1, 'im_type': 'animal', 'im_familiarity': 'familiar'}
3131.6167 	EXP 	str_fixITI: autoDraw = False
3131.6167 	EXP 	im_trialImage: size = array([0.79583333, 0.94259259])
3131.6167 	EXP 	im_trialImage: image = 'cl051.jpg'
3131.6167 	EXP 	im_trialImage: autoDraw = True
3132.1435 	DATA 	Keypress: 5
3132.5674 	DATA 	Keypress: 1
3132.9444 	DATA 	Keypress: 5
3133.5596 	EXP 	im_trialImage: autoDraw = False
3133.5596 	EXP 	str_fixITI: autoDraw = True
3133.7430 	DATA 	Keypress: 5
3134.0508 	EXP 	New trial (rep=0, index=3): {'im_fName': 'cl052.jpg', 'key_correct': 2, 'im_type': 'scene', 'im_familiarity': 'familiar'}
3134.1072 	EXP 	str_fixITI: autoDraw = False
3134.1072 	EXP 	im_trialImage: size = array([0.8       , 0.94814815])
3134.1072 	EXP 	im_trialImage: image = 'cl052.jpg'
3134.1072 	EXP 	im_trialImage: autoDraw = True
3134.5504 	DATA 	Keypress: 5
3134.7704 	DATA 	Keypress: 2
3135.3505 	DATA 	Keypress: 5
3136.0581 	EXP 	im_trialImage: autoDraw = False
3136.0581 	EXP 	str_fixITI: autoDraw = True
3136.1441 	DATA 	Keypress: 5
3136.5483 	EXP 	New trial (rep=0, index=4): {'im_fName': 'cl053.jpg', 'key_correct': 2, 'im_type': 'scene', 'im_familiarity': 'familiar'}
3136.6258 	EXP 	str_fixITI: autoDraw = False
3136.6258 	EXP 	im_trialImage: size = array([0.8       , 0.94814815])
3136.6258 	EXP 	im_trialImage: image = 'cl053.jpg'
3136.6258 	EXP 	im_trialImage: autoDraw = True
3136.9506 	DATA 	Keypress: 5
3137.4166 	DATA 	Keypress: 2
3137.7436 	DATA 	Keypress: 5
3138.5446 	DATA 	Keypress: 5
3138.5646 	EXP 	im_trialImage: autoDraw = False
3138.5646 	EXP 	str_fixITI: autoDraw = True
3139.0488 	EXP 	New trial (rep=0, index=5): {'im_fName': 'cl054.jpg', 'key_correct': 2, 'im_type': 'scene', 'im_familiarity': 'familiar'}
3139.1004 	EXP 	str_fixITI: autoDraw = False
3139.1004 	EXP 	im_trialImage: size = array([0.8       , 0.94814815])
3139.1004 	EXP 	im_trialImage: image = 'cl054.jpg'
3139.1004 	EXP 	im_trialImage: autoDraw = True
3139.3497 	DATA 	Keypress: 5
3139.7907 	DATA 	Keypress: 2
3140.1427 	DATA 	Keypress: 5
3140.9507 	DATA 	Keypress: 5
3141.0569 	EXP 	im_trialImage: autoDraw = False
3141.0569 	EXP 	str_fixITI: autoDraw = True
3141.5484 	EXP 	New trial (rep=0, index=6): {'im_fName': 'cl055.jpg', 'key_correct': 1, 'im_type': 'animal', 'im_familiarity': 'familiar'}
3141.5721 	EXP 	str_fixITI: autoDraw = False
3141.5721 	EXP 	im_trialImage: size = array([0.79583333, 0.94259259])
3141.5721 	EXP 	im_trialImage: image = 'cl055.jpg'
3141.5721 	EXP 	im_trialImage: autoDraw = True
3141.7508 	DATA 	Keypress: 5
3142.5508 	DATA 	Keypress: 5
3142.5607 	DATA 	Keypress: 1
3143.3488 	DATA 	Keypress: 5
3143.5641 	EXP 	im_trialImage: autoDraw = False
3143.5641 	EXP 	str_fixITI: autoDraw = True
3144.0470 	EXP 	New trial (rep=0, index=7): {'im_fName': 'cl056.jpg', 'key_correct': 2, 'im_type': 'scene', 'im_familiarity': 'familiar'}
3144.0880 	EXP 	str_fixITI: autoDraw = False
3144.0880 	EXP 	im_trialImage: size = array([0.8       , 0.94814815])
3144.0880 	EXP 	im_trialImage: image = 'cl056.jpg'
3144.0880 	EXP 	im_trialImage: autoDraw = True
3144.1479 	DATA 	Keypress: 5
3144.9429 	DATA 	Keypress: 5
3145.7229 	DATA 	Keypress: 2
3145.7429 	DATA 	Keypress: 5
3146.0630 	EXP 	im_trialImage: autoDraw = False
3146.0630 	EXP 	str_fixITI: autoDraw = True
3146.5504 	DATA 	Keypress: 5
3146.5623 	EXP 	str_fixITI: autoDraw = False
3146.5623 	EXP 	str_fixRest: autoDraw = True
3147.3476 	DATA 	Keypress: 5
3148.1496 	DATA 	Keypress: 5
3148.9476 	DATA 	Keypress: 5
3149.7497 	DATA 	Keypress: 5
3150.5477 	DATA 	Keypress: 5
3151.3547 	DATA 	Keypress: 5
3152.1456 	DATA 	Keypress: 5
3152.9468 	DATA 	Keypress: 5
3153.7458 	DATA 	Keypress: 5
3154.5479 	DATA 	Keypress: 5
3155.3540 	DATA 	Keypress: 5
3156.1460 	DATA 	Keypress: 5
3156.9470 	DATA 	Keypress: 5
3157.7470 	DATA 	Keypress: 5
3158.0459 	EXP 	str_bangRest: autoDraw = True
3158.0677 	EXP 	str_fixRest: autoDraw = False
3158.5449 	EXP 	New trial (rep=0, index=7): {'trialOrderFile': 'scan_order8.xlsx'}
3158.5516 	EXP 	Imported scan_order8.xlsx as conditions, 8 conditions, 4 params
3158.5518 	EXP 	Created sequence: sequential, trialTypes=8, nReps=1, seed=None
3158.5520 	EXP 	New trial (rep=0, index=0): {'im_fName': 'cl057.jpg', 'key_correct': 2, 'im_type': 'scene', 'im_familiarity': 'novel'}
3158.5915 	DATA 	Keypress: 5
3158.6015 	EXP 	str_fixRest: autoDraw = False
3158.6015 	EXP 	str_bangRest: autoDraw = False
3158.6015 	EXP 	im_trialImage: size = array([0.79583333, 0.94259259])
3158.6015 	EXP 	im_trialImage: image = 'cl057.jpg'
3158.6015 	EXP 	im_trialImage: autoDraw = True
3159.3485 	DATA 	Keypress: 5
3159.5286 	DATA 	Keypress: 2
3160.1476 	DATA 	Keypress: 5
3160.5597 	EXP 	im_trialImage: autoDraw = False
3160.5597 	EXP 	str_fixITI: autoDraw = True
3160.9441 	DATA 	Keypress: 5
3161.0520 	EXP 	New trial (rep=0, index=1): {'im_fName': 'cl058.jpg', 'key_correct': 2, 'im_type': 'scene', 'im_familiarity': 'novel'}
3161.1089 	EXP 	str_fixITI: autoDraw = False
3161.1089 	EXP 	im_trialImage: size = array([0.8       , 0.94814815])
3161.1089 	EXP 	im_trialImage: image = 'cl058.jpg'
3161.1089 	EXP 	im_trialImage: autoDraw = True
3161.7446 	DATA 	Keypress: 5
3162.2207 	DATA 	Keypress: 2
3162.5527 	DATA 	Keypress: 5
3163.0598 	EXP 	im_trialImage: autoDraw = False
3163.0598 	EXP 	str_fixITI: autoDraw = True
3163.3463 	DATA 	Keypress: 5
3163.5515 	EXP 	New trial (rep=0, index=2): {'im_fName': 'cl059.jpg', 'key_correct': 1, 'im_type': 'animal', 'im_familiarity': 'novel'}
3163.5747 	EXP 	str_fixITI: autoDraw = False
3163.5747 	EXP 	im_trialImage: size = array([0.8       , 0.94814815])
3163.5747 	EXP 	im_trialImage: image = 'cl059.jpg'
3163.5747 	EXP 	im_trialImage: autoDraw = True
3164.1458 	DATA 	Keypress: 5
3164.9448 	DATA 	Keypress: 5
3165.2688 	DATA 	Keypress: 1
3165.5589 	EXP 	im_trialImage: autoDraw = False
3165.5589 	EXP 	str_fixITI: autoDraw = True
3165.7444 	DATA 	Keypress: 5
3166.0500 	EXP 	New trial (rep=0, index=3): {'im_fName': 'cl060.jpg', 'key_correct': 2, 'im_type': 'scene', 'im_familiarity': 'novel'}
3166.1102 	EXP 	str_fixITI: autoDraw = False
3166.1102 	EXP 	im_trialImage: size = array([0.79375   , 0.93888889])
3166.1102 	EXP 	im_trialImage: image = 'cl060.jpg'
3166.1102 	EXP 	im_trialImage: autoDraw = True
3166.5458 	DATA 	Keypress: 5
3166.7458 	DATA 	Keypress: 2
3167.3449 	DATA 	Keypress: 5
3168.0653 	EXP 	im_trialImage: autoDraw = False
3168.0653 	EXP 	str_fixITI: autoDraw = True
3168.1445 	DATA 	Keypress: 5
3168.5499 	EXP 	New trial (rep=0, index=4): {'im_fName': 'cl061.jpg', 'key_correct': 2, 'im_type': 'scene', 'im_familiarity': 'novel'}
3168.5822 	EXP 	str_fixITI: autoDraw = False
3168.5822 	EXP 	im_trialImage: size = array([0.8       , 0.94814815])
3168.5822 	EXP 	im_trialImage: image = 'cl061.jpg'
3168.5822 	EXP 	im_trialImage: autoDraw = True
3168.9440 	DATA 	Keypress: 5
3169.3520 	DATA 	Keypress: 2
3169.7440 	DATA 	Keypress: 5
3170.5505 	DATA 	Keypress: 5
3170.5572 	EXP 	im_trialImage: autoDraw = False
3170.5572 	EXP 	str_fixITI: autoDraw = True
3171.0493 	EXP 	New trial (rep=0, index=5): {'im_fName': 'cl062.jpg', 'key_correct': 1, 'im_type': 'animal', 'im_familiarity': 'novel'}
3171.0729 	EXP 	str_fixITI: autoDraw = False
3171.0729 	EXP 	im_trialImage: size = array([0.8       , 0.94814815])
3171.0729 	EXP 	im_trialImage: image = 'cl062.jpg'
3171.0729 	EXP 	im_trialImage: autoDraw = True
3171.3441 	DATA 	Keypress: 5
3171.8351 	DATA 	Keypress: 1
3172.1451 	DATA 	Keypress: 5
3172.9501 	DATA 	Keypress: 5
3173.0561 	EXP 	im_trialImage: autoDraw = False
3173.0561 	EXP 	str_fixITI: autoDraw = True
3173.5503 	EXP 	New trial (rep=0, index=6): {'im_fName': 'cl063.jpg', 'key_correct': 1, 'im_type': 'animal', 'im_familiarity': 'novel'}
3173.6072 	EXP 	str_fixITI: autoDraw = False
3173.6072 	EXP 	im_trialImage: size = array([0.79583333, 0.94259259])
3173.6072 	EXP 	im_trialImage: image = 'cl063.jpg'
3173.6072 	EXP 	im_trialImage: autoDraw = True
3173.7412 	DATA 	Keypress: 5
3174.5432 	DATA 	Keypress: 5
3174.6762 	DATA 	Keypress: 1
3175.3423 	DATA 	Keypress: 5
3175.5635 	EXP 	im_trialImage: autoDraw = False
3175.5635 	EXP 	str_fixITI: autoDraw = True
3176.0471 	EXP 	New trial (rep=0, index=7): {'im_fName': 'cl064.jpg', 'key_correct': 1, 'im_type': 'animal', 'im_familiarity': 'novel'}
3176.0884 	EXP 	str_fixITI: autoDraw = False
3176.0884 	EXP 	im_trialImage: size = array([0.79583333, 0.94259259])
3176.0884 	EXP 	im_trialImage: image = 'cl064.jpg'
3176.0884 	EXP 	im_trialImage: autoDraw = True
3176.1452 	DATA 	Keypress: 5
3176.9423 	DATA 	Keypress: 5
3177.7424 	DATA 	Keypress: 5
3178.0564 	EXP 	im_trialImage: autoDraw = False
3178.0564 	EXP 	str_fixITI: autoDraw = True
3178.1149 	DATA 	Keypress: 1
3178.5419 	DATA 	Keypress: 5
3178.5629 	EXP 	str_fixITI: autoDraw = False
3178.5629 	EXP 	str_fixRest: autoDraw = True
3179.3477 	DATA 	Keypress: 5
3180.1410 	DATA 	Keypress: 5
3180.9467 	DATA 	Keypress: 5
3181.7491 	DATA 	Keypress: 5
3182.5422 	DATA 	Keypress: 5
3183.3471 	DATA 	Keypress: 5
3184.1492 	DATA 	Keypress: 5
3184.9482 	DATA 	Keypress: 5
3185.7479 	DATA 	Keypress: 5
3186.5483 	DATA 	Keypress: 5
3187.3463 	DATA 	Keypress: 5
3188.1543 	DATA 	Keypress: 5
3188.9474 	DATA 	Keypress: 5
3189.7464 	DATA 	Keypress: 5
3190.0518 	EXP 	str_bangRest: autoDraw = True
3190.0707 	EXP 	str_fixRest: autoDraw = False
3190.5472 	EXP 	New trial (rep=0, index=8): {'trialOrderFile': 'scan_order9.xlsx'}
3190.5538 	EXP 	Imported scan_order9.xlsx as conditions, 8 conditions, 4 params
3190.5540 	EXP 	Created sequence: sequential, trialTypes=8, nReps=1, seed=None
3190.5543 	EXP 	New trial (rep=0, index=0): {'im_fName': 'cl065.jpg', 'key_correct': 2, 'im_type': 'scene', 'im_familiarity': 'familiar'}
3190.6220 	DATA 	Keypress: 5
3190.6310 	EXP 	str_fixRest: autoDraw = False
3190.6310 	EXP 	str_bangRest: autoDraw = False
3190.6310 	EXP 	im_trialImage: size = array([0.8       , 0.94814815])
3190.6310 	EXP 	im_trialImage: image = 'cl065.jpg'
3190.6310 	EXP 	im_trialImage: autoDraw = True
3191.3460 	DATA 	Keypress: 5
3191.3990 	DATA 	Keypress: 2
3192.1468 	DATA 	Keypress: 5
3192.5540 	EXP 	im_trialImage: autoDraw = False
3192.5540 	EXP 	str_fixITI: autoDraw = True
3192.9476 	DATA 	Keypress: 5
3193.0455 	EXP 	New trial (rep=0, index=1): {'im_fName': 'cl066.jpg', 'key_correct': 1, 'im_type': 'animal', 'im_familiarity': 'familiar'}
3193.0700 	EXP 	str_fixITI: autoDraw = False
3193.0700 	EXP 	im_trialImage: size = array([0.79583333, 0.94259259])
3193.0700 	EXP 	im_trialImage: image = 'cl066.jpg'
3193.0700 	EXP 	im_trialImage: autoDraw = True
3193.7480 	DATA 	Keypress: 5
3193.7810 	DATA 	Keypress: 1
3194.5461 	DATA 	Keypress: 5
3195.0590 	EXP 	im_trialImage: autoDraw = False
3195.0590 	EXP 	str_fixITI: autoDraw = True
3195.3457 	DATA 	Keypress: 5
3195.5446 	EXP 	New trial (rep=0, index=2): {'im_fName': 'cl067.jpg', 'key_correct': 2, 'im_type': 'scene', 'im_familiarity': 'familiar'}
3195.5924 	EXP 	str_fixITI: autoDraw = False
3195.5924 	EXP 	im_trialImage: size = array([0.8       , 0.94814815])
3195.5924 	EXP 	im_trialImage: image = 'cl067.jpg'
3195.5924 	EXP 	im_trialImage: autoDraw = True
3196.1522 	DATA 	Keypress: 5
3196.4892 	DATA 	Keypress: 2
3196.9462 	DATA 	Keypress: 5
3197.5665 	EXP 	im_trialImage: autoDraw = False
3197.5665 	EXP 	str_fixITI: autoDraw = True
3197.7458 	DATA 	Keypress: 5
3198.0505 	EXP 	New trial (rep=0, index=3): {'im_fName': 'cl068.jpg', 'key_correct': 1, 'im_type': 'animal', 'im_familiarity': 'familiar'}
3198.0752 	EXP 	str_fixITI: autoDraw = False
3198.0752 	EXP 	im_trialImage: size = array([0.79583333, 0.94259259])
3198.0752 	EXP 	im_trialImage: image = 'cl068.jpg'
3198.0752 	EXP 	im_trialImage: autoDraw = True
3198.5452 	DATA 	Keypress: 5
3198.9553 	DATA 	Keypress: 1
3199.3453 	DATA 	Keypress: 5
3200.0594 	EXP 	im_trialImage: autoDraw = False
3200.0594 	EXP 	str_fixITI: autoDraw = True
3200.1459 	DATA 	Keypress: 5
3200.5498 	EXP 	New trial (rep=0, index=4): {'im_fName': 'cl069.jpg', 'key_correct': 1, 'im_type': 'animal', 'im_familiarity': 'familiar'}
3200.5693 	EXP 	str_fixITI: autoDraw = False
3200.5693 	EXP 	im_trialImage: size = array([0.79583333, 0.94259259])
3200.5693 	EXP 	im_trialImage: image = 'cl069.jpg'
3200.5693 	EXP 	im_trialImage: autoDraw = True
3200.9444 	DATA 	Keypress: 5
3201.6345 	DATA 	Keypress: 1
3201.7444 	DATA 	Keypress: 5
3202.5459 	DATA 	Keypress: 5
3202.5571 	EXP 	im_trialImage: autoDraw = False
3202.5571 	EXP 	str_fixITI: autoDraw = True
3203.0575 	EXP 	New trial (rep=0, index=5): {'im_fName': 'cl070.jpg', 'key_correct': 2, 'im_type': 'scene', 'im_familiarity': 'familiar'}
3203.1174 	EXP 	str_fixITI: autoDraw = False
3203.1174 	EXP 	im_trialImage: size = array([0.8       , 0.94814815])
3203.1174 	EXP 	im_trialImage: image = 'cl070.jpg'
3203.1174 	EXP 	im_trialImage: autoDraw = True
3203.3445 	DATA 	Keypress: 5
3203.9776 	DATA 	Keypress: 2
3204.1445 	DATA 	Keypress: 5
3204.9435 	DATA 	Keypress: 5
3205.0651 	EXP 	im_trialImage: autoDraw = False
3205.0651 	EXP 	str_fixITI: autoDraw = True
3205.5492 	EXP 	New trial (rep=0, index=6): {'im_fName': 'cl071.jpg', 'key_correct': 2, 'im_type': 'scene', 'im_familiarity': 'familiar'}
3205.5928 	EXP 	str_fixITI: autoDraw = False
3205.5928 	EXP 	im_trialImage: size = array([0.8       , 0.94814815])
3205.5928 	EXP 	im_trialImage: image = 'cl071.jpg'
3205.5928 	EXP 	im_trialImage: autoDraw = True
3205.7505 	DATA 	Keypress: 5
3206.5417 	DATA 	Keypress: 5
3206.7186 	DATA 	Keypress: 2
3207.3447 	DATA 	Keypress: 5
3207.5648 	EXP 	im_trialImage: autoDraw = False
3207.5648 	EXP 	str_fixITI: autoDraw = True
3208.0488 	EXP 	New trial (rep=0, index=7): {'im_fName': 'cl072.jpg', 'key_correct': 1, 'im_type': 'animal', 'im_familiarity': 'familiar'}
3208.0917 	EXP 	str_fixITI: autoDraw = False
3208.0917 	EXP 	im_trialImage: size = array([0.79583333, 0.94259259])
3208.0917 	EXP 	im_trialImage: image = 'cl072.jpg'
3208.0917 	EXP 	im_trialImage: autoDraw = True
3208.1497 	DATA 	Keypress: 5
3208.9448 	DATA 	Keypress: 5
3209.5528 	DATA 	Keypress: 1
3209.7508 	DATA 	Keypress: 5
3210.0568 	EXP 	im_trialImage: autoDraw = False
3210.0568 	EXP 	str_fixITI: autoDraw = True
3210.5492 	DATA 	Keypress: 5
3210.5567 	EXP 	str_fixITI: autoDraw = False
3210.5567 	EXP 	str_fixRest: autoDraw = True
3211.3494 	DATA 	Keypress: 5
3212.1424 	DATA 	Keypress: 5
3212.9415 	DATA 	Keypress: 5
3213.7485 	DATA 	Keypress: 5
3214.5425 	DATA 	Keypress: 5
3215.3486 	DATA 	Keypress: 5
3216.1496 	DATA 	Keypress: 5
3216.9477 	DATA 	Keypress: 5
3217.7417 	DATA 	Keypress: 5
3218.5497 	DATA 	Keypress: 5
3219.3497 	DATA 	Keypress: 5
3220.1468 	DATA 	Keypress: 5
3220.9478 	DATA 	Keypress: 5
3221.7548 	DATA 	Keypress: 5
3222.0477 	EXP 	str_bangRest: autoDraw = True
3222.0608 	EXP 	str_fixRest: autoDraw = False
3222.5530 	EXP 	New trial (rep=0, index=9): {'trialOrderFile': 'scan_order10.xlsx'}
3222.5602 	EXP 	Imported scan_order10.xlsx as conditions, 8 conditions, 4 params
3222.5604 	EXP 	Created sequence: sequential, trialTypes=8, nReps=1, seed=None
3222.5606 	EXP 	New trial (rep=0, index=0): {'im_fName': 'cl073.jpg', 'key_correct': 2, 'im_type': 'scene', 'im_familiarity': 'novel'}
3222.5954 	DATA 	Keypress: 5
3222.6039 	EXP 	str_fixRest: autoDraw = False
3222.6039 	EXP 	str_bangRest: autoDraw = False
3222.6039 	EXP 	im_trialImage: size = array([0.8       , 0.94814815])
3222.6039 	EXP 	im_trialImage: image = 'cl073.jpg'
3222.6039 	EXP 	im_trialImage: autoDraw = True
3223.1394 	DATA 	Keypress: 2
3223.3494 	DATA 	Keypress: 5
3224.1464 	DATA 	Keypress: 5
3224.5614 	EXP 	im_trialImage: autoDraw = False
3224.5614 	EXP 	str_fixITI: autoDraw = True
3224.9470 	DATA 	Keypress: 5
3225.0461 	EXP 	New trial (rep=0, index=1): {'im_fName': 'cl074.jpg', 'key_correct': 2, 'im_type': 'scene', 'im_familiarity': 'novel'}
3225.0706 	EXP 	str_fixITI: autoDraw = False
3225.0706 	EXP 	im_trialImage: size = array([0.79583333, 0.94259259])
3225.0706 	EXP 	im_trialImage: image = 'cl074.jpg'
3225.0706 	EXP 	im_trialImage: autoDraw = True
3225.7475 	DATA 	Keypress: 5
3226.1725 	DATA 	Keypress: 2
3226.5485 	DATA 	Keypress: 5
3227.0596 	EXP 	im_trialImage: autoDraw = False
3227.0596 	EXP 	str_fixITI: autoDraw = True
3227.3471 	DATA 	Keypress: 5
3227.5470 	EXP 	New trial (rep=0, index=2): {'im_fName': 'cl075.jpg', 'key_correct': 1, 'im_type': 'animal', 'im_familiarity': 'novel'}
3227.5678 	EXP 	str_fixITI: autoDraw = False
3227.5678 	EXP 	im_trialImage: size = array([0.79583333, 0.94259259])
3227.5678 	EXP 	im_trialImage: image = 'cl075.jpg'
3227.5678 	EXP 	im_trialImage: autoDraw = True
3228.1536 	DATA 	Keypress: 5
3228.9486 	DATA 	Keypress: 5
3228.9816 	DATA 	Keypress: 2
3229.4566 	DATA 	Keypress: 1
3229.5528 	EXP 	im_trialImage: autoDraw = False
3229.5528 	EXP 	str_fixITI: autoDraw = True
3229.7462 	DATA 	Keypress: 5
3230.0445 	EXP 	New trial (rep=0, index=3): {'im_fName': 'cl076.jpg', 'key_correct': 1, 'im_type': 'animal', 'im_familiarity': 'novel'}
3230.0858 	EXP 	str_fixITI: autoDraw = False
3230.0858 	EXP 	str_fixITI: autoDraw = False
3230.0858 	EXP 	im_trialImage: size = array([0.79583333, 0.94259259])
3230.0858 	EXP 	im_trialImage: image = 'cl076.jpg'
3230.0858 	EXP 	im_trialImage: autoDraw = True
3230.5527 	DATA 	Keypress: 5
3231.3447 	DATA 	Keypress: 5
3231.3777 	DATA 	Keypress: 1
3232.0587 	EXP 	im_trialImage: autoDraw = False
3232.0587 	EXP 	str_fixITI: autoDraw = True
3232.1442 	DATA 	Keypress: 5
3232.5514 	EXP 	New trial (rep=0, index=4): {'im_fName': 'cl077.jpg', 'key_correct': 2, 'im_type': 'scene', 'im_familiarity': 'novel'}
3232.5787 	EXP 	str_fixITI: autoDraw = False
3232.5787 	EXP 	im_trialImage: size = array([0.8       , 0.94814815])
3232.5787 	EXP 	im_trialImage: image = 'cl077.jpg'
3232.5787 	EXP 	im_trialImage: autoDraw = True
3232.9468 	DATA 	Keypress: 5
3233.7518 	DATA 	Keypress: 5
3233.8518 	DATA 	Keypress: 2
3234.5463 	DATA 	Keypress: 5
3234.5579 	EXP 	im_trialImage: autoDraw = False
3234.5579 	EXP 	str_fixITI: autoDraw = True
3235.0498 	EXP 	New trial (rep=0, index=5): {'im_fName': 'cl078.jpg', 'key_correct': 1, 'im_type': 'animal', 'im_familiarity': 'novel'}
3235.0914 	EXP 	str_fixITI: autoDraw = False
3235.0914 	EXP 	im_trialImage: size = array([0.79583333, 0.94259259])
3235.0914 	EXP 	im_trialImage: image = 'cl078.jpg'
3235.0914 	EXP 	im_trialImage: autoDraw = True
3235.3449 	DATA 	Keypress: 5
3235.7099 	DATA 	Keypress: 1
3236.1469 	DATA 	Keypress: 5
3236.9430 	DATA 	Keypress: 5
3237.0583 	EXP 	im_trialImage: autoDraw = False
3237.0583 	EXP 	str_fixITI: autoDraw = True
3237.5531 	EXP 	New trial (rep=0, index=6): {'im_fName': 'cl079.jpg', 'key_correct': 1, 'im_type': 'animal', 'im_familiarity': 'novel'}
3237.6018 	EXP 	str_fixITI: autoDraw = False
3237.6018 	EXP 	im_trialImage: size = array([0.79583333, 0.94259259])
3237.6018 	EXP 	im_trialImage: image = 'cl079.jpg'
3237.6018 	EXP 	im_trialImage: autoDraw = True
3237.7510 	DATA 	Keypress: 5
3238.4630 	DATA 	Keypress: 1
3238.5421 	DATA 	Keypress: 5
3239.3421 	DATA 	Keypress: 5
3239.5581 	EXP 	im_trialImage: autoDraw = False
3239.5581 	EXP 	str_fixITI: autoDraw = True
3240.0497 	EXP 	New trial (rep=0, index=7): {'im_fName': 'cl080.jpg', 'key_correct': 2, 'im_type': 'scene', 'im_familiarity': 'novel'}
3240.0683 	EXP 	str_fixITI: autoDraw = False
3240.0683 	EXP 	im_trialImage: size = array([0.79583333, 0.94259259])
3240.0683 	EXP 	im_trialImage: image = 'cl080.jpg'
3240.0683 	EXP 	im_trialImage: autoDraw = True
3240.1501 	DATA 	Keypress: 5
3240.9422 	DATA 	Keypress: 5
3241.4702 	DATA 	Keypress: 2
3241.7452 	DATA 	Keypress: 5
3242.0643 	EXP 	im_trialImage: autoDraw = False
3242.0643 	EXP 	str_fixITI: autoDraw = True
3242.5428 	DATA 	Keypress: 5
3242.5643 	EXP 	str_fixITI: autoDraw = False
3242.5643 	EXP 	str_fixRest: autoDraw = True
3243.3438 	DATA 	Keypress: 5
3244.1438 	DATA 	Keypress: 5
3244.9499 	DATA 	Keypress: 5
3245.7500 	DATA 	Keypress: 5
3246.5419 	DATA 	Keypress: 5
3247.3500 	DATA 	Keypress: 5
3248.1490 	DATA 	Keypress: 5
3248.9501 	DATA 	Keypress: 5
3249.7501 	DATA 	Keypress: 5
3250.5482 	DATA 	Keypress: 5
3251.3481 	DATA 	Keypress: 5
3252.1502 	DATA 	Keypress: 5
3252.9472 	DATA 	Keypress: 5
3253.7482 	DATA 	Keypress: 5
3254.0531 	EXP 	str_bangRest: autoDraw = True
3254.0725 	EXP 	str_fixRest: autoDraw = False
3254.5537 	EXP 	New trial (rep=0, index=10): {'trialOrderFile': 'scan_order11.xlsx'}
3254.5603 	EXP 	Imported scan_order11.xlsx as conditions, 8 conditions, 4 params
3254.5605 	EXP 	Created sequence: sequential, trialTypes=8, nReps=1, seed=None
3254.5607 	EXP 	New trial (rep=0, index=0): {'im_fName': 'cl081.jpg', 'key_correct': 1, 'im_type': 'animal', 'im_familiarity': 'familiar'}
3254.5718 	DATA 	Keypress: 5
3254.5799 	EXP 	str_fixRest: autoDraw = False
3254.5799 	EXP 	str_bangRest: autoDraw = False
3254.5799 	EXP 	im_trialImage: size = array([0.79583333, 0.94259259])
3254.5799 	EXP 	im_trialImage: image = 'cl081.jpg'
3254.5799 	EXP 	im_trialImage: autoDraw = True
3255.1818 	DATA 	Keypress: 1
3255.3488 	DATA 	Keypress: 5
3256.1488 	DATA 	Keypress: 5
3256.5619 	EXP 	im_trialImage: autoDraw = False
3256.5619 	EXP 	str_fixITI: autoDraw = True
3256.9484 	DATA 	Keypress: 5
3257.0473 	EXP 	New trial (rep=0, index=1): {'im_fName': 'cl082.jpg', 'key_correct': 1, 'im_type': 'animal', 'im_familiarity': 'familiar'}
3257.0865 	EXP 	str_fixITI: autoDraw = False
3257.0865 	EXP 	im_trialImage: size = array([0.79583333, 0.94259259])
3257.0865 	EXP 	im_trialImage: image = 'cl082.jpg'
3257.0865 	EXP 	im_trialImage: autoDraw = True
3257.7059 	DATA 	Keypress: 1
3257.7499 	DATA 	Keypress: 5
3258.5499 	DATA 	Keypress: 5
3259.0539 	EXP 	im_trialImage: autoDraw = False
3259.0539 	EXP 	str_fixITI: autoDraw = True
3259.3455 	DATA 	Keypress: 5
3259.5473 	EXP 	New trial (rep=0, index=2): {'im_fName': 'cl083.jpg', 'key_correct': 2, 'im_type': 'scene', 'im_familiarity': 'familiar'}
3259.6026 	EXP 	str_fixITI: autoDraw = False
3259.6026 	EXP 	im_trialImage: size = array([0.8       , 0.94814815])
3259.6026 	EXP 	im_trialImage: image = 'cl083.jpg'
3259.6026 	EXP 	im_trialImage: autoDraw = True
3260.1470 	DATA 	Keypress: 5
3260.8570 	DATA 	Keypress: 2
3260.9470 	DATA 	Keypress: 5
3261.5530 	EXP 	im_trialImage: autoDraw = False
3261.5530 	EXP 	str_fixITI: autoDraw = True
3261.7444 	DATA 	Keypress: 5
3262.0520 	EXP 	New trial (rep=0, index=3): {'im_fName': 'cl084.jpg', 'key_correct': 1, 'im_type': 'animal', 'im_familiarity': 'familiar'}
3262.0766 	EXP 	str_fixITI: autoDraw = False
3262.0766 	EXP 	im_trialImage: size = array([0.79583333, 0.94259259])
3262.0766 	EXP 	im_trialImage: image = 'cl084.jpg'
3262.0766 	EXP 	im_trialImage: autoDraw = True
3262.5471 	DATA 	Keypress: 5
3263.3461 	DATA 	Keypress: 5
3263.3901 	DATA 	Keypress: 1
3264.0612 	EXP 	im_trialImage: autoDraw = False
3264.0612 	EXP 	str_fixITI: autoDraw = True
3264.1446 	DATA 	Keypress: 5
3264.5446 	EXP 	New trial (rep=0, index=4): {'im_fName': 'cl085.jpg', 'key_correct': 1, 'im_type': 'animal', 'im_familiarity': 'familiar'}
3264.6090 	EXP 	str_fixITI: autoDraw = False
3264.6090 	EXP 	im_trialImage: size = array([0.79583333, 0.94259259])
3264.6090 	EXP 	im_trialImage: image = 'cl085.jpg'
3264.6090 	EXP 	im_trialImage: autoDraw = True
3264.9482 	DATA 	Keypress: 5
3265.2942 	DATA 	Keypress: 1
3265.7482 	DATA 	Keypress: 5
3266.5467 	DATA 	Keypress: 5
3266.5586 	EXP 	im_trialImage: autoDraw = False
3266.5586 	EXP 	str_fixITI: autoDraw = True
3267.0445 	EXP 	New trial (rep=0, index=5): {'im_fName': 'cl086.jpg', 'key_correct': 2, 'im_type': 'scene', 'im_familiarity': 'familiar'}
3267.1086 	EXP 	str_fixITI: autoDraw = False
3267.1086 	EXP 	im_trialImage: size = array([0.8       , 0.94814815])
3267.1086 	EXP 	im_trialImage: image = 'cl086.jpg'
3267.1086 	EXP 	im_trialImage: autoDraw = True
3267.3524 	DATA 	Keypress: 5
3268.1453 	DATA 	Keypress: 5
3268.2783 	DATA 	Keypress: 2
3268.9454 	DATA 	Keypress: 5
3269.0662 	EXP 	im_trialImage: autoDraw = False
3269.0662 	EXP 	str_fixITI: autoDraw = True
3269.5514 	EXP 	New trial (rep=0, index=6): {'im_fName': 'cl087.jpg', 'key_correct': 2, 'im_type': 'scene', 'im_familiarity': 'familiar'}
3269.5911 	EXP 	str_fixITI: autoDraw = False
3269.5911 	EXP 	im_trialImage: size = array([0.8       , 0.94814815])
3269.5911 	EXP 	im_trialImage: image = 'cl087.jpg'
3269.5911 	EXP 	im_trialImage: autoDraw = True
3269.7514 	DATA 	Keypress: 5
3270.2714 	DATA 	Keypress: 2
3270.5434 	DATA 	Keypress: 5
3271.3435 	DATA 	Keypress: 5
3271.5585 	EXP 	im_trialImage: autoDraw = False
3271.5585 	EXP 	str_fixITI: autoDraw = True
3272.0494 	EXP 	New trial (rep=0, index=7): {'im_fName': 'cl088.jpg', 'key_correct': 2, 'im_type': 'scene', 'im_familiarity': 'familiar'}
3272.0739 	EXP 	str_fixITI: autoDraw = False
3272.0739 	EXP 	im_trialImage: size = array([0.8       , 0.94814815])
3272.0739 	EXP 	im_trialImage: image = 'cl088.jpg'
3272.0739 	EXP 	im_trialImage: autoDraw = True
3272.1445 	DATA 	Keypress: 5
3272.9445 	DATA 	Keypress: 5
3273.7446 	DATA 	Keypress: 5
3273.8706 	DATA 	Keypress: 1
3274.0651 	EXP 	im_trialImage: autoDraw = False
3274.0651 	EXP 	str_fixITI: autoDraw = True
3274.5422 	DATA 	Keypress: 5
3274.5593 	EXP 	str_fixITI: autoDraw = False
3274.5593 	EXP 	str_fixRest: autoDraw = True
3275.3502 	DATA 	Keypress: 5
3276.1492 	DATA 	Keypress: 5
3276.9423 	DATA 	Keypress: 5
3277.7442 	DATA 	Keypress: 5
3278.5424 	DATA 	Keypress: 5
3279.3424 	DATA 	Keypress: 5
3280.1417 	DATA 	Keypress: 5
3280.9495 	DATA 	Keypress: 5
3281.7495 	DATA 	Keypress: 5
3282.5426 	DATA 	Keypress: 5
3283.3496 	DATA 	Keypress: 5
3284.1496 	DATA 	Keypress: 5
3284.9417 	DATA 	Keypress: 5
3285.7417 	DATA 	Keypress: 5
3286.0482 	EXP 	str_bangRest: autoDraw = True
3286.0707 	EXP 	str_fixRest: autoDraw = False
3286.5401 	EXP 	New trial (rep=0, index=11): {'trialOrderFile': 'scan_order12.xlsx'}
3286.5468 	EXP 	Imported scan_order12.xlsx as conditions, 8 conditions, 4 params
3286.5470 	EXP 	Created sequence: sequential, trialTypes=8, nReps=1, seed=None
3286.5472 	EXP 	New trial (rep=0, index=0): {'im_fName': 'cl089.jpg', 'key_correct': 2, 'im_type': 'scene', 'im_familiarity': 'novel'}
3286.5942 	DATA 	Keypress: 5
3286.6041 	EXP 	str_bangRest: autoDraw = False
3286.6041 	EXP 	str_fixRest: autoDraw = False
3286.6041 	EXP 	str_bangRest: autoDraw = False
3286.6041 	EXP 	im_trialImage: size = array([0.79583333, 0.94259259])
3286.6041 	EXP 	im_trialImage: image = 'cl089.jpg'
3286.6041 	EXP 	im_trialImage: autoDraw = True
3287.3472 	DATA 	Keypress: 5
3287.4472 	DATA 	Keypress: 2
3288.1472 	DATA 	Keypress: 5
3288.5622 	EXP 	im_trialImage: autoDraw = False
3288.5622 	EXP 	str_fixITI: autoDraw = True
3288.9478 	DATA 	Keypress: 5
3289.0454 	EXP 	New trial (rep=0, index=1): {'im_fName': 'cl090.jpg', 'key_correct': 1, 'im_type': 'animal', 'im_familiarity': 'novel'}
3289.1030 	EXP 	str_fixITI: autoDraw = False
3289.1030 	EXP 	im_trialImage: size = array([0.79583333, 0.94259259])
3289.1030 	EXP 	im_trialImage: image = 'cl090.jpg'
3289.1030 	EXP 	im_trialImage: autoDraw = True
3289.7414 	DATA 	Keypress: 5
3290.3883 	DATA 	Keypress: 1
3290.5503 	DATA 	Keypress: 5
3291.0610 	EXP 	im_trialImage: autoDraw = False
3291.0610 	EXP 	str_fixITI: autoDraw = True
3291.3479 	DATA 	Keypress: 5
3291.5475 	EXP 	New trial (rep=0, index=2): {'im_fName': 'cl091.jpg', 'key_correct': 1, 'im_type': 'animal', 'im_familiarity': 'novel'}
3291.5691 	EXP 	str_fixITI: autoDraw = False
3291.5691 	EXP 	im_trialImage: size = array([0.79583333, 0.94259259])
3291.5691 	EXP 	im_trialImage: image = 'cl091.jpg'
3291.5691 	EXP 	im_trialImage: autoDraw = True
3292.1414 	DATA 	Keypress: 5
3292.4414 	DATA 	Keypress: 1
3292.9494 	DATA 	Keypress: 5
3293.5616 	EXP 	im_trialImage: autoDraw = False
3293.5616 	EXP 	str_fixITI: autoDraw = True
3293.7470 	DATA 	Keypress: 5
3294.0459 	EXP 	New trial (rep=0, index=3): {'im_fName': 'cl092.jpg', 'key_correct': 1, 'im_type': 'animal', 'im_familiarity': 'novel'}
3294.0641 	EXP 	str_fixITI: autoDraw = False
3294.0641 	EXP 	im_trialImage: size = array([0.79583333, 0.94259259])
3294.0641 	EXP 	im_trialImage: image = 'cl092.jpg'
3294.0641 	EXP 	im_trialImage: autoDraw = True
3294.5495 	DATA 	Keypress: 5
3295.3476 	DATA 	Keypress: 5
3295.3905 	DATA 	Keypress: 1
3296.0536 	EXP 	im_trialImage: autoDraw = False
3296.0536 	EXP 	str_fixITI: autoDraw = True
3296.1448 	DATA 	Keypress: 5
3296.5529 	EXP 	New trial (rep=0, index=4): {'im_fName': 'cl093.jpg', 'key_correct': 1, 'im_type': 'animal', 'im_familiarity': 'novel'}
3296.5714 	EXP 	str_fixITI: autoDraw = False
3296.5714 	EXP 	im_trialImage: size = array([0.79583333, 0.94259259])
3296.5714 	EXP 	im_trialImage: image = 'cl093.jpg'
3296.5714 	EXP 	im_trialImage: autoDraw = True
3296.9456 	DATA 	Keypress: 5
3297.6887 	DATA 	Keypress: 1
3297.7446 	DATA 	Keypress: 5
3298.5462 	DATA 	Keypress: 5
3298.5529 	EXP 	im_trialImage: autoDraw = False
3298.5529 	EXP 	str_fixITI: autoDraw = True
3299.0445 	EXP 	New trial (rep=0, index=5): {'im_fName': 'cl094.jpg', 'key_correct': 2, 'im_type': 'scene', 'im_familiarity': 'novel'}
3299.0677 	EXP 	str_fixITI: autoDraw = False
3299.0677 	EXP 	str_fixITI: autoDraw = False
3299.0677 	EXP 	im_trialImage: size = array([0.8       , 0.94814815])
3299.0677 	EXP 	im_trialImage: image = 'cl094.jpg'
3299.0677 	EXP 	im_trialImage: autoDraw = True
3299.3477 	DATA 	Keypress: 5
3300.1458 	DATA 	Keypress: 5
3300.9528 	DATA 	Keypress: 5
3301.0587 	EXP 	im_trialImage: autoDraw = False
3301.0587 	EXP 	str_fixITI: autoDraw = True
3301.0603 	DATA 	Keypress: 2
3301.5532 	EXP 	New trial (rep=0, index=6): {'im_fName': 'cl095.jpg', 'key_correct': 2, 'im_type': 'scene', 'im_familiarity': 'novel'}
3301.5752 	EXP 	str_fixITI: autoDraw = False
3301.5752 	EXP 	im_trialImage: size = array([0.8       , 0.94814815])
3301.5752 	EXP 	im_trialImage: image = 'cl095.jpg'
3301.5752 	EXP 	im_trialImage: autoDraw = True
3301.7458 	DATA 	Keypress: 5
3302.2138 	DATA 	Keypress: 2
3302.5439 	DATA 	Keypress: 5
3303.3519 	DATA 	Keypress: 5
3303.5591 	EXP 	im_trialImage: autoDraw = False
3303.5591 	EXP 	str_fixITI: autoDraw = True
3304.0526 	EXP 	New trial (rep=0, index=7): {'im_fName': 'cl096.jpg', 'key_correct': 2, 'im_type': 'scene', 'im_familiarity': 'novel'}
3304.0695 	EXP 	str_fixITI: autoDraw = False
3304.0695 	EXP 	im_trialImage: size = array([0.8       , 0.94814815])
3304.0695 	EXP 	im_trialImage: image = 'cl096.jpg'
3304.0695 	EXP 	im_trialImage: autoDraw = True
3304.1519 	DATA 	Keypress: 5
3304.6370 	DATA 	Keypress: 2
3304.9460 	DATA 	Keypress: 5
3305.7470 	DATA 	Keypress: 5
3306.0659 	EXP 	im_trialImage: autoDraw = False
3306.0659 	EXP 	str_fixITI: autoDraw = True
3306.5456 	DATA 	Keypress: 5
3306.5666 	EXP 	str_fixITI: autoDraw = False
3306.5666 	EXP 	str_fixRest: autoDraw = True
3307.3446 	DATA 	Keypress: 5
3308.1437 	DATA 	Keypress: 5
3308.9427 	DATA 	Keypress: 5
3309.7495 	DATA 	Keypress: 5
3310.5448 	DATA 	Keypress: 5
3311.3448 	DATA 	Keypress: 5
3312.1429 	DATA 	Keypress: 5
3312.9508 	DATA 	Keypress: 5
3313.7439 	DATA 	Keypress: 5
3314.5500 	DATA 	Keypress: 5
3315.3499 	DATA 	Keypress: 5
3316.1490 	DATA 	Keypress: 5
3316.9430 	DATA 	Keypress: 5
3317.7422 	DATA 	Keypress: 5
3318.0575 	EXP 	str_bangRest: autoDraw = True
3318.0664 	EXP 	str_fixRest: autoDraw = False
3318.5512 	DATA 	Keypress: 5
3318.5629 	EXP 	str_fixRest: autoDraw = False
3318.5629 	EXP 	str_bangRest: autoDraw = False
3318.5629 	EXP 	str_end: autoDraw = True
3321.8896 	DATA 	Keypress: space
3321.8963 	EXP 	str_end: autoDraw = False
3322.0224 	EXP 	window1: mouseVisible = True
