1.1290 	WARNING 	We strongly recommend you activate the PTB sound engine in PsychoPy prefs as the preferred audio engine. Its timing is vastly superior. Your prefs are currently set to use ['sounddevice', 'PTB', 'pyo', 'pygame'] (in that order).
1962.9460 	EXP 	Created window1 = Window(allowGUI=False, allowStencil=False, autoLog=True, backendConf=UNKNOWN, bitsMode=UNKNOWN, blendMode='avg', bpc=(8, 8, 8), color=array([0, 0, 0]), colorSpace='rgb', depthBits=8, fullscr=<method-wrapper '__getattribute__' of attributeSetter object at 0x000000001429E470>, gamma=None, gammaErrorPolicy='raise', lms=UNKNOWN, monitor=<psychopy.monitors.calibTools.Monitor object at 0x00000000142F2B00>, multiSample=False, name='window1', numSamples=2, pos=[0.0, 0.0], screen=0, size=array([1920, 1080]), stencilBits=0, stereo=False, units='norm', useFBO=True, useRetina=False, viewOri=0.0, viewPos=None, viewScale=None, waitBlanking=True, winType='pyglet')
1962.9461 	EXP 	window1: mouseVisible = True
1962.9461 	EXP 	window1: recordFrameIntervals = False
1963.0286 	EXP 	window1: recordFrameIntervals = True
1963.1207 	EXP 	window1: recordFrameIntervals = False
1963.6798 	EXP 	Created txt_checkLeft = TextStim(__class__=<class 'psychopy.visual.text.TextStim'>, alignHoriz=method-wrapper(...), alignText='center', alignVert=method-wrapper(...), anchorHoriz='center', anchorVert='center', antialias=True, autoLog=True, bold=False, color=array([1, 1, 1]), colorSpace='rgb', contrast=1.0, depth=0.0, flipHoriz=False, flipVert=False, font='Courier New', fontFiles=[], height=0.1, italic=False, languageStyle='LTR', name='txt_checkLeft', opacity=1, ori=0, pos=array([0., 0.]), rgb=UNKNOWN, text=str(...), units='norm', win=Window(...), wrapWidth=30)
1963.6799 	EXP 	window1: mouseVisible = False
1963.6887 	EXP 	Created txt_checkRight = TextStim(__class__=<class 'psychopy.visual.text.TextStim'>, alignHoriz=method-wrapper(...), alignText='center', alignVert=method-wrapper(...), anchorHoriz='center', anchorVert='center', antialias=True, autoLog=True, bold=False, color=array([1, 1, 1]), colorSpace='rgb', contrast=1.0, depth=0.0, flipHoriz=False, flipVert=False, font='Courier New', fontFiles=[], height=0.1, italic=False, languageStyle='LTR', name='txt_checkRight', opacity=1, ori=0, pos=array([0., 0.]), rgb=UNKNOWN, text=str(...), units='norm', win=Window(...), wrapWidth=30)
1963.7023 	EXP 	Created str_keyInst = TextStim(__class__=<class 'psychopy.visual.text.TextStim'>, alignHoriz=method-wrapper(...), alignText='center', alignVert=method-wrapper(...), anchorHoriz='center', anchorVert='center', antialias=True, autoLog=True, bold=False, color=array([1, 1, 1]), colorSpace='rgb', contrast=1.0, depth=0.0, flipHoriz=False, flipVert=False, font='Courier New', fontFiles=[], height=0.1, italic=False, languageStyle='LTR', name='str_keyInst', opacity=1, ori=0, pos=array([0., 0.]), rgb=UNKNOWN, text=str(...), units='norm', win=Window(...), wrapWidth=30)
1963.7078 	EXP 	Created str_waitScanner = TextStim(__class__=<class 'psychopy.visual.text.TextStim'>, alignHoriz=method-wrapper(...), alignText='center', alignVert=method-wrapper(...), anchorHoriz='center', anchorVert='center', antialias=True, autoLog=True, bold=False, color=array([1, 1, 1]), colorSpace='rgb', contrast=1.0, depth=-1.0, flipHoriz=False, flipVert=False, font='Courier New', fontFiles=[], height=0.1, italic=False, languageStyle='LTR', name='str_waitScanner', opacity=1, ori=0, pos=array([0., 0.]), rgb=UNKNOWN, text='Waiting for scanner...', units='norm', win=Window(...), wrapWidth=1)
1963.7119 	EXP 	Created str_fixRest = TextStim(__class__=<class 'psychopy.visual.text.TextStim'>, alignHoriz=method-wrapper(...), alignText='center', alignVert=method-wrapper(...), anchorHoriz='center', anchorVert='center', antialias=True, autoLog=True, bold=False, color=array([1, 1, 1]), colorSpace='rgb', contrast=1.0, depth=0.0, flipHoriz=False, flipVert=False, font='Courier New', fontFiles=[], height=0.225, italic=False, languageStyle='LTR', name='str_fixRest', opacity=1, ori=0, pos=array([0., 0.]), rgb=UNKNOWN, text='+', units='norm', win=Window(...), wrapWidth=1)
1963.7142 	EXP 	Created str_bangRest = TextStim(__class__=<class 'psychopy.visual.text.TextStim'>, alignHoriz=method-wrapper(...), alignText='center', alignVert=method-wrapper(...), anchorHoriz='center', anchorVert='center', antialias=True, autoLog=True, bold=False, color=array([1, 1, 1]), colorSpace='rgb', contrast=1.0, depth=-1.0, flipHoriz=False, flipVert=False, font='Courier New', fontFiles=[], height=0.225, italic=False, languageStyle='LTR', name='str_bangRest', opacity=1, ori=0, pos=array([0., 0.]), rgb=UNKNOWN, text='!', units='norm', win=Window(...), wrapWidth=1)
1963.7193 	EXP 	Created im_trialImage = ImageStim(__class__=<class 'psychopy.visual.image.ImageStim'>, autoLog=True, color=array([1, 1, 1]), colorSpace='rgb', contrast=1.0, depth=-1.0, flipHoriz=False, flipVert=False, image='sin', interpolate=True, mask=None, maskParams=None, name='im_trialImage', opacity=1, ori=0.0, pos=array([0., 0.]), size=array([0.5, 0.5]), texRes=128, units='norm', win=Window(...))
1963.7208 	EXP 	Created str_fixITI = TextStim(__class__=<class 'psychopy.visual.text.TextStim'>, alignHoriz=method-wrapper(...), alignText='center', alignVert=method-wrapper(...), anchorHoriz='center', anchorVert='center', antialias=True, autoLog=True, bold=False, color=array([1, 1, 1]), colorSpace='rgb', contrast=1.0, depth=0.0, flipHoriz=False, flipVert=False, font='Courier New', fontFiles=[], height=0.225, italic=False, languageStyle='LTR', name='str_fixITI', opacity=1, ori=0, pos=array([0., 0.]), rgb=UNKNOWN, text='+', units='norm', win=Window(...), wrapWidth=1)
1963.7223 	EXP 	Created str_fixRest = TextStim(__class__=<class 'psychopy.visual.text.TextStim'>, alignHoriz=method-wrapper(...), alignText='center', alignVert=method-wrapper(...), anchorHoriz='center', anchorVert='center', antialias=True, autoLog=True, bold=False, color=array([1, 1, 1]), colorSpace='rgb', contrast=1.0, depth=0.0, flipHoriz=False, flipVert=False, font='Courier New', fontFiles=[], height=0.225, italic=False, languageStyle='LTR', name='str_fixRest', opacity=1, ori=0, pos=array([0., 0.]), rgb=UNKNOWN, text='+', units='norm', win=Window(...), wrapWidth=1)
1963.7238 	EXP 	Created str_bangRest = TextStim(__class__=<class 'psychopy.visual.text.TextStim'>, alignHoriz=method-wrapper(...), alignText='center', alignVert=method-wrapper(...), anchorHoriz='center', anchorVert='center', antialias=True, autoLog=True, bold=False, color=array([1, 1, 1]), colorSpace='rgb', contrast=1.0, depth=-1.0, flipHoriz=False, flipVert=False, font='Courier New', fontFiles=[], height=0.225, italic=False, languageStyle='LTR', name='str_bangRest', opacity=1, ori=0, pos=array([0., 0.]), rgb=UNKNOWN, text='!', units='norm', win=Window(...), wrapWidth=1)
1963.7309 	EXP 	Created str_end = TextStim(__class__=<class 'psychopy.visual.text.TextStim'>, alignHoriz=method-wrapper(...), alignText='center', alignVert=method-wrapper(...), anchorHoriz='center', anchorVert='center', antialias=True, autoLog=True, bold=False, color=array([1, 1, 1]), colorSpace='rgb', contrast=1.0, depth=0.0, flipHoriz=False, flipVert=False, font='Courier New', fontFiles=[], height=0.1, italic=False, languageStyle='LTR', name='str_end', opacity=1, ori=0, pos=array([0., 0.]), rgb=UNKNOWN, text=str(...), units='norm', win=Window(...), wrapWidth=30)
1963.7628 	EXP 	txt_checkLeft: autoDraw = True
1973.5642 	DATA 	Keypress: 2
1977.6283 	DATA 	Keypress: 2
1984.5779 	DATA 	Keypress: 1
1984.5848 	EXP 	txt_checkLeft: autoDraw = False
1984.5848 	EXP 	txt_checkRight: autoDraw = True
1991.0510 	DATA 	Keypress: 3
2002.9805 	DATA 	Keypress: 4
2005.9317 	DATA 	Keypress: 3
2012.1120 	DATA 	Keypress: 3
2023.9675 	DATA 	Keypress: 1
2023.9925 	DATA 	Keypress: 4
2024.5006 	DATA 	Keypress: 4
2025.4436 	DATA 	Keypress: 4
2030.4008 	DATA 	Keypress: 4
2049.7197 	DATA 	Keypress: 4
2065.5932 	DATA 	Keypress: 2
2065.6210 	EXP 	txt_checkRight: autoDraw = False
2065.6210 	EXP 	str_keyInst: autoDraw = True
2091.6090 	EXP 	Created sequence: sequential, trialTypes=1, nReps=5, seed=None
2091.6092 	EXP 	New trial (rep=0, index=0): None
2091.6108 	DATA 	Keypress: 2
2091.6187 	EXP 	str_keyInst: autoDraw = False
2091.6187 	EXP 	str_waitScanner: autoDraw = True
2108.4969 	EXP 	New trial (rep=1, index=0): None
2108.4985 	DATA 	Keypress: 5
2108.5053 	EXP 	str_waitScanner: autoDraw = False
2108.5053 	EXP 	str_waitScanner: autoDraw = True
2109.2988 	EXP 	New trial (rep=2, index=0): None
2109.3005 	DATA 	Keypress: 5
2109.3107 	EXP 	str_waitScanner: autoDraw = False
2109.3107 	EXP 	str_waitScanner: autoDraw = True
2110.0988 	EXP 	New trial (rep=3, index=0): None
2110.1006 	DATA 	Keypress: 5
2110.1106 	EXP 	str_waitScanner: autoDraw = False
2110.1106 	EXP 	str_waitScanner: autoDraw = True
2110.8979 	EXP 	New trial (rep=4, index=0): None
2110.8996 	DATA 	Keypress: 5
2110.9104 	EXP 	str_waitScanner: autoDraw = False
2110.9104 	EXP 	str_waitScanner: autoDraw = True
2111.6979 	DATA 	Keypress: 5
2111.7102 	EXP 	str_waitScanner: autoDraw = False
2111.7102 	EXP 	str_fixRest: autoDraw = True
2112.4977 	DATA 	Keypress: 5
2113.2971 	DATA 	Keypress: 5
2114.0978 	DATA 	Keypress: 5
2114.8949 	DATA 	Keypress: 5
2115.6955 	DATA 	Keypress: 5
2116.4947 	DATA 	Keypress: 5
2117.2938 	DATA 	Keypress: 5
2118.0951 	DATA 	Keypress: 5
2118.8970 	DATA 	Keypress: 5
2119.6960 	DATA 	Keypress: 5
2120.4951 	DATA 	Keypress: 5
2121.2942 	DATA 	Keypress: 5
2122.0961 	DATA 	Keypress: 5
2122.8952 	DATA 	Keypress: 5
2123.2020 	EXP 	str_bangRest: autoDraw = True
2123.2158 	EXP 	str_fixRest: autoDraw = False
2123.6932 	DATA 	Keypress: 5
2123.7074 	EXP 	Imported chooseTrialOrderFile.xlsx as conditions, 12 conditions, 1 params
2123.7077 	EXP 	Created sequence: sequential, trialTypes=12, nReps=1, seed=None
2123.7080 	EXP 	New trial (rep=0, index=0): {'trialOrderFile': 'scan_order1.xlsx'}
2123.7138 	EXP 	Imported scan_order1.xlsx as conditions, 8 conditions, 4 params
2123.7140 	EXP 	Created sequence: sequential, trialTypes=8, nReps=1, seed=None
2123.7142 	EXP 	New trial (rep=0, index=0): {'im_fName': 'cl001.jpg', 'key_correct': 2, 'im_type': 'scene', 'im_familiarity': 'familiar'}
2123.7656 	EXP 	str_fixRest: autoDraw = False
2123.7656 	EXP 	str_bangRest: autoDraw = False
2123.7656 	EXP 	im_trialImage: size = array([0.8       , 0.94814815])
2123.7656 	EXP 	im_trialImage: image = 'cl001.jpg'
2123.7656 	EXP 	im_trialImage: autoDraw = True
2124.5016 	DATA 	Keypress: 5
2124.5676 	DATA 	Keypress: 2
2125.3007 	DATA 	Keypress: 5
2125.7153 	EXP 	im_trialImage: autoDraw = False
2125.7153 	EXP 	str_fixITI: autoDraw = True
2126.1013 	DATA 	Keypress: 5
2126.2002 	EXP 	New trial (rep=0, index=1): {'im_fName': 'cl002.jpg', 'key_correct': 1, 'im_type': 'animal', 'im_familiarity': 'familiar'}
2126.2273 	EXP 	str_fixITI: autoDraw = False
2126.2273 	EXP 	im_trialImage: size = array([0.79583333, 0.94259259])
2126.2273 	EXP 	im_trialImage: image = 'cl002.jpg'
2126.2273 	EXP 	im_trialImage: autoDraw = True
2126.8958 	DATA 	Keypress: 5
2127.0418 	DATA 	Keypress: 1
2127.6958 	DATA 	Keypress: 5
2128.2148 	EXP 	im_trialImage: autoDraw = False
2128.2148 	EXP 	str_fixITI: autoDraw = True
2128.5015 	DATA 	Keypress: 5
2128.7013 	EXP 	New trial (rep=0, index=2): {'im_fName': 'cl003.jpg', 'key_correct': 2, 'im_type': 'scene', 'im_familiarity': 'familiar'}
2128.7266 	EXP 	str_fixITI: autoDraw = False
2128.7266 	EXP 	im_trialImage: size = array([0.8       , 0.94814815])
2128.7266 	EXP 	im_trialImage: image = 'cl003.jpg'
2128.7266 	EXP 	im_trialImage: autoDraw = True
2129.2998 	DATA 	Keypress: 5
2129.4849 	DATA 	Keypress: 2
2130.1019 	DATA 	Keypress: 5
2130.7069 	EXP 	im_trialImage: autoDraw = False
2130.7069 	EXP 	str_fixITI: autoDraw = True
2130.9005 	DATA 	Keypress: 5
2131.1978 	EXP 	New trial (rep=0, index=3): {'im_fName': 'cl004.jpg', 'key_correct': 1, 'im_type': 'animal', 'im_familiarity': 'familiar'}
2131.2227 	EXP 	str_fixITI: autoDraw = False
2131.2227 	EXP 	im_trialImage: size = array([0.79583333, 0.94259259])
2131.2227 	EXP 	im_trialImage: image = 'cl004.jpg'
2131.2227 	EXP 	im_trialImage: autoDraw = True
2131.6930 	DATA 	Keypress: 5
2131.9260 	DATA 	Keypress: 1
2132.4940 	DATA 	Keypress: 5
2133.2141 	EXP 	im_trialImage: autoDraw = False
2133.2141 	EXP 	str_fixITI: autoDraw = True
2133.3007 	DATA 	Keypress: 5
2133.7003 	EXP 	New trial (rep=0, index=4): {'im_fName': 'cl005.jpg', 'key_correct': 2, 'im_type': 'scene', 'im_familiarity': 'familiar'}
2133.7721 	EXP 	str_fixITI: autoDraw = False
2133.7721 	EXP 	im_trialImage: size = array([0.8       , 0.94814815])
2133.7721 	EXP 	im_trialImage: image = 'cl005.jpg'
2133.7721 	EXP 	im_trialImage: autoDraw = True
2134.0991 	DATA 	Keypress: 5
2134.3662 	DATA 	Keypress: 2
2134.8991 	DATA 	Keypress: 5
2135.6987 	DATA 	Keypress: 5
2135.7054 	EXP 	im_trialImage: autoDraw = False
2135.7054 	EXP 	str_fixITI: autoDraw = True
2136.1967 	EXP 	New trial (rep=0, index=5): {'im_fName': 'cl006.jpg', 'key_correct': 2, 'im_type': 'scene', 'im_familiarity': 'familiar'}
2136.2210 	EXP 	str_fixITI: autoDraw = False
2136.2210 	EXP 	im_trialImage: size = array([0.8       , 0.94814815])
2136.2210 	EXP 	im_trialImage: image = 'cl006.jpg'
2136.2210 	EXP 	im_trialImage: autoDraw = True
2136.5012 	DATA 	Keypress: 5
2136.9733 	DATA 	Keypress: 2
2137.3062 	DATA 	Keypress: 5
2138.1013 	DATA 	Keypress: 5
2138.2123 	EXP 	im_trialImage: autoDraw = False
2138.2123 	EXP 	str_fixITI: autoDraw = True
2138.6987 	EXP 	New trial (rep=0, index=6): {'im_fName': 'cl007.jpg', 'key_correct': 1, 'im_type': 'animal', 'im_familiarity': 'familiar'}
2138.7376 	EXP 	str_fixITI: autoDraw = False
2138.7376 	EXP 	im_trialImage: size = array([0.79583333, 0.94259259])
2138.7376 	EXP 	im_trialImage: image = 'cl007.jpg'
2138.7376 	EXP 	im_trialImage: autoDraw = True
2138.8973 	DATA 	Keypress: 5
2139.4313 	DATA 	Keypress: 1
2139.6974 	DATA 	Keypress: 5
2140.4974 	DATA 	Keypress: 5
2140.7117 	EXP 	im_trialImage: autoDraw = False
2140.7117 	EXP 	str_fixITI: autoDraw = True
2141.2037 	EXP 	New trial (rep=0, index=7): {'im_fName': 'cl008.jpg', 'key_correct': 1, 'im_type': 'animal', 'im_familiarity': 'familiar'}
2141.2230 	EXP 	str_fixITI: autoDraw = False
2141.2230 	EXP 	im_trialImage: size = array([0.79583333, 0.94259259])
2141.2230 	EXP 	im_trialImage: image = 'cl008.jpg'
2141.2230 	EXP 	im_trialImage: autoDraw = True
2141.3054 	DATA 	Keypress: 5
2141.9405 	DATA 	Keypress: 1
2142.0975 	DATA 	Keypress: 5
2142.8965 	DATA 	Keypress: 5
2143.2115 	EXP 	im_trialImage: autoDraw = False
2143.2115 	EXP 	str_fixITI: autoDraw = True
2143.7000 	DATA 	Keypress: 5
2143.7110 	EXP 	str_fixITI: autoDraw = False
2143.7110 	EXP 	str_fixRest: autoDraw = True
2144.4992 	DATA 	Keypress: 5
2145.2972 	DATA 	Keypress: 5
2146.0963 	DATA 	Keypress: 5
2146.8952 	DATA 	Keypress: 5
2147.6984 	DATA 	Keypress: 5
2148.4974 	DATA 	Keypress: 5
2149.2964 	DATA 	Keypress: 5
2150.0954 	DATA 	Keypress: 5
2150.8975 	DATA 	Keypress: 5
2151.6945 	DATA 	Keypress: 5
2152.4945 	DATA 	Keypress: 5
2153.2947 	DATA 	Keypress: 5
2154.1026 	DATA 	Keypress: 5
2154.8946 	DATA 	Keypress: 5
2155.2008 	EXP 	str_bangRest: autoDraw = True
2155.2185 	EXP 	str_fixRest: autoDraw = False
2155.6953 	EXP 	New trial (rep=0, index=1): {'trialOrderFile': 'scan_order2.xlsx'}
2155.7025 	EXP 	Imported scan_order2.xlsx as conditions, 8 conditions, 4 params
2155.7027 	EXP 	Created sequence: sequential, trialTypes=8, nReps=1, seed=None
2155.7029 	EXP 	New trial (rep=0, index=0): {'im_fName': 'cl009.jpg', 'key_correct': 2, 'im_type': 'scene', 'im_familiarity': 'novel'}
2155.7562 	DATA 	Keypress: 5
2155.7669 	EXP 	str_bangRest: autoDraw = False
2155.7669 	EXP 	str_fixRest: autoDraw = False
2155.7669 	EXP 	str_bangRest: autoDraw = False
2155.7669 	EXP 	im_trialImage: size = array([0.8       , 0.94814815])
2155.7669 	EXP 	im_trialImage: image = 'cl009.jpg'
2155.7669 	EXP 	im_trialImage: autoDraw = True
2156.5022 	DATA 	Keypress: 5
2156.7352 	DATA 	Keypress: 2
2157.3022 	DATA 	Keypress: 5
2157.7104 	EXP 	im_trialImage: autoDraw = False
2157.7104 	EXP 	str_fixITI: autoDraw = True
2158.0939 	DATA 	Keypress: 5
2158.2083 	EXP 	New trial (rep=0, index=1): {'im_fName': 'cl010.jpg', 'key_correct': 1, 'im_type': 'animal', 'im_familiarity': 'novel'}
2158.2332 	EXP 	str_fixITI: autoDraw = False
2158.2332 	EXP 	im_trialImage: size = array([0.79583333, 0.94259259])
2158.2332 	EXP 	im_trialImage: image = 'cl010.jpg'
2158.2332 	EXP 	im_trialImage: autoDraw = True
2158.9033 	DATA 	Keypress: 5
2159.0682 	DATA 	Keypress: 1
2159.6963 	DATA 	Keypress: 5
2160.2165 	EXP 	im_trialImage: autoDraw = False
2160.2165 	EXP 	str_fixITI: autoDraw = True
2160.5010 	DATA 	Keypress: 5
2160.6992 	EXP 	New trial (rep=0, index=2): {'im_fName': 'cl011.jpg', 'key_correct': 1, 'im_type': 'animal', 'im_familiarity': 'novel'}
2160.7189 	EXP 	str_fixITI: autoDraw = False
2160.7189 	EXP 	im_trialImage: size = array([0.79583333, 0.94259259])
2160.7189 	EXP 	im_trialImage: image = 'cl011.jpg'
2160.7189 	EXP 	im_trialImage: autoDraw = True
2161.3024 	DATA 	Keypress: 5
2161.5023 	DATA 	Keypress: 1
2162.0954 	DATA 	Keypress: 5
2162.7077 	EXP 	im_trialImage: autoDraw = False
2162.7077 	EXP 	str_fixITI: autoDraw = True
2162.8951 	DATA 	Keypress: 5
2163.1992 	EXP 	New trial (rep=0, index=3): {'im_fName': 'cl012.jpg', 'key_correct': 1, 'im_type': 'animal', 'im_familiarity': 'novel'}
2163.2172 	EXP 	str_fixITI: autoDraw = False
2163.2172 	EXP 	im_trialImage: size = array([0.79583333, 0.94259259])
2163.2172 	EXP 	im_trialImage: image = 'cl012.jpg'
2163.2172 	EXP 	im_trialImage: autoDraw = True
2163.7005 	DATA 	Keypress: 5
2163.7665 	DATA 	Keypress: 1
2164.5015 	DATA 	Keypress: 5
2165.2076 	EXP 	im_trialImage: autoDraw = False
2165.2076 	EXP 	str_fixITI: autoDraw = True
2165.3011 	DATA 	Keypress: 5
2165.6988 	EXP 	New trial (rep=0, index=4): {'im_fName': 'cl013.jpg', 'key_correct': 2, 'im_type': 'scene', 'im_familiarity': 'novel'}
2165.7491 	EXP 	str_fixITI: autoDraw = False
2165.7491 	EXP 	im_trialImage: size = array([0.8       , 0.94814815])
2165.7491 	EXP 	im_trialImage: image = 'cl013.jpg'
2165.7491 	EXP 	im_trialImage: autoDraw = True
2166.1026 	DATA 	Keypress: 5
2166.3267 	DATA 	Keypress: 2
2166.9026 	DATA 	Keypress: 5
2167.7022 	DATA 	Keypress: 5
2167.7138 	EXP 	im_trialImage: autoDraw = False
2167.7138 	EXP 	str_fixITI: autoDraw = True
2168.1977 	EXP 	New trial (rep=0, index=5): {'im_fName': 'cl014.jpg', 'key_correct': 1, 'im_type': 'animal', 'im_familiarity': 'novel'}
2168.2306 	EXP 	str_fixITI: autoDraw = False
2168.2306 	EXP 	im_trialImage: size = array([0.79583333, 0.94259259])
2168.2306 	EXP 	im_trialImage: image = 'cl014.jpg'
2168.2306 	EXP 	im_trialImage: autoDraw = True
2168.4987 	DATA 	Keypress: 5
2168.8657 	DATA 	Keypress: 1
2169.2987 	DATA 	Keypress: 5
2170.0988 	DATA 	Keypress: 5
2170.2048 	EXP 	im_trialImage: autoDraw = False
2170.2048 	EXP 	str_fixITI: autoDraw = True
2170.6978 	EXP 	New trial (rep=0, index=6): {'im_fName': 'cl015.jpg', 'key_correct': 2, 'im_type': 'scene', 'im_familiarity': 'novel'}
2170.7473 	EXP 	str_fixITI: autoDraw = False
2170.7473 	EXP 	im_trialImage: size = array([0.8       , 0.94814815])
2170.7473 	EXP 	im_trialImage: image = 'cl015.jpg'
2170.7473 	EXP 	im_trialImage: autoDraw = True
2170.8939 	DATA 	Keypress: 5
2171.4998 	DATA 	Keypress: 2
2171.6998 	DATA 	Keypress: 5
2172.4999 	DATA 	Keypress: 5
2172.7059 	EXP 	im_trialImage: autoDraw = False
2172.7059 	EXP 	str_fixITI: autoDraw = True
2173.1992 	EXP 	New trial (rep=0, index=7): {'im_fName': 'cl016.jpg', 'key_correct': 2, 'im_type': 'scene', 'im_familiarity': 'novel'}
2173.2207 	EXP 	str_fixITI: autoDraw = False
2173.2207 	EXP 	im_trialImage: size = array([0.8       , 0.94814815])
2173.2207 	EXP 	im_trialImage: image = 'cl016.jpg'
2173.2207 	EXP 	im_trialImage: autoDraw = True
2173.3009 	DATA 	Keypress: 5
2174.0349 	DATA 	Keypress: 2
2174.1009 	DATA 	Keypress: 5
2174.8990 	DATA 	Keypress: 5
2175.2049 	EXP 	im_trialImage: autoDraw = False
2175.2049 	EXP 	str_fixITI: autoDraw = True
2175.6976 	DATA 	Keypress: 5
2175.7132 	EXP 	str_fixITI: autoDraw = False
2175.7132 	EXP 	str_fixRest: autoDraw = True
2176.4966 	DATA 	Keypress: 5
2177.2987 	DATA 	Keypress: 5
2178.0987 	DATA 	Keypress: 5
2178.8968 	DATA 	Keypress: 5
2179.6954 	DATA 	Keypress: 5
2180.4979 	DATA 	Keypress: 5
2181.2959 	DATA 	Keypress: 5
2182.0958 	DATA 	Keypress: 5
2182.8949 	DATA 	Keypress: 5
2183.6979 	DATA 	Keypress: 5
2184.4970 	DATA 	Keypress: 5
2185.2961 	DATA 	Keypress: 5
2186.0951 	DATA 	Keypress: 5
2186.8952 	DATA 	Keypress: 5
2187.2030 	EXP 	str_bangRest: autoDraw = True
2187.2260 	EXP 	str_fixRest: autoDraw = False
2187.6951 	DATA 	Keypress: 5
2187.7030 	EXP 	New trial (rep=0, index=2): {'trialOrderFile': 'scan_order3.xlsx'}
2187.7118 	EXP 	Imported scan_order3.xlsx as conditions, 8 conditions, 4 params
2187.7121 	EXP 	Created sequence: sequential, trialTypes=8, nReps=1, seed=None
2187.7123 	EXP 	New trial (rep=0, index=0): {'im_fName': 'cl017.jpg', 'key_correct': 2, 'im_type': 'scene', 'im_familiarity': 'familiar'}
2187.7624 	EXP 	str_fixRest: autoDraw = False
2187.7624 	EXP 	str_bangRest: autoDraw = False
2187.7624 	EXP 	im_trialImage: size = array([0.8       , 0.94814815])
2187.7624 	EXP 	im_trialImage: image = 'cl017.jpg'
2187.7624 	EXP 	im_trialImage: autoDraw = True
2188.4947 	DATA 	Keypress: 5
2188.7606 	DATA 	Keypress: 2
2189.3027 	DATA 	Keypress: 5
2189.7099 	EXP 	im_trialImage: autoDraw = False
2189.7099 	EXP 	str_fixITI: autoDraw = True
2190.0954 	DATA 	Keypress: 5
2190.2031 	EXP 	New trial (rep=0, index=1): {'im_fName': 'cl018.jpg', 'key_correct': 1, 'im_type': 'animal', 'im_familiarity': 'familiar'}
2190.2337 	EXP 	str_fixITI: autoDraw = False
2190.2337 	EXP 	im_trialImage: size = array([0.79583333, 0.94259259])
2190.2337 	EXP 	im_trialImage: image = 'cl018.jpg'
2190.2337 	EXP 	im_trialImage: autoDraw = True
2190.8968 	DATA 	Keypress: 5
2191.0108 	DATA 	Keypress: 1
2191.6938 	DATA 	Keypress: 5
2192.2099 	EXP 	im_trialImage: autoDraw = False
2192.2099 	EXP 	str_fixITI: autoDraw = True
2192.4955 	DATA 	Keypress: 5
2192.7024 	EXP 	New trial (rep=0, index=2): {'im_fName': 'cl019.jpg', 'key_correct': 1, 'im_type': 'animal', 'im_familiarity': 'familiar'}
2192.7245 	EXP 	str_fixITI: autoDraw = False
2192.7245 	EXP 	im_trialImage: size = array([0.79583333, 0.94259259])
2192.7245 	EXP 	im_trialImage: image = 'cl019.jpg'
2192.7245 	EXP 	im_trialImage: autoDraw = True
2193.2849 	DATA 	Keypress: 1
2193.2949 	DATA 	Keypress: 5
2194.0949 	DATA 	Keypress: 5
2194.7157 	EXP 	im_trialImage: autoDraw = False
2194.7157 	EXP 	str_fixITI: autoDraw = True
2194.8935 	DATA 	Keypress: 5
2195.2025 	EXP 	New trial (rep=0, index=3): {'im_fName': 'cl020.jpg', 'key_correct': 2, 'im_type': 'scene', 'im_familiarity': 'familiar'}
2195.2658 	EXP 	str_fixITI: autoDraw = False
2195.2658 	EXP 	im_trialImage: size = array([0.8       , 0.94814815])
2195.2658 	EXP 	im_trialImage: image = 'cl020.jpg'
2195.2658 	EXP 	im_trialImage: autoDraw = True
2195.7031 	DATA 	Keypress: 5
2195.9790 	DATA 	Keypress: 2
2196.5040 	DATA 	Keypress: 5
2197.2162 	EXP 	im_trialImage: autoDraw = False
2197.2162 	EXP 	str_fixITI: autoDraw = True
2197.3005 	DATA 	Keypress: 5
2197.7005 	EXP 	New trial (rep=0, index=4): {'im_fName': 'cl021.jpg', 'key_correct': 2, 'im_type': 'scene', 'im_familiarity': 'familiar'}
2197.7187 	EXP 	str_fixITI: autoDraw = False
2197.7187 	EXP 	im_trialImage: size = array([0.8       , 0.94814815])
2197.7187 	EXP 	im_trialImage: image = 'cl021.jpg'
2197.7187 	EXP 	im_trialImage: autoDraw = True
2198.1021 	DATA 	Keypress: 5
2198.3691 	DATA 	Keypress: 2
2198.9021 	DATA 	Keypress: 5
2199.7008 	DATA 	Keypress: 5
2199.7077 	EXP 	im_trialImage: autoDraw = False
2199.7077 	EXP 	str_fixITI: autoDraw = True
2200.1983 	EXP 	New trial (rep=0, index=5): {'im_fName': 'cl022.jpg', 'key_correct': 2, 'im_type': 'scene', 'im_familiarity': 'familiar'}
2200.2147 	EXP 	str_fixITI: autoDraw = False
2200.2147 	EXP 	im_trialImage: size = array([0.8       , 0.94814815])
2200.2147 	EXP 	im_trialImage: image = 'cl022.jpg'
2200.2147 	EXP 	im_trialImage: autoDraw = True
2200.5032 	DATA 	Keypress: 5
2200.8352 	DATA 	Keypress: 2
2201.3032 	DATA 	Keypress: 5
2202.0944 	DATA 	Keypress: 5
2202.2142 	EXP 	im_trialImage: autoDraw = False
2202.2142 	EXP 	str_fixITI: autoDraw = True
2202.7007 	EXP 	New trial (rep=0, index=6): {'im_fName': 'cl023.jpg', 'key_correct': 1, 'im_type': 'animal', 'im_familiarity': 'familiar'}
2202.7309 	EXP 	str_fixITI: autoDraw = False
2202.7309 	EXP 	im_trialImage: size = array([0.79583333, 0.94259259])
2202.7309 	EXP 	im_trialImage: image = 'cl023.jpg'
2202.7309 	EXP 	im_trialImage: autoDraw = True
2202.9013 	DATA 	Keypress: 5
2203.2523 	DATA 	Keypress: 1
2203.6994 	DATA 	Keypress: 5
2204.4994 	DATA 	Keypress: 5
2204.7054 	EXP 	im_trialImage: autoDraw = False
2204.7054 	EXP 	str_fixITI: autoDraw = True
2205.1996 	EXP 	New trial (rep=0, index=7): {'im_fName': 'cl024.jpg', 'key_correct': 1, 'im_type': 'animal', 'im_familiarity': 'familiar'}
2205.2215 	EXP 	str_fixITI: autoDraw = False
2205.2215 	EXP 	im_trialImage: size = array([0.79583333, 0.94259259])
2205.2215 	EXP 	im_trialImage: image = 'cl024.jpg'
2205.2215 	EXP 	im_trialImage: autoDraw = True
2205.3074 	DATA 	Keypress: 5
2205.7904 	DATA 	Keypress: 1
2206.1005 	DATA 	Keypress: 5
2206.8985 	DATA 	Keypress: 5
2207.2044 	EXP 	im_trialImage: autoDraw = False
2207.2044 	EXP 	str_fixITI: autoDraw = True
2207.6991 	DATA 	Keypress: 5
2207.7059 	EXP 	str_fixITI: autoDraw = False
2207.7059 	EXP 	str_fixRest: autoDraw = True
2208.4982 	DATA 	Keypress: 5
2209.3052 	DATA 	Keypress: 5
2210.0982 	DATA 	Keypress: 5
2210.8985 	DATA 	Keypress: 5
2211.6973 	DATA 	Keypress: 5
2212.5053 	DATA 	Keypress: 5
2213.2962 	DATA 	Keypress: 5
2214.0975 	DATA 	Keypress: 5
2214.8985 	DATA 	Keypress: 5
2215.6965 	DATA 	Keypress: 5
2216.4985 	DATA 	Keypress: 5
2217.3036 	DATA 	Keypress: 5
2218.0976 	DATA 	Keypress: 5
2218.9037 	DATA 	Keypress: 5
2219.1959 	EXP 	str_bangRest: autoDraw = True
2219.2181 	EXP 	str_fixRest: autoDraw = False
2219.6881 	EXP 	New trial (rep=0, index=3): {'trialOrderFile': 'scan_order4.xlsx'}
2219.6953 	EXP 	Imported scan_order4.xlsx as conditions, 8 conditions, 4 params
2219.6956 	EXP 	Created sequence: sequential, trialTypes=8, nReps=1, seed=None
2219.6958 	EXP 	New trial (rep=0, index=0): {'im_fName': 'cl025.jpg', 'key_correct': 1, 'im_type': 'animal', 'im_familiarity': 'novel'}
2219.7122 	DATA 	Keypress: 5
2219.7204 	EXP 	str_bangRest: autoDraw = False
2219.7204 	EXP 	str_fixRest: autoDraw = False
2219.7204 	EXP 	str_bangRest: autoDraw = False
2219.7204 	EXP 	im_trialImage: size = array([0.8       , 0.94814815])
2219.7204 	EXP 	im_trialImage: image = 'cl025.jpg'
2219.7204 	EXP 	im_trialImage: autoDraw = True
2220.3652 	DATA 	Keypress: 1
2220.4981 	DATA 	Keypress: 5
2221.2953 	DATA 	Keypress: 5
2221.7175 	EXP 	im_trialImage: autoDraw = False
2221.7175 	EXP 	str_fixITI: autoDraw = True
2222.0947 	DATA 	Keypress: 5
2222.2028 	EXP 	New trial (rep=0, index=1): {'im_fName': 'cl026.jpg', 'key_correct': 1, 'im_type': 'animal', 'im_familiarity': 'novel'}
2222.2258 	EXP 	str_fixITI: autoDraw = False
2222.2258 	EXP 	im_trialImage: size = array([0.8       , 0.94814815])
2222.2258 	EXP 	im_trialImage: image = 'cl026.jpg'
2222.2258 	EXP 	im_trialImage: autoDraw = True
2222.8983 	DATA 	Keypress: 5
2222.9983 	DATA 	Keypress: 1
2223.6973 	DATA 	Keypress: 5
2224.2094 	EXP 	im_trialImage: autoDraw = False
2224.2094 	EXP 	str_fixITI: autoDraw = True
2224.4951 	DATA 	Keypress: 5
2224.7019 	EXP 	New trial (rep=0, index=2): {'im_fName': 'cl027.jpg', 'key_correct': 2, 'im_type': 'scene', 'im_familiarity': 'novel'}
2224.7191 	EXP 	str_fixITI: autoDraw = False
2224.7191 	EXP 	im_trialImage: size = array([0.8       , 0.94814815])
2224.7191 	EXP 	im_trialImage: image = 'cl027.jpg'
2224.7191 	EXP 	im_trialImage: autoDraw = True
2225.2974 	DATA 	Keypress: 5
2225.4204 	DATA 	Keypress: 2
2226.0973 	DATA 	Keypress: 5
2226.7094 	EXP 	im_trialImage: autoDraw = False
2226.7094 	EXP 	str_fixITI: autoDraw = True
2226.8961 	DATA 	Keypress: 5
2227.2018 	EXP 	New trial (rep=0, index=3): {'im_fName': 'cl028.jpg', 'key_correct': 2, 'im_type': 'scene', 'im_familiarity': 'novel'}
2227.2199 	EXP 	str_fixITI: autoDraw = False
2227.2199 	EXP 	im_trialImage: size = array([0.8       , 0.94814815])
2227.2199 	EXP 	im_trialImage: image = 'cl028.jpg'
2227.2199 	EXP 	im_trialImage: autoDraw = True
2227.6955 	DATA 	Keypress: 5
2227.9515 	DATA 	Keypress: 2
2228.4946 	DATA 	Keypress: 5
2229.2088 	EXP 	im_trialImage: autoDraw = False
2229.2088 	EXP 	str_fixITI: autoDraw = True
2229.3007 	DATA 	Keypress: 5
2229.6997 	EXP 	New trial (rep=0, index=4): {'im_fName': 'cl029.jpg', 'key_correct': 2, 'im_type': 'scene', 'im_familiarity': 'novel'}
2229.7161 	EXP 	str_fixITI: autoDraw = False
2229.7161 	EXP 	im_trialImage: size = array([0.8       , 0.94814815])
2229.7161 	EXP 	im_trialImage: image = 'cl029.jpg'
2229.7161 	EXP 	im_trialImage: autoDraw = True
2230.0966 	DATA 	Keypress: 5
2230.4627 	DATA 	Keypress: 2
2230.8956 	DATA 	Keypress: 5
2231.6947 	DATA 	Keypress: 5
2231.7154 	EXP 	im_trialImage: autoDraw = False
2231.7154 	EXP 	str_fixITI: autoDraw = True
2232.2001 	EXP 	New trial (rep=0, index=5): {'im_fName': 'cl030.jpg', 'key_correct': 1, 'im_type': 'animal', 'im_familiarity': 'novel'}
2232.2184 	EXP 	str_fixITI: autoDraw = False
2232.2184 	EXP 	im_trialImage: size = array([0.8       , 0.94814815])
2232.2184 	EXP 	im_trialImage: image = 'cl030.jpg'
2232.2184 	EXP 	im_trialImage: autoDraw = True
2232.4957 	DATA 	Keypress: 5
2232.8187 	DATA 	Keypress: 1
2233.2957 	DATA 	Keypress: 5
2234.0958 	DATA 	Keypress: 5
2234.2160 	EXP 	im_trialImage: autoDraw = False
2234.2160 	EXP 	str_fixITI: autoDraw = True
2234.7004 	EXP 	New trial (rep=0, index=6): {'im_fName': 'cl031.jpg', 'key_correct': 2, 'im_type': 'scene', 'im_familiarity': 'novel'}
2234.7487 	EXP 	str_fixITI: autoDraw = False
2234.7487 	EXP 	im_trialImage: size = array([0.79479167, 0.94814815])
2234.7487 	EXP 	im_trialImage: image = 'cl031.jpg'
2234.7487 	EXP 	im_trialImage: autoDraw = True
2234.8948 	DATA 	Keypress: 5
2235.5518 	DATA 	Keypress: 2
2235.7028 	DATA 	Keypress: 5
2236.4949 	DATA 	Keypress: 5
2236.7153 	EXP 	im_trialImage: autoDraw = False
2236.7153 	EXP 	str_fixITI: autoDraw = True
2237.2003 	EXP 	New trial (rep=0, index=7): {'im_fName': 'cl032.jpg', 'key_correct': 1, 'im_type': 'animal', 'im_familiarity': 'novel'}
2237.2248 	EXP 	str_fixITI: autoDraw = False
2237.2248 	EXP 	im_trialImage: size = array([0.8       , 0.94814815])
2237.2248 	EXP 	im_trialImage: image = 'cl032.jpg'
2237.2248 	EXP 	im_trialImage: autoDraw = True
2237.2950 	DATA 	Keypress: 5
2238.1030 	DATA 	Keypress: 5
2238.2590 	DATA 	Keypress: 1
2238.8941 	DATA 	Keypress: 5
2239.2070 	EXP 	im_trialImage: autoDraw = False
2239.2070 	EXP 	str_fixITI: autoDraw = True
2239.7006 	DATA 	Keypress: 5
2239.7079 	EXP 	str_fixITI: autoDraw = False
2239.7079 	EXP 	str_fixRest: autoDraw = True
2240.5007 	DATA 	Keypress: 5
2241.2998 	DATA 	Keypress: 5
2242.1007 	DATA 	Keypress: 5
2242.8974 	DATA 	Keypress: 5
2243.6988 	DATA 	Keypress: 5
2244.4978 	DATA 	Keypress: 5
2245.2979 	DATA 	Keypress: 5
2246.1050 	DATA 	Keypress: 5
2246.9000 	DATA 	Keypress: 5
2247.7000 	DATA 	Keypress: 5
2248.4991 	DATA 	Keypress: 5
2249.2981 	DATA 	Keypress: 5
2250.0970 	DATA 	Keypress: 5
2250.8982 	DATA 	Keypress: 5
2251.2023 	EXP 	str_bangRest: autoDraw = True
2251.2106 	EXP 	str_fixRest: autoDraw = False
2251.6971 	EXP 	New trial (rep=0, index=4): {'trialOrderFile': 'scan_order5.xlsx'}
2251.7041 	EXP 	Imported scan_order5.xlsx as conditions, 8 conditions, 4 params
2251.7043 	EXP 	Created sequence: sequential, trialTypes=8, nReps=1, seed=None
2251.7045 	EXP 	New trial (rep=0, index=0): {'im_fName': 'cl033.jpg', 'key_correct': 1, 'im_type': 'animal', 'im_familiarity': 'familiar'}
2251.7296 	DATA 	Keypress: 5
2251.7377 	EXP 	str_fixRest: autoDraw = False
2251.7377 	EXP 	str_bangRest: autoDraw = False
2251.7377 	EXP 	im_trialImage: size = array([0.79583333, 0.94259259])
2251.7377 	EXP 	im_trialImage: image = 'cl033.jpg'
2251.7377 	EXP 	im_trialImage: autoDraw = True
2252.3296 	DATA 	Keypress: 1
2252.4997 	DATA 	Keypress: 5
2253.2977 	DATA 	Keypress: 5
2253.7129 	EXP 	im_trialImage: autoDraw = False
2253.7129 	EXP 	str_fixITI: autoDraw = True
2254.0953 	DATA 	Keypress: 5
2254.2034 	EXP 	New trial (rep=0, index=1): {'im_fName': 'cl034.jpg', 'key_correct': 1, 'im_type': 'animal', 'im_familiarity': 'familiar'}
2254.2211 	EXP 	str_fixITI: autoDraw = False
2254.2211 	EXP 	im_trialImage: size = array([0.79583333, 0.94259259])
2254.2211 	EXP 	im_trialImage: image = 'cl034.jpg'
2254.2211 	EXP 	im_trialImage: autoDraw = True
2254.7987 	DATA 	Keypress: 1
2254.8967 	DATA 	Keypress: 5
2255.6968 	DATA 	Keypress: 5
2256.2189 	EXP 	im_trialImage: autoDraw = False
2256.2189 	EXP 	str_fixITI: autoDraw = True
2256.4974 	DATA 	Keypress: 5
2256.7015 	EXP 	New trial (rep=0, index=2): {'im_fName': 'cl035.jpg', 'key_correct': 1, 'im_type': 'animal', 'im_familiarity': 'familiar'}
2256.7197 	EXP 	str_fixITI: autoDraw = False
2256.7197 	EXP 	im_trialImage: size = array([0.79583333, 0.94259259])
2256.7197 	EXP 	im_trialImage: image = 'cl035.jpg'
2256.7197 	EXP 	im_trialImage: autoDraw = True
2257.2399 	DATA 	Keypress: 1
2257.2968 	DATA 	Keypress: 5
2258.0950 	DATA 	Keypress: 5
2258.7109 	EXP 	im_trialImage: autoDraw = False
2258.7109 	EXP 	str_fixITI: autoDraw = True
2258.9025 	DATA 	Keypress: 5
2259.2032 	EXP 	New trial (rep=0, index=3): {'im_fName': 'cl036.jpg', 'key_correct': 2, 'im_type': 'scene', 'im_familiarity': 'familiar'}
2259.2507 	EXP 	str_fixITI: autoDraw = False
2259.2507 	EXP 	im_trialImage: size = array([0.8       , 0.94814815])
2259.2507 	EXP 	im_trialImage: image = 'cl036.jpg'
2259.2507 	EXP 	im_trialImage: autoDraw = True
2259.6980 	DATA 	Keypress: 5
2259.8880 	DATA 	Keypress: 2
2260.5020 	DATA 	Keypress: 5
2261.2103 	EXP 	im_trialImage: autoDraw = False
2261.2103 	EXP 	str_fixITI: autoDraw = True
2261.3026 	DATA 	Keypress: 5
2261.7010 	EXP 	New trial (rep=0, index=4): {'im_fName': 'cl037.jpg', 'key_correct': 1, 'im_type': 'animal', 'im_familiarity': 'familiar'}
2261.7253 	EXP 	str_fixITI: autoDraw = False
2261.7253 	EXP 	im_trialImage: size = array([0.79583333, 0.94259259])
2261.7253 	EXP 	im_trialImage: image = 'cl037.jpg'
2261.7253 	EXP 	im_trialImage: autoDraw = True
2262.0952 	DATA 	Keypress: 5
2262.3621 	DATA 	Keypress: 1
2262.8952 	DATA 	Keypress: 5
2263.7025 	DATA 	Keypress: 5
2263.7094 	EXP 	im_trialImage: autoDraw = False
2263.7094 	EXP 	str_fixITI: autoDraw = True
2264.2017 	EXP 	New trial (rep=0, index=5): {'im_fName': 'cl038.jpg', 'key_correct': 2, 'im_type': 'scene', 'im_familiarity': 'familiar'}
2264.2260 	EXP 	str_fixITI: autoDraw = False
2264.2260 	EXP 	im_trialImage: size = array([0.8       , 0.94814815])
2264.2260 	EXP 	im_trialImage: image = 'cl038.jpg'
2264.2260 	EXP 	im_trialImage: autoDraw = True
2264.4962 	DATA 	Keypress: 5
2264.7883 	DATA 	Keypress: 2
2265.3013 	DATA 	Keypress: 5
2266.0963 	DATA 	Keypress: 5
2266.2165 	EXP 	im_trialImage: autoDraw = False
2266.2165 	EXP 	str_fixITI: autoDraw = True
2266.6992 	EXP 	New trial (rep=0, index=6): {'im_fName': 'cl039.jpg', 'key_correct': 2, 'im_type': 'scene', 'im_familiarity': 'familiar'}
2266.7319 	EXP 	str_fixITI: autoDraw = False
2266.7319 	EXP 	im_trialImage: size = array([0.8       , 0.94814815])
2266.7319 	EXP 	im_trialImage: image = 'cl039.jpg'
2266.7319 	EXP 	im_trialImage: autoDraw = True
2266.9043 	DATA 	Keypress: 5
2267.5044 	DATA 	Keypress: 2
2267.7043 	DATA 	Keypress: 5
2268.5044 	DATA 	Keypress: 5
2268.7094 	EXP 	im_trialImage: autoDraw = False
2268.7094 	EXP 	str_fixITI: autoDraw = True
2269.1987 	EXP 	New trial (rep=0, index=7): {'im_fName': 'cl040.jpg', 'key_correct': 2, 'im_type': 'scene', 'im_familiarity': 'familiar'}
2269.2165 	EXP 	str_fixITI: autoDraw = False
2269.2165 	EXP 	im_trialImage: size = array([0.8       , 0.94814815])
2269.2165 	EXP 	im_trialImage: image = 'cl040.jpg'
2269.2165 	EXP 	im_trialImage: autoDraw = True
2269.3034 	DATA 	Keypress: 5
2269.6684 	DATA 	Keypress: 2
2270.1015 	DATA 	Keypress: 5
2270.9035 	DATA 	Keypress: 5
2271.2143 	EXP 	im_trialImage: autoDraw = False
2271.2143 	EXP 	str_fixITI: autoDraw = True
2271.7081 	DATA 	Keypress: 5
2271.7156 	EXP 	str_fixITI: autoDraw = False
2271.7156 	EXP 	str_fixRest: autoDraw = True
2272.5022 	DATA 	Keypress: 5
2273.2993 	DATA 	Keypress: 5
2274.1014 	DATA 	Keypress: 5
2274.9073 	DATA 	Keypress: 5
2275.7003 	DATA 	Keypress: 5
2276.4984 	DATA 	Keypress: 5
2277.3005 	DATA 	Keypress: 5
2278.0984 	DATA 	Keypress: 5
2278.8995 	DATA 	Keypress: 5
2279.7005 	DATA 	Keypress: 5
2280.4986 	DATA 	Keypress: 5
2281.2987 	DATA 	Keypress: 5
2282.1056 	DATA 	Keypress: 5
2282.8997 	DATA 	Keypress: 5
2283.2033 	EXP 	str_bangRest: autoDraw = True
2283.2208 	EXP 	str_fixRest: autoDraw = False
2283.6985 	EXP 	New trial (rep=0, index=5): {'trialOrderFile': 'scan_order6.xlsx'}
2283.7056 	EXP 	Imported scan_order6.xlsx as conditions, 8 conditions, 4 params
2283.7059 	EXP 	Created sequence: sequential, trialTypes=8, nReps=1, seed=None
2283.7061 	EXP 	New trial (rep=0, index=0): {'im_fName': 'cl041.jpg', 'key_correct': 2, 'im_type': 'scene', 'im_familiarity': 'novel'}
2283.7282 	DATA 	Keypress: 5
2283.7363 	EXP 	str_fixRest: autoDraw = False
2283.7363 	EXP 	str_bangRest: autoDraw = False
2283.7363 	EXP 	im_trialImage: size = array([0.8       , 0.94814815])
2283.7363 	EXP 	im_trialImage: image = 'cl041.jpg'
2283.7363 	EXP 	im_trialImage: autoDraw = True
2284.2171 	DATA 	Keypress: 2
2284.5052 	DATA 	Keypress: 5
2285.3002 	DATA 	Keypress: 5
2285.7130 	EXP 	im_trialImage: autoDraw = False
2285.7130 	EXP 	str_fixITI: autoDraw = True
2286.0989 	DATA 	Keypress: 5
2286.1969 	EXP 	New trial (rep=0, index=1): {'im_fName': 'cl042.jpg', 'key_correct': 2, 'im_type': 'scene', 'im_familiarity': 'novel'}
2286.2440 	EXP 	str_fixITI: autoDraw = False
2286.2440 	EXP 	im_trialImage: size = array([0.8       , 0.94814815])
2286.2440 	EXP 	im_trialImage: image = 'cl042.jpg'
2286.2440 	EXP 	im_trialImage: autoDraw = True
2286.8963 	DATA 	Keypress: 5
2287.1293 	DATA 	Keypress: 2
2287.6963 	DATA 	Keypress: 5
2288.2124 	EXP 	im_trialImage: autoDraw = False
2288.2124 	EXP 	str_fixITI: autoDraw = True
2288.4980 	DATA 	Keypress: 5
2288.7022 	EXP 	New trial (rep=0, index=2): {'im_fName': 'cl043.jpg', 'key_correct': 1, 'im_type': 'animal', 'im_familiarity': 'novel'}
2288.7438 	EXP 	str_fixITI: autoDraw = False
2288.7438 	EXP 	im_trialImage: size = array([0.79583333, 0.94259259])
2288.7438 	EXP 	im_trialImage: image = 'cl043.jpg'
2288.7438 	EXP 	im_trialImage: autoDraw = True
2289.2994 	DATA 	Keypress: 5
2289.4454 	DATA 	Keypress: 1
2290.0974 	DATA 	Keypress: 5
2290.7097 	EXP 	im_trialImage: autoDraw = False
2290.7097 	EXP 	str_fixITI: autoDraw = True
2290.8971 	DATA 	Keypress: 5
2291.2034 	EXP 	New trial (rep=0, index=3): {'im_fName': 'cl044.jpg', 'key_correct': 1, 'im_type': 'animal', 'im_familiarity': 'novel'}
2291.2266 	EXP 	str_fixITI: autoDraw = False
2291.2266 	EXP 	im_trialImage: size = array([0.79375  , 0.9462963])
2291.2266 	EXP 	im_trialImage: image = 'cl044.jpg'
2291.2266 	EXP 	im_trialImage: autoDraw = True
2291.6965 	DATA 	Keypress: 5
2291.9535 	DATA 	Keypress: 1
2292.4965 	DATA 	Keypress: 5
2293.2106 	EXP 	im_trialImage: autoDraw = False
2293.2106 	EXP 	str_fixITI: autoDraw = True
2293.2961 	DATA 	Keypress: 5
2293.7014 	EXP 	New trial (rep=0, index=4): {'im_fName': 'cl045.jpg', 'key_correct': 1, 'im_type': 'animal', 'im_familiarity': 'novel'}
2293.7536 	EXP 	str_fixITI: autoDraw = False
2293.7536 	EXP 	im_trialImage: size = array([0.8       , 0.94814815])
2293.7536 	EXP 	im_trialImage: image = 'cl045.jpg'
2293.7536 	EXP 	im_trialImage: autoDraw = True
2294.0967 	DATA 	Keypress: 5
2294.6366 	DATA 	Keypress: 1
2294.8947 	DATA 	Keypress: 5
2295.7032 	DATA 	Keypress: 5
2295.7100 	EXP 	im_trialImage: autoDraw = False
2295.7100 	EXP 	str_fixITI: autoDraw = True
2296.2007 	EXP 	New trial (rep=0, index=5): {'im_fName': 'cl046.jpg', 'key_correct': 2, 'im_type': 'scene', 'im_familiarity': 'novel'}
2296.2334 	EXP 	str_fixITI: autoDraw = False
2296.2334 	EXP 	im_trialImage: size = array([0.8       , 0.94814815])
2296.2334 	EXP 	im_trialImage: image = 'cl046.jpg'
2296.2334 	EXP 	im_trialImage: autoDraw = True
2296.5037 	DATA 	Keypress: 5
2296.9187 	DATA 	Keypress: 2
2297.2948 	DATA 	Keypress: 5
2298.0968 	DATA 	Keypress: 5
2298.2168 	EXP 	im_trialImage: autoDraw = False
2298.2168 	EXP 	str_fixITI: autoDraw = True
2298.7031 	EXP 	New trial (rep=0, index=6): {'im_fName': 'cl047.jpg', 'key_correct': 2, 'im_type': 'scene', 'im_familiarity': 'novel'}
2298.7244 	EXP 	str_fixITI: autoDraw = False
2298.7244 	EXP 	im_trialImage: size = array([0.8       , 0.94814815])
2298.7244 	EXP 	im_trialImage: image = 'cl047.jpg'
2298.7244 	EXP 	im_trialImage: autoDraw = True
2298.8968 	DATA 	Keypress: 5
2299.3119 	DATA 	Keypress: 2
2299.7018 	DATA 	Keypress: 5
2300.5009 	DATA 	Keypress: 5
2300.7080 	EXP 	im_trialImage: autoDraw = False
2300.7080 	EXP 	str_fixITI: autoDraw = True
2301.2013 	EXP 	New trial (rep=0, index=7): {'im_fName': 'cl048.jpg', 'key_correct': 1, 'im_type': 'animal', 'im_familiarity': 'novel'}
2301.2325 	EXP 	str_fixITI: autoDraw = False
2301.2325 	EXP 	im_trialImage: size = array([0.79583333, 0.94259259])
2301.2325 	EXP 	im_trialImage: image = 'cl048.jpg'
2301.2325 	EXP 	im_trialImage: autoDraw = True
2301.3029 	DATA 	Keypress: 5
2301.7940 	DATA 	Keypress: 1
2302.1039 	DATA 	Keypress: 5
2302.9040 	DATA 	Keypress: 5
2303.2151 	EXP 	im_trialImage: autoDraw = False
2303.2151 	EXP 	str_fixITI: autoDraw = True
2303.7026 	DATA 	Keypress: 5
2303.7094 	EXP 	str_fixITI: autoDraw = False
2303.7094 	EXP 	str_fixRest: autoDraw = True
2304.5017 	DATA 	Keypress: 5
2305.3028 	DATA 	Keypress: 5
2306.0994 	DATA 	Keypress: 5
2306.8997 	DATA 	Keypress: 5
2307.6998 	DATA 	Keypress: 5
2308.4999 	DATA 	Keypress: 5
2309.3020 	DATA 	Keypress: 5
2310.1020 	DATA 	Keypress: 5
2310.9071 	DATA 	Keypress: 5
2311.7070 	DATA 	Keypress: 5
2312.4991 	DATA 	Keypress: 5
2313.2980 	DATA 	Keypress: 5
2314.0981 	DATA 	Keypress: 5
2314.8982 	DATA 	Keypress: 5
2315.2038 	EXP 	str_bangRest: autoDraw = True
2315.2128 	EXP 	str_fixRest: autoDraw = False
2315.6984 	EXP 	New trial (rep=0, index=6): {'trialOrderFile': 'scan_order7.xlsx'}
2315.7049 	EXP 	Imported scan_order7.xlsx as conditions, 8 conditions, 4 params
2315.7052 	EXP 	Created sequence: sequential, trialTypes=8, nReps=1, seed=None
2315.7054 	EXP 	New trial (rep=0, index=0): {'im_fName': 'cl049.jpg', 'key_correct': 1, 'im_type': 'animal', 'im_familiarity': 'familiar'}
2315.7148 	DATA 	Keypress: 5
2315.7223 	EXP 	str_fixRest: autoDraw = False
2315.7223 	EXP 	str_bangRest: autoDraw = False
2315.7223 	EXP 	im_trialImage: size = array([0.79583333, 0.94259259])
2315.7223 	EXP 	im_trialImage: image = 'cl049.jpg'
2315.7223 	EXP 	im_trialImage: autoDraw = True
2316.2227 	DATA 	Keypress: 1
2316.4997 	DATA 	Keypress: 5
2317.2987 	DATA 	Keypress: 5
2317.7199 	EXP 	im_trialImage: autoDraw = False
2317.7199 	EXP 	str_fixITI: autoDraw = True
2318.0973 	DATA 	Keypress: 5
2318.2037 	EXP 	New trial (rep=0, index=1): {'im_fName': 'cl050.jpg', 'key_correct': 1, 'im_type': 'animal', 'im_familiarity': 'familiar'}
2318.2203 	EXP 	str_fixITI: autoDraw = False
2318.2203 	EXP 	im_trialImage: size = array([0.79583333, 0.94259259])
2318.2203 	EXP 	im_trialImage: image = 'cl050.jpg'
2318.2203 	EXP 	im_trialImage: autoDraw = True
2318.8717 	DATA 	Keypress: 1
2318.9058 	DATA 	Keypress: 5
2319.7048 	DATA 	Keypress: 5
2320.2193 	EXP 	im_trialImage: autoDraw = False
2320.2193 	EXP 	str_fixITI: autoDraw = True
2320.4963 	DATA 	Keypress: 5
2320.7046 	EXP 	New trial (rep=0, index=2): {'im_fName': 'cl051.jpg', 'key_correct': 1, 'im_type': 'animal', 'im_familiarity': 'familiar'}
2320.7226 	EXP 	str_fixITI: autoDraw = False
2320.7226 	EXP 	im_trialImage: size = array([0.79583333, 0.94259259])
2320.7226 	EXP 	im_trialImage: image = 'cl051.jpg'
2320.7226 	EXP 	im_trialImage: autoDraw = True
2321.1649 	DATA 	Keypress: 1
2321.2979 	DATA 	Keypress: 5
2322.0999 	DATA 	Keypress: 5
2322.7109 	EXP 	im_trialImage: autoDraw = False
2322.7109 	EXP 	str_fixITI: autoDraw = True
2322.8971 	DATA 	Keypress: 5
2323.1968 	EXP 	New trial (rep=0, index=3): {'im_fName': 'cl052.jpg', 'key_correct': 2, 'im_type': 'scene', 'im_familiarity': 'familiar'}
2323.2606 	EXP 	str_fixITI: autoDraw = False
2323.2606 	EXP 	im_trialImage: size = array([0.8       , 0.94814815])
2323.2606 	EXP 	im_trialImage: image = 'cl052.jpg'
2323.2606 	EXP 	im_trialImage: autoDraw = True
2323.6980 	DATA 	Keypress: 5
2323.8870 	DATA 	Keypress: 2
2324.4961 	DATA 	Keypress: 5
2325.2111 	EXP 	im_trialImage: autoDraw = False
2325.2111 	EXP 	str_fixITI: autoDraw = True
2325.3033 	DATA 	Keypress: 5
2325.7036 	EXP 	New trial (rep=0, index=4): {'im_fName': 'cl053.jpg', 'key_correct': 2, 'im_type': 'scene', 'im_familiarity': 'familiar'}
2325.7216 	EXP 	str_fixITI: autoDraw = False
2325.7216 	EXP 	im_trialImage: size = array([0.8       , 0.94814815])
2325.7216 	EXP 	im_trialImage: image = 'cl053.jpg'
2325.7216 	EXP 	im_trialImage: autoDraw = True
2326.1041 	DATA 	Keypress: 5
2326.2571 	DATA 	Keypress: 2
2326.8952 	DATA 	Keypress: 5
2327.6952 	DATA 	Keypress: 5
2327.7113 	EXP 	im_trialImage: autoDraw = False
2327.7113 	EXP 	str_fixITI: autoDraw = True
2328.2016 	EXP 	New trial (rep=0, index=5): {'im_fName': 'cl054.jpg', 'key_correct': 2, 'im_type': 'scene', 'im_familiarity': 'familiar'}
2328.2357 	EXP 	str_fixITI: autoDraw = False
2328.2357 	EXP 	im_trialImage: size = array([0.8       , 0.94814815])
2328.2357 	EXP 	im_trialImage: image = 'cl054.jpg'
2328.2357 	EXP 	im_trialImage: autoDraw = True
2328.4953 	DATA 	Keypress: 5
2328.7712 	DATA 	Keypress: 2
2329.3033 	DATA 	Keypress: 5
2330.1023 	DATA 	Keypress: 5
2330.2094 	EXP 	im_trialImage: autoDraw = False
2330.2094 	EXP 	str_fixITI: autoDraw = True
2330.7037 	EXP 	New trial (rep=0, index=6): {'im_fName': 'cl055.jpg', 'key_correct': 1, 'im_type': 'animal', 'im_familiarity': 'familiar'}
2330.7423 	EXP 	str_fixITI: autoDraw = False
2330.7423 	EXP 	im_trialImage: size = array([0.79583333, 0.94259259])
2330.7423 	EXP 	im_trialImage: image = 'cl055.jpg'
2330.7423 	EXP 	im_trialImage: autoDraw = True
2330.9023 	DATA 	Keypress: 5
2331.3644 	DATA 	Keypress: 1
2331.7042 	DATA 	Keypress: 5
2332.5034 	DATA 	Keypress: 5
2332.7093 	EXP 	im_trialImage: autoDraw = False
2332.7093 	EXP 	str_fixITI: autoDraw = True
2333.2027 	EXP 	New trial (rep=0, index=7): {'im_fName': 'cl056.jpg', 'key_correct': 2, 'im_type': 'scene', 'im_familiarity': 'familiar'}
2333.2416 	EXP 	str_fixITI: autoDraw = False
2333.2416 	EXP 	im_trialImage: size = array([0.8       , 0.94814815])
2333.2416 	EXP 	im_trialImage: image = 'cl056.jpg'
2333.2416 	EXP 	im_trialImage: autoDraw = True
2333.3044 	DATA 	Keypress: 5
2334.0965 	DATA 	Keypress: 5
2334.4765 	DATA 	Keypress: 2
2334.8965 	DATA 	Keypress: 5
2335.2167 	EXP 	im_trialImage: autoDraw = False
2335.2167 	EXP 	str_fixITI: autoDraw = True
2335.7021 	DATA 	Keypress: 5
2335.7094 	EXP 	str_fixITI: autoDraw = False
2335.7094 	EXP 	str_fixRest: autoDraw = True
2336.5032 	DATA 	Keypress: 5
2337.3012 	DATA 	Keypress: 5
2338.1023 	DATA 	Keypress: 5
2338.9023 	DATA 	Keypress: 5
2339.7004 	DATA 	Keypress: 5
2340.5014 	DATA 	Keypress: 5
2341.3025 	DATA 	Keypress: 5
2342.1004 	DATA 	Keypress: 5
2342.9015 	DATA 	Keypress: 5
2343.7006 	DATA 	Keypress: 5
2344.5075 	DATA 	Keypress: 5
2345.2992 	DATA 	Keypress: 5
2346.0997 	DATA 	Keypress: 5
2346.9003 	DATA 	Keypress: 5
2347.1988 	EXP 	str_bangRest: autoDraw = True
2347.2213 	EXP 	str_fixRest: autoDraw = False
2347.6921 	EXP 	New trial (rep=0, index=7): {'trialOrderFile': 'scan_order8.xlsx'}
2347.6992 	EXP 	Imported scan_order8.xlsx as conditions, 8 conditions, 4 params
2347.6994 	EXP 	Created sequence: sequential, trialTypes=8, nReps=1, seed=None
2347.6997 	EXP 	New trial (rep=0, index=0): {'im_fName': 'cl057.jpg', 'key_correct': 2, 'im_type': 'scene', 'im_familiarity': 'novel'}
2347.7232 	DATA 	Keypress: 5
2347.7314 	EXP 	str_bangRest: autoDraw = False
2347.7314 	EXP 	str_fixRest: autoDraw = False
2347.7314 	EXP 	str_bangRest: autoDraw = False
2347.7314 	EXP 	im_trialImage: size = array([0.79583333, 0.94259259])
2347.7314 	EXP 	im_trialImage: image = 'cl057.jpg'
2347.7314 	EXP 	im_trialImage: autoDraw = True
2348.4502 	DATA 	Keypress: 2
2348.5062 	DATA 	Keypress: 5
2349.3062 	DATA 	Keypress: 5
2349.7131 	EXP 	im_trialImage: autoDraw = False
2349.7131 	EXP 	str_fixITI: autoDraw = True
2350.0988 	DATA 	Keypress: 5
2350.1986 	EXP 	New trial (rep=0, index=1): {'im_fName': 'cl058.jpg', 'key_correct': 2, 'im_type': 'scene', 'im_familiarity': 'novel'}
2350.2377 	EXP 	str_fixITI: autoDraw = False
2350.2377 	EXP 	im_trialImage: size = array([0.8       , 0.94814815])
2350.2377 	EXP 	im_trialImage: image = 'cl058.jpg'
2350.2377 	EXP 	im_trialImage: autoDraw = True
2350.8993 	DATA 	Keypress: 5
2351.0563 	DATA 	Keypress: 2
2351.6993 	DATA 	Keypress: 5
2352.2122 	EXP 	im_trialImage: autoDraw = False
2352.2122 	EXP 	str_fixITI: autoDraw = True
2352.4980 	DATA 	Keypress: 5
2352.7040 	EXP 	New trial (rep=0, index=2): {'im_fName': 'cl059.jpg', 'key_correct': 1, 'im_type': 'animal', 'im_familiarity': 'novel'}
2352.7230 	EXP 	str_fixITI: autoDraw = False
2352.7230 	EXP 	im_trialImage: size = array([0.8       , 0.94814815])
2352.7230 	EXP 	im_trialImage: image = 'cl059.jpg'
2352.7230 	EXP 	im_trialImage: autoDraw = True
2353.3054 	DATA 	Keypress: 5
2353.3824 	DATA 	Keypress: 1
2354.1004 	DATA 	Keypress: 5
2354.7133 	EXP 	im_trialImage: autoDraw = False
2354.7133 	EXP 	str_fixITI: autoDraw = True
2354.8972 	DATA 	Keypress: 5
2355.1975 	EXP 	New trial (rep=0, index=3): {'im_fName': 'cl060.jpg', 'key_correct': 2, 'im_type': 'scene', 'im_familiarity': 'novel'}
2355.2222 	EXP 	str_fixITI: autoDraw = False
2355.2222 	EXP 	im_trialImage: size = array([0.79375   , 0.93888889])
2355.2222 	EXP 	im_trialImage: image = 'cl060.jpg'
2355.2222 	EXP 	im_trialImage: autoDraw = True
2355.6975 	DATA 	Keypress: 5
2356.0835 	DATA 	Keypress: 2
2356.4965 	DATA 	Keypress: 5
2357.2194 	EXP 	im_trialImage: autoDraw = False
2357.2194 	EXP 	str_fixITI: autoDraw = True
2357.2972 	DATA 	Keypress: 5
2357.7031 	EXP 	New trial (rep=0, index=4): {'im_fName': 'cl061.jpg', 'key_correct': 2, 'im_type': 'scene', 'im_familiarity': 'novel'}
2357.7276 	EXP 	str_fixITI: autoDraw = False
2357.7276 	EXP 	im_trialImage: size = array([0.8       , 0.94814815])
2357.7276 	EXP 	im_trialImage: image = 'cl061.jpg'
2357.7276 	EXP 	im_trialImage: autoDraw = True
2358.0976 	DATA 	Keypress: 5
2358.4976 	DATA 	Keypress: 2
2358.8956 	DATA 	Keypress: 5
2359.7043 	DATA 	Keypress: 5
2359.7110 	EXP 	im_trialImage: autoDraw = False
2359.7110 	EXP 	str_fixITI: autoDraw = True
2360.2033 	EXP 	New trial (rep=0, index=5): {'im_fName': 'cl062.jpg', 'key_correct': 1, 'im_type': 'animal', 'im_familiarity': 'novel'}
2360.2204 	EXP 	str_fixITI: autoDraw = False
2360.2204 	EXP 	im_trialImage: size = array([0.8       , 0.94814815])
2360.2204 	EXP 	im_trialImage: image = 'cl062.jpg'
2360.2204 	EXP 	im_trialImage: autoDraw = True
2360.5037 	DATA 	Keypress: 5
2361.0137 	DATA 	Keypress: 1
2361.3038 	DATA 	Keypress: 5
2362.0968 	DATA 	Keypress: 5
2362.2178 	EXP 	im_trialImage: autoDraw = False
2362.2178 	EXP 	str_fixITI: autoDraw = True
2362.7099 	EXP 	New trial (rep=0, index=6): {'im_fName': 'cl063.jpg', 'key_correct': 1, 'im_type': 'animal', 'im_familiarity': 'novel'}
2362.7452 	EXP 	str_fixITI: autoDraw = False
2362.7452 	EXP 	im_trialImage: size = array([0.79583333, 0.94259259])
2362.7452 	EXP 	im_trialImage: image = 'cl063.jpg'
2362.7452 	EXP 	im_trialImage: autoDraw = True
2362.8978 	DATA 	Keypress: 5
2363.4649 	DATA 	Keypress: 1
2363.6979 	DATA 	Keypress: 5
2364.4980 	DATA 	Keypress: 5
2364.7181 	EXP 	im_trialImage: autoDraw = False
2364.7181 	EXP 	str_fixITI: autoDraw = True
2365.2016 	EXP 	New trial (rep=0, index=7): {'im_fName': 'cl064.jpg', 'key_correct': 1, 'im_type': 'animal', 'im_familiarity': 'novel'}
2365.2204 	EXP 	str_fixITI: autoDraw = False
2365.2204 	EXP 	im_trialImage: size = array([0.79583333, 0.94259259])
2365.2204 	EXP 	im_trialImage: image = 'cl064.jpg'
2365.2204 	EXP 	im_trialImage: autoDraw = True
2365.3030 	DATA 	Keypress: 5
2365.9030 	DATA 	Keypress: 1
2366.1030 	DATA 	Keypress: 5
2366.8970 	DATA 	Keypress: 5
2367.2170 	EXP 	im_trialImage: autoDraw = False
2367.2170 	EXP 	str_fixITI: autoDraw = True
2367.6958 	DATA 	Keypress: 5
2367.7165 	EXP 	str_fixITI: autoDraw = False
2367.7165 	EXP 	str_fixRest: autoDraw = True
2368.5027 	DATA 	Keypress: 5
2369.3017 	DATA 	Keypress: 5
2370.1008 	DATA 	Keypress: 5
2370.8949 	DATA 	Keypress: 5
2371.7018 	DATA 	Keypress: 5
2372.5008 	DATA 	Keypress: 5
2373.2950 	DATA 	Keypress: 5
2374.1000 	DATA 	Keypress: 5
2374.9010 	DATA 	Keypress: 5
2375.7010 	DATA 	Keypress: 5
2376.5021 	DATA 	Keypress: 5
2377.3001 	DATA 	Keypress: 5
2378.0990 	DATA 	Keypress: 5
2378.9002 	DATA 	Keypress: 5
2379.2055 	EXP 	str_bangRest: autoDraw = True
2379.2244 	EXP 	str_fixRest: autoDraw = False
2379.6977 	EXP 	New trial (rep=0, index=8): {'trialOrderFile': 'scan_order9.xlsx'}
2379.7043 	EXP 	Imported scan_order9.xlsx as conditions, 8 conditions, 4 params
2379.7045 	EXP 	Created sequence: sequential, trialTypes=8, nReps=1, seed=None
2379.7047 	EXP 	New trial (rep=0, index=0): {'im_fName': 'cl065.jpg', 'key_correct': 2, 'im_type': 'scene', 'im_familiarity': 'familiar'}
2379.7287 	DATA 	Keypress: 5
2379.7389 	EXP 	str_fixRest: autoDraw = False
2379.7389 	EXP 	str_bangRest: autoDraw = False
2379.7389 	EXP 	im_trialImage: size = array([0.8       , 0.94814815])
2379.7389 	EXP 	im_trialImage: image = 'cl065.jpg'
2379.7389 	EXP 	im_trialImage: autoDraw = True
2380.3106 	DATA 	Keypress: 2
2380.5007 	DATA 	Keypress: 5
2381.3007 	DATA 	Keypress: 5
2381.7066 	EXP 	im_trialImage: autoDraw = False
2381.7066 	EXP 	str_fixITI: autoDraw = True
2382.1064 	DATA 	Keypress: 5
2382.1983 	EXP 	New trial (rep=0, index=1): {'im_fName': 'cl066.jpg', 'key_correct': 1, 'im_type': 'animal', 'im_familiarity': 'familiar'}
2382.2227 	EXP 	str_fixITI: autoDraw = False
2382.2227 	EXP 	im_trialImage: size = array([0.79583333, 0.94259259])
2382.2227 	EXP 	im_trialImage: image = 'cl066.jpg'
2382.2227 	EXP 	im_trialImage: autoDraw = True
2382.8668 	DATA 	Keypress: 1
2382.8998 	DATA 	Keypress: 5
2383.6998 	DATA 	Keypress: 5
2384.2057 	EXP 	im_trialImage: autoDraw = False
2384.2057 	EXP 	str_fixITI: autoDraw = True
2384.4985 	DATA 	Keypress: 5
2384.7047 	EXP 	New trial (rep=0, index=2): {'im_fName': 'cl067.jpg', 'key_correct': 2, 'im_type': 'scene', 'im_familiarity': 'familiar'}
2384.7296 	EXP 	str_fixITI: autoDraw = False
2384.7296 	EXP 	im_trialImage: size = array([0.8       , 0.94814815])
2384.7296 	EXP 	im_trialImage: image = 'cl067.jpg'
2384.7296 	EXP 	im_trialImage: autoDraw = True
2385.3009 	DATA 	Keypress: 5
2386.0829 	DATA 	Keypress: 2
2386.1059 	DATA 	Keypress: 5
2386.7132 	EXP 	im_trialImage: autoDraw = False
2386.7132 	EXP 	str_fixITI: autoDraw = True
2386.8996 	DATA 	Keypress: 5
2387.2055 	EXP 	New trial (rep=0, index=3): {'im_fName': 'cl068.jpg', 'key_correct': 1, 'im_type': 'animal', 'im_familiarity': 'familiar'}
2387.2298 	EXP 	str_fixITI: autoDraw = False
2387.2298 	EXP 	im_trialImage: size = array([0.79583333, 0.94259259])
2387.2298 	EXP 	im_trialImage: image = 'cl068.jpg'
2387.2298 	EXP 	im_trialImage: autoDraw = True
2387.7010 	DATA 	Keypress: 5
2387.7810 	DATA 	Keypress: 1
2388.5060 	DATA 	Keypress: 5
2389.2060 	EXP 	im_trialImage: autoDraw = False
2389.2060 	EXP 	str_fixITI: autoDraw = True
2389.2986 	DATA 	Keypress: 5
2389.6964 	EXP 	New trial (rep=0, index=4): {'im_fName': 'cl069.jpg', 'key_correct': 1, 'im_type': 'animal', 'im_familiarity': 'familiar'}
2389.7156 	EXP 	str_fixITI: autoDraw = False
2389.7156 	EXP 	im_trialImage: size = array([0.79583333, 0.94259259])
2389.7156 	EXP 	im_trialImage: image = 'cl069.jpg'
2389.7156 	EXP 	im_trialImage: autoDraw = True
2390.1051 	DATA 	Keypress: 5
2390.3570 	DATA 	Keypress: 1
2390.9001 	DATA 	Keypress: 5
2391.7047 	DATA 	Keypress: 5
2391.7120 	EXP 	im_trialImage: autoDraw = False
2391.7120 	EXP 	str_fixITI: autoDraw = True
2392.2029 	EXP 	New trial (rep=0, index=5): {'im_fName': 'cl070.jpg', 'key_correct': 2, 'im_type': 'scene', 'im_familiarity': 'familiar'}
2392.2612 	EXP 	str_fixITI: autoDraw = False
2392.2612 	EXP 	im_trialImage: size = array([0.8       , 0.94814815])
2392.2612 	EXP 	im_trialImage: image = 'cl070.jpg'
2392.2612 	EXP 	im_trialImage: autoDraw = True
2392.4982 	DATA 	Keypress: 5
2392.8482 	DATA 	Keypress: 2
2393.3043 	DATA 	Keypress: 5
2394.0993 	DATA 	Keypress: 5
2394.2103 	EXP 	im_trialImage: autoDraw = False
2394.2103 	EXP 	str_fixITI: autoDraw = True
2394.7038 	EXP 	New trial (rep=0, index=6): {'im_fName': 'cl071.jpg', 'key_correct': 2, 'im_type': 'scene', 'im_familiarity': 'familiar'}
2394.7388 	EXP 	str_fixITI: autoDraw = False
2394.7388 	EXP 	im_trialImage: size = array([0.8       , 0.94814815])
2394.7388 	EXP 	im_trialImage: image = 'cl071.jpg'
2394.7388 	EXP 	im_trialImage: autoDraw = True
2394.8973 	DATA 	Keypress: 5
2395.3294 	DATA 	Keypress: 2
2395.6974 	DATA 	Keypress: 5
2396.4974 	DATA 	Keypress: 5
2396.7097 	EXP 	im_trialImage: autoDraw = False
2396.7097 	EXP 	str_fixITI: autoDraw = True
2397.2049 	EXP 	New trial (rep=0, index=7): {'im_fName': 'cl072.jpg', 'key_correct': 1, 'im_type': 'animal', 'im_familiarity': 'familiar'}
2397.2281 	EXP 	str_fixITI: autoDraw = False
2397.2281 	EXP 	im_trialImage: size = array([0.79583333, 0.94259259])
2397.2281 	EXP 	im_trialImage: image = 'cl072.jpg'
2397.2281 	EXP 	im_trialImage: autoDraw = True
2397.3034 	DATA 	Keypress: 5
2397.8155 	DATA 	Keypress: 1
2398.1045 	DATA 	Keypress: 5
2398.9035 	DATA 	Keypress: 5
2399.2094 	EXP 	im_trialImage: autoDraw = False
2399.2094 	EXP 	str_fixITI: autoDraw = True
2399.7051 	DATA 	Keypress: 5
2399.7172 	EXP 	str_fixITI: autoDraw = False
2399.7172 	EXP 	str_fixRest: autoDraw = True
2400.5042 	DATA 	Keypress: 5
2401.3033 	DATA 	Keypress: 5
2402.1043 	DATA 	Keypress: 5
2402.9032 	DATA 	Keypress: 5
2403.6965 	DATA 	Keypress: 5
2404.5024 	DATA 	Keypress: 5
2405.3035 	DATA 	Keypress: 5
2406.1015 	DATA 	Keypress: 5
2406.9015 	DATA 	Keypress: 5
2407.7025 	DATA 	Keypress: 5
2408.5015 	DATA 	Keypress: 5
2409.3016 	DATA 	Keypress: 5
2410.1016 	DATA 	Keypress: 5
2410.9028 	DATA 	Keypress: 5
2411.2063 	EXP 	str_bangRest: autoDraw = True
2411.2259 	EXP 	str_fixRest: autoDraw = False
2411.7018 	EXP 	New trial (rep=0, index=9): {'trialOrderFile': 'scan_order10.xlsx'}
2411.7094 	EXP 	Imported scan_order10.xlsx as conditions, 8 conditions, 4 params
2411.7096 	EXP 	Created sequence: sequential, trialTypes=8, nReps=1, seed=None
2411.7099 	EXP 	New trial (rep=0, index=0): {'im_fName': 'cl073.jpg', 'key_correct': 2, 'im_type': 'scene', 'im_familiarity': 'novel'}
2411.7272 	DATA 	Keypress: 5
2411.7349 	EXP 	str_fixRest: autoDraw = False
2411.7349 	EXP 	str_bangRest: autoDraw = False
2411.7349 	EXP 	im_trialImage: size = array([0.8       , 0.94814815])
2411.7349 	EXP 	im_trialImage: image = 'cl073.jpg'
2411.7349 	EXP 	im_trialImage: autoDraw = True
2412.3171 	DATA 	Keypress: 2
2412.5031 	DATA 	Keypress: 5
2413.3012 	DATA 	Keypress: 5
2413.7061 	EXP 	im_trialImage: autoDraw = False
2413.7061 	EXP 	str_fixITI: autoDraw = True
2414.1079 	DATA 	Keypress: 5
2414.2002 	EXP 	New trial (rep=0, index=1): {'im_fName': 'cl074.jpg', 'key_correct': 2, 'im_type': 'scene', 'im_familiarity': 'novel'}
2414.2242 	EXP 	str_fixITI: autoDraw = False
2414.2242 	EXP 	im_trialImage: size = array([0.79583333, 0.94259259])
2414.2242 	EXP 	im_trialImage: image = 'cl074.jpg'
2414.2242 	EXP 	im_trialImage: autoDraw = True
2414.8524 	DATA 	Keypress: 2
2414.8993 	DATA 	Keypress: 5
2415.6993 	DATA 	Keypress: 5
2416.2062 	EXP 	im_trialImage: autoDraw = False
2416.2062 	EXP 	str_fixITI: autoDraw = True
2416.5010 	DATA 	Keypress: 5
2416.6989 	EXP 	New trial (rep=0, index=2): {'im_fName': 'cl075.jpg', 'key_correct': 1, 'im_type': 'animal', 'im_familiarity': 'novel'}
2416.7168 	EXP 	str_fixITI: autoDraw = False
2416.7168 	EXP 	im_trialImage: size = array([0.79583333, 0.94259259])
2416.7168 	EXP 	im_trialImage: image = 'cl075.jpg'
2416.7168 	EXP 	im_trialImage: autoDraw = True
2417.3074 	DATA 	Keypress: 5
2417.4404 	DATA 	Keypress: 1
2418.1074 	DATA 	Keypress: 5
2418.7135 	EXP 	im_trialImage: autoDraw = False
2418.7135 	EXP 	str_fixITI: autoDraw = True
2418.8990 	DATA 	Keypress: 5
2419.1989 	EXP 	New trial (rep=0, index=3): {'im_fName': 'cl076.jpg', 'key_correct': 1, 'im_type': 'animal', 'im_familiarity': 'novel'}
2419.2212 	EXP 	str_fixITI: autoDraw = False
2419.2212 	EXP 	im_trialImage: size = array([0.79583333, 0.94259259])
2419.2212 	EXP 	im_trialImage: image = 'cl076.jpg'
2419.2212 	EXP 	im_trialImage: autoDraw = True
2419.6985 	DATA 	Keypress: 5
2419.9845 	DATA 	Keypress: 1
2420.5065 	DATA 	Keypress: 5
2421.2125 	EXP 	im_trialImage: autoDraw = False
2421.2125 	EXP 	str_fixITI: autoDraw = True
2421.3002 	DATA 	Keypress: 5
2421.6985 	EXP 	New trial (rep=0, index=4): {'im_fName': 'cl077.jpg', 'key_correct': 2, 'im_type': 'scene', 'im_familiarity': 'novel'}
2421.7225 	EXP 	str_fixITI: autoDraw = False
2421.7225 	EXP 	im_trialImage: size = array([0.8       , 0.94814815])
2421.7225 	EXP 	im_trialImage: image = 'cl077.jpg'
2421.7225 	EXP 	im_trialImage: autoDraw = True
2422.1056 	DATA 	Keypress: 5
2422.9056 	DATA 	Keypress: 5
2423.0057 	DATA 	Keypress: 2
2423.7063 	DATA 	Keypress: 5
2423.7131 	EXP 	im_trialImage: autoDraw = False
2423.7131 	EXP 	str_fixITI: autoDraw = True
2424.1973 	EXP 	New trial (rep=0, index=5): {'im_fName': 'cl078.jpg', 'key_correct': 1, 'im_type': 'animal', 'im_familiarity': 'novel'}
2424.2202 	EXP 	str_fixITI: autoDraw = False
2424.2202 	EXP 	im_trialImage: size = array([0.79583333, 0.94259259])
2424.2202 	EXP 	im_trialImage: image = 'cl078.jpg'
2424.2202 	EXP 	im_trialImage: autoDraw = True
2424.5007 	DATA 	Keypress: 5
2424.9817 	DATA 	Keypress: 1
2425.3048 	DATA 	Keypress: 5
2426.1048 	DATA 	Keypress: 5
2426.2119 	EXP 	im_trialImage: autoDraw = False
2426.2119 	EXP 	str_fixITI: autoDraw = True
2426.7048 	EXP 	New trial (rep=0, index=6): {'im_fName': 'cl079.jpg', 'key_correct': 1, 'im_type': 'animal', 'im_familiarity': 'novel'}
2426.7223 	EXP 	str_fixITI: autoDraw = False
2426.7223 	EXP 	im_trialImage: size = array([0.79583333, 0.94259259])
2426.7223 	EXP 	im_trialImage: image = 'cl079.jpg'
2426.7223 	EXP 	im_trialImage: autoDraw = True
2426.9048 	DATA 	Keypress: 5
2427.3669 	DATA 	Keypress: 1
2427.6999 	DATA 	Keypress: 5
2428.4959 	DATA 	Keypress: 5
2428.7118 	EXP 	im_trialImage: autoDraw = False
2428.7118 	EXP 	str_fixITI: autoDraw = True
2429.2024 	EXP 	New trial (rep=0, index=7): {'im_fName': 'cl080.jpg', 'key_correct': 2, 'im_type': 'scene', 'im_familiarity': 'novel'}
2429.2193 	EXP 	str_fixITI: autoDraw = False
2429.2193 	EXP 	im_trialImage: size = array([0.79583333, 0.94259259])
2429.2193 	EXP 	im_trialImage: image = 'cl080.jpg'
2429.2193 	EXP 	im_trialImage: autoDraw = True
2429.2989 	DATA 	Keypress: 5
2430.1040 	DATA 	Keypress: 5
2430.4490 	DATA 	Keypress: 2
2430.8961 	DATA 	Keypress: 5
2431.2111 	EXP 	im_trialImage: autoDraw = False
2431.2111 	EXP 	str_fixITI: autoDraw = True
2431.7036 	DATA 	Keypress: 5
2431.7109 	EXP 	str_fixITI: autoDraw = False
2431.7109 	EXP 	str_fixRest: autoDraw = True
2432.4978 	DATA 	Keypress: 5
2433.2958 	DATA 	Keypress: 5
2434.1026 	DATA 	Keypress: 5
2434.9038 	DATA 	Keypress: 5
2435.6969 	DATA 	Keypress: 5
2436.4981 	DATA 	Keypress: 5
2437.2960 	DATA 	Keypress: 5
2438.0957 	DATA 	Keypress: 5
2438.9020 	DATA 	Keypress: 5
2439.7010 	DATA 	Keypress: 5
2440.5041 	DATA 	Keypress: 5
2441.3091 	DATA 	Keypress: 5
2442.1092 	DATA 	Keypress: 5
2442.9093 	DATA 	Keypress: 5
2443.2018 	EXP 	str_bangRest: autoDraw = True
2443.2154 	EXP 	str_fixRest: autoDraw = False
2443.6946 	EXP 	New trial (rep=0, index=10): {'trialOrderFile': 'scan_order11.xlsx'}
2443.7016 	EXP 	Imported scan_order11.xlsx as conditions, 8 conditions, 4 params
2443.7019 	EXP 	Created sequence: sequential, trialTypes=8, nReps=1, seed=None
2443.7021 	EXP 	New trial (rep=0, index=0): {'im_fName': 'cl081.jpg', 'key_correct': 1, 'im_type': 'animal', 'im_familiarity': 'familiar'}
2443.7127 	DATA 	Keypress: 5
2443.7235 	EXP 	str_bangRest: autoDraw = False
2443.7235 	EXP 	str_fixRest: autoDraw = False
2443.7235 	EXP 	str_bangRest: autoDraw = False
2443.7235 	EXP 	im_trialImage: size = array([0.79583333, 0.94259259])
2443.7235 	EXP 	im_trialImage: image = 'cl081.jpg'
2443.7235 	EXP 	im_trialImage: autoDraw = True
2444.2286 	DATA 	Keypress: 1
2444.5087 	DATA 	Keypress: 5
2445.3037 	DATA 	Keypress: 5
2445.7079 	EXP 	im_trialImage: autoDraw = False
2445.7079 	EXP 	str_fixITI: autoDraw = True
2446.1003 	DATA 	Keypress: 5
2446.1989 	EXP 	New trial (rep=0, index=1): {'im_fName': 'cl082.jpg', 'key_correct': 1, 'im_type': 'animal', 'im_familiarity': 'familiar'}
2446.2166 	EXP 	str_fixITI: autoDraw = False
2446.2166 	EXP 	im_trialImage: size = array([0.79583333, 0.94259259])
2446.2166 	EXP 	im_trialImage: image = 'cl082.jpg'
2446.2166 	EXP 	im_trialImage: autoDraw = True
2446.7098 	DATA 	Keypress: 1
2446.8998 	DATA 	Keypress: 5
2447.7038 	DATA 	Keypress: 5
2448.2142 	EXP 	im_trialImage: autoDraw = False
2448.2142 	EXP 	str_fixITI: autoDraw = True
2448.5015 	DATA 	Keypress: 5
2448.6985 	EXP 	New trial (rep=0, index=2): {'im_fName': 'cl083.jpg', 'key_correct': 2, 'im_type': 'scene', 'im_familiarity': 'familiar'}
2448.7393 	EXP 	str_fixITI: autoDraw = False
2448.7393 	EXP 	im_trialImage: size = array([0.8       , 0.94814815])
2448.7393 	EXP 	im_trialImage: image = 'cl083.jpg'
2448.7393 	EXP 	im_trialImage: autoDraw = True
2449.3007 	DATA 	Keypress: 5
2449.4699 	DATA 	Keypress: 2
2450.1029 	DATA 	Keypress: 5
2450.7150 	EXP 	im_trialImage: autoDraw = False
2450.7150 	EXP 	str_fixITI: autoDraw = True
2450.9076 	DATA 	Keypress: 5
2451.2056 	EXP 	New trial (rep=0, index=3): {'im_fName': 'cl084.jpg', 'key_correct': 1, 'im_type': 'animal', 'im_familiarity': 'familiar'}
2451.2305 	EXP 	str_fixITI: autoDraw = False
2451.2305 	EXP 	im_trialImage: size = array([0.79583333, 0.94259259])
2451.2305 	EXP 	im_trialImage: image = 'cl084.jpg'
2451.2305 	EXP 	im_trialImage: autoDraw = True
2451.6990 	DATA 	Keypress: 5
2452.5001 	DATA 	Keypress: 5
2452.9591 	DATA 	Keypress: 1
2453.2129 	EXP 	im_trialImage: autoDraw = False
2453.2129 	EXP 	str_fixITI: autoDraw = True
2453.2993 	DATA 	Keypress: 5
2453.6971 	EXP 	New trial (rep=0, index=4): {'im_fName': 'cl085.jpg', 'key_correct': 1, 'im_type': 'animal', 'im_familiarity': 'familiar'}
2453.7160 	EXP 	str_fixITI: autoDraw = False
2453.7160 	EXP 	im_trialImage: size = array([0.79583333, 0.94259259])
2453.7160 	EXP 	im_trialImage: image = 'cl085.jpg'
2453.7160 	EXP 	im_trialImage: autoDraw = True
2454.0981 	DATA 	Keypress: 5
2454.2851 	DATA 	Keypress: 1
2454.8981 	DATA 	Keypress: 5
2455.6988 	DATA 	Keypress: 5
2455.7056 	EXP 	im_trialImage: autoDraw = False
2455.7056 	EXP 	str_fixITI: autoDraw = True
2456.1985 	EXP 	New trial (rep=0, index=5): {'im_fName': 'cl086.jpg', 'key_correct': 2, 'im_type': 'scene', 'im_familiarity': 'familiar'}
2456.2222 	EXP 	str_fixITI: autoDraw = False
2456.2222 	EXP 	im_trialImage: size = array([0.8       , 0.94814815])
2456.2222 	EXP 	im_trialImage: image = 'cl086.jpg'
2456.2222 	EXP 	im_trialImage: autoDraw = True
2456.5062 	DATA 	Keypress: 5
2456.8733 	DATA 	Keypress: 2
2457.3063 	DATA 	Keypress: 5
2458.0973 	DATA 	Keypress: 5
2458.2133 	EXP 	im_trialImage: autoDraw = False
2458.2133 	EXP 	str_fixITI: autoDraw = True
2458.7043 	EXP 	New trial (rep=0, index=6): {'im_fName': 'cl087.jpg', 'key_correct': 2, 'im_type': 'scene', 'im_familiarity': 'familiar'}
2458.7221 	EXP 	str_fixITI: autoDraw = False
2458.7221 	EXP 	im_trialImage: size = array([0.8       , 0.94814815])
2458.7221 	EXP 	im_trialImage: image = 'cl087.jpg'
2458.7221 	EXP 	im_trialImage: autoDraw = True
2458.9053 	DATA 	Keypress: 5
2459.3594 	DATA 	Keypress: 2
2459.7054 	DATA 	Keypress: 5
2460.5054 	DATA 	Keypress: 5
2460.7126 	EXP 	im_trialImage: autoDraw = False
2460.7126 	EXP 	str_fixITI: autoDraw = True
2461.1978 	EXP 	New trial (rep=0, index=7): {'im_fName': 'cl088.jpg', 'key_correct': 2, 'im_type': 'scene', 'im_familiarity': 'familiar'}
2461.2527 	EXP 	str_fixITI: autoDraw = False
2461.2527 	EXP 	im_trialImage: size = array([0.8       , 0.94814815])
2461.2527 	EXP 	im_trialImage: image = 'cl088.jpg'
2461.2527 	EXP 	im_trialImage: autoDraw = True
2461.3053 	DATA 	Keypress: 5
2462.1045 	DATA 	Keypress: 5
2462.2915 	DATA 	Keypress: 2
2462.9045 	DATA 	Keypress: 5
2463.2121 	EXP 	im_trialImage: autoDraw = False
2463.2121 	EXP 	str_fixITI: autoDraw = True
2463.6962 	DATA 	Keypress: 5
2463.7118 	EXP 	str_fixITI: autoDraw = False
2463.7118 	EXP 	str_fixRest: autoDraw = True
2464.5042 	DATA 	Keypress: 5
2465.2983 	DATA 	Keypress: 5
2466.0983 	DATA 	Keypress: 5
2466.8964 	DATA 	Keypress: 5
2467.7034 	DATA 	Keypress: 5
2468.4963 	DATA 	Keypress: 5
2469.3034 	DATA 	Keypress: 5
2470.0966 	DATA 	Keypress: 5
2470.8966 	DATA 	Keypress: 5
2471.7025 	DATA 	Keypress: 5
2472.5049 	DATA 	Keypress: 5
2473.2967 	DATA 	Keypress: 5
2474.1016 	DATA 	Keypress: 5
2474.9017 	DATA 	Keypress: 5
2475.2009 	EXP 	str_bangRest: autoDraw = True
2475.2244 	EXP 	str_fixRest: autoDraw = False
2475.6941 	EXP 	New trial (rep=0, index=11): {'trialOrderFile': 'scan_order12.xlsx'}
2475.7010 	EXP 	Imported scan_order12.xlsx as conditions, 8 conditions, 4 params
2475.7012 	EXP 	Created sequence: sequential, trialTypes=8, nReps=1, seed=None
2475.7015 	EXP 	New trial (rep=0, index=0): {'im_fName': 'cl089.jpg', 'key_correct': 2, 'im_type': 'scene', 'im_familiarity': 'novel'}
2475.7162 	DATA 	Keypress: 5
2475.7248 	EXP 	str_bangRest: autoDraw = False
2475.7248 	EXP 	str_fixRest: autoDraw = False
2475.7248 	EXP 	str_bangRest: autoDraw = False
2475.7248 	EXP 	im_trialImage: size = array([0.79583333, 0.94259259])
2475.7248 	EXP 	im_trialImage: image = 'cl089.jpg'
2475.7248 	EXP 	im_trialImage: autoDraw = True
2476.5052 	DATA 	Keypress: 5
2476.7382 	DATA 	Keypress: 2
2477.2963 	DATA 	Keypress: 5
2477.7162 	EXP 	im_trialImage: autoDraw = False
2477.7162 	EXP 	str_fixITI: autoDraw = True
2478.1029 	DATA 	Keypress: 5
2478.1996 	EXP 	New trial (rep=0, index=1): {'im_fName': 'cl090.jpg', 'key_correct': 1, 'im_type': 'animal', 'im_familiarity': 'novel'}
2478.2172 	EXP 	str_fixITI: autoDraw = False
2478.2172 	EXP 	im_trialImage: size = array([0.79583333, 0.94259259])
2478.2172 	EXP 	im_trialImage: image = 'cl090.jpg'
2478.2172 	EXP 	im_trialImage: autoDraw = True
2478.9043 	DATA 	Keypress: 5
2478.9843 	DATA 	Keypress: 1
2479.7013 	DATA 	Keypress: 5
2480.2075 	EXP 	im_trialImage: autoDraw = False
2480.2075 	EXP 	str_fixITI: autoDraw = True
2480.5089 	DATA 	Keypress: 5
2480.7071 	EXP 	New trial (rep=0, index=2): {'im_fName': 'cl091.jpg', 'key_correct': 1, 'im_type': 'animal', 'im_familiarity': 'novel'}
2480.7261 	EXP 	str_fixITI: autoDraw = False
2480.7261 	EXP 	im_trialImage: size = array([0.79583333, 0.94259259])
2480.7261 	EXP 	im_trialImage: image = 'cl091.jpg'
2480.7261 	EXP 	im_trialImage: autoDraw = True
2481.2754 	DATA 	Keypress: 1
2481.3084 	DATA 	Keypress: 5
2482.1084 	DATA 	Keypress: 5
2482.7065 	EXP 	im_trialImage: autoDraw = False
2482.7065 	EXP 	str_fixITI: autoDraw = True
2482.9001 	DATA 	Keypress: 5
2483.1986 	EXP 	New trial (rep=0, index=3): {'im_fName': 'cl092.jpg', 'key_correct': 1, 'im_type': 'animal', 'im_familiarity': 'novel'}
2483.2163 	EXP 	str_fixITI: autoDraw = False
2483.2163 	EXP 	im_trialImage: size = array([0.79583333, 0.94259259])
2483.2163 	EXP 	im_trialImage: image = 'cl092.jpg'
2483.2163 	EXP 	im_trialImage: autoDraw = True
2483.6995 	DATA 	Keypress: 5
2484.2425 	DATA 	Keypress: 1
2484.4995 	DATA 	Keypress: 5
2485.2068 	EXP 	im_trialImage: autoDraw = False
2485.2068 	EXP 	str_fixITI: autoDraw = True
2485.2991 	DATA 	Keypress: 5
2485.6982 	EXP 	New trial (rep=0, index=4): {'im_fName': 'cl093.jpg', 'key_correct': 1, 'im_type': 'animal', 'im_familiarity': 'novel'}
2485.7152 	EXP 	str_fixITI: autoDraw = False
2485.7152 	EXP 	im_trialImage: size = array([0.79583333, 0.94259259])
2485.7152 	EXP 	im_trialImage: image = 'cl093.jpg'
2485.7152 	EXP 	im_trialImage: autoDraw = True
2486.0996 	DATA 	Keypress: 5
2486.8527 	DATA 	Keypress: 1
2486.8986 	DATA 	Keypress: 5
2487.7001 	DATA 	Keypress: 5
2487.7069 	EXP 	im_trialImage: autoDraw = False
2487.7069 	EXP 	str_fixITI: autoDraw = True
2488.1982 	EXP 	New trial (rep=0, index=5): {'im_fName': 'cl094.jpg', 'key_correct': 2, 'im_type': 'scene', 'im_familiarity': 'novel'}
2488.2226 	EXP 	str_fixITI: autoDraw = False
2488.2226 	EXP 	im_trialImage: size = array([0.8       , 0.94814815])
2488.2226 	EXP 	im_trialImage: image = 'cl094.jpg'
2488.2226 	EXP 	im_trialImage: autoDraw = True
2488.5017 	DATA 	Keypress: 5
2488.9348 	DATA 	Keypress: 2
2489.3017 	DATA 	Keypress: 5
2490.0998 	DATA 	Keypress: 5
2490.2057 	EXP 	im_trialImage: autoDraw = False
2490.2057 	EXP 	str_fixITI: autoDraw = True
2490.6964 	EXP 	New trial (rep=0, index=6): {'im_fName': 'cl095.jpg', 'key_correct': 2, 'im_type': 'scene', 'im_familiarity': 'novel'}
2490.7146 	EXP 	str_fixITI: autoDraw = False
2490.7146 	EXP 	im_trialImage: size = array([0.8       , 0.94814815])
2490.7146 	EXP 	im_trialImage: image = 'cl095.jpg'
2490.7146 	EXP 	im_trialImage: autoDraw = True
2490.8978 	DATA 	Keypress: 5
2491.3398 	DATA 	Keypress: 2
2491.7059 	DATA 	Keypress: 5
2492.5060 	DATA 	Keypress: 5
2492.7134 	EXP 	im_trialImage: autoDraw = False
2492.7134 	EXP 	str_fixITI: autoDraw = True
2493.1986 	EXP 	New trial (rep=0, index=7): {'im_fName': 'cl096.jpg', 'key_correct': 2, 'im_type': 'scene', 'im_familiarity': 'novel'}
2493.2202 	EXP 	str_fixITI: autoDraw = False
2493.2202 	EXP 	im_trialImage: size = array([0.8       , 0.94814815])
2493.2202 	EXP 	im_trialImage: image = 'cl096.jpg'
2493.2202 	EXP 	im_trialImage: autoDraw = True
2493.3059 	DATA 	Keypress: 5
2493.9910 	DATA 	Keypress: 2
2494.1010 	DATA 	Keypress: 5
2494.9050 	DATA 	Keypress: 5
2495.2050 	EXP 	im_trialImage: autoDraw = False
2495.2050 	EXP 	str_fixITI: autoDraw = True
2495.6986 	DATA 	Keypress: 5
2495.7058 	EXP 	str_fixITI: autoDraw = False
2495.7058 	EXP 	str_fixRest: autoDraw = True
2496.4967 	DATA 	Keypress: 5
2497.2988 	DATA 	Keypress: 5
2498.1048 	DATA 	Keypress: 5
2498.8968 	DATA 	Keypress: 5
2499.6968 	DATA 	Keypress: 5
2500.4979 	DATA 	Keypress: 5
2501.3035 	DATA 	Keypress: 5
2502.1039 	DATA 	Keypress: 5
2502.9050 	DATA 	Keypress: 5
2503.7041 	DATA 	Keypress: 5
2504.5027 	DATA 	Keypress: 5
2505.3031 	DATA 	Keypress: 5
2506.0973 	DATA 	Keypress: 5
2506.8973 	DATA 	Keypress: 5
2507.1930 	EXP 	str_bangRest: autoDraw = True
2507.2170 	EXP 	str_fixRest: autoDraw = False
2507.7002 	EXP 	str_bangRest: autoDraw = False
2507.7002 	EXP 	str_fixRest: autoDraw = False
2507.7002 	EXP 	str_bangRest: autoDraw = False
2507.7002 	EXP 	str_end: autoDraw = True
2507.7043 	DATA 	Keypress: 5
2510.5436 	DATA 	Keypress: space
2510.5506 	EXP 	str_end: autoDraw = False
2510.6703 	EXP 	window1: mouseVisible = True
