Scenario - learning_JJ_english
Logfile written - 04/18/2023 17:07:20

Subject	Trial	Event Type	Code	Time	TTime	Uncertainty	Duration	Uncertainty	ReqTime	ReqDur	Stim Type	Pair Index

p001	0	Pulse	255	0	0	NA
p001	1	Picture	instruct_trial	10500	0	1	72994	1	0	next	other	0
p001	1	Pulse	255	30000	19500	NA
p001	1	Pulse	255	60000	49500	NA
p001	1	Response	100	83393	72894	1
p001	1	Pulse	255	90000	79500	NA
p001	2	Response	100	111842	21682	1
p001	3	Pulse	255	120000	8009	NA
p001	5	Pulse	255	150000	7512	NA
p001	6	Pulse	255	180000	27346	NA
p001	6	Response	101	181483	28829	1
p001	8	Pulse	255	210000	18016	NA
p001	10	Response	101	233471	11157	1
p001	11	Pulse	255	240000	6353	NA
p001	13	Pulse	255	270000	5855	NA
p001	14	Pulse	255	300000	25690	NA
p001	14	Response	101	306623	32313	1
p001	16	Pulse	255	330000	12860	NA
p001	18	Pulse	255	360000	12529	NA
p001	18	Response	100	375582	28112	1
p001	20	Pulse	255	390000	4033	NA
p001	22	Pulse	255	420000	3702	NA
p001	22	Response	100	430703	14405	1
p001	24	Pulse	255	450000	8871	NA
p001	26	Pulse	255	480000	8540	NA
p001	26	Response	100	495523	24063	1
p001	28	Pulse	255	510000	4043	NA
p001	30	Pulse	255	540000	3712	NA
p001	30	Response	101	552555	16268	1
p001	32	Pulse	255	570000	7048	NA
p001	34	Pulse	255	600000	6717	NA
p001	34	Response	101	602143	8860	1
p001	36	Pulse	255	630000	17385	NA
p001	38	Response	100	657963	15017	1
p001	39	Pulse	255	660000	1889	NA
p001	41	Pulse	255	690000	1392	NA
p001	42	Pulse	255	720000	21226	NA
p001	42	Response	101	721343	22569	1
p001	44	Pulse	255	750000	18229	NA
p001	46	Response	100	777413	15312	1
p001	47	Pulse	255	780000	2400	NA
p001	49	Pulse	255	810000	1902	NA
p001	50	Response	100	838072	19808	1
p001	51	Pulse	255	840000	1738	NA
p001	53	Pulse	255	870000	1241	NA
p001	54	Response	100	893973	15048	1
p001	55	Pulse	255	900000	5910	NA
p001	57	Pulse	255	930000	5412	NA
p001	58	Response	100	948513	13759	1
p001	60	Pulse	255	960000	1082	NA
p001	62	Pulse	255	990000	751	NA
p001	62	Response	100	1004803	15554	1
p001	64	Pulse	255	1020000	4753	NA
p001	66	Pulse	255	1050000	4423	NA
p001	66	Response	101	1076334	30756	1
p001	67	Pulse	255	1080000	3592	NA
p001	69	Pulse	255	1110000	3095	NA
p001	70	Response	100	1130713	13641	1
p001	71	Pulse	255	1140000	9097	NA
p001	73	Pulse	255	1170000	8599	NA
p001	74	Pulse	255	1200000	28433	NA
p001	74	Response	100	1201763	30196	1
p001	76	Pulse	255	1230000	17770	NA
p001	78	Response	100	1257926	15365	1
p001	79	Pulse	255	1260000	1941	NA
p001	81	Pulse	255	1290000	1443	NA
p001	82	Pulse	255	1320000	21278	NA
p001	82	Response	101	1329233	30510	1
p001	84	Pulse	255	1350000	10281	NA
p001	86	Pulse	255	1380000	9950	NA
p001	86	Response	100	1382563	12513	1
p001	88	Pulse	255	1410000	16952	NA
p001	90	Pulse	255	1440000	16622	NA
p001	90	Response	101	1451230	27851	1
p001	92	Pulse	255	1470000	8292	NA
p001	94	Pulse	255	1500000	7961	NA
p001	94	Response	101	1517373	25334	1
p001	96	Pulse	255	1530000	2131	NA
p001	98	Pulse	255	1560000	1800	NA
p001	98	Response	100	1566803	8603	1
p001	100	Pulse	255	1590000	12802	NA
p001	102	Pulse	255	1620000	12471	NA
p001	102	Response	101	1634143	26613	1
p001	104	Pulse	255	1650000	5474	NA
p001	106	Pulse	255	1680000	5143	NA
p001	106	Response	100	1686373	11516	1
p001	108	Pulse	255	1710000	13145	NA
p001	110	Pulse	255	1740000	12814	NA
p001	110	Response	100	1741653	14467	1
p001	112	Pulse	255	1770000	17817	NA
p001	114	Pulse	255	1800000	17486	NA
p001	114	Response	101	1804792	22278	1
p001	116	Pulse	255	1830000	14822	NA
p001	118	Pulse	255	1860000	14491	NA
p001	118	Pulse	255	1890000	44491	NA
p001	118	Response	101	1892443	46934	1
p001	120	Pulse	255	1920000	17163	NA
p001	122	Response	100	1945533	12365	1
p001	123	Pulse	255	1950000	4333	NA
p001	125	Pulse	255	1980000	3836	NA
p001	126	Response	100	1994843	8513	1
p001	128	Pulse	255	2010000	4672	NA
p001	130	Pulse	255	2040000	4341	NA
p001	130	Response	100	2042683	7024	1
p001	132	Pulse	255	2070000	16842	NA
p001	134	Response	100	2090193	6705	1
p001	135	Pulse	255	2100000	9679	NA
p001	137	Pulse	255	2130000	9182	NA
p001	138	Response	101	2138712	7728	1
p001	140	Pulse	255	2160000	10851	NA
p001	142	Pulse	255	2190000	10520	NA
p001	142	Response	101	2195853	16373	1
p001	144	Pulse	255	2220000	13689	NA
p001	146	Response	100	2242862	6220	1
p001	147	Pulse	255	2250000	7025	NA
p001	149	Pulse	255	2280000	6528	NA
p001	150	Response	100	2298103	14465	1
p001	152	Pulse	255	2310000	1364	NA
p001	154	Pulse	255	2340000	1034	NA
p001	154	Response	101	2348053	9087	1
p001	156	Pulse	255	2370000	11535	NA
p001	158	Response	100	2393743	4947	1
p001	159	Pulse	255	2400000	6205	NA
p001	161	Pulse	255	2430000	5708	NA
p001	162	Response	100	2447633	13175	1
p001	164	Pulse	255	2460000	1877	NA
p001	166	Pulse	255	2490000	1547	NA
p001	166	Response	100	2495673	7219	1
p001	168	Pulse	255	2520000	13881	NA
p001	170	Response	100	2542513	6064	1
p001	171	Pulse	255	2550000	7384	NA
p001	173	Pulse	255	2580000	6887	NA
p001	174	Response	101	2591973	8694	1
p001	176	Pulse	255	2610000	7556	NA
p001	178	Pulse	255	2640000	7226	NA
p001	178	Response	101	2643843	11068	1
p001	180	Pulse	255	2670000	15727	NA
p001	182	Response	100	2690072	5469	1
p001	183	Pulse	255	2700000	9731	NA
p001	185	Pulse	255	2730000	9233	NA
p001	186	Response	100	2739632	8700	1
p001	188	Pulse	255	2760000	9902	NA
p001	190	Pulse	255	2790000	9572	NA
p001	190	Response	101	2796212	15783	1
p001	192	Pulse	255	2820000	13407	NA
p001	194	Response	101	2846962	10039	1
p001	195	Pulse	255	2850000	2911	NA
p001	197	Pulse	255	2880000	2413	NA
p001	198	Response	100	2904902	17150	1
p001	199	Pulse	255	2910000	4916	NA
p001	201	Pulse	255	2940000	4418	NA
p001	202	Response	100	2953263	7515	1
p001	204	Pulse	255	2970000	6254	NA
p001	206	Pulse	255	3000000	5923	NA
p001	206	Response	101	3003481	9404	1
p001	208	Pulse	255	3030000	16092	NA
p001	210	Response	101	3053571	9332	1
p001	211	Pulse	255	3060000	6262	NA
p001	213	Pulse	255	3090000	5764	NA
p001	214	Response	101	3104172	9771	1
p001	216	Pulse	255	3120000	5434	NA
p001	218	Response	100	3149672	4775	1
p001	219	Pulse	255	3150000	270	NA
p001	220	Pulse	255	3180000	19938	NA
p001	222	Response	100	3199103	8710	1
p001	224	Pulse	255	3210000	442	NA
p001	226	Pulse	255	3240000	111	NA
p001	226	Response	101	3249803	9914	1
p001	228	Pulse	255	3270000	9779	NA
p001	230	Response	100	3296482	5930	1
p001	231	Pulse	255	3300000	3449	NA
p001	233	Pulse	255	3330000	2952	NA
p001	234	Response	101	3343854	6640	1
p001	236	Pulse	255	3360000	5621	NA
p001	238	Response	100	3389521	4811	1
p001	239	Pulse	255	3390000	291	NA
p001	240	Pulse	255	3420000	19958	NA
p001	242	Picture	instruct_trial	3430373	0	1	70161	1	0	next	other	0
p001	242	Pulse	255	3450000	19627	NA
p001	242	Pulse	255	3480000	49627	NA
p001	242	Response	101	3500343	69970	1
p001	243	Pulse	255	3510000	9300	NA
p001	243	Pulse	255	3540000	39300	NA
p001	243	Response	101	3542863	42163	1
p001	245	Pulse	255	3570000	16638	NA
p001	247	Response	100	3597852	14159	1
p001	248	Pulse	255	3600000	1975	NA
p001	250	Pulse	255	3630000	1478	NA
p001	251	Response	100	3651083	12395	1
p001	252	Pulse	255	3660000	8813	NA
p001	254	Pulse	255	3690000	8316	NA
p001	255	Response	101	3703441	11591	1
p001	257	Pulse	255	3720000	6152	NA
p001	259	Pulse	255	3750000	5821	NA
p001	259	Response	100	3751102	6923	1
p001	261	Pulse	255	3780000	18489	NA
p001	263	Response	100	3802860	11019	1
p001	264	Pulse	255	3810000	6993	NA
p001	266	Pulse	255	3840000	6495	NA
p001	267	Response	100	3856713	13042	1
p001	269	Pulse	255	3870000	2832	NA
p001	271	Pulse	255	3900000	2501	NA
p001	271	Response	100	3926802	29303	1
p001	272	Pulse	255	3930000	3003	NA
p001	273	Response	100	3946452	9123	1
p001	274	Pulse	255	3960000	2506	NA
p001	275	Pulse	255	3990000	22340	NA
p001	275	Response	101	4006542	38882	1
p001	277	Pulse	255	4020000	3011	NA
p001	279	Pulse	255	4050000	2680	NA
p001	279	Response	101	4064463	17144	1
p001	281	Pulse	255	4080000	5016	NA
p001	283	Pulse	255	4110000	4685	NA
p001	283	Response	100	4124512	19198	1
p001	285	Pulse	255	4140000	5021	NA
p001	287	Pulse	255	4170000	4691	NA
p001	287	Response	100	4175234	9924	1
p001	289	Pulse	255	4200000	14359	NA
p001	291	Response	101	4223402	7430	1
p001	292	Pulse	255	4230000	6529	NA
p001	294	Pulse	255	4260000	6031	NA
p001	295	Response	101	4274632	10498	1
p001	297	Pulse	255	4290000	4868	NA
p001	299	Pulse	255	4320000	4537	NA
p001	299	Response	101	4326301	10838	1
p001	301	Pulse	255	4350000	13205	NA
p001	303	Response	100	4374952	7827	1
p001	304	Pulse	255	4380000	4875	NA
p001	306	Pulse	255	4410000	4378	NA
p001	307	Response	100	4426982	11194	1
p001	309	Pulse	255	4440000	2547	NA
p001	311	Pulse	255	4470000	2217	NA
p001	311	Response	101	4479822	12038	1
p001	313	Pulse	255	4500000	9718	NA
p001	315	Pulse	255	4530000	9388	NA
p001	315	Response	100	4531882	11270	1
p001	317	Pulse	255	4560000	17723	NA
p001	319	Response	101	4580472	7864	1
p001	320	Pulse	255	4590000	9393	NA
p001	322	Pulse	255	4620000	8895	NA
p001	323	Response	100	4628642	7371	1
p001	325	Pulse	255	4650000	10898	NA
p001	327	Response	100	4676652	7219	1
p001	328	Pulse	255	4680000	3234	NA
p001	330	Pulse	255	4710000	2737	NA
p001	331	Response	101	4727363	9935	1
p001	333	Pulse	255	4740000	2240	NA
p001	335	Pulse	255	4770000	1909	NA
p001	335	Response	101	4781206	13115	1
p001	337	Pulse	255	4800000	8411	NA
p001	339	Response	100	4829823	7903	1
p001	340	Pulse	255	4830000	81	NA
p001	341	Pulse	255	4860000	19749	NA
p001	343	Response	101	4879032	8450	1
p001	345	Pulse	255	4890000	586	NA
p001	347	Pulse	255	4920000	255	NA
p001	347	Response	100	4927883	8138	1
p001	349	Pulse	255	4950000	11590	NA
p001	351	Response	100	4975652	6911	1
p001	352	Pulse	255	4980000	4260	NA
p001	354	Pulse	255	5010000	3763	NA
p001	355	Response	101	5027264	10861	1
p001	357	Pulse	255	5040000	2265	NA
p001	359	Pulse	255	5070000	1935	NA
p001	359	Response	101	5076613	8547	1
p001	361	Pulse	255	5100000	12936	NA
p001	363	Response	101	5126722	9328	1
p001	364	Pulse	255	5130000	3106	NA
p001	366	Pulse	255	5160000	2609	NA
p001	367	Response	101	5176572	9015	1
p001	369	Pulse	255	5190000	2945	NA
p001	371	Pulse	255	5220000	2614	NA
p001	371	Response	100	5232263	14877	1
p001	373	Pulse	255	5250000	7283	NA
p001	375	Response	101	5279911	6864	1
p001	375	Pulse	255	5280000	6952	NA
p001	377	Pulse	255	5310000	19620	NA
p001	379	Response	101	5326552	5841	1
p001	381	Pulse	255	5340000	2958	NA
p001	383	Pulse	255	5370000	2627	NA
p001	383	Response	101	5373042	5669	1
p001	385	Pulse	255	5400000	16462	NA
p001	387	Response	101	5417922	4053	1
p001	389	Pulse	255	5430000	1632	NA
p001	391	Pulse	255	5460000	1302	NA
p001	391	Response	101	5462732	4034	1
p001	393	Pulse	255	5490000	16803	NA
p001	395	Response	101	5507592	4064	1
p001	397	Pulse	255	5520000	1973	NA
p001	399	Pulse	255	5550000	1643	NA
p001	399	Response	100	5555512	7155	1
p001	401	Pulse	255	5580000	13978	NA
p001	403	Response	101	5607702	11349	1
p001	404	Pulse	255	5610000	2148	NA
p001	406	Pulse	255	5640000	1650	NA
p001	407	Response	100	5655432	6916	1
p001	409	Pulse	255	5670000	4153	NA
p001	411	Pulse	255	5700000	3822	NA
p001	411	Response	100	5703702	7524	1
p001	413	Pulse	255	5730000	15824	NA
p001	415	Pulse	255	5760000	15493	NA
p001	415	Response	101	5760592	16085	1
p001	417	Pulse	255	5790000	18995	NA
p001	419	Response	101	5817049	15714	1
p001	420	Pulse	255	5820000	2832	NA
p001	422	Pulse	255	5850000	2335	NA
p001	423	Response	100	5864312	6481	1
p001	425	Pulse	255	5880000	5171	NA
p001	427	Pulse	255	5910000	4840	NA
p001	427	Response	101	5915329	10169	1
p001	429	Pulse	255	5940000	14175	NA
p001	431	Response	100	5964850	8695	1
p001	432	Pulse	255	5970000	5012	NA
p001	434	Pulse	255	6000000	4514	NA
p001	435	Response	100	6021350	15698	1
p001	436	Pulse	255	6030000	8517	NA
p001	438	Pulse	255	6060000	8019	NA
p001	439	Response	100	6068450	6303	1
p001	441	Pulse	255	6090000	11022	NA
p001	443	Pulse	255	6120000	10691	NA
p001	443	Response	101	6123591	14282	1
p001	445	Pulse	255	6150000	16026	NA
p001	447	Response	100	6178029	13725	1
p001	448	Pulse	255	6180000	1863	NA
p001	450	Pulse	255	6210000	1366	NA
p001	451	Response	101	6228599	9800	1
p001	453	Pulse	255	6240000	869	NA
p001	455	Pulse	255	6270000	538	NA
p001	455	Response	100	6280900	11438	1
p001	457	Pulse	255	6300000	8706	NA
p001	459	Pulse	255	6330000	8376	NA
p001	459	Response	101	6330142	8518	1
p001	461	Pulse	255	6360000	19377	NA
p001	463	Response	100	6379222	8268	1
p001	465	Pulse	255	6390000	382	NA
p001	467	Pulse	255	6420000	51	NA
p001	467	Response	101	6427211	7262	1
p001	469	Pulse	255	6450000	12386	NA
p001	471	Response	100	6476752	8807	1
p001	472	Pulse	255	6480000	3056	NA
p001	474	Pulse	255	6510000	2558	NA
p001	475	Response	100	6529012	11404	1
p001	477	Pulse	255	6540000	568	NA
p001	479	Pulse	255	6570000	230	NA
p001	479	Response	100	6578442	8672	1
p001	481	Pulse	255	6600000	11065	NA
p001	483	Picture	instruct_trial	6619265	0	1	24331	1	0	next	other	0
p001	483	Pulse	255	6630000	10735	NA
p001	483	Response	101	6643442	24177	1
p001	484	Pulse	255	6660000	16237	NA
p001	484	Response	101	6675962	32198	1
p001	486	Pulse	255	6690000	3574	NA
p001	488	Pulse	255	6720000	3243	NA
p001	488	Response	101	6730812	14055	1
p001	490	Pulse	255	6750000	8745	NA
p001	492	Response	100	6777972	6386	1
p001	493	Pulse	255	6780000	1915	NA
p001	495	Pulse	255	6810000	1418	NA
p001	496	Response	100	6832711	13963	1
p001	497	Pulse	255	6840000	7086	NA
p001	499	Pulse	255	6870000	6589	NA
p001	500	Response	100	6883882	10305	1
p001	502	Pulse	255	6900000	5592	NA
p001	504	Pulse	255	6930000	5261	NA
p001	504	Response	100	6930222	5483	1
p001	506	Pulse	255	6960000	19262	NA
p001	508	Response	101	6976862	5793	1
p001	510	Pulse	255	6990000	2600	NA
p001	512	Pulse	255	7020000	2269	NA
p001	512	Response	101	7025270	7538	1
p001	514	Pulse	255	7050000	14270	NA
p001	516	Response	101	7070371	4144	1
p001	517	Pulse	255	7080000	9440	NA
p001	519	Pulse	255	7110000	8943	NA
p001	520	Response	100	7120010	8787	1
p001	522	Pulse	255	7140000	9612	NA
p001	524	Response	100	7164562	3843	1
p001	525	Pulse	255	7170000	5282	NA
p001	527	Pulse	255	7200000	4784	NA
p001	528	Response	101	7211462	6081	1
p001	530	Pulse	255	7230000	8120	NA
p001	532	Pulse	255	7260000	7789	NA
p001	532	Response	100	7263672	11461	1
p001	534	Pulse	255	7290000	15791	NA
p001	536	Response	100	7308432	3892	1
p001	538	Pulse	255	7320000	1128	NA
p001	540	Pulse	255	7350000	797	NA
p001	540	Response	101	7353302	4099	1
p001	542	Pulse	255	7380000	16299	NA
p001	544	Response	101	7400652	6620	1
p001	545	Pulse	255	7410000	9302	NA
p001	547	Pulse	255	7440000	8804	NA
p001	548	Response	101	7445302	3940	1
p001	550	Pulse	255	7470000	14307	NA
p001	552	Response	100	7491392	5368	1
p001	553	Pulse	255	7500000	8476	NA
p001	555	Pulse	255	7530000	7979	NA
p001	556	Response	100	7537252	5065	1
p001	558	Pulse	255	7560000	12314	NA
p001	560	Response	100	7586201	8184	1
p001	561	Pulse	255	7590000	3651	NA
p001	563	Pulse	255	7620000	3154	NA
p001	564	Response	100	7631452	4439	1
p001	566	Pulse	255	7650000	8156	NA
p001	568	Response	101	7679242	7067	1
p001	569	Pulse	255	7680000	659	NA
p001	571	Pulse	255	7710000	162	NA
p001	572	Response	101	7725412	5407	1
p001	574	Pulse	255	7740000	4164	NA
p001	576	Pulse	255	7770000	3833	NA
p001	576	Response	101	7777182	11015	1
p001	578	Pulse	255	7800000	12335	NA
p001	580	Response	101	7826182	8187	1
p001	581	Pulse	255	7830000	3672	NA
p001	583	Pulse	255	7860000	3174	NA
p001	584	Response	100	7873982	6990	1
p001	586	Pulse	255	7890000	5510	NA
p001	588	Response	100	7919791	4970	1
p001	589	Pulse	255	7920000	13	NA
p001	590	Pulse	255	7950000	19681	NA
p001	592	Response	101	7967390	6740	1
p001	594	Pulse	255	7980000	2185	NA
p001	596	Pulse	255	8010000	1854	NA
p001	596	Response	100	8020182	12036	1
p001	598	Pulse	255	8040000	9356	NA
p001	600	Pulse	255	8070000	9025	NA
p001	600	Response	100	8070612	9637	1
p001	602	Pulse	255	8100000	18860	NA
p001	604	Response	100	8116812	5341	1
p001	606	Pulse	255	8130000	2698	NA
p001	608	Pulse	255	8160000	2367	NA
p001	608	Response	100	8162331	4698	1
p001	610	Pulse	255	8190000	17201	NA
p001	612	Response	100	8211232	8103	1
p001	613	Pulse	255	8220000	8705	NA
p001	615	Pulse	255	8250000	8207	NA
p001	616	Response	101	8257331	5373	1
p001	618	Pulse	255	8280000	12210	NA
p001	620	Response	101	8302652	4531	1
p001	621	Pulse	255	8310000	7213	NA
p001	623	Pulse	255	8340000	6715	NA
p001	624	Response	100	8349842	6391	1
p001	626	Pulse	255	8370000	9718	NA
p001	628	Response	100	8395602	4989	1
p001	629	Pulse	255	8400000	4221	NA
p001	631	Pulse	255	8430000	3723	NA
p001	632	Response	101	8441942	5499	1
p001	634	Pulse	255	8460000	7559	NA
p001	636	Response	101	8487361	4589	1
p001	637	Pulse	255	8490000	2562	NA
p001	639	Pulse	255	8520000	2064	NA
p001	640	Response	101	8534252	6150	1
p001	642	Pulse	255	8550000	5233	NA
p001	644	Pulse	255	8580000	4903	NA
p001	644	Response	100	8584552	9454	1
p001	646	Pulse	255	8610000	14904	NA
p001	648	Response	100	8630352	4925	1
p001	649	Pulse	255	8640000	9574	NA
p001	651	Pulse	255	8670000	9077	NA
p001	652	Response	101	8676162	5072	1
p001	654	Pulse	255	8700000	13412	NA
p001	656	Response	101	8726920	10002	1
p001	657	Pulse	255	8730000	2916	NA
p001	659	Pulse	255	8760000	2418	NA
p001	660	Response	100	8789860	22113	1
p001	661	Pulse	255	8790000	88	NA
p001	662	Pulse	255	8820000	19755	NA
p001	664	Response	101	8836865	6290	1
p001	666	Pulse	255	8850000	2593	NA
p001	668	Pulse	255	8880000	2262	NA
p001	668	Response	100	8883571	5833	1
p001	670	Pulse	255	8910000	15930	NA
p001	672	Response	100	8934561	10160	1
p001	673	Pulse	255	8940000	5267	NA
p001	675	Pulse	255	8970000	4769	NA
p001	676	Response	100	8983842	8445	1
p001	678	Pulse	255	9000000	5772	NA
p001	680	Response	101	9029452	4893	1
p001	681	Pulse	255	9030000	442	NA
p001	682	Pulse	255	9060000	20109	NA
p001	684	Response	100	9077436	7214	1
p001	686	Pulse	255	9090000	2113	NA
p001	688	Pulse	255	9120000	1783	NA
p001	688	Response	100	9124101	5883	1
p001	690	Pulse	255	9150000	15451	NA
p001	692	Response	100	9171792	6912	1
p001	693	Pulse	255	9180000	8121	NA
p001	695	Pulse	255	9210000	7623	NA
p001	696	Response	100	9218711	6168	1
p001	698	Pulse	255	9240000	10792	NA
p001	700	Response	100	9269511	9972	1
p001	701	Pulse	255	9270000	296	NA
p001	702	Pulse	255	9300000	19963	NA
p001	704	Response	101	9317251	6883	1
p001	706	Pulse	255	9330000	2301	NA
p001	708	Pulse	255	9360000	1970	NA
p001	708	Response	100	9364720	6690	1
p001	710	Pulse	255	9390000	14805	NA
p001	712	Response	100	9414711	9185	1
p001	713	Pulse	255	9420000	5141	NA
p001	715	Pulse	255	9450000	4644	NA
p001	716	Response	100	9465492	9970	1
p001	718	Pulse	255	9480000	3980	NA
p001	720	Pulse	255	9510000	3649	NA
p001	720	Response	101	9513562	7211	1
p001	722	Pulse	255	9540000	15984	NA
p001	724	Picture	instruct_trial	9554347	0	1	40163	1	0	next	other	0
p001	724	Pulse	255	9570000	15653	NA
