Scenario - learning_JJ_english
Logfile written - 05/04/2023 15:22:40

Subject	Trial	Event Type	Code	Time	TTime	Uncertainty	Duration	Uncertainty	ReqTime	ReqDur	Stim Type	Pair Index

p003	0	Pulse	255	0	0	NA
p003	1	Picture	instruct_trial	10500	0	1	51829	1	0	next	other	0
p003	1	Pulse	255	30000	19500	NA
p003	1	Pulse	255	60000	49500	NA
p003	1	Response	100	62177	51678	1
p003	1	Pulse	255	90000	79500	NA
p003	2	Response	100	111487	21161	1
p003	3	Pulse	255	120000	8342	NA
p003	5	Pulse	255	150000	7845	NA
p003	6	Response	101	163917	11596	1
p003	8	Pulse	255	180000	5681	NA
p003	10	Pulse	255	210000	5351	NA
p003	10	Response	101	211957	7308	1
p003	12	Pulse	255	240000	17519	NA
p003	14	Response	100	257767	4955	1
p003	16	Pulse	255	270000	1690	NA
p003	18	Pulse	255	300000	1359	NA
p003	18	Response	100	303677	5036	1
p003	20	Pulse	255	330000	15860	NA
p003	22	Response	100	348407	3936	1
p003	24	Pulse	255	360000	1197	NA
p003	26	Pulse	255	390000	867	NA
p003	26	Response	100	392227	3093	1
p003	28	Pulse	255	420000	17368	NA
p003	30	Response	101	435836	2873	1
p003	32	Pulse	255	450000	3705	NA
p003	34	Pulse	255	480000	3374	NA
p003	34	Response	101	480429	3803	1
p003	36	Pulse	255	510000	19042	NA
p003	38	Response	101	524507	3218	1
p003	40	Pulse	255	540000	5046	NA
p003	42	Response	101	567387	2102	1
p003	43	Pulse	255	570000	2549	NA
p003	45	Pulse	255	600000	2051	NA
p003	46	Response	100	611807	3692	1
p003	48	Pulse	255	630000	7720	NA
p003	50	Response	100	656067	3456	1
p003	51	Pulse	255	660000	3723	NA
p003	53	Pulse	255	690000	3226	NA
p003	54	Response	100	700467	3527	1
p003	56	Pulse	255	720000	9061	NA
p003	57	Response	100	734777	3674	1
p003	58	Response	100	744637	3367	1
p003	59	Pulse	255	750000	5231	NA
p003	61	Pulse	255	780000	4734	NA
p003	62	Response	100	789166	3734	1
p003	64	Pulse	255	810000	10402	NA
p003	66	Response	101	832646	2718	1
p003	67	Pulse	255	840000	7238	NA
p003	69	Pulse	255	870000	6741	NA
p003	70	Response	100	876766	3342	1
p003	72	Pulse	255	900000	12743	NA
p003	74	Response	100	920676	3089	1
p003	75	Pulse	255	930000	9246	NA
p003	77	Pulse	255	960000	8749	NA
p003	78	Response	100	964516	3099	1
p003	80	Pulse	255	990000	15084	NA
p003	82	Response	100	1008796	3550	1
p003	84	Pulse	255	1020000	755	NA
p003	86	Pulse	255	1050000	424	NA
p003	86	Response	100	1053106	3530	1
p003	88	Pulse	255	1080000	16425	NA
p003	90	Response	100	1097046	3141	1
p003	92	Pulse	255	1110000	2429	NA
p003	94	Pulse	255	1140000	2098	NA
p003	94	Response	100	1141506	3604	1
p003	96	Pulse	255	1170000	18100	NA
p003	98	Response	101	1188406	6175	1
p003	100	Pulse	255	1200000	1104	NA
p003	102	Pulse	255	1230000	773	NA
p003	102	Response	100	1232956	3729	1
p003	104	Pulse	255	1260000	16608	NA
p003	106	Response	100	1281066	7343	1
p003	107	Pulse	255	1290000	8778	NA
p003	109	Pulse	255	1320000	8280	NA
p003	110	Response	100	1329406	7520	1
p003	112	Pulse	255	1350000	10116	NA
p003	114	Response	100	1373616	3401	1
p003	115	Pulse	255	1380000	6286	NA
p003	117	Pulse	255	1410000	5788	NA
p003	118	Response	100	1419335	4958	1
p003	120	Pulse	255	1440000	10124	NA
p003	122	Response	100	1464736	4529	1
p003	123	Pulse	255	1470000	5127	NA
p003	125	Pulse	255	1500000	4630	NA
p003	126	Response	100	1509926	4389	1
p003	128	Pulse	255	1530000	9632	NA
p003	130	Response	101	1556936	6237	1
p003	131	Pulse	255	1560000	2968	NA
p003	133	Pulse	255	1590000	2471	NA
p003	134	Response	100	1600845	3150	1
p003	136	Pulse	255	1620000	8640	NA
p003	138	Response	100	1646545	4854	1
p003	139	Pulse	255	1650000	3309	NA
p003	141	Pulse	255	1680000	2812	NA
p003	142	Response	101	1691525	4171	1
p003	144	Pulse	255	1710000	7981	NA
p003	146	Response	100	1735586	3236	1
p003	147	Pulse	255	1740000	4317	NA
p003	149	Pulse	255	1770000	3820	NA
p003	150	Response	100	1780546	4200	1
p003	152	Pulse	255	1800000	8989	NA
p003	154	Response	101	1824645	3303	1
p003	155	Pulse	255	1830000	5158	NA
p003	157	Pulse	255	1860000	4661	NA
p003	158	Response	100	1874355	8850	1
p003	160	Pulse	255	1890000	5163	NA
p003	162	Pulse	255	1920000	4833	NA
p003	162	Response	100	1922644	7477	1
p003	164	Pulse	255	1950000	16834	NA
p003	166	Response	100	1967665	4169	1
p003	168	Pulse	255	1980000	1838	NA
p003	170	Pulse	255	2010000	1508	NA
p003	170	Response	100	2014115	5623	1
p003	172	Pulse	255	2040000	15509	NA
p003	174	Response	100	2065485	10663	1
p003	175	Pulse	255	2070000	4346	NA
p003	177	Pulse	255	2100000	3848	NA
p003	178	Response	101	2120075	13757	1
p003	179	Pulse	255	2130000	9851	NA
p003	181	Pulse	255	2160000	9353	NA
p003	182	Response	101	2164374	3562	1
p003	184	Pulse	255	2190000	15189	NA
p003	186	Response	100	2218134	12992	1
p003	187	Pulse	255	2220000	1692	NA
p003	189	Pulse	255	2250000	1195	NA
p003	190	Response	101	2266474	7504	1
p003	192	Pulse	255	2280000	3031	NA
p003	194	Pulse	255	2310000	2700	NA
p003	194	Response	101	2314345	7045	1
p003	196	Pulse	255	2340000	15202	NA
p003	198	Response	101	2361724	6595	1
p003	199	Pulse	255	2370000	8205	NA
p003	201	Pulse	255	2400000	7708	NA
p003	202	Response	100	2408844	6386	1
p003	204	Pulse	255	2430000	10710	NA
p003	206	Response	101	2456024	6404	1
p003	207	Pulse	255	2460000	3880	NA
p003	209	Pulse	255	2490000	3382	NA
p003	210	Response	101	2507174	10391	1
p003	212	Pulse	255	2520000	2385	NA
p003	214	Response	101	2549324	1378	1
p003	215	Pulse	255	2550000	555	NA
p003	217	Pulse	255	2580000	57	NA
p003	218	Response	100	2598704	8595	1
p003	220	Pulse	255	2610000	893	NA
p003	222	Pulse	255	2640000	562	NA
p003	222	Response	100	2642714	3277	1
p003	224	Pulse	255	2670000	16897	NA
p003	226	Pulse	255	2700000	16566	NA
p003	226	Response	101	2705004	21570	1
p003	228	Pulse	255	2730000	14569	NA
p003	228	Response	101	2733294	17863	1
p003	230	Response	100	2757264	11502	1
p003	231	Pulse	255	2760000	2573	NA
p003	233	Pulse	255	2790000	2075	NA
p003	234	Response	100	2813684	15593	1
p003	235	Pulse	255	2820000	6244	NA
p003	237	Pulse	255	2850000	5747	NA
p003	238	Pulse	255	2880000	25581	NA
p003	238	Response	100	2881474	27055	1
p003	240	Pulse	255	2910000	18084	NA
p003	242	Picture	instruct_trial	2922246	0	1	32830	1	0	next	other	0
p003	242	Pulse	255	2940000	17754	NA
p003	242	Response	101	2954923	32677	1
p003	243	Pulse	255	2970000	14757	NA
p003	243	Response	101	2976474	21230	1
p003	245	Pulse	255	3000000	13093	NA
p003	247	Response	100	3025024	7786	1
p003	248	Pulse	255	3030000	4929	NA
p003	250	Pulse	255	3060000	4432	NA
p003	251	Response	101	3071293	5560	1
p003	253	Pulse	255	3090000	8268	NA
p003	254	Response	101	3111343	9446	1
p003	255	Pulse	255	3120000	7937	NA
p003	255	Response	101	3142023	29960	1
p003	256	Pulse	255	3150000	7773	NA
p003	258	Pulse	255	3180000	7275	NA
p003	259	Response	101	3183493	603	1
p003	261	Pulse	255	3210000	16111	NA
p003	262	Response	100	3219683	5629	1
p003	263	Pulse	255	3240000	15780	NA
p003	263	Response	101	3258943	34723	1
p003	265	Pulse	255	3270000	617	NA
p003	267	Pulse	255	3300000	287	NA
p003	267	Response	101	3304993	5279	1
p003	269	Pulse	255	3330000	14621	NA
p003	270	Response	101	3345183	9640	1
p003	271	Pulse	255	3360000	14291	NA
p003	271	Response	101	3371024	25314	1
p003	273	Pulse	255	3390000	8460	NA
p003	274	Response	101	3405463	3758	1
p003	275	Pulse	255	3420000	8130	NA
p003	275	Response	101	3433863	21992	1
p003	277	Pulse	255	3450000	5632	NA
p003	279	Response	100	3476453	1755	1
p003	280	Pulse	255	3480000	3469	NA
p003	282	Response	100	3508653	1624	1
p003	282	Pulse	255	3510000	2971	NA
p003	283	Pulse	255	3540000	22805	NA
p003	283	Response	101	3545183	27988	1
p003	285	Pulse	255	3570000	14309	NA
p003	286	Response	100	3576763	907	1
p003	287	Pulse	255	3600000	13978	NA
p003	287	Response	100	3606633	20611	1
p003	289	Pulse	255	3630000	12981	NA
p003	290	Response	100	3645723	8539	1
p003	291	Pulse	255	3660000	12650	NA
p003	291	Response	100	3672363	25013	1
p003	293	Response	100	3683842	996	1
p003	293	Pulse	255	3690000	7153	NA
p003	295	Pulse	255	3720000	6823	NA
p003	295	Response	100	3721253	8075	1
p003	297	Pulse	255	3750000	18324	NA
p003	299	Response	100	3766132	4126	1
p003	301	Pulse	255	3780000	3328	NA
p003	302	Response	100	3801372	4535	1
p003	303	Pulse	255	3810000	2997	NA
p003	303	Response	100	3811683	4680	1
p003	305	Pulse	255	3840000	17832	NA
p003	306	Response	100	3850932	8599	1
p003	307	Pulse	255	3870000	17501	NA
p003	307	Response	100	3876363	23864	1
p003	309	Pulse	255	3900000	13171	NA
p003	310	Response	101	3909403	2409	1
p003	311	Pulse	255	3930000	12840	NA
p003	311	Response	100	3945482	28323	1
p003	313	Pulse	255	3960000	4010	NA
p003	314	Response	100	3980902	4748	1
p003	315	Pulse	255	3990000	3680	NA
p003	315	Response	100	4007753	21432	1
p003	317	Pulse	255	4020000	1849	NA
p003	319	Pulse	255	4050000	1518	NA
p003	319	Response	100	4059152	10671	1
p003	321	Pulse	255	4080000	10354	NA
p003	321	Response	100	4086112	16466	1
p003	323	Pulse	255	4110000	10023	NA
p003	323	Response	100	4120062	20085	1
p003	325	Pulse	255	4140000	9526	NA
p003	325	Response	100	4148722	18248	1
p003	327	Pulse	255	4170000	9195	NA
p003	327	Response	100	4187112	26307	1
p003	329	Pulse	255	4200000	2365	NA
p003	331	Pulse	255	4230000	2034	NA
p003	331	Response	100	4231402	3436	1
p003	333	Response	100	4250422	8624	1
p003	333	Pulse	255	4260000	18202	NA
p003	335	Response	100	4277192	5063	1
p003	337	Pulse	255	4290000	2373	NA
p003	337	Response	101	4303862	16235	1
p003	339	Pulse	255	4320000	2042	NA
p003	339	Response	100	4342792	24834	1
p003	340	Pulse	255	4350000	7044	NA
p003	340	Response	100	4351552	8596	1
p003	342	Response	100	4377262	3809	1
p003	342	Pulse	255	4380000	6547	NA
p003	343	Response	100	4407432	23813	1
p003	344	Pulse	255	4410000	2383	NA
p003	345	Response	100	4432862	14912	1
p003	346	Pulse	255	4440000	1886	NA
p003	347	Response	101	4455072	6792	1
p003	349	Pulse	255	4470000	4388	NA
p003	351	Pulse	255	4500000	4057	NA
p003	351	Response	100	4503232	7289	1
p003	353	Response	100	4526991	13217	1
p003	353	Pulse	255	4530000	16226	NA
p003	355	Response	100	4551291	7186	1
p003	356	Pulse	255	4560000	8562	NA
p003	357	Response	100	4577021	15251	1
p003	358	Pulse	255	4590000	8065	NA
p003	359	Response	100	4601081	8980	1
p003	361	Pulse	255	4620000	8401	NA
p003	363	Response	100	4643941	2011	1
p003	364	Pulse	255	4650000	5904	NA
p003	366	Pulse	255	4680000	5406	NA
p003	367	Response	100	4686341	1582	1
p003	369	Pulse	255	4710000	13241	NA
p003	371	Response	101	4731801	4712	1
p003	372	Pulse	255	4740000	8078	NA
p003	374	Response	100	4763421	1002	1
p003	374	Pulse	255	4770000	7581	NA
p003	375	Response	100	4794421	21836	1
p003	376	Pulse	255	4800000	5417	NA
p003	378	Pulse	255	4830000	4919	NA
p003	379	Response	100	4841911	6665	1
p003	381	Pulse	255	4860000	7588	NA
p003	383	Pulse	255	4890000	7258	NA
p003	383	Response	100	4890641	7899	1
p003	385	Pulse	255	4920000	18926	NA
p003	386	Response	100	4923191	1952	1
p003	387	Pulse	255	4950000	18595	NA
p003	387	Response	100	4972321	40916	1
p003	388	Pulse	255	4980000	7599	NA
p003	390	Pulse	255	5010000	7101	NA
p003	390	Response	100	5012201	9302	1
p003	391	Pulse	255	5040000	26936	NA
p003	391	Response	100	5052871	39807	1
p003	393	Pulse	255	5070000	6607	NA
p003	394	Response	100	5089911	6352	1
p003	395	Pulse	255	5100000	6276	NA
p003	395	Response	100	5121071	27347	1
p003	396	Pulse	255	5130000	8778	NA
p003	398	Pulse	255	5160000	8281	NA
p003	399	Response	100	5180151	18266	1
p003	400	Pulse	255	5190000	9784	NA
p003	402	Response	100	5217171	6457	1
p003	402	Pulse	255	5220000	9286	NA
p003	403	Response	100	5243891	23012	1
p003	404	Pulse	255	5250000	5956	NA
p003	406	Response	100	5279631	5089	1
p003	406	Pulse	255	5280000	5458	NA
p003	407	Response	100	5295951	11243	1
p003	409	Pulse	255	5310000	3628	NA
p003	409	Response	100	5318920	12548	1
p003	411	Pulse	255	5340000	3297	NA
p003	411	Response	101	5340341	3638	1
p003	413	Pulse	255	5370000	19132	NA
p003	415	Response	101	5385142	3943	1
p003	417	Pulse	255	5400000	4469	NA
p003	418	Response	101	5422181	6485	1
p003	419	Pulse	255	5430000	4138	NA
p003	419	Response	100	5431860	5998	1
p003	421	Pulse	255	5460000	17640	NA
p003	423	Pulse	255	5490000	17309	NA
p003	423	Response	101	5495230	22539	1
p003	425	Pulse	255	5520000	14312	NA
p003	427	Response	101	5540250	4231	1
p003	428	Pulse	255	5550000	9648	NA
p003	430	Response	101	5579890	9041	1
p003	430	Pulse	255	5580000	9151	NA
p003	431	Response	101	5585100	4085	1
p003	433	Pulse	255	5610000	14486	NA
p003	434	Response	101	5620090	4411	1
p003	435	Response	101	5633380	7536	1
p003	436	Pulse	255	5640000	6490	NA
p003	438	Pulse	255	5670000	5992	NA
p003	439	Response	101	5690270	16097	1
p003	440	Pulse	255	5700000	9661	NA
p003	442	Pulse	255	5730000	9164	NA
p003	443	Response	101	5732680	1678	1
p003	445	Pulse	255	5760000	16833	NA
p003	447	Response	100	5784651	11152	1
p003	448	Pulse	255	5790000	5170	NA
p003	450	Pulse	255	5820000	4672	NA
p003	451	Response	100	5835830	10336	1
p003	453	Pulse	255	5850000	3675	NA
p003	454	Response	100	5868730	2240	1
p003	455	Pulse	255	5880000	3344	NA
p003	455	Response	100	5890040	13384	1
p003	457	Pulse	255	5910000	9513	NA
p003	459	Response	100	5934700	3883	1
p003	460	Pulse	255	5940000	5183	NA
p003	462	Response	100	5965700	385	1
p003	462	Pulse	255	5970000	4685	NA
p003	463	Pulse	255	6000000	24519	NA
p003	463	Response	100	6003159	27679	1
p003	465	Response	100	6026670	13026	1
p003	465	Pulse	255	6030000	16356	NA
p003	467	Response	100	6048019	4044	1
p003	469	Pulse	255	6060000	1527	NA
p003	471	Pulse	255	6090000	1196	NA
p003	471	Response	100	6093100	4296	1
p003	473	Pulse	255	6120000	16364	NA
p003	475	Response	100	6141580	7613	1
p003	476	Pulse	255	6150000	8367	NA
p003	478	Response	100	6178010	5880	1
p003	478	Pulse	255	6180000	7870	NA
p003	479	Response	100	6186008	3713	1
p003	481	Pulse	255	6210000	13539	NA
p003	482	Response	101	6226059	9433	1
p003	483	Picture	instruct_trial	6226792	0	1	35497	1	0	next	other	0
p003	483	Pulse	255	6240000	13208	NA
p003	483	Response	100	6262089	35297	1
p003	484	Pulse	255	6270000	7544	NA
p003	484	Response	100	6279899	17443	1
p003	486	Pulse	255	6300000	9714	NA
p003	488	Response	101	6323519	2902	1
p003	489	Pulse	255	6330000	6383	NA
p003	490	Response	100	6351169	17219	1
p003	491	Pulse	255	6360000	5886	NA
p003	492	Response	100	6377269	12989	1
p003	494	Pulse	255	6390000	2222	NA
p003	495	Response	100	6410719	2776	1
p003	496	Pulse	255	6420000	1891	NA
p003	496	Response	101	6441089	22981	1
p003	497	Pulse	255	6450000	8727	NA
p003	499	Pulse	255	6480000	8229	NA
p003	500	Response	100	6487639	5702	1
p003	502	Response	100	6501459	3357	1
p003	502	Pulse	255	6510000	11898	NA
p003	503	Response	100	6523129	4863	1
p003	504	Response	100	6532229	3797	1
p003	505	Pulse	255	6540000	7568	NA
p003	507	Pulse	255	6570000	7071	NA
p003	508	Response	101	6585199	12103	1
p003	510	Pulse	255	6600000	4407	NA
p003	512	Response	101	6628269	2346	1
p003	513	Pulse	255	6630000	1576	NA
p003	515	Pulse	255	6660000	1079	NA
p003	516	Response	101	6672369	3282	1
p003	518	Pulse	255	6690000	7248	NA
p003	520	Pulse	255	6720000	6917	NA
p003	520	Response	101	6725069	11986	1
p003	522	Pulse	255	6750000	14419	NA
p003	524	Response	101	6776758	10847	1
p003	525	Pulse	255	6780000	3089	NA
p003	527	Pulse	255	6810000	2592	NA
p003	528	Response	101	6828199	10625	1
p003	530	Pulse	255	6840000	1261	NA
p003	531	Response	101	6865748	6844	1
p003	532	Pulse	255	6870000	931	NA
p003	532	Pulse	255	6900000	30931	NA
p003	532	Response	101	6904008	34939	1
p003	534	Pulse	255	6930000	15601	NA
p003	535	Response	101	6939809	5245	1
p003	536	Pulse	255	6960000	15270	NA
p003	536	Response	101	6970748	26018	1
p003	538	Pulse	255	6990000	8774	NA
p003	539	Response	101	7008208	6817	1
p003	540	Pulse	255	7020000	8443	NA
p003	540	Response	101	7021239	9681	1
p003	542	Pulse	255	7050000	18278	NA
p003	544	Response	101	7062588	536	1
p003	546	Pulse	255	7080000	6948	NA
p003	546	Response	101	7091418	18367	1
p003	548	Pulse	255	7110000	6618	NA
p003	548	Response	101	7121918	18535	1
p003	550	Pulse	255	7140000	7620	NA
p003	552	Pulse	255	7170000	7289	NA
p003	552	Response	101	7175928	13218	1
p003	554	Pulse	255	7200000	13625	NA
p003	556	Response	101	7221698	4992	1
p003	557	Pulse	255	7230000	8128	NA
p003	559	Pulse	255	7260000	7631	NA
p003	560	Response	101	7266828	4293	1
p003	562	Pulse	255	7290000	12633	NA
p003	564	Response	101	7315668	7970	1
p003	565	Pulse	255	7320000	4136	NA
p003	566	Response	101	7332468	6272	1
p003	567	Pulse	255	7350000	3639	NA
p003	568	Response	101	7373198	16671	1
p003	569	Pulse	255	7380000	6641	NA
p003	571	Response	101	7405128	1272	1
p003	571	Pulse	255	7410000	6144	NA
p003	572	Response	101	7434668	20646	1
p003	573	Pulse	255	7440000	5146	NA
p003	575	Pulse	255	7470000	4649	NA
p003	575	Response	101	7473598	8247	1
p003	576	Pulse	255	7500000	24483	NA
p003	576	Response	101	7512988	37471	1
p003	578	Pulse	255	7530000	6487	NA
p003	579	Response	101	7550808	7130	1
p003	580	Pulse	255	7560000	6157	NA
p003	580	Response	101	7579648	25804	1
p003	581	Pulse	255	7590000	10159	NA
p003	582	Response	101	7606927	16754	1
p003	583	Pulse	255	7620000	9662	NA
p003	584	Response	100	7624347	3843	1
p003	586	Pulse	255	7650000	15164	NA
p003	588	Response	101	7676647	11480	1
p003	589	Pulse	255	7680000	3167	NA
p003	591	Pulse	255	7710000	2670	NA
p003	592	Response	100	7727437	9942	1
p003	594	Pulse	255	7740000	2173	NA
p003	596	Pulse	255	7770000	1842	NA
p003	596	Response	100	7771308	3150	1
p003	598	Pulse	255	7800000	18177	NA
p003	600	Response	100	7822567	10413	1
p003	601	Pulse	255	7830000	7347	NA
p003	603	Pulse	255	7860000	6850	NA
p003	604	Response	100	7866638	3322	1
p003	606	Pulse	255	7890000	12852	NA
p003	607	Response	100	7903687	6374	1
p003	608	Pulse	255	7920000	12521	NA
p003	608	Response	100	7926357	18878	1
p003	610	Pulse	255	7950000	13190	NA
p003	612	Response	100	7971907	4766	1
p003	613	Pulse	255	7980000	8027	NA
p003	614	Response	100	8001117	18811	1
p003	615	Pulse	255	8010000	7529	NA
p003	616	Response	101	8039957	27321	1
p003	616	Pulse	255	8040000	27363	NA
p003	618	Pulse	255	8070000	19533	NA
p003	619	Response	101	8080247	9615	1
p003	620	Pulse	255	8100000	19203	NA
p003	620	Response	101	8114747	33950	1
p003	622	Pulse	255	8130000	4873	NA
p003	623	Response	101	8149687	4395	1
p003	624	Pulse	255	8160000	4542	NA
p003	624	Response	101	8169487	14030	1
p003	626	Pulse	255	8190000	10045	NA
p003	626	Response	101	8195577	15622	1
p003	628	Response	101	8212958	2672	1
p003	629	Pulse	255	8220000	6881	NA
p003	631	Pulse	255	8250000	6384	NA
p003	632	Response	101	8256647	2865	1
p003	634	Pulse	255	8280000	12886	NA
p003	636	Response	101	8304467	7022	1
p003	637	Pulse	255	8310000	5389	NA
p003	639	Pulse	255	8340000	4891	NA
p003	640	Pulse	255	8370000	24726	NA
p003	640	Response	101	8373297	28022	1
p003	642	Pulse	255	8400000	16229	NA
p003	644	Pulse	255	8430000	15898	NA
p003	644	Response	101	8442207	28105	1
p003	646	Pulse	255	8460000	7402	NA
p003	648	Pulse	255	8490000	7071	NA
p003	648	Response	101	8493117	10188	1
p003	650	Pulse	255	8520000	16406	NA
p003	652	Pulse	255	8550000	16075	NA
p003	652	Response	101	8553697	19772	1
p003	654	Pulse	255	8580000	15911	NA
p003	656	Response	101	8601446	7027	1
p003	657	Pulse	255	8610000	8415	NA
p003	659	Pulse	255	8640000	7917	NA
p003	660	Response	101	8648187	5938	1
p003	662	Pulse	255	8670000	11420	NA
p003	662	Response	101	8677577	18996	1
p003	664	Pulse	255	8700000	11089	NA
p003	664	Response	101	8708836	19925	1
p003	666	Pulse	255	8730000	10758	NA
p003	668	Pulse	255	8760000	10428	NA
p003	668	Response	101	8766806	17234	1
p003	670	Pulse	255	8790000	12763	NA
p003	672	Response	101	8818613	11046	1
p003	673	Pulse	255	8820000	1267	NA
p003	674	Response	101	8837746	8681	1
p003	675	Pulse	255	8850000	770	NA
p003	675	Response	101	8855116	5886	1
p003	676	Response	101	8872456	13060	1
p003	677	Pulse	255	8880000	7438	NA
p003	678	Response	101	8887896	5002	1
p003	679	Pulse	255	8910000	6941	NA
p003	680	Response	101	8928836	15611	1
p003	682	Pulse	255	8940000	777	NA
p003	682	Response	101	8949286	10063	1
p003	684	Pulse	255	8970000	447	NA
p003	684	Response	101	8970276	723	1
p003	686	Pulse	255	9000000	19281	NA
p003	687	Response	101	9007565	6681	1
p003	688	Response	100	9029316	18266	1
p003	689	Pulse	255	9030000	619	NA
p003	690	Response	101	9059416	19702	1
p003	691	Pulse	255	9060000	121	NA
p003	692	Pulse	255	9090000	19955	NA
p003	692	Response	101	9096296	26251	1
p003	694	Pulse	255	9120000	13292	NA
p003	694	Response	101	9122896	16188	1
p003	696	Response	101	9142736	5697	1
p003	697	Pulse	255	9150000	7128	NA
p003	699	Pulse	255	9180000	6631	NA
p003	700	Response	101	9186155	2621	1
p003	702	Pulse	255	9210000	13466	NA
p003	703	Response	101	9218296	1597	1
p003	704	Pulse	255	9240000	13136	NA
p003	704	Response	101	9252336	25472	1
p003	706	Pulse	255	9270000	7139	NA
p003	706	Response	101	9272706	9844	1
p003	707	Response	101	9292416	9390	1
p003	708	Pulse	255	9300000	6808	NA
p003	708	Response	101	9322235	29043	1
p003	709	Pulse	255	9330000	7644	NA
p003	711	Pulse	255	9360000	7147	NA
p003	712	Response	101	9366226	3207	1
p003	714	Response	101	9385626	8942	1
p003	714	Pulse	255	9390000	13315	NA
p003	716	Response	101	9407428	413	1
p003	718	Pulse	255	9420000	2152	NA
p003	719	Response	101	9444024	6012	1
p003	720	Pulse	255	9450000	1822	NA
p003	720	Response	101	9470236	22058	1
p003	721	Pulse	255	9480000	9657	NA
p003	722	Response	101	9495015	14339	1
p003	723	Pulse	255	9510000	9160	NA
p003	724	Picture	instruct_trial	9511006	0	1	40163	1	0	next	other	0
p003	724	Response	101	9515725	4719	1
p003	724	Pulse	255	9540000	28994	NA
p003	724	Response	101	9543225	32218	1
