Scenario - learning_JJ_english
Logfile written - 06/14/2023 15:14:57

Subject	Trial	Event Type	Code	Time	TTime	Uncertainty	Duration	Uncertainty	ReqTime	ReqDur	Stim Type	Pair Index

P015	0	Pulse	255	0	0	NA
P015	1	Picture	instruct_trial	10333	0	1	52162	1	0	next	other	0
P015	1	Pulse	255	30000	19667	NA
P015	1	Pulse	255	60000	49667	NA
P015	1	Response	100	62344	52011	1
P015	1	Pulse	255	90000	79667	NA
P015	2	Pulse	255	120000	23508	NA
P015	2	Pulse	255	150000	53508	NA
P015	2	Pulse	255	180000	83508	NA
P015	2	Pulse	255	210000	113508	NA
P015	2	Pulse	255	240000	143508	NA
P015	2	Response	100	243505	147013	1
P015	4	Pulse	255	270000	16022	NA
P015	6	Pulse	255	300000	15691	NA
P015	6	Response	100	316075	31766	1
P015	8	Pulse	255	330000	3528	NA
P015	10	Pulse	255	360000	3198	NA
P015	10	Response	100	377194	20392	1
P015	12	Pulse	255	390000	2367	NA
P015	14	Pulse	255	420000	2036	NA
P015	14	Response	100	439494	21530	1
P015	16	Pulse	255	450000	39	NA
P015	17	Pulse	255	480000	9874	NA
P015	18	Response	100	508164	27872	1
P015	19	Pulse	255	510000	1711	NA
P015	21	Pulse	255	540000	1214	NA
P015	22	Response	100	568964	20012	1
P015	23	Pulse	255	570000	883	NA
P015	25	Pulse	255	600000	386	NA
P015	26	Response	101	620473	10693	1
P015	27	Pulse	255	630000	9387	NA
P015	29	Pulse	255	660000	8890	NA
P015	30	Response	101	679534	18259	1
P015	32	Pulse	255	690000	60	NA
P015	33	Pulse	255	720000	9895	NA
P015	34	Response	101	729264	8993	1
P015	36	Pulse	255	750000	10231	NA
P015	38	Pulse	255	780000	9901	NA
P015	38	Response	100	781622	11523	1
P015	40	Pulse	255	810000	17903	NA
P015	42	Response	100	831773	9345	1
P015	43	Pulse	255	840000	8073	NA
P015	45	Pulse	255	870000	7575	NA
P015	46	Response	101	881144	8553	1
P015	48	Pulse	255	900000	8411	NA
P015	50	Response	100	929093	7173	1
P015	51	Pulse	255	930000	748	NA
P015	53	Pulse	255	960000	251	NA
P015	54	Response	100	978114	8199	1
P015	56	Pulse	255	990000	1420	NA
P015	58	Pulse	255	1020000	1089	NA
P015	58	Response	101	1027293	8383	1
P015	60	Pulse	255	1050000	12258	NA
P015	62	Response	101	1074984	6911	1
P015	63	Pulse	255	1080000	4927	NA
P015	65	Pulse	255	1110000	4430	NA
P015	66	Response	101	1124375	8639	1
P015	68	Pulse	255	1140000	5099	NA
P015	70	Pulse	255	1170000	4769	NA
P015	70	Response	100	1171794	6563	1
P015	72	Pulse	255	1200000	17770	NA
P015	74	Response	100	1223075	10514	1
P015	75	Pulse	255	1230000	6774	NA
P015	77	Pulse	255	1260000	6277	NA
P015	78	Response	100	1271393	7503	1
P015	80	Pulse	255	1290000	8112	NA
P015	82	Response	100	1316825	4607	1
P015	83	Pulse	255	1320000	3115	NA
P015	85	Pulse	255	1350000	2618	NA
P015	86	Response	101	1367784	10236	1
P015	88	Pulse	255	1380000	1787	NA
P015	90	Pulse	255	1410000	1457	NA
P015	90	Response	101	1416072	7529	1
P015	92	Pulse	255	1440000	13458	NA
P015	94	Response	101	1468684	11812	1
P015	95	Pulse	255	1470000	1129	NA
P015	97	Pulse	255	1500000	632	NA
P015	98	Response	101	1519594	10059	1
P015	99	Pulse	255	1530000	10300	NA
P015	101	Pulse	255	1560000	9803	NA
P015	102	Response	100	1568082	7719	1
P015	104	Pulse	255	1590000	11472	NA
P015	106	Response	100	1617304	8445	1
P015	107	Pulse	255	1620000	2642	NA
P015	109	Pulse	255	1650000	2145	NA
P015	110	Response	101	1662397	4376	1
P015	112	Pulse	255	1680000	7147	NA
P015	114	Pulse	255	1710000	6816	NA
P015	114	Response	101	1711834	8650	1
P015	116	Pulse	255	1740000	17651	NA
P015	118	Response	100	1759992	7312	1
P015	119	Pulse	255	1770000	9821	NA
P015	121	Pulse	255	1800000	9324	NA
P015	122	Response	100	1808712	7870	1
P015	124	Pulse	255	1830000	10826	NA
P015	126	Response	100	1856523	7018	1
P015	127	Pulse	255	1860000	3330	NA
P015	129	Pulse	255	1890000	2832	NA
P015	130	Response	100	1905863	8529	1
P015	132	Pulse	255	1920000	3668	NA
P015	134	Pulse	255	1950000	3338	NA
P015	134	Response	101	1956722	10060	1
P015	136	Pulse	255	1980000	12839	NA
P015	138	Response	100	2004053	6561	1
P015	139	Pulse	255	2010000	5843	NA
P015	141	Pulse	255	2040000	5345	NA
P015	142	Response	100	2052902	8081	1
P015	144	Pulse	255	2070000	6681	NA
P015	146	Pulse	255	2100000	6351	NA
P015	146	Response	100	2100242	6592	1
P015	148	Pulse	255	2130000	19352	NA
P015	150	Response	101	2148892	7913	1
P015	152	Pulse	255	2160000	690	NA
P015	154	Pulse	255	2190000	359	NA
P015	154	Response	101	2197039	7398	1
P015	156	Pulse	255	2220000	12527	NA
P015	158	Response	101	2245109	7305	1
P015	159	Pulse	255	2250000	4697	NA
P015	161	Pulse	255	2280000	4200	NA
P015	162	Response	100	2297839	11873	1
P015	164	Pulse	255	2310000	1703	NA
P015	166	Pulse	255	2340000	1372	NA
P015	166	Response	100	2344201	5573	1
P015	168	Pulse	255	2370000	15374	NA
P015	170	Response	101	2391049	6092	1
P015	171	Pulse	255	2400000	8877	NA
P015	173	Pulse	255	2430000	8379	NA
P015	174	Response	101	2439458	7672	1
P015	176	Pulse	255	2460000	10049	NA
P015	178	Pulse	255	2490000	9718	NA
P015	178	Response	101	2496361	16079	1
P015	180	Pulse	255	2520000	13220	NA
P015	182	Response	101	2546291	9180	1
P015	183	Pulse	255	2550000	3557	NA
P015	185	Pulse	255	2580000	3060	NA
P015	186	Response	100	2591210	4104	1
P015	188	Pulse	255	2610000	8395	NA
P015	190	Pulse	255	2640000	8065	NA
P015	190	Response	101	2645681	13746	1
P015	192	Pulse	255	2670000	13900	NA
P015	194	Response	100	2692772	6341	1
P015	195	Pulse	255	2700000	7070	NA
P015	197	Pulse	255	2730000	6573	NA
P015	198	Response	101	2741411	7818	1
P015	200	Pulse	255	2760000	8075	NA
P015	202	Response	100	2789762	7507	1
P015	203	Pulse	255	2790000	79	NA
P015	204	Pulse	255	2820000	19746	NA
P015	206	Response	101	2838780	8196	1
P015	208	Pulse	255	2850000	750	NA
P015	210	Pulse	255	2880000	420	NA
P015	210	Response	100	2887100	7520	1
P015	212	Pulse	255	2910000	12421	NA
P015	214	Response	100	2934001	6091	1
P015	215	Pulse	255	2940000	5925	NA
P015	217	Pulse	255	2970000	5427	NA
P015	218	Response	100	2981441	6702	1
P015	220	Pulse	255	3000000	8096	NA
P015	222	Response	101	3028601	6366	1
P015	223	Pulse	255	3030000	1266	NA
P015	225	Pulse	255	3060000	769	NA
P015	226	Response	100	3075639	6242	1
P015	228	Pulse	255	3090000	3938	NA
P015	230	Pulse	255	3120000	3607	NA
P015	230	Response	101	3127079	10686	1
P015	232	Pulse	255	3150000	12443	NA
P015	234	Response	101	3178089	10201	1
P015	235	Pulse	255	3180000	1779	NA
P015	237	Pulse	255	3210000	1282	NA
P015	238	Response	101	3230459	11575	1
P015	239	Pulse	255	3240000	9451	NA
P015	241	Pulse	255	3270000	8953	NA
P015	242	Picture	instruct_trial	3271212	0	1	54995	1	0	next	other	0
P015	242	Pulse	255	3300000	28788	NA
P015	242	Response	101	3326009	54797	1
P015	243	Pulse	255	3330000	3459	NA
P015	243	Response	100	3357030	30489	1
P015	244	Pulse	255	3360000	2795	NA
P015	246	Pulse	255	3390000	2298	NA
P015	247	Response	100	3411929	14061	1
P015	248	Pulse	255	3420000	7967	NA
P015	250	Pulse	255	3450000	7469	NA
P015	251	Pulse	255	3480000	27304	NA
P015	251	Response	100	3480513	27816	1
P015	253	Pulse	255	3510000	18974	NA
P015	255	Pulse	255	3540000	18643	NA
P015	255	Response	100	3548909	27552	1
P015	257	Pulse	255	3570000	10646	NA
P015	259	Pulse	255	3600000	10316	NA
P015	259	Response	100	3610439	20754	1
P015	261	Pulse	255	3630000	9152	NA
P015	263	Pulse	255	3660000	8821	NA
P015	263	Response	101	3674158	22979	1
P015	265	Pulse	255	3690000	5324	NA
P015	267	Pulse	255	3720000	4993	NA
P015	267	Response	101	3732728	17722	1
P015	269	Pulse	255	3750000	6829	NA
P015	271	Pulse	255	3780000	6499	NA
P015	271	Response	101	3781305	7804	1
P015	273	Pulse	255	3810000	18167	NA
P015	275	Response	101	3830208	8044	1
P015	276	Pulse	255	3840000	9670	NA
P015	278	Pulse	255	3870000	9173	NA
P015	279	Response	100	3880228	9235	1
P015	281	Pulse	255	3900000	9342	NA
P015	283	Pulse	255	3930000	9012	NA
P015	283	Response	101	3932476	11488	1
P015	285	Pulse	255	3960000	17013	NA
P015	287	Response	101	3981047	7730	1
P015	288	Pulse	255	3990000	8850	NA
P015	290	Pulse	255	4020000	8353	NA
P015	291	Response	100	4032867	11055	1
P015	293	Pulse	255	4050000	6689	NA
P015	295	Pulse	255	4080000	6358	NA
P015	295	Response	100	4093967	20326	1
P015	297	Pulse	255	4110000	5528	NA
P015	299	Pulse	255	4140000	5197	NA
P015	299	Response	100	4141827	7024	1
P015	301	Pulse	255	4170000	17699	NA
P015	303	Response	101	4189348	6716	1
P015	305	Pulse	255	4200000	203	NA
P015	306	Pulse	255	4230000	10038	NA
P015	307	Response	101	4243777	13649	1
P015	309	Pulse	255	4260000	5708	NA
P015	311	Pulse	255	4290000	5377	NA
P015	311	Response	100	4290767	6144	1
P015	313	Pulse	255	4320000	18712	NA
P015	315	Response	101	4344357	12738	1
P015	316	Pulse	255	4350000	5549	NA
P015	318	Pulse	255	4380000	5052	NA
P015	319	Response	100	4391357	6242	1
P015	321	Pulse	255	4410000	8221	NA
P015	323	Response	101	4438277	6167	1
P015	324	Pulse	255	4440000	1557	NA
P015	326	Pulse	255	4470000	1060	NA
P015	327	Response	101	4487736	8630	1
P015	329	Pulse	255	4500000	1729	NA
P015	331	Pulse	255	4530000	1398	NA
P015	331	Response	101	4536366	7765	1
P015	333	Pulse	255	4560000	13233	NA
P015	335	Response	101	4582106	5009	1
P015	336	Pulse	255	4590000	7736	NA
P015	338	Pulse	255	4620000	7239	NA
P015	339	Response	101	4631965	9038	1
P015	341	Pulse	255	4650000	7575	NA
P015	343	Pulse	255	4680000	7244	NA
P015	343	Response	100	4680586	7830	1
P015	345	Pulse	255	4710000	18913	NA
P015	347	Response	100	4729886	8469	1
P015	348	Pulse	255	4740000	9916	NA
P015	350	Pulse	255	4770000	9419	NA
P015	351	Response	101	4781296	10549	1
P015	353	Pulse	255	4800000	8255	NA
P015	355	Pulse	255	4830000	7924	NA
P015	355	Response	101	4830916	8840	1
P015	357	Pulse	255	4860000	18593	NA
P015	359	Response	100	4881475	9737	1
P015	360	Pulse	255	4890000	8430	NA
P015	362	Pulse	255	4920000	7932	NA
P015	363	Response	100	4926916	4682	1
P015	365	Pulse	255	4950000	12601	NA
P015	367	Pulse	255	4980000	12270	NA
P015	367	Response	100	5000385	32655	1
P015	368	Pulse	255	5010000	9440	NA
P015	370	Pulse	255	5040000	8943	NA
P015	371	Response	100	5049485	8262	1
P015	373	Pulse	255	5070000	10112	NA
P015	375	Response	101	5096155	5936	1
P015	376	Pulse	255	5100000	3782	NA
P015	378	Pulse	255	5130000	3284	NA
P015	379	Response	101	5145236	8355	1
P015	381	Pulse	255	5160000	4287	NA
P015	383	Pulse	255	5190000	3956	NA
P015	383	Response	100	5192415	6371	1
P015	385	Pulse	255	5220000	17125	NA
P015	387	Response	100	5240665	7458	1
P015	388	Pulse	255	5250000	9128	NA
P015	390	Pulse	255	5280000	8631	NA
P015	391	Response	101	5288515	6980	1
P015	393	Pulse	255	5310000	10966	NA
P015	395	Pulse	255	5340000	10636	NA
P015	395	Response	101	5346884	17520	1
P015	397	Pulse	255	5370000	12638	NA
P015	399	Response	101	5395973	8281	1
P015	400	Pulse	255	5400000	3975	NA
P015	402	Pulse	255	5430000	3478	NA
P015	403	Response	100	5445214	8526	1
P015	405	Pulse	255	5460000	4313	NA
P015	407	Pulse	255	5490000	3983	NA
P015	407	Response	100	5491664	5646	1
P015	409	Pulse	255	5520000	17818	NA
P015	411	Response	101	5541134	8621	1
P015	412	Pulse	255	5550000	8654	NA
P015	414	Pulse	255	5580000	8157	NA
P015	415	Response	101	5589994	7985	1
P015	417	Pulse	255	5610000	9493	NA
P015	419	Response	101	5638603	7766	1
P015	420	Pulse	255	5640000	1330	NA
P015	422	Pulse	255	5670000	832	NA
P015	423	Response	101	5690346	11012	1
P015	424	Pulse	255	5700000	9501	NA
P015	426	Pulse	255	5730000	9003	NA
P015	427	Response	100	5738970	7808	1
P015	429	Pulse	255	5760000	10506	NA
P015	431	Response	101	5786333	6509	1
P015	432	Pulse	255	5790000	3509	NA
P015	434	Pulse	255	5820000	3012	NA
P015	435	Response	100	5834263	7110	1
P015	437	Pulse	255	5850000	5348	NA
P015	439	Pulse	255	5880000	5017	NA
P015	439	Response	101	5882072	7089	1
P015	441	Pulse	255	5910000	17519	NA
P015	443	Response	100	5929012	6200	1
P015	445	Pulse	255	5940000	523	NA
P015	447	Pulse	255	5970000	192	NA
P015	447	Response	101	5977183	7375	1
P015	449	Pulse	255	6000000	12360	NA
P015	451	Response	100	6025863	7892	1
P015	452	Pulse	255	6030000	4030	NA
P015	454	Pulse	255	6060000	3533	NA
P015	455	Response	100	6073323	6690	1
P015	457	Pulse	255	6090000	6202	NA
P015	459	Pulse	255	6120000	5871	NA
P015	459	Response	100	6121693	7564	1
P015	461	Pulse	255	6150000	17873	NA
P015	463	Response	101	6168773	6315	1
P015	465	Pulse	255	6180000	711	NA
P015	467	Pulse	255	6210000	380	NA
P015	467	Response	100	6215163	5543	1
P015	469	Pulse	255	6240000	14381	NA
P015	471	Response	100	6263812	7863	1
P015	472	Pulse	255	6270000	6051	NA
P015	474	Pulse	255	6300000	5554	NA
P015	475	Response	101	6309924	5312	1
P015	477	Pulse	255	6330000	9556	NA
P015	479	Pulse	255	6360000	9226	NA
P015	479	Response	101	6361252	10477	1
P015	481	Pulse	255	6390000	18228	NA
P015	483	Picture	instruct_trial	6402103	0	1	16165	1	0	next	other	0
P015	483	Response	101	6418196	16093	1
P015	484	Pulse	255	6420000	1565	NA
P015	484	Response	100	6446992	28557	1
P015	485	Pulse	255	6450000	2901	NA
P015	487	Pulse	255	6480000	2403	NA
P015	488	Response	100	6501541	13779	1
P015	489	Pulse	255	6510000	8406	NA
P015	491	Pulse	255	6540000	7908	NA
P015	492	Response	101	6554782	12524	1
P015	494	Pulse	255	6570000	4745	NA
P015	496	Pulse	255	6600000	4414	NA
P015	496	Response	100	6623982	28396	1
P015	497	Pulse	255	6630000	5916	NA
P015	499	Pulse	255	6660000	5419	NA
P015	500	Response	101	6678431	13684	1
P015	502	Pulse	255	6690000	1089	NA
P015	504	Pulse	255	6720000	758	NA
P015	504	Response	101	6728721	9480	1
P015	506	Pulse	255	6750000	10760	NA
P015	508	Response	100	6779898	10327	1
P015	508	Pulse	255	6780000	10429	NA
P015	510	Pulse	255	6810000	19598	NA
P015	512	Response	101	6831841	11108	1
P015	513	Pulse	255	6840000	8101	NA
P015	515	Pulse	255	6870000	7604	NA
P015	516	Response	100	6878720	6158	1
P015	518	Pulse	255	6900000	10773	NA
P015	520	Pulse	255	6930000	10442	NA
P015	520	Response	100	6934950	15392	1
P015	522	Pulse	255	6960000	14611	NA
P015	524	Response	101	6982160	6441	1
P015	525	Pulse	255	6990000	7781	NA
P015	527	Pulse	255	7020000	7284	NA
P015	528	Pulse	255	7050000	27118	NA
P015	528	Response	100	7053750	30868	1
P015	530	Pulse	255	7080000	15789	NA
P015	532	Response	100	7102340	7798	1
P015	533	Pulse	255	7110000	7459	NA
P015	535	Pulse	255	7140000	6961	NA
P015	536	Response	101	7150370	7165	1
P015	538	Pulse	255	7170000	9130	NA
P015	540	Response	100	7199340	8140	1
P015	541	Pulse	255	7200000	467	NA
P015	542	Pulse	255	7230000	20135	NA
P015	544	Response	100	7247250	7054	1
P015	546	Pulse	255	7260000	2306	NA
P015	548	Pulse	255	7290000	1975	NA
P015	548	Response	100	7294510	6485	1
P015	550	Pulse	255	7320000	14976	NA
P015	552	Response	101	7341489	6135	1
P015	553	Pulse	255	7350000	8313	NA
P015	555	Pulse	255	7380000	7816	NA
P015	556	Response	101	7389398	7048	1
P015	558	Pulse	255	7410000	10151	NA
P015	560	Response	101	7434379	4200	1
P015	561	Pulse	255	7440000	5488	NA
P015	563	Pulse	255	7470000	4990	NA
P015	564	Response	101	7483119	7943	1
P015	566	Pulse	255	7500000	6493	NA
P015	568	Pulse	255	7530000	6162	NA
P015	568	Response	100	7530889	7052	1
P015	570	Pulse	255	7560000	18664	NA
P015	572	Response	100	7578629	6962	1
P015	574	Pulse	255	7590000	835	NA
P015	576	Pulse	255	7620000	504	NA
P015	576	Response	100	7625119	5623	1
P015	578	Pulse	255	7650000	14339	NA
P015	580	Pulse	255	7680000	14008	NA
P015	580	Response	100	7692050	26058	1
P015	582	Pulse	255	7710000	7511	NA
P015	584	Pulse	255	7740000	7181	NA
P015	584	Response	101	7740838	8019	1
P015	586	Pulse	255	7770000	18682	NA
P015	588	Response	101	7788679	7030	1
P015	590	Pulse	255	7800000	853	NA
P015	592	Pulse	255	7830000	523	NA
P015	592	Response	100	7836029	6551	1
P015	594	Pulse	255	7860000	13524	NA
P015	596	Response	100	7882788	5982	1
P015	597	Pulse	255	7890000	7027	NA
P015	599	Pulse	255	7920000	6530	NA
P015	600	Response	101	7930868	7232	1
P015	602	Pulse	255	7950000	8699	NA
P015	604	Response	101	7977079	5447	1
P015	605	Pulse	255	7980000	2869	NA
P015	607	Pulse	255	8010000	2372	NA
P015	608	Response	101	8024818	7024	1
P015	610	Pulse	255	8040000	4707	NA
P015	612	Pulse	255	8070000	4377	NA
P015	612	Response	101	8072788	7165	1
P015	614	Pulse	255	8100000	16712	NA
P015	616	Response	100	8120847	7228	1
P015	617	Pulse	255	8130000	9048	NA
P015	619	Pulse	255	8160000	8551	NA
P015	620	Response	100	8168439	6824	1
P015	622	Pulse	255	8190000	11053	NA
P015	624	Response	101	8217297	8020	1
P015	625	Pulse	255	8220000	2557	NA
P015	627	Pulse	255	8250000	2060	NA
P015	628	Response	101	8265178	7071	1
P015	630	Pulse	255	8280000	4395	NA
P015	632	Pulse	255	8310000	4065	NA
P015	632	Response	100	8312629	6693	1
P015	634	Pulse	255	8340000	16899	NA
P015	636	Response	100	8360448	7017	1
P015	637	Pulse	255	8370000	9403	NA
P015	639	Pulse	255	8400000	8905	NA
P015	640	Response	100	8409547	8287	1
P015	642	Pulse	255	8430000	10075	NA
P015	644	Pulse	255	8460000	9744	NA
P015	644	Response	101	8467587	17331	1
P015	646	Pulse	255	8490000	11913	NA
P015	648	Response	101	8515886	7468	1
P015	649	Pulse	255	8520000	3916	NA
P015	651	Pulse	255	8550000	3419	NA
P015	652	Response	100	8562957	6210	1
P015	654	Pulse	255	8580000	6588	NA
P015	656	Pulse	255	8610000	6258	NA
P015	656	Response	100	8610377	6634	1
P015	658	Pulse	255	8640000	19092	NA
P015	660	Response	100	8656746	5508	1
P015	662	Pulse	255	8670000	2763	NA
P015	664	Pulse	255	8700000	2432	NA
P015	664	Response	100	8704286	6719	1
P015	666	Pulse	255	8730000	15267	NA
P015	668	Response	101	8750366	5303	1
P015	669	Pulse	255	8760000	9437	NA
P015	671	Pulse	255	8790000	8940	NA
P015	672	Response	100	8799275	8049	1
P015	674	Pulse	255	8820000	10276	NA
P015	676	Response	101	8847656	7601	1
P015	677	Pulse	255	8850000	2279	NA
P015	679	Pulse	255	8880000	1782	NA
P015	680	Response	100	8906636	18252	1
P015	681	Pulse	255	8910000	3284	NA
P015	683	Pulse	255	8940000	2787	NA
P015	684	Response	101	8953866	6487	1
P015	686	Pulse	255	8970000	5623	NA
P015	688	Pulse	255	9000000	5292	NA
P015	688	Response	100	9001355	6647	1
P015	690	Pulse	255	9030000	18127	NA
P015	692	Response	101	9049936	7732	1
P015	693	Pulse	255	9060000	9963	NA
P015	695	Pulse	255	9090000	9466	NA
P015	696	Response	101	9098675	7976	1
P015	698	Pulse	255	9120000	10802	NA
P015	700	Response	101	9146985	7457	1
P015	701	Pulse	255	9150000	2805	NA
P015	703	Pulse	255	9180000	2308	NA
P015	704	Response	100	9195265	7408	1
P015	706	Pulse	255	9210000	4311	NA
P015	708	Pulse	255	9240000	3980	NA
P015	708	Response	101	9241245	5225	1
P015	710	Pulse	255	9270000	18315	NA
P015	712	Response	101	9289015	6999	1
P015	714	Pulse	255	9300000	485	NA
P015	716	Pulse	255	9330000	155	NA
P015	716	Response	100	9335055	5210	1
P015	718	Pulse	255	9360000	14490	NA
P015	720	Response	100	9381415	5574	1
P015	721	Pulse	255	9390000	8493	NA
P015	723	Pulse	255	9420000	7995	NA
P015	724	Picture	instruct_trial	9422170	0	1	40163	1	0	next	other	0
P015	724	Pulse	255	9450000	27830	NA
