Scenario - learning_JJ_english
Logfile written - 06/19/2023 15:22:25

Subject	Trial	Event Type	Code	Time	TTime	Uncertainty	Duration	Uncertainty	ReqTime	ReqDur	Stim Type	Pair Index

P017	0	Pulse	255	0	0	NA
P017	1	Picture	instruct_trial	10500	0	1	78326	1	0	next	other	0
P017	1	Pulse	255	30000	19500	NA
P017	1	Pulse	255	60000	49500	NA
P017	1	Response	100	88734	78234	1
P017	1	Pulse	255	90000	79500	NA
P017	2	Response	101	114583	24424	1
P017	3	Pulse	255	120000	5343	NA
P017	5	Pulse	255	150000	4846	NA
P017	6	Response	100	165323	10003	1
P017	8	Pulse	255	180000	4182	NA
P017	10	Pulse	255	210000	3851	NA
P017	10	Response	101	212563	6414	1
P017	12	Pulse	255	240000	17019	NA
P017	14	Response	100	260823	7511	1
P017	15	Pulse	255	270000	9022	NA
P017	17	Pulse	255	300000	8525	NA
P017	18	Response	100	308923	7283	1
P017	20	Pulse	255	330000	10694	NA
P017	22	Response	100	359403	9766	1
P017	23	Pulse	255	360000	531	NA
P017	25	Pulse	255	390000	34	NA
P017	26	Response	101	408692	8560	1
P017	28	Pulse	255	420000	870	NA
P017	30	Pulse	255	450000	539	NA
P017	30	Response	101	459421	9960	1
P017	32	Pulse	255	480000	10041	NA
P017	34	Pulse	255	510000	9710	NA
P017	34	Response	100	522532	22243	1
P017	36	Pulse	255	540000	7046	NA
P017	38	Pulse	255	570000	6716	NA
P017	38	Response	101	573273	9988	1
P017	40	Pulse	255	600000	16218	NA
P017	42	Response	100	622172	8059	1
P017	43	Pulse	255	630000	7721	NA
P017	45	Pulse	255	660000	7224	NA
P017	46	Response	101	673751	10809	1
P017	48	Pulse	255	690000	5726	NA
P017	50	Pulse	255	720000	5396	NA
P017	50	Response	100	744202	29598	1
P017	51	Pulse	255	750000	5732	NA
P017	53	Pulse	255	780000	5234	NA
P017	54	Response	100	794941	10010	1
P017	56	Pulse	255	810000	4570	NA
P017	58	Pulse	255	840000	4240	NA
P017	58	Response	100	857421	21661	1
P017	60	Pulse	255	870000	2076	NA
P017	62	Pulse	255	900000	1745	NA
P017	62	Response	100	912851	14597	1
P017	64	Pulse	255	930000	6747	NA
P017	66	Pulse	255	960000	6417	NA
P017	66	Response	101	970851	17268	1
P017	68	Pulse	255	990000	8753	NA
P017	70	Pulse	255	1020000	8422	NA
P017	70	Pulse	255	1050000	38422	NA
P017	70	Response	101	1056901	45323	1
P017	72	Pulse	255	1080000	12594	NA
P017	74	Pulse	255	1110000	12263	NA
P017	74	Response	100	1139611	41874	1
P017	75	Pulse	255	1140000	267	NA
P017	76	Pulse	255	1170000	19934	NA
P017	78	Pulse	255	1200000	19603	NA
P017	78	Response	101	1214590	34194	1
P017	80	Pulse	255	1230000	4941	NA
P017	82	Pulse	255	1260000	4610	NA
P017	82	Response	100	1263851	8461	1
P017	84	Pulse	255	1290000	15612	NA
P017	86	Response	100	1312960	8241	1
P017	87	Pulse	255	1320000	6948	NA
P017	89	Pulse	255	1350000	6451	NA
P017	90	Response	100	1364780	11066	1
P017	92	Pulse	255	1380000	4787	NA
P017	94	Pulse	255	1410000	4457	NA
P017	94	Response	100	1415060	9517	1
P017	96	Pulse	255	1440000	14458	NA
P017	98	Pulse	255	1470000	14128	NA
P017	98	Response	100	1470320	14448	1
P017	100	Pulse	255	1500000	19297	NA
P017	102	Response	100	1521190	10156	1
P017	103	Pulse	255	1530000	8634	NA
P017	105	Pulse	255	1560000	8136	NA
P017	106	Response	100	1569509	7480	1
P017	108	Pulse	255	1590000	9972	NA
P017	110	Response	100	1618303	7945	1
P017	111	Pulse	255	1620000	1642	NA
P017	113	Pulse	255	1650000	1145	NA
P017	114	Response	101	1673399	14378	1
P017	115	Pulse	255	1680000	6480	NA
P017	117	Pulse	255	1710000	5983	NA
P017	118	Response	100	1725129	10946	1
P017	120	Pulse	255	1740000	4486	NA
P017	122	Pulse	255	1770000	4155	NA
P017	122	Response	101	1773520	7675	1
P017	124	Pulse	255	1800000	15990	NA
P017	126	Response	100	1824619	10279	1
P017	127	Pulse	255	1830000	5327	NA
P017	129	Pulse	255	1860000	4830	NA
P017	130	Response	101	1879080	13744	1
P017	132	Pulse	255	1890000	499	NA
P017	134	Pulse	255	1920000	169	NA
P017	134	Response	100	1925589	5758	1
P017	136	Pulse	255	1950000	14003	NA
P017	138	Response	100	1972749	6422	1
P017	139	Pulse	255	1980000	7173	NA
P017	141	Pulse	255	2010000	6676	NA
P017	142	Response	101	2030119	16629	1
P017	143	Pulse	255	2040000	9678	NA
P017	145	Pulse	255	2070000	9181	NA
P017	146	Response	100	2077979	6995	1
P017	148	Pulse	255	2100000	11517	NA
P017	150	Response	101	2126599	7785	1
P017	151	Pulse	255	2130000	3354	NA
P017	153	Pulse	255	2160000	2856	NA
P017	154	Response	101	2174649	7339	1
P017	156	Pulse	255	2190000	4859	NA
P017	158	Pulse	255	2220000	4528	NA
P017	158	Response	100	2224728	9256	1
P017	160	Pulse	255	2250000	14863	NA
P017	162	Pulse	255	2280000	14532	NA
P017	162	Response	100	2282048	16580	1
P017	164	Pulse	255	2310000	17535	NA
P017	166	Response	100	2338098	15302	1
P017	167	Pulse	255	2340000	1706	NA
P017	169	Pulse	255	2370000	1208	NA
P017	170	Response	100	2386958	8000	1
P017	172	Pulse	255	2400000	2544	NA
P017	174	Pulse	255	2430000	2213	NA
P017	174	Response	100	2437167	9381	1
P017	176	Pulse	255	2460000	12382	NA
P017	178	Response	101	2485158	7209	1
P017	179	Pulse	255	2490000	4718	NA
P017	181	Pulse	255	2520000	4221	NA
P017	182	Response	100	2533729	7784	1
P017	184	Pulse	255	2550000	5890	NA
P017	186	Pulse	255	2580000	5560	NA
P017	186	Response	100	2599768	25327	1
P017	187	Pulse	255	2610000	10062	NA
P017	189	Pulse	255	2640000	9565	NA
P017	190	Response	101	2648308	7706	1
P017	192	Pulse	255	2670000	11234	NA
P017	194	Pulse	255	2700000	10903	NA
P017	194	Response	100	2702128	13031	1
P017	196	Pulse	255	2730000	17405	NA
P017	198	Response	100	2749077	6151	1
P017	200	Pulse	255	2760000	409	NA
P017	202	Pulse	255	2790000	79	NA
P017	202	Response	100	2797527	7605	1
P017	204	Pulse	255	2820000	12080	NA
P017	206	Response	101	2842736	4486	1
P017	207	Pulse	255	2850000	7083	NA
P017	209	Pulse	255	2880000	6586	NA
P017	210	Response	100	2886927	3347	1
P017	212	Pulse	255	2910000	12588	NA
P017	214	Response	100	2930907	3164	1
P017	215	Pulse	255	2940000	8924	NA
P017	217	Pulse	255	2970000	8427	NA
P017	218	Response	100	2983447	11708	1
P017	220	Pulse	255	3000000	6097	NA
P017	222	Response	101	3028846	4612	1
P017	223	Pulse	255	3030000	1100	NA
P017	225	Pulse	255	3060000	602	NA
P017	226	Response	100	3073966	4403	1
P017	228	Pulse	255	3090000	5605	NA
P017	230	Pulse	255	3120000	5274	NA
P017	230	Response	101	3121296	6570	1
P017	232	Pulse	255	3150000	18275	NA
P017	234	Response	100	3166506	4451	1
P017	236	Pulse	255	3180000	3113	NA
P017	238	Pulse	255	3210000	2782	NA
P017	238	Response	101	3213516	6298	1
P017	240	Pulse	255	3240000	15950	NA
P017	242	Picture	instruct_trial	3254380	0	1	65494	1	0	next	other	0
P017	242	Pulse	255	3270000	15620	NA
P017	242	Pulse	255	3300000	45620	NA
P017	242	Response	101	3319806	65425	1
P017	243	Pulse	255	3330000	9959	NA
P017	243	Response	100	3347446	27405	1
P017	245	Pulse	255	3360000	2129	NA
P017	247	Pulse	255	3390000	1798	NA
P017	247	Response	101	3398206	10004	1
P017	249	Pulse	255	3420000	11300	NA
P017	251	Response	101	3449076	10045	1
P017	252	Pulse	255	3450000	803	NA
P017	254	Pulse	255	3480000	306	NA
P017	255	Response	101	3503376	13516	1
P017	256	Pulse	255	3510000	6475	NA
P017	258	Pulse	255	3540000	5978	NA
P017	259	Response	101	3549725	5537	1
P017	261	Pulse	255	3570000	9813	NA
P017	263	Response	100	3598195	7678	1
P017	264	Pulse	255	3600000	1650	NA
P017	266	Pulse	255	3630000	1153	NA
P017	267	Response	100	3646025	7012	1
P017	269	Pulse	255	3660000	3488	NA
P017	271	Pulse	255	3690000	3158	NA
P017	271	Response	100	3692025	5183	1
P017	273	Pulse	255	3720000	17492	NA
P017	275	Response	101	3736945	4107	1
P017	277	Pulse	255	3750000	2663	NA
P017	279	Pulse	255	3780000	2332	NA
P017	279	Response	100	3784404	6736	1
P017	281	Pulse	255	3810000	15167	NA
P017	283	Pulse	255	3840000	14837	NA
P017	283	Response	101	3850915	25751	1
P017	285	Pulse	255	3870000	8673	NA
P017	287	Response	100	3896435	4777	1
P017	288	Pulse	255	3900000	3509	NA
P017	290	Pulse	255	3930000	3012	NA
P017	291	Response	101	3948573	11419	1
P017	293	Pulse	255	3960000	1015	NA
P017	295	Pulse	255	3990000	684	NA
P017	295	Response	100	3998935	9620	1
P017	297	Pulse	255	4020000	10686	NA
P017	299	Response	101	4049234	9590	1
P017	300	Pulse	255	4050000	690	NA
P017	302	Pulse	255	4080000	192	NA
P017	303	Response	100	4096235	6261	1
P017	305	Pulse	255	4110000	3361	NA
P017	307	Pulse	255	4140000	3031	NA
P017	307	Response	101	4140504	3534	1
P017	309	Pulse	255	4170000	19032	NA
P017	311	Response	101	4185064	3765	1
P017	313	Pulse	255	4200000	4536	NA
P017	315	Response	100	4229516	3721	1
P017	316	Pulse	255	4230000	372	NA
P017	317	Pulse	255	4260000	20040	NA
P017	319	Response	101	4275113	4822	1
P017	321	Pulse	255	4290000	4377	NA
P017	323	Response	101	4319094	3140	1
P017	324	Pulse	255	4320000	713	NA
P017	326	Pulse	255	4350000	216	NA
P017	327	Response	100	4365403	5453	1
P017	329	Pulse	255	4380000	4218	NA
P017	331	Response	100	4408763	2651	1
P017	332	Pulse	255	4410000	1055	NA
P017	334	Pulse	255	4440000	557	NA
P017	335	Response	101	4457733	8125	1
P017	337	Pulse	255	4470000	1727	NA
P017	339	Pulse	255	4500000	1396	NA
P017	339	Response	101	4506683	8079	1
P017	341	Pulse	255	4530000	12897	NA
P017	343	Response	100	4554083	6650	1
P017	344	Pulse	255	4560000	5734	NA
P017	346	Pulse	255	4590000	5237	NA
P017	347	Response	101	4598133	3204	1
P017	349	Pulse	255	4620000	11406	NA
P017	351	Response	101	4647082	8157	1
P017	352	Pulse	255	4650000	2742	NA
P017	354	Pulse	255	4680000	2245	NA
P017	355	Response	101	4696983	9062	1
P017	357	Pulse	255	4710000	2581	NA
P017	359	Pulse	255	4740000	2250	NA
P017	359	Response	100	4745393	7643	1
P017	361	Pulse	255	4770000	14085	NA
P017	363	Response	100	4793173	6928	1
P017	364	Pulse	255	4800000	6755	NA
P017	366	Pulse	255	4830000	6258	NA
P017	367	Response	100	4838522	4614	1
P017	369	Pulse	255	4860000	11093	NA
P017	371	Response	100	4884672	5435	1
P017	372	Pulse	255	4890000	5263	NA
P017	374	Pulse	255	4920000	4766	NA
P017	375	Response	101	4931042	5642	1
P017	377	Pulse	255	4950000	8435	NA
P017	379	Response	100	4974781	2886	1
P017	380	Pulse	255	4980000	5104	NA
P017	382	Pulse	255	5010000	4607	NA
P017	383	Response	100	5023698	8139	1
P017	385	Pulse	255	5040000	5776	NA
P017	387	Response	101	5067741	3187	1
P017	388	Pulse	255	5070000	2113	NA
P017	390	Pulse	255	5100000	1615	NA
P017	391	Response	100	5112001	3450	1
P017	393	Pulse	255	5130000	7617	NA
P017	395	Response	101	5159222	6509	1
P017	396	Pulse	255	5160000	621	NA
P017	398	Pulse	255	5190000	123	NA
P017	399	Response	100	5206802	6759	1
P017	401	Pulse	255	5220000	2793	NA
P017	403	Pulse	255	5250000	2462	NA
P017	403	Response	101	5251461	3923	1
P017	405	Pulse	255	5280000	18130	NA
P017	407	Response	101	5295584	3383	1
P017	409	Pulse	255	5310000	3967	NA
P017	411	Pulse	255	5340000	3636	NA
P017	411	Response	100	5344991	8627	1
P017	413	Pulse	255	5370000	14471	NA
P017	415	Response	101	5390561	4701	1
P017	416	Pulse	255	5400000	9308	NA
P017	418	Pulse	255	5430000	8810	NA
P017	419	Response	100	5434761	3405	1
P017	421	Pulse	255	5460000	14813	NA
P017	423	Response	101	5481851	6333	1
P017	424	Pulse	255	5490000	7983	NA
P017	426	Pulse	255	5520000	7485	NA
P017	427	Response	100	5528801	6120	1
P017	429	Pulse	255	5550000	10654	NA
P017	431	Response	100	5572431	2754	1
P017	432	Response	101	5576550	4041	1
P017	432	Pulse	255	5580000	7490	NA
P017	434	Pulse	255	5610000	6993	NA
P017	435	Response	101	5617111	3938	1
P017	437	Pulse	255	5640000	12495	NA
P017	439	Response	100	5666878	9043	1
P017	440	Pulse	255	5670000	2999	NA
P017	442	Pulse	255	5700000	2501	NA
P017	443	Response	100	5715660	7995	1
P017	445	Pulse	255	5730000	3837	NA
P017	447	Pulse	255	5760000	3507	NA
P017	447	Response	101	5761659	5166	1
P017	449	Pulse	255	5790000	17842	NA
P017	451	Response	100	5807190	4701	1
P017	453	Pulse	255	5820000	2345	NA
P017	455	Pulse	255	5850000	2015	NA
P017	455	Response	100	5851250	3265	1
P017	457	Pulse	255	5880000	18349	NA
P017	459	Response	100	5898559	6578	1
P017	461	Pulse	255	5910000	1020	NA
P017	463	Pulse	255	5940000	689	NA
P017	463	Response	100	5942809	3499	1
P017	465	Pulse	255	5970000	16691	NA
P017	467	Response	100	5988579	4939	1
P017	469	Pulse	255	6000000	1028	NA
P017	471	Pulse	255	6030000	697	NA
P017	471	Response	100	6034599	5297	1
P017	473	Pulse	255	6060000	14865	NA
P017	475	Response	101	6080489	5024	1
P017	476	Pulse	255	6090000	9369	NA
P017	478	Pulse	255	6120000	8871	NA
P017	479	Response	101	6130339	9044	1
P017	481	Pulse	255	6150000	9207	NA
P017	483	Picture	instruct_trial	6171123	0	1	9499	1	0	next	other	0
P017	483	Pulse	255	6180000	8877	NA
P017	483	Response	100	6180569	9446	1
P017	484	Response	101	6209109	28319	1
P017	485	Pulse	255	6210000	713	NA
P017	487	Pulse	255	6240000	216	NA
P017	488	Response	100	6255499	5549	1
P017	490	Pulse	255	6270000	4052	NA
P017	492	Pulse	255	6300000	3721	NA
P017	492	Response	101	6308939	12660	1
P017	494	Pulse	255	6330000	10556	NA
P017	496	Response	100	6357099	7324	1
P017	497	Pulse	255	6360000	2726	NA
P017	499	Pulse	255	6390000	2229	NA
P017	500	Response	100	6404288	6351	1
P017	502	Pulse	255	6420000	5231	NA
P017	504	Pulse	255	6450000	4901	NA
P017	504	Response	100	6451989	6889	1
P017	506	Pulse	255	6480000	17569	NA
P017	508	Response	100	6499679	6917	1
P017	509	Pulse	255	6510000	10239	NA
P017	511	Pulse	255	6540000	9742	NA
P017	512	Response	101	6553408	12984	1
P017	514	Pulse	255	6570000	6078	NA
P017	516	Pulse	255	6600000	5747	NA
P017	516	Response	100	6602318	8065	1
P017	518	Pulse	255	6630000	17249	NA
P017	520	Response	100	6648128	5046	1
P017	522	Pulse	255	6660000	1420	NA
P017	524	Pulse	255	6690000	1089	NA
P017	524	Response	101	6704348	15437	1
P017	526	Pulse	255	6720000	5258	NA
P017	528	Pulse	255	6750000	4927	NA
P017	528	Response	100	6752548	7475	1
P017	530	Pulse	255	6780000	16929	NA
P017	532	Response	100	6805258	11856	1
P017	533	Pulse	255	6810000	4599	NA
P017	535	Pulse	255	6840000	4102	NA
P017	536	Response	100	6861278	15214	1
P017	537	Pulse	255	6870000	8604	NA
P017	539	Pulse	255	6900000	8107	NA
P017	540	Response	101	6911638	9579	1
P017	542	Pulse	255	6930000	7943	NA
P017	544	Response	100	6959537	7149	1
P017	545	Pulse	255	6960000	279	NA
P017	546	Pulse	255	6990000	19947	NA
P017	548	Response	101	7009841	9457	1
P017	549	Pulse	255	7020000	9950	NA
P017	551	Pulse	255	7050000	9453	NA
P017	552	Response	101	7062537	11825	1
P017	554	Pulse	255	7080000	6956	NA
P017	556	Response	100	7109967	6592	1
P017	556	Pulse	255	7110000	6625	NA
P017	558	Pulse	255	7140000	19627	NA
P017	560	Response	101	7156266	5563	1
P017	562	Pulse	255	7170000	3298	NA
P017	564	Pulse	255	7200000	2967	NA
P017	564	Response	100	7200937	3903	1
P017	566	Pulse	255	7230000	18635	NA
P017	568	Response	101	7247166	5470	1
P017	570	Pulse	255	7260000	2306	NA
P017	572	Pulse	255	7290000	1975	NA
P017	572	Response	100	7293347	5322	1
P017	574	Pulse	255	7320000	16143	NA
P017	576	Response	100	7338297	4109	1
P017	578	Pulse	255	7350000	1314	NA
P017	580	Pulse	255	7380000	983	NA
P017	580	Response	101	7384077	5060	1
P017	582	Pulse	255	7410000	15484	NA
P017	584	Response	101	7428166	3320	1
P017	586	Pulse	255	7440000	1322	NA
P017	588	Pulse	255	7470000	991	NA
P017	588	Response	100	7472165	3156	1
P017	590	Pulse	255	7500000	17325	NA
P017	592	Response	100	7517406	4401	1
P017	594	Pulse	255	7530000	2163	NA
P017	596	Pulse	255	7560000	1832	NA
P017	596	Response	101	7562926	4758	1
P017	598	Pulse	255	7590000	16667	NA
P017	600	Response	101	7616926	13262	1
P017	601	Pulse	255	7620000	3004	NA
P017	603	Pulse	255	7650000	2507	NA
P017	604	Response	100	7661575	3916	1
P017	606	Pulse	255	7680000	8009	NA
P017	608	Pulse	255	7710000	7678	NA
P017	608	Response	101	7726225	23903	1
P017	610	Pulse	255	7740000	3348	NA
P017	612	Pulse	255	7770000	3017	NA
P017	612	Response	101	7771285	4302	1
P017	614	Pulse	255	7800000	18185	NA
P017	616	Response	100	7816465	4320	1
P017	618	Pulse	255	7830000	3022	NA
P017	620	Pulse	255	7860000	2692	NA
P017	620	Response	101	7862606	5298	1
P017	622	Pulse	255	7890000	16860	NA
P017	624	Response	101	7914345	10874	1
P017	625	Pulse	255	7920000	5530	NA
P017	627	Pulse	255	7950000	5033	NA
P017	628	Response	101	7962515	7382	1
P017	630	Pulse	255	7980000	7035	NA
P017	632	Response	100	8009795	6500	1
P017	633	Pulse	255	8010000	39	NA
P017	634	Pulse	255	8040000	19706	NA
P017	636	Response	101	8059874	9250	1
P017	637	Pulse	255	8070000	10043	NA
P017	639	Pulse	255	8100000	9546	NA
P017	640	Response	100	8107463	6843	1
P017	642	Pulse	255	8130000	12048	NA
P017	644	Response	101	8154874	6592	1
P017	645	Pulse	255	8160000	5051	NA
P017	647	Pulse	255	8190000	4554	NA
P017	648	Response	101	8202944	7332	1
P017	650	Pulse	255	8220000	6557	NA
P017	652	Pulse	255	8250000	6226	NA
P017	652	Response	101	8251234	7460	1
P017	654	Pulse	255	8280000	18227	NA
P017	656	Response	100	8298412	6309	1
P017	658	Pulse	255	8310000	1065	NA
P017	660	Pulse	255	8340000	734	NA
P017	660	Response	100	8349944	10678	1
P017	662	Pulse	255	8370000	9569	NA
P017	664	Pulse	255	8400000	9239	NA
P017	664	Response	100	8405074	14313	1
P017	666	Pulse	255	8430000	14408	NA
P017	668	Pulse	255	8460000	14077	NA
P017	668	Response	100	8464834	18911	1
P017	669	Response	101	8464963	42	1
P017	670	Pulse	255	8490000	14746	NA
P017	672	Response	100	8510284	4699	1
P017	673	Pulse	255	8520000	9583	NA
P017	675	Pulse	255	8550000	9085	NA
P017	676	Response	101	8554613	3533	1
P017	678	Pulse	255	8580000	14921	NA
P017	680	Response	100	8606273	10863	1
P017	681	Pulse	255	8610000	3591	NA
P017	683	Pulse	255	8640000	3094	NA
P017	684	Response	100	8656043	8971	1
P017	686	Pulse	255	8670000	3430	NA
P017	688	Pulse	255	8700000	3099	NA
P017	688	Response	100	8703923	7022	1
P017	690	Pulse	255	8730000	15601	NA
P017	692	Response	100	8753683	8953	1
P017	693	Pulse	255	8760000	6271	NA
P017	695	Pulse	255	8790000	5773	NA
P017	696	Response	100	8802323	7931	1
P017	698	Pulse	255	8820000	7276	NA
P017	700	Response	101	8846993	3938	1
P017	701	Pulse	255	8850000	2946	NA
P017	703	Pulse	255	8880000	2448	NA
P017	704	Response	101	8894941	7224	1
P017	706	Pulse	255	8910000	4617	NA
P017	708	Response	100	8939352	3638	1
P017	709	Pulse	255	8940000	454	NA
P017	710	Pulse	255	8970000	20121	NA
P017	712	Response	100	8991651	11442	1
P017	713	Pulse	255	9000000	8292	NA
P017	715	Pulse	255	9030000	7794	NA
P017	716	Response	101	9039562	7191	1
P017	718	Pulse	255	9060000	9964	NA
P017	720	Response	100	9084942	4575	1
P017	721	Pulse	255	9090000	4967	NA
P017	723	Pulse	255	9120000	4469	NA
P017	724	Picture	instruct_trial	9125696	0	1	40163	1	0	next	other	0
P017	724	Pulse	255	9150000	24304	NA
