Scenario - learning_JJ_english
Logfile written - 07/19/2023 16:11:30

Subject	Trial	Event Type	Code	Time	TTime	Uncertainty	Duration	Uncertainty	ReqTime	ReqDur	Stim Type	Pair Index

P022	0	Pulse	255	0	0	NA
P022	1	Picture	instruct_trial	10500	0	1	144821	1	0	next	other	0
P022	1	Pulse	255	30000	19500	NA
P022	1	Pulse	255	60000	49500	NA
P022	1	Pulse	255	90000	79500	NA
P022	1	Pulse	255	120000	109500	NA
P022	1	Pulse	255	150000	139500	NA
P022	1	Response	100	155251	144751	1
P022	1	Pulse	255	180000	169500	NA
P022	2	Pulse	255	210000	29848	NA
P022	2	Pulse	255	240000	59848	NA
P022	2	Response	100	254442	74290	1
P022	4	Pulse	255	270000	5022	NA
P022	6	Pulse	255	300000	4691	NA
P022	6	Pulse	255	330000	34691	NA
P022	6	Response	101	332382	37074	1
P022	8	Pulse	255	360000	17196	NA
P022	10	Pulse	255	390000	16865	NA
P022	10	Response	101	412192	39056	1
P022	11	Pulse	255	420000	7702	NA
P022	13	Pulse	255	450000	7204	NA
P022	14	Response	101	469005	16044	1
P022	16	Pulse	255	480000	541	NA
P022	18	Pulse	255	510000	210	NA
P022	18	Response	101	518102	8312	1
P022	20	Pulse	255	540000	11378	NA
P022	22	Pulse	255	570000	11047	NA
P022	22	Response	101	583702	24750	1
P022	24	Pulse	255	600000	5884	NA
P022	26	Pulse	255	630000	5553	NA
P022	26	Response	100	650002	25555	1
P022	27	Pulse	255	660000	9889	NA
P022	29	Pulse	255	690000	9391	NA
P022	30	Pulse	255	720000	29225	NA
P022	30	Response	100	740462	49687	1
P022	31	Pulse	255	750000	9396	NA
P022	33	Pulse	255	780000	8899	NA
P022	34	Response	101	794812	13545	1
P022	36	Pulse	255	810000	4735	NA
P022	38	Pulse	255	840000	4404	NA
P022	38	Response	101	867562	31966	1
P022	39	Pulse	255	870000	2241	NA
P022	41	Pulse	255	900000	1743	NA
P022	42	Pulse	255	930000	21577	NA
P022	42	Response	101	955112	46689	1
P022	43	Pulse	255	960000	4748	NA
P022	45	Pulse	255	990000	4251	NA
P022	46	Pulse	255	1020000	24085	NA
P022	46	Response	101	1028102	32187	1
P022	48	Pulse	255	1050000	11422	NA
P022	50	Pulse	255	1080000	11091	NA
P022	50	Pulse	255	1110000	41091	NA
P022	50	Response	100	1114472	45563	1
P022	52	Pulse	255	1140000	15096	NA
P022	54	Response	100	1168392	13157	1
P022	55	Pulse	255	1170000	1433	NA
P022	57	Pulse	255	1200000	936	NA
P022	58	Response	100	1219471	10240	1
P022	60	Pulse	255	1230000	105	NA
P022	61	Pulse	255	1260000	9940	NA
P022	62	Response	101	1268023	7797	1
P022	64	Pulse	255	1290000	11442	NA
P022	66	Response	100	1314372	5483	1
P022	67	Pulse	255	1320000	5445	NA
P022	69	Pulse	255	1350000	4948	NA
P022	70	Response	101	1359252	4034	1
P022	72	Pulse	255	1380000	10284	NA
P022	74	Response	100	1404282	4235	1
P022	75	Pulse	255	1410000	5620	NA
P022	77	Pulse	255	1440000	5122	NA
P022	78	Response	101	1449072	4028	1
P022	80	Pulse	255	1470000	10458	NA
P022	82	Response	100	1492721	2848	1
P022	83	Pulse	255	1500000	7127	NA
P022	85	Pulse	255	1530000	6630	NA
P022	86	Response	101	1536642	3107	1
P022	88	Pulse	255	1560000	12965	NA
P022	90	Response	100	1580842	3476	1
P022	91	Pulse	255	1590000	8968	NA
P022	93	Pulse	255	1620000	8471	NA
P022	94	Response	101	1625431	3736	1
P022	96	Pulse	255	1650000	14140	NA
P022	98	Response	100	1669551	3360	1
P022	99	Pulse	255	1680000	10309	NA
P022	101	Pulse	255	1710000	9812	NA
P022	102	Response	101	1713522	3168	1
P022	104	Pulse	255	1740000	15981	NA
P022	106	Response	100	1757861	3511	1
P022	108	Pulse	255	1770000	1651	NA
P022	110	Pulse	255	1800000	1320	NA
P022	110	Response	101	1801842	3162	1
P022	112	Pulse	255	1830000	17655	NA
P022	114	Response	100	1844742	2066	1
P022	116	Pulse	255	1860000	4825	NA
P022	118	Response	101	1888902	3396	1
P022	119	Pulse	255	1890000	995	NA
P022	121	Pulse	255	1920000	497	NA
P022	122	Response	100	1935612	5943	1
P022	124	Pulse	255	1950000	4000	NA
P022	126	Response	101	1979041	2710	1
P022	127	Pulse	255	1980000	836	NA
P022	129	Pulse	255	2010000	338	NA
P022	130	Response	100	2022892	3065	1
P022	132	Pulse	255	2040000	6674	NA
P022	133	Response	101	2062942	9451	1
P022	134	Response	101	2069574	5917	1
P022	135	Pulse	255	2070000	344	NA
P022	136	Pulse	255	2100000	20011	NA
P022	138	Response	100	2114002	3682	1
P022	140	Pulse	255	2130000	5515	NA
P022	142	Response	101	2157522	2706	1
P022	143	Pulse	255	2160000	2351	NA
P022	145	Pulse	255	2190000	1854	NA
P022	146	Response	100	2202062	3750	1
P022	148	Pulse	255	2220000	7522	NA
P022	150	Response	101	2245421	2613	1
P022	151	Pulse	255	2250000	4525	NA
P022	153	Pulse	255	2280000	4028	NA
P022	154	Response	100	2289502	3364	1
P022	156	Pulse	255	2310000	10030	NA
P022	158	Response	101	2332971	2671	1
P022	159	Pulse	255	2340000	6866	NA
P022	161	Pulse	255	2370000	6369	NA
P022	162	Response	100	2377301	3504	1
P022	164	Pulse	255	2400000	12204	NA
P022	166	Response	101	2420802	2675	1
P022	167	Pulse	255	2430000	9040	NA
P022	169	Pulse	255	2460000	8543	NA
P022	170	Response	100	2464512	2889	1
P022	172	Pulse	255	2490000	15045	NA
P022	174	Response	101	2508402	3116	1
P022	176	Pulse	255	2520000	1215	NA
P022	178	Pulse	255	2550000	885	NA
P022	178	Response	100	2552302	3187	1
P022	180	Pulse	255	2580000	17219	NA
P022	182	Response	101	2596122	3010	1
P022	184	Pulse	255	2610000	3390	NA
P022	186	Pulse	255	2640000	3059	NA
P022	186	Response	100	2642282	5341	1
P022	188	Pulse	255	2670000	17227	NA
P022	190	Response	101	2685832	2728	1
P022	192	Pulse	255	2700000	3731	NA
P022	194	Pulse	255	2730000	3400	NA
P022	194	Response	100	2730882	4282	1
P022	196	Pulse	255	2760000	18734	NA
P022	198	Response	101	2774732	3136	1
P022	200	Pulse	255	2790000	4738	NA
P022	202	Pulse	255	2820000	4407	NA
P022	202	Response	100	2820592	5000	1
P022	204	Pulse	255	2850000	18909	NA
P022	206	Response	101	2865182	3760	1
P022	208	Pulse	255	2880000	4413	NA
P022	210	Pulse	255	2910000	4082	NA
P022	210	Response	100	2911082	5164	1
P022	212	Pulse	255	2940000	18417	NA
P022	214	Response	101	2955513	3599	1
P022	216	Pulse	255	2970000	4087	NA
P022	218	Pulse	255	3000000	3756	NA
P022	218	Response	100	3000061	3818	1
P022	220	Pulse	255	3030000	19424	NA
P022	222	Response	101	3045372	4466	1
P022	224	Pulse	255	3060000	4095	NA
P022	226	Response	100	3089542	3306	1
P022	227	Pulse	255	3090000	264	NA
P022	228	Pulse	255	3120000	19932	NA
P022	230	Response	101	3133932	3534	1
P022	232	Pulse	255	3150000	5602	NA
P022	234	Response	100	3179392	4664	1
P022	235	Pulse	255	3180000	439	NA
P022	236	Pulse	255	3210000	20106	NA
P022	238	Response	101	3223979	3755	1
P022	240	Pulse	255	3240000	5610	NA
P022	242	Picture	instruct_trial	3264721	0	1	62828	1	0	next	other	0
P022	242	Pulse	255	3270000	5279	NA
P022	242	Pulse	255	3300000	35279	NA
P022	242	Response	100	3327362	62641	1
P022	243	Pulse	255	3330000	2285	NA
P022	243	Pulse	255	3360000	32285	NA
P022	243	Response	101	3364172	36457	1
P022	245	Pulse	255	3390000	15289	NA
P022	247	Response	101	3412412	7370	1
P022	248	Pulse	255	3420000	7459	NA
P022	250	Pulse	255	3450000	6961	NA
P022	251	Response	100	3456612	3407	1
P022	253	Pulse	255	3480000	12963	NA
P022	255	Response	101	3500862	3495	1
P022	256	Pulse	255	3510000	8966	NA
P022	258	Pulse	255	3540000	8469	NA
P022	259	Response	100	3545343	3646	1
P022	261	Pulse	255	3570000	14138	NA
P022	263	Response	100	3589652	3459	1
P022	264	Pulse	255	3600000	10140	NA
P022	266	Pulse	255	3630000	9643	NA
P022	267	Response	100	3633251	2728	1
P022	269	Pulse	255	3660000	16312	NA
P022	271	Response	101	3677302	3283	1
P022	273	Pulse	255	3690000	2315	NA
P022	275	Pulse	255	3720000	1985	NA
P022	275	Response	101	3724303	6287	1
P022	277	Pulse	255	3750000	15320	NA
P022	279	Response	101	3775372	10361	1
P022	280	Pulse	255	3780000	4490	NA
P022	282	Pulse	255	3810000	3992	NA
P022	283	Response	101	3827012	10839	1
P022	285	Pulse	255	3840000	2495	NA
P022	287	Pulse	255	3870000	2164	NA
P022	287	Response	100	3885722	17886	1
P022	289	Pulse	255	3900000	3833	NA
P022	291	Pulse	255	3930000	3503	NA
P022	291	Response	101	3938512	12014	1
P022	293	Pulse	255	3960000	11005	NA
P022	295	Response	101	3983372	4046	1
P022	296	Pulse	255	3990000	6507	NA
P022	298	Pulse	255	4020000	6010	NA
P022	299	Response	101	4028052	3897	1
P022	301	Pulse	255	4050000	11512	NA
P022	302	Response	101	4063501	4848	1
P022	303	Response	101	4072611	3793	1
P022	304	Pulse	255	4080000	7182	NA
P022	306	Pulse	255	4110000	6684	NA
P022	307	Response	101	4120541	7060	1
P022	309	Pulse	255	4140000	9020	NA
P022	311	Response	101	4166342	5031	1
P022	312	Pulse	255	4170000	3523	NA
P022	314	Pulse	255	4200000	3026	NA
P022	315	Response	101	4211383	4243	1
P022	317	Pulse	255	4230000	8195	NA
P022	319	Pulse	255	4260000	7864	NA
P022	319	Response	101	4262189	10053	1
P022	321	Pulse	255	4290000	17366	NA
P022	323	Response	101	4305214	2249	1
P022	325	Pulse	255	4320000	4369	NA
P022	327	Pulse	255	4350000	4039	NA
P022	327	Response	100	4354221	8260	1
P022	329	Pulse	255	4380000	15373	NA
P022	331	Response	100	4398612	3655	1
P022	333	Pulse	255	4410000	877	NA
P022	335	Pulse	255	4440000	547	NA
P022	335	Response	100	4442702	3249	1
P022	337	Pulse	255	4470000	16881	NA
P022	339	Response	100	4486222	2772	1
P022	341	Pulse	255	4500000	3385	NA
P022	343	Response	100	4529582	2636	1
P022	344	Pulse	255	4530000	221	NA
P022	345	Pulse	255	4560000	19889	NA
P022	347	Response	101	4573442	3000	1
P022	349	Pulse	255	4590000	6059	NA
P022	351	Response	101	4617232	2960	1
P022	352	Pulse	255	4620000	2562	NA
P022	354	Pulse	255	4650000	2064	NA
P022	354	Response	101	4653892	5957	1
P022	355	Response	101	4665912	7811	1
P022	357	Pulse	255	4680000	3567	NA
P022	359	Pulse	255	4710000	3236	NA
P022	359	Response	101	4710262	3498	1
P022	361	Pulse	255	4740000	19237	NA
P022	363	Response	101	4754012	2919	1
P022	365	Pulse	255	4770000	5574	NA
P022	367	Response	101	4799982	5226	1
P022	367	Pulse	255	4800000	5244	NA
P022	369	Pulse	255	4830000	19578	NA
P022	371	Response	101	4844102	3350	1
P022	373	Pulse	255	4860000	5415	NA
P022	375	Response	101	4888162	3247	1
P022	376	Pulse	255	4890000	1752	NA
P022	378	Pulse	255	4920000	1254	NA
P022	379	Response	101	4932581	3669	1
P022	381	Pulse	255	4950000	6923	NA
P022	383	Response	101	4977092	3684	1
P022	384	Pulse	255	4980000	2759	NA
P022	386	Pulse	255	5010000	2262	NA
P022	386	Response	101	5016152	8414	1
P022	387	Response	101	5022459	4555	1
P022	389	Pulse	255	5040000	7097	NA
P022	391	Response	101	5066092	2859	1
P022	392	Pulse	255	5070000	3767	NA
P022	394	Pulse	255	5100000	3270	NA
P022	395	Response	101	5113852	6956	1
P022	397	Pulse	255	5130000	5772	NA
P022	399	Pulse	255	5160000	5441	NA
P022	399	Response	100	5165362	10803	1
P022	401	Pulse	255	5190000	14110	NA
P022	403	Response	101	5214012	7791	1
P022	404	Pulse	255	5220000	5780	NA
P022	406	Pulse	255	5250000	5282	NA
P022	407	Response	101	5264433	9549	1
P022	409	Pulse	255	5280000	5118	NA
P022	411	Pulse	255	5310000	4787	NA
P022	411	Response	101	5316833	11620	1
P022	413	Pulse	255	5340000	12623	NA
P022	415	Response	101	5362262	4554	1
P022	416	Pulse	255	5370000	7626	NA
P022	418	Pulse	255	5400000	7128	NA
P022	419	Response	101	5408452	5415	1
P022	421	Pulse	255	5430000	11130	NA
P022	423	Response	101	5452912	3712	1
P022	424	Pulse	255	5460000	6967	NA
P022	426	Pulse	255	5490000	6469	NA
P022	427	Response	101	5500252	6555	1
P022	429	Pulse	255	5520000	9305	NA
P022	431	Response	101	5545573	4547	1
P022	432	Pulse	255	5550000	4308	NA
P022	434	Pulse	255	5580000	3811	NA
P022	435	Response	101	5591742	5387	1
P022	437	Pulse	255	5610000	7813	NA
P022	439	Response	101	5636932	4414	1
P022	440	Pulse	255	5640000	2983	NA
P022	442	Pulse	255	5670000	2485	NA
P022	443	Response	101	5681262	3582	1
P022	445	Pulse	255	5700000	8321	NA
P022	447	Response	101	5726633	4622	1
P022	448	Pulse	255	5730000	3157	NA
P022	450	Pulse	255	5760000	2659	NA
P022	451	Response	101	5776552	9046	1
P022	453	Pulse	255	5790000	2995	NA
P022	455	Pulse	255	5820000	2665	NA
P022	455	Response	101	5824362	7027	1
P022	457	Pulse	255	5850000	15166	NA
P022	459	Response	101	5872522	7357	1
P022	460	Pulse	255	5880000	7336	NA
P022	462	Pulse	255	5910000	6839	NA
P022	463	Response	100	5923522	10195	1
P022	465	Pulse	255	5940000	6008	NA
P022	467	Response	101	5969262	4939	1
P022	468	Pulse	255	5970000	678	NA
P022	470	Pulse	255	6000000	180	NA
P022	471	Response	101	6023443	13457	1
P022	472	Pulse	255	6030000	6349	NA
P022	474	Pulse	255	6060000	5852	NA
P022	475	Response	101	6070703	6388	1
P022	477	Pulse	255	6090000	8854	NA
P022	479	Pulse	255	6120000	8523	NA
P022	479	Response	100	6124462	12985	1
P022	481	Pulse	255	6150000	15025	NA
P022	483	Picture	instruct_trial	6165306	0	1	15832	1	0	next	other	0
P022	483	Pulse	255	6180000	14694	NA
P022	483	Response	101	6180942	15637	1
P022	484	Response	101	6200872	19568	1
P022	485	Pulse	255	6210000	9031	NA
P022	487	Pulse	255	6240000	8533	NA
P022	488	Response	101	6247802	6170	1
P022	490	Pulse	255	6270000	11702	NA
P022	492	Response	101	6294179	5551	1
P022	493	Pulse	255	6300000	5706	NA
P022	495	Pulse	255	6330000	5208	NA
P022	496	Response	101	6341461	6504	1
P022	498	Pulse	255	6360000	8044	NA
P022	500	Response	100	6386922	4635	1
P022	501	Pulse	255	6390000	2880	NA
P022	503	Pulse	255	6420000	2383	NA
P022	504	Response	101	6430772	2989	1
P022	506	Pulse	255	6450000	8718	NA
P022	508	Response	101	6476842	5230	1
P022	509	Pulse	255	6480000	3054	NA
P022	511	Pulse	255	6510000	2557	NA
P022	512	Response	101	6520883	3274	1
P022	514	Pulse	255	6540000	8726	NA
P022	516	Response	101	6566402	4797	1
P022	517	Pulse	255	6570000	3395	NA
P022	519	Pulse	255	6600000	2898	NA
P022	520	Response	101	6612693	5425	1
P022	522	Pulse	255	6630000	6900	NA
P022	524	Response	101	6658542	5112	1
P022	525	Pulse	255	6660000	1403	NA
P022	527	Pulse	255	6690000	906	NA
P022	528	Response	101	6703652	4392	1
P022	530	Pulse	255	6720000	5908	NA
P022	531	Response	101	6743832	9575	1
P022	532	Pulse	255	6750000	5577	NA
P022	532	Response	101	6750662	6239	1
P022	534	Pulse	255	6780000	18912	NA
P022	536	Response	101	6795983	4565	1
P022	538	Pulse	255	6810000	3583	NA
P022	540	Response	101	6839622	2874	1
P022	541	Pulse	255	6840000	252	NA
P022	542	Pulse	255	6870000	19920	NA
P022	544	Response	101	6884822	4411	1
P022	546	Pulse	255	6900000	4757	NA
P022	548	Pulse	255	6930000	4426	NA
P022	548	Response	101	6931493	5919	1
P022	550	Pulse	255	6960000	18094	NA
P022	552	Response	101	6977592	5356	1
P022	554	Pulse	255	6990000	1932	NA
P022	556	Pulse	255	7020000	1601	NA
P022	556	Response	101	7024322	5923	1
P022	558	Pulse	255	7050000	15269	NA
P022	560	Response	101	7069742	4680	1
P022	561	Pulse	255	7080000	10105	NA
P022	563	Pulse	255	7110000	9608	NA
P022	564	Response	101	7114593	4035	1
P022	566	Pulse	255	7140000	14943	NA
P022	568	Response	101	7159852	4465	1
P022	569	Pulse	255	7170000	9946	NA
P022	571	Pulse	255	7200000	9449	NA
P022	572	Response	101	7204602	3885	1
P022	574	Pulse	255	7230000	14951	NA
P022	576	Response	101	7249972	4592	1
P022	577	Pulse	255	7260000	9954	NA
P022	579	Pulse	255	7290000	9457	NA
P022	580	Response	101	7295042	4333	1
P022	582	Pulse	255	7320000	14459	NA
P022	584	Response	101	7338803	2931	1
P022	586	Pulse	255	7350000	796	NA
P022	588	Pulse	255	7380000	465	NA
P022	588	Response	101	7383033	3498	1
P022	590	Pulse	255	7410000	16466	NA
P022	592	Response	101	7427042	3178	1
P022	594	Pulse	255	7440000	2470	NA
P022	596	Pulse	255	7470000	2139	NA
P022	596	Response	101	7471712	3852	1
P022	598	Pulse	255	7500000	17807	NA
P022	600	Response	101	7518882	6359	1
P022	602	Pulse	255	7530000	645	NA
P022	604	Pulse	255	7560000	314	NA
P022	604	Response	101	7564552	4866	1
P022	606	Pulse	255	7590000	14982	NA
P022	608	Response	101	7610583	5234	1
P022	609	Pulse	255	7620000	9318	NA
P022	611	Pulse	255	7650000	8821	NA
P022	612	Response	101	7656742	5397	1
P022	614	Pulse	255	7680000	12823	NA
P022	616	Response	101	7700691	3183	1
P022	617	Pulse	255	7710000	9159	NA
P022	619	Pulse	255	7740000	8662	NA
P022	620	Response	101	7744842	3338	1
P022	622	Pulse	255	7770000	14664	NA
P022	623	Response	101	7779932	4431	1
P022	624	Response	101	7789093	3426	1
P022	626	Pulse	255	7800000	501	NA
P022	627	Response	101	7823012	3348	1
P022	628	Pulse	255	7830000	170	NA
P022	628	Response	101	7833302	3472	1
P022	630	Pulse	255	7860000	16172	NA
P022	632	Response	101	7878152	3993	1
P022	634	Pulse	255	7890000	1342	NA
P022	636	Pulse	255	7920000	1011	NA
P022	636	Response	101	7925602	6614	1
P022	638	Pulse	255	7950000	14013	NA
P022	640	Response	101	7973013	6695	1
P022	641	Pulse	255	7980000	6849	NA
P022	643	Pulse	255	8010000	6352	NA
P022	644	Response	101	8018673	4859	1
P022	646	Pulse	255	8040000	10854	NA
P022	647	Response	101	8058123	8812	1
P022	648	Pulse	255	8070000	10523	NA
P022	648	Response	101	8097422	37945	1
P022	649	Pulse	255	8100000	2527	NA
P022	651	Pulse	255	8130000	2029	NA
P022	651	Response	101	8136173	8202	1
P022	652	Pulse	255	8160000	21863	NA
P022	652	Response	101	8181902	43766	1
P022	653	Pulse	255	8190000	8034	NA
P022	655	Pulse	255	8220000	7537	NA
P022	656	Response	101	8227942	5313	1
P022	658	Pulse	255	8250000	11539	NA
P022	660	Response	101	8272642	3850	1
P022	661	Pulse	255	8280000	7208	NA
P022	663	Pulse	255	8310000	6711	NA
P022	664	Response	101	8317263	3808	1
P022	666	Pulse	255	8340000	12213	NA
P022	668	Response	101	8362763	4645	1
P022	669	Pulse	255	8370000	7049	NA
P022	671	Pulse	255	8400000	6552	NA
P022	672	Response	101	8411650	8036	1
P022	674	Pulse	255	8430000	7888	NA
P022	676	Response	101	8457011	4568	1
P022	677	Pulse	255	8460000	2891	NA
P022	679	Pulse	255	8490000	2393	NA
P022	680	Response	101	8507273	9500	1
P022	682	Pulse	255	8520000	2229	NA
P022	684	Pulse	255	8550000	1899	NA
P022	684	Response	101	8554013	5911	1
P022	686	Pulse	255	8580000	15567	NA
P022	687	Response	101	8591402	6803	1
P022	688	Pulse	255	8610000	15236	NA
P022	688	Response	101	8622262	27498	1
P022	690	Pulse	255	8640000	7239	NA
P022	692	Response	101	8666202	3111	1
P022	693	Pulse	255	8670000	3742	NA
P022	695	Response	101	8697772	1017	1
P022	695	Pulse	255	8700000	3245	NA
P022	696	Response	101	8715292	8371	1
P022	698	Pulse	255	8730000	4247	NA
P022	698	Response	101	8744452	18700	1
P022	700	Pulse	255	8760000	3916	NA
P022	700	Response	101	8773432	17349	1
P022	702	Pulse	255	8790000	6085	NA
P022	702	Response	101	8791981	8067	1
P022	704	Response	101	8815786	1541	1
P022	705	Pulse	255	8820000	4088	NA
P022	706	Response	101	8837261	11017	1
P022	707	Pulse	255	8850000	3591	NA
P022	708	Pulse	255	8880000	23425	NA
P022	708	Response	101	8885822	29247	1
P022	710	Pulse	255	8910000	13762	NA
P022	712	Response	101	8929732	3163	1
P022	713	Pulse	255	8940000	10098	NA
P022	715	Pulse	255	8970000	9601	NA
P022	716	Response	101	8974402	3837	1
P022	718	Pulse	255	9000000	15103	NA
P022	720	Response	101	9019132	3904	1
P022	722	Pulse	255	9030000	440	NA
P022	724	Picture	instruct_trial	9059891	0	1	40163	1	0	next	other	0
P022	724	Pulse	255	9060000	109	NA
P022	724	Pulse	255	9090000	30109	NA
