Scenario - learning_JJ_english
Logfile written - 07/27/2023 15:35:04

Subject	Trial	Event Type	Code	Time	TTime	Uncertainty	Duration	Uncertainty	ReqTime	ReqDur	Stim Type	Pair Index

P025	0	Pulse	255	0	0	NA
P025	1	Picture	instruct_trial	10500	0	1	26164	1	0	next	other	0
P025	1	Pulse	255	30000	19500	NA
P025	1	Response	100	36544	26045	1
P025	1	Pulse	255	60000	49500	NA
P025	2	Response	100	76634	16472	1
P025	4	Pulse	255	90000	2840	NA
P025	6	Pulse	255	120000	2510	NA
P025	6	Response	101	130914	13424	1
P025	8	Pulse	255	150000	8678	NA
P025	10	Pulse	255	180000	8347	NA
P025	10	Response	100	180575	8922	1
P025	12	Pulse	255	210000	19016	NA
P025	14	Response	100	237954	16639	1
P025	15	Pulse	255	240000	1853	NA
P025	17	Pulse	255	270000	1356	NA
P025	18	Pulse	255	300000	21190	NA
P025	18	Response	101	300484	21674	1
P025	20	Pulse	255	330000	19026	NA
P025	22	Response	101	351354	10049	1
P025	23	Pulse	255	360000	8530	NA
P025	25	Pulse	255	390000	8032	NA
P025	26	Response	101	409344	17211	1
P025	28	Pulse	255	420000	202	NA
P025	29	Pulse	255	450000	10037	NA
P025	30	Response	100	460454	10325	1
P025	32	Pulse	255	480000	9040	NA
P025	34	Pulse	255	510000	8709	NA
P025	34	Response	101	510994	9703	1
P025	36	Pulse	255	540000	18544	NA
P025	38	Response	101	564535	12748	1
P025	39	Pulse	255	570000	5381	NA
P025	41	Pulse	255	600000	4884	NA
P025	42	Response	100	618434	13152	1
P025	44	Pulse	255	630000	1053	NA
P025	46	Pulse	255	660000	723	NA
P025	46	Response	101	670094	10817	1
P025	48	Pulse	255	690000	9391	NA
P025	50	Pulse	255	720000	9060	NA
P025	50	Response	101	723295	12355	1
P025	51	Response	101	725134	1695	1
P025	52	Pulse	255	750000	16229	NA
P025	54	Response	101	771394	7292	1
P025	55	Response	100	776634	5033	1
P025	55	Pulse	255	780000	8399	NA
P025	57	Pulse	255	810000	7902	NA
P025	58	Response	101	823924	11660	1
P025	60	Pulse	255	840000	5571	NA
P025	62	Pulse	255	870000	5240	NA
P025	62	Response	100	872094	7334	1
P025	64	Pulse	255	900000	17408	NA
P025	66	Response	101	925314	12392	1
P025	67	Pulse	255	930000	4579	NA
P025	69	Pulse	255	960000	4081	NA
P025	70	Response	100	973205	7120	1
P025	72	Pulse	255	990000	6417	NA
P025	74	Pulse	255	1020000	6086	NA
P025	74	Response	101	1033985	20071	1
P025	76	Pulse	255	1050000	5589	NA
P025	78	Pulse	255	1080000	5258	NA
P025	78	Response	101	1081194	6452	1
P025	80	Pulse	255	1110000	18426	NA
P025	82	Response	100	1132534	10630	1
P025	83	Pulse	255	1140000	7263	NA
P025	85	Pulse	255	1170000	6766	NA
P025	86	Response	101	1179775	6375	1
P025	88	Pulse	255	1200000	9768	NA
P025	90	Pulse	255	1230000	9437	NA
P025	90	Response	101	1231594	11032	1
P025	92	Pulse	255	1260000	17939	NA
P025	94	Response	100	1284915	12523	1
P025	95	Pulse	255	1290000	4943	NA
P025	97	Pulse	255	1320000	4445	NA
P025	98	Response	101	1329936	4216	1
P025	100	Pulse	255	1350000	9614	NA
P025	102	Response	101	1373155	2438	1
P025	103	Pulse	255	1380000	6784	NA
P025	105	Pulse	255	1410000	6286	NA
P025	106	Response	101	1426774	12895	1
P025	108	Pulse	255	1440000	2623	NA
P025	110	Response	100	1469414	1706	1
P025	111	Pulse	255	1470000	459	NA
P025	112	Pulse	255	1500000	20126	NA
P025	114	Response	100	1512235	2030	1
P025	116	Pulse	255	1530000	7297	NA
P025	118	Response	101	1559235	6201	1
P025	119	Pulse	255	1560000	633	NA
P025	121	Pulse	255	1590000	136	NA
P025	122	Response	101	1609575	9544	1
P025	123	Pulse	255	1620000	10304	NA
P025	125	Pulse	255	1650000	9807	NA
P025	126	Response	100	1657144	6785	1
P025	128	Pulse	255	1680000	12476	NA
P025	130	Response	100	1703165	5310	1
P025	131	Pulse	255	1710000	6645	NA
P025	133	Pulse	255	1740000	6148	NA
P025	134	Response	101	1748705	4687	1
P025	136	Pulse	255	1770000	10817	NA
P025	138	Response	101	1797055	7541	1
P025	139	Pulse	255	1800000	2820	NA
P025	141	Pulse	255	1830000	2323	NA
P025	142	Response	100	1844824	6981	1
P025	144	Pulse	255	1860000	4658	NA
P025	146	Pulse	255	1890000	4328	NA
P025	146	Response	100	1893424	7752	1
P025	148	Pulse	255	1920000	16163	NA
P025	150	Response	101	1938264	4096	1
P025	152	Pulse	255	1950000	1333	NA
P025	154	Pulse	255	1980000	1002	NA
P025	154	Response	101	1986704	7706	1
P025	156	Pulse	255	2010000	12837	NA
P025	158	Response	101	2037175	9681	1
P025	159	Pulse	255	2040000	2674	NA
P025	161	Pulse	255	2070000	2177	NA
P025	162	Response	100	2086065	8075	1
P025	164	Pulse	255	2100000	3512	NA
P025	166	Pulse	255	2130000	3182	NA
P025	166	Response	101	2138785	11966	1
P025	168	Pulse	255	2160000	10684	NA
P025	170	Pulse	255	2190000	10353	NA
P025	170	Response	101	2191544	11897	1
P025	172	Pulse	255	2220000	18021	NA
P025	174	Response	100	2247425	15115	1
P025	175	Pulse	255	2250000	2525	NA
P025	177	Pulse	255	2280000	2028	NA
P025	178	Response	101	2296494	8356	1
P025	179	Response	100	2304684	8047	1
P025	180	Pulse	255	2310000	3030	NA
P025	182	Pulse	255	2340000	2700	NA
P025	182	Response	101	2347395	10095	1
P025	184	Pulse	255	2370000	12201	NA
P025	186	Pulse	255	2400000	11871	NA
P025	186	Response	101	2401414	13285	1
P025	188	Pulse	255	2430000	18206	NA
P025	190	Response	100	2455295	13170	1
P025	191	Pulse	255	2460000	4543	NA
P025	193	Pulse	255	2490000	4046	NA
P025	194	Response	100	2508054	11934	1
P025	196	Pulse	255	2520000	1549	NA
P025	198	Pulse	255	2550000	1218	NA
P025	198	Response	101	2555614	6832	1
P025	200	Pulse	255	2580000	13719	NA
P025	202	Response	101	2606925	10313	1
P025	203	Pulse	255	2610000	2890	NA
P025	205	Pulse	255	2640000	2392	NA
P025	206	Response	100	2654354	6581	1
P025	208	Pulse	255	2670000	5228	NA
P025	210	Pulse	255	2700000	4897	NA
P025	210	Response	100	2703915	8812	1
P025	212	Pulse	255	2730000	15565	NA
P025	214	Response	100	2752005	7239	1
P025	215	Pulse	255	2760000	7902	NA
P025	217	Pulse	255	2790000	7405	NA
P025	218	Response	101	2804095	11333	1
P025	220	Pulse	255	2820000	5407	NA
P025	222	Pulse	255	2850000	5077	NA
P025	222	Response	101	2854235	9312	1
P025	224	Pulse	255	2880000	15245	NA
P025	226	Response	100	2903934	8849	1
P025	227	Pulse	255	2910000	5915	NA
P025	229	Pulse	255	2940000	5418	NA
P025	230	Response	100	2949245	4497	1
P025	232	Pulse	255	2970000	10253	NA
P025	234	Pulse	255	3000000	9922	NA
P025	234	Response	101	3018554	28477	1
P025	236	Pulse	255	3030000	926	NA
P025	238	Pulse	255	3060000	595	NA
P025	238	Response	101	3066525	7120	1
P025	240	Response	101	3080254	3351	1
P025	240	Pulse	255	3090000	13096	NA
P025	242	Picture	instruct_trial	3107234	0	1	14499	1	0	next	other	0
P025	242	Pulse	255	3120000	12766	NA
P025	242	Response	101	3121675	14441	1
P025	243	Response	101	3140575	18675	1
P025	244	Pulse	255	3150000	9269	NA
P025	246	Pulse	255	3180000	8771	NA
P025	247	Response	100	3190635	9240	1
P025	249	Pulse	255	3210000	8940	NA
P025	251	Pulse	255	3240000	8610	NA
P025	251	Response	100	3253624	22234	1
P025	253	Pulse	255	3270000	5946	NA
P025	255	Pulse	255	3300000	5615	NA
P025	255	Response	100	3303164	8779	1
P025	257	Pulse	255	3330000	16450	NA
P025	259	Response	100	3354035	10154	1
P025	260	Pulse	255	3360000	5787	NA
P025	262	Pulse	255	3390000	5289	NA
P025	263	Response	101	3401015	6138	1
P025	265	Pulse	255	3420000	8458	NA
P025	267	Response	101	3449735	7863	1
P025	268	Pulse	255	3450000	128	NA
P025	269	Pulse	255	3480000	19796	NA
P025	271	Response	101	3500635	10100	1
P025	272	Pulse	255	3510000	9299	NA
P025	274	Pulse	255	3540000	8802	NA
P025	275	Response	101	3553365	12001	1
P025	277	Pulse	255	3570000	6138	NA
P025	279	Pulse	255	3600000	5807	NA
P025	279	Response	100	3600155	5962	1
P025	281	Pulse	255	3630000	19309	NA
P025	282	Response	100	3638515	7658	1
P025	283	Response	101	3655204	14182	1
P025	284	Pulse	255	3660000	4646	NA
P025	286	Pulse	255	3690000	4149	NA
P025	287	Response	101	3704994	8977	1
P025	289	Pulse	255	3720000	4484	NA
P025	291	Pulse	255	3750000	4154	NA
P025	291	Response	100	3751996	6150	1
P025	293	Pulse	255	3780000	17489	NA
P025	295	Response	100	3800545	7702	1
P025	296	Pulse	255	3810000	9325	NA
P025	298	Pulse	255	3840000	8828	NA
P025	299	Response	101	3848715	7377	1
P025	301	Pulse	255	3870000	10830	NA
P025	303	Response	101	3899305	9804	1
P025	304	Pulse	255	3900000	500	NA
P025	306	Pulse	255	3930000	3	NA
P025	307	Response	101	3955125	14962	1
P025	308	Pulse	255	3960000	4672	NA
P025	310	Pulse	255	3990000	4174	NA
P025	311	Response	100	4002434	6443	1
P025	313	Pulse	255	4020000	7177	NA
P025	315	Pulse	255	4050000	6846	NA
P025	315	Response	101	4056265	13111	1
P025	317	Pulse	255	4080000	13348	NA
P025	319	Response	100	4102565	5582	1
P025	320	Pulse	255	4110000	7351	NA
P025	322	Pulse	255	4140000	6854	NA
P025	323	Response	100	4154685	11373	1
P025	325	Pulse	255	4170000	4856	NA
P025	327	Pulse	255	4200000	4526	NA
P025	327	Response	101	4202945	7471	1
P025	329	Pulse	255	4230000	16527	NA
P025	331	Response	100	4259394	15591	1
P025	332	Pulse	255	4260000	531	NA
P025	334	Pulse	255	4290000	34	NA
P025	335	Response	101	4310594	10462	1
P025	336	Pulse	255	4320000	9202	NA
P025	338	Pulse	255	4350000	8705	NA
P025	339	Response	101	4359954	8493	1
P025	341	Pulse	255	4380000	9541	NA
P025	343	Response	100	4406844	6054	1
P025	344	Pulse	255	4410000	3044	NA
P025	346	Pulse	255	4440000	2546	NA
P025	347	Response	101	4458584	10965	1
P025	349	Pulse	255	4470000	882	NA
P025	351	Pulse	255	4500000	552	NA
P025	351	Response	101	4508365	8917	1
P025	353	Pulse	255	4530000	11220	NA
P025	355	Response	100	4556805	7694	1
P025	356	Pulse	255	4560000	3057	NA
P025	358	Pulse	255	4590000	2559	NA
P025	359	Response	100	4603865	6258	1
P025	361	Pulse	255	4620000	5728	NA
P025	363	Pulse	255	4650000	5397	NA
P025	363	Response	101	4656205	11603	1
P025	365	Pulse	255	4680000	13399	NA
P025	367	Response	100	4704475	7543	1
P025	368	Pulse	255	4710000	5403	NA
P025	370	Pulse	255	4740000	4905	NA
P025	371	Response	100	4751345	6084	1
P025	373	Pulse	255	4770000	8241	NA
P025	375	Pulse	255	4800000	7910	NA
P025	375	Response	101	4801505	9415	1
P025	377	Pulse	255	4830000	18078	NA
P025	379	Response	101	4851005	8752	1
P025	380	Pulse	255	4860000	8915	NA
P025	382	Pulse	255	4890000	8418	NA
P025	383	Response	100	4901815	10067	1
P025	385	Pulse	255	4920000	7754	NA
P025	387	Pulse	255	4950000	7423	NA
P025	387	Response	101	4962255	19678	1
P025	389	Pulse	255	4980000	7259	NA
P025	391	Pulse	255	5010000	6928	NA
P025	391	Response	101	5011614	8543	1
P025	393	Pulse	255	5040000	17930	NA
P025	395	Response	100	5063344	10943	1
P025	396	Pulse	255	5070000	6600	NA
P025	398	Pulse	255	5100000	6103	NA
P025	399	Response	101	5110925	6862	1
P025	401	Pulse	255	5130000	8605	NA
P025	403	Response	100	5158884	7159	1
P025	404	Pulse	255	5160000	942	NA
P025	406	Pulse	255	5190000	444	NA
P025	407	Response	101	5212075	12353	1
P025	408	Pulse	255	5220000	7779	NA
P025	410	Pulse	255	5250000	7282	NA
P025	411	Response	101	5261204	8321	1
P025	413	Pulse	255	5280000	8284	NA
P025	415	Pulse	255	5310000	7954	NA
P025	415	Response	100	5312775	10728	1
P025	417	Pulse	255	5340000	16789	NA
P025	419	Response	100	5363275	9733	1
P025	420	Pulse	255	5370000	6626	NA
P025	422	Pulse	255	5400000	6128	NA
P025	423	Response	101	5411555	7517	1
P025	425	Pulse	255	5430000	7964	NA
P025	427	Pulse	255	5460000	7633	NA
P025	427	Response	101	5463384	11018	1
P025	429	Pulse	255	5490000	16135	NA
P025	431	Response	101	5519365	15169	1
P025	432	Pulse	255	5520000	472	NA
P025	433	Pulse	255	5550000	20140	NA
P025	435	Response	100	5566965	6774	1
P025	437	Pulse	255	5580000	2644	NA
P025	439	Pulse	255	5610000	2313	NA
P025	439	Response	101	5615885	8198	1
P025	441	Pulse	255	5640000	13648	NA
P025	443	Response	101	5669675	12992	1
P025	444	Pulse	255	5670000	152	NA
P025	445	Pulse	255	5700000	19819	NA
P025	447	Response	100	5718485	7973	1
P025	448	Response	101	5728545	9867	1
P025	449	Pulse	255	5730000	990	NA
P025	451	Pulse	255	5760000	660	NA
P025	451	Response	100	5764834	5494	1
P025	453	Pulse	255	5790000	14661	NA
P025	455	Response	101	5809175	3505	1
P025	457	Pulse	255	5820000	331	NA
P025	459	Pulse	255	5850000	1	NA
P025	459	Response	100	5858685	8686	1
P025	461	Pulse	255	5880000	10836	NA
P025	463	Response	101	5906005	6510	1
P025	464	Pulse	255	5910000	3839	NA
P025	466	Pulse	255	5940000	3341	NA
P025	467	Response	100	5953375	6550	1
P025	469	Pulse	255	5970000	6177	NA
P025	471	Pulse	255	6000000	5846	NA
P025	471	Response	101	6001425	7271	1
P025	473	Pulse	255	6030000	18181	NA
P025	475	Pulse	255	6060000	17850	NA
P025	475	Response	101	6060765	18615	1
P025	477	Pulse	255	6090000	18853	NA
P025	479	Response	101	6109385	7907	1
P025	481	Pulse	255	6120000	190	NA
P025	482	Pulse	255	6150000	10026	NA
P025	483	Picture	instruct_trial	6150140	0	1	94325	1	0	next	other	0
P025	483	Pulse	255	6180000	29860	NA
P025	483	Pulse	255	6210000	59860	NA
P025	483	Pulse	255	6240000	89860	NA
P025	483	Response	100	6244345	94205	1
P025	484	Response	100	6254885	10253	1
P025	486	Pulse	255	6270000	4703	NA
P025	488	Pulse	255	6300000	4372	NA
P025	488	Response	101	6306004	10376	1
P025	490	Pulse	255	6330000	13541	NA
P025	492	Response	101	6359455	12665	1
P025	493	Pulse	255	6360000	378	NA
P025	494	Pulse	255	6390000	20045	NA
P025	496	Response	101	6410885	10599	1
P025	497	Pulse	255	6420000	9049	NA
P025	499	Pulse	255	6450000	8559	NA
P025	500	Response	100	6460985	9370	1
P025	502	Pulse	255	6480000	8554	NA
P025	504	Pulse	255	6510000	8223	NA
P025	504	Response	101	6511035	9259	1
P025	506	Pulse	255	6540000	18558	NA
P025	508	Response	100	6559226	7453	1
P025	510	Pulse	255	6570000	396	NA
P025	512	Pulse	255	6600000	65	NA
P025	512	Response	101	6613305	13370	1
P025	514	Pulse	255	6630000	6234	NA
P025	516	Response	100	6659945	5848	1
P025	516	Pulse	255	6660000	5903	NA
P025	518	Pulse	255	6690000	19571	NA
P025	520	Pulse	255	6720000	19240	NA
P025	520	Response	100	6722325	21565	1
P025	522	Pulse	255	6750000	17243	NA
P025	524	Response	101	6771535	8447	1
P025	525	Pulse	255	6780000	8413	NA
P025	527	Pulse	255	6810000	7916	NA
P025	528	Response	100	6816184	3934	1
P025	530	Pulse	255	6840000	13418	NA
P025	530	Response	100	6840415	13832	1
P025	532	Response	101	6864785	7872	1
P025	533	Pulse	255	6870000	5088	NA
P025	535	Pulse	255	6900000	4590	NA
P025	536	Response	101	6912855	7279	1
P025	538	Pulse	255	6930000	6759	NA
P025	540	Response	100	6959425	5853	1
P025	541	Pulse	255	6960000	429	NA
P025	542	Pulse	255	6990000	20097	NA
P025	544	Response	100	7008195	7961	1
P025	546	Pulse	255	7020000	1267	NA
P025	548	Pulse	255	7050000	937	NA
P025	548	Response	100	7056065	7002	1
P025	550	Pulse	255	7080000	13438	NA
P025	552	Response	101	7104854	7962	1
P025	553	Pulse	255	7110000	4942	NA
P025	555	Pulse	255	7140000	4444	NA
P025	556	Response	101	7154155	8433	1
P025	558	Pulse	255	7170000	5447	NA
P025	560	Pulse	255	7200000	5116	NA
P025	560	Response	101	7202855	7971	1
P025	562	Pulse	255	7230000	16618	NA
P025	564	Response	101	7249105	5392	1
P025	566	Pulse	255	7260000	455	NA
P025	568	Pulse	255	7290000	124	NA
P025	568	Response	100	7296055	6179	1
P025	570	Pulse	255	7320000	13459	NA
P025	572	Response	100	7343205	6333	1
P025	573	Pulse	255	7350000	6629	NA
P025	575	Pulse	255	7380000	6131	NA
P025	576	Response	100	7393834	9800	1
P025	578	Pulse	255	7410000	5634	NA
P025	580	Pulse	255	7440000	5303	NA
P025	580	Response	100	7443645	8948	1
P025	582	Pulse	255	7470000	15971	NA
P025	584	Response	100	7495285	10925	1
P025	585	Pulse	255	7500000	4642	NA
P025	587	Pulse	255	7530000	4144	NA
P025	588	Response	101	7542556	6534	1
P025	590	Pulse	255	7560000	6980	NA
P025	592	Pulse	255	7590000	6649	NA
P025	592	Response	100	7591975	8624	1
P025	593	Response	101	7598904	6721	1
P025	594	Pulse	255	7620000	17484	NA
P025	595	Response	100	7632655	9974	1
P025	596	Response	100	7644594	11748	1
P025	597	Pulse	255	7650000	5321	NA
P025	599	Pulse	255	7680000	4824	NA
P025	600	Response	101	7692575	7233	1
P025	602	Pulse	255	7710000	6993	NA
P025	604	Response	101	7739315	5977	1
P025	605	Pulse	255	7740000	496	NA
P025	606	Pulse	255	7770000	20163	NA
P025	608	Response	101	7785565	5398	1
P025	610	Pulse	255	7800000	4001	NA
P025	612	Pulse	255	7830000	3670	NA
P025	612	Response	100	7833755	7425	1
P025	614	Pulse	255	7860000	15838	NA
P025	616	Response	100	7885925	11432	1
P025	617	Pulse	255	7890000	4008	NA
P025	619	Pulse	255	7920000	3511	NA
P025	620	Response	100	7933944	7290	1
P025	622	Pulse	255	7950000	5513	NA
P025	624	Pulse	255	7980000	5183	NA
P025	624	Response	101	7983154	8337	1
P025	626	Pulse	255	8010000	16351	NA
P025	628	Response	101	8030155	6175	1
P025	629	Pulse	255	8040000	9688	NA
P025	631	Pulse	255	8070000	9190	NA
P025	632	Response	101	8081025	10049	1
P025	634	Pulse	255	8100000	8526	NA
P025	636	Response	100	8127835	6030	1
P025	637	Pulse	255	8130000	2029	NA
P025	639	Pulse	255	8160000	1532	NA
P025	640	Response	100	8175365	6731	1
P025	642	Pulse	255	8190000	4201	NA
P025	644	Pulse	255	8220000	3870	NA
P025	644	Response	101	8221904	5774	1
P025	646	Pulse	255	8250000	17705	NA
P025	648	Response	101	8269925	7299	1
P025	649	Pulse	255	8280000	9875	NA
P025	651	Pulse	255	8310000	9377	NA
P025	652	Response	100	8318495	7706	1
P025	654	Pulse	255	8340000	11046	NA
P025	656	Response	100	8364755	5471	1
P025	657	Pulse	255	8370000	5050	NA
P025	659	Pulse	255	8400000	4552	NA
P025	660	Response	100	8411495	5881	1
P025	662	Pulse	255	8430000	8054	NA
P025	664	Pulse	255	8460000	7724	NA
P025	664	Response	100	8460165	7889	1
P025	666	Pulse	255	8490000	19392	NA
P025	668	Response	101	8506625	5686	1
P025	670	Pulse	255	8520000	2896	NA
P025	672	Pulse	255	8550000	2565	NA
P025	672	Response	100	8551855	4420	1
P025	674	Pulse	255	8580000	17733	NA
P025	676	Response	101	8600335	7738	1
P025	677	Pulse	255	8610000	9570	NA
P025	679	Pulse	255	8640000	9072	NA
P025	680	Response	100	8646964	5871	1
P025	682	Pulse	255	8670000	12575	NA
P025	684	Response	101	8693035	5279	1
P025	685	Pulse	255	8700000	6911	NA
P025	687	Pulse	255	8730000	6414	NA
P025	688	Response	100	8737104	3352	1
P025	690	Pulse	255	8760000	12416	NA
P025	692	Response	101	8784185	6270	1
P025	693	Pulse	255	8790000	5752	NA
P025	695	Pulse	255	8820000	5255	NA
P025	696	Response	101	8832475	7564	1
P025	698	Pulse	255	8850000	7090	NA
P025	700	Pulse	255	8880000	6760	NA
P025	700	Response	101	8880005	6764	1
P025	702	Pulse	255	8910000	19595	NA
P025	704	Response	100	8927614	6878	1
P025	706	Pulse	255	8940000	1932	NA
P025	708	Pulse	255	8970000	1601	NA
P025	708	Response	101	8975125	6726	1
P025	710	Pulse	255	9000000	14436	NA
P025	712	Response	101	9021525	5630	1
P025	713	Pulse	255	9030000	8272	NA
P025	715	Pulse	255	9060000	7775	NA
P025	716	Response	100	9068756	6365	1
P025	718	Pulse	255	9090000	10777	NA
P025	720	Response	100	9115505	5952	1
P025	721	Pulse	255	9120000	4447	NA
P025	723	Pulse	255	9150000	3950	NA
P025	724	Picture	instruct_trial	9156216	0	1	40163	1	0	next	other	0
P025	724	Pulse	255	9180000	23784	NA
