Scenario - learning_JJ_english
Logfile written - 08/09/2023 16:09:10

Subject	Trial	Event Type	Code	Time	TTime	Uncertainty	Duration	Uncertainty	ReqTime	ReqDur	Stim Type	Pair Index

P029	0	Pulse	255	0	0	NA
P029	1	Picture	instruct_trial	10500	0	1	108657	1	0	next	other	0
P029	1	Pulse	255	30000	19500	NA
P029	1	Pulse	255	60000	49500	NA
P029	1	Pulse	255	90000	79500	NA
P029	1	Response	100	119013	108513	1
P029	1	Pulse	255	120000	109500	NA
P029	2	Pulse	255	150000	29843	NA
P029	2	Pulse	255	180000	59843	NA
P029	2	Response	100	181982	61825	1
P029	4	Pulse	255	210000	17516	NA
P029	6	Pulse	255	240000	17185	NA
P029	6	Response	101	257383	34568	1
P029	8	Pulse	255	270000	2189	NA
P029	10	Pulse	255	300000	1858	NA
P029	10	Response	101	302202	4061	1
P029	12	Pulse	255	330000	17360	NA
P029	14	Response	101	353662	10699	1
P029	15	Pulse	255	360000	6196	NA
P029	17	Pulse	255	390000	5699	NA
P029	18	Response	100	413182	18716	1
P029	19	Pulse	255	420000	6701	NA
P029	21	Pulse	255	450000	6204	NA
P029	22	Response	101	464782	10654	1
P029	24	Pulse	255	480000	4707	NA
P029	26	Pulse	255	510000	4376	NA
P029	26	Response	101	512173	6549	1
P029	28	Pulse	255	540000	17377	NA
P029	30	Pulse	255	570000	17047	NA
P029	30	Response	100	571932	18979	1
P029	32	Pulse	255	600000	17549	NA
P029	34	Response	101	623883	11101	1
P029	35	Pulse	255	630000	6053	NA
P029	37	Pulse	255	660000	5555	NA
P029	38	Response	101	687002	22392	1
P029	39	Pulse	255	690000	2891	NA
P029	41	Pulse	255	720000	2394	NA
P029	42	Response	100	740153	12381	1
P029	43	Pulse	255	750000	9729	NA
P029	45	Pulse	255	780000	9232	NA
P029	46	Response	100	792063	11129	1
P029	48	Pulse	255	810000	7401	NA
P029	50	Pulse	255	840000	7070	NA
P029	50	Response	101	840382	7453	1
P029	52	Pulse	255	870000	19239	NA
P029	54	Pulse	255	900000	18908	NA
P029	54	Response	100	906883	25791	1
P029	56	Pulse	255	930000	12578	NA
P029	58	Pulse	255	960000	12247	NA
P029	58	Response	101	961583	13829	1
P029	60	Pulse	255	990000	17916	NA
P029	62	Response	101	1019973	17558	1
P029	62	Pulse	255	1020000	17585	NA
P029	64	Pulse	255	1050000	19587	NA
P029	66	Response	101	1076433	15689	1
P029	67	Pulse	255	1080000	3425	NA
P029	69	Pulse	255	1110000	2927	NA
P029	70	Response	101	1127113	9874	1
P029	72	Pulse	255	1140000	2430	NA
P029	74	Pulse	255	1170000	2099	NA
P029	74	Response	100	1188713	20812	1
P029	76	Pulse	255	1200000	768	NA
P029	78	Pulse	255	1230000	438	NA
P029	78	Response	101	1244423	14861	1
P029	80	Pulse	255	1260000	5106	NA
P029	82	Response	100	1288422	3198	1
P029	83	Pulse	255	1290000	1443	NA
P029	85	Pulse	255	1320000	945	NA
P029	86	Response	101	1334153	4932	1
P029	88	Pulse	255	1350000	5447	NA
P029	90	Pulse	255	1380000	5117	NA
P029	90	Response	100	1380404	5520	1
P029	92	Pulse	255	1410000	19118	NA
P029	94	Response	101	1424213	3000	1
P029	96	Pulse	255	1440000	5288	NA
P029	98	Response	100	1467853	2811	1
P029	99	Pulse	255	1470000	1958	NA
P029	101	Pulse	255	1500000	1460	NA
P029	102	Response	101	1511763	3058	1
P029	104	Pulse	255	1530000	7796	NA
P029	106	Response	100	1555414	2879	1
P029	107	Pulse	255	1560000	4465	NA
P029	109	Pulse	255	1590000	3968	NA
P029	110	Response	101	1598664	2466	1
P029	112	Pulse	255	1620000	10803	NA
P029	114	Response	100	1642513	2986	1
P029	115	Pulse	255	1650000	7306	NA
P029	117	Pulse	255	1680000	6809	NA
P029	118	Response	101	1686724	3366	1
P029	120	Pulse	255	1710000	12811	NA
P029	122	Response	100	1729673	2153	1
P029	123	Pulse	255	1740000	10147	NA
P029	125	Pulse	255	1770000	9649	NA
P029	126	Response	101	1774364	3847	1
P029	128	Pulse	255	1800000	15151	NA
P029	130	Response	100	1818303	3124	1
P029	132	Pulse	255	1830000	1155	NA
P029	134	Pulse	255	1860000	824	NA
P029	134	Response	101	1862613	3438	1
P029	136	Pulse	255	1890000	16992	NA
P029	138	Response	100	1906284	2945	1
P029	140	Pulse	255	1920000	3329	NA
P029	142	Response	101	1949383	2382	1
P029	143	Pulse	255	1950000	499	NA
P029	145	Pulse	255	1980000	1	NA
P029	146	Response	100	1993165	3001	1
P029	148	Pulse	255	2010000	6337	NA
P029	150	Response	101	2037004	3010	1
P029	151	Pulse	255	2040000	2840	NA
P029	153	Pulse	255	2070000	2342	NA
P029	154	Response	100	2081064	3240	1
P029	156	Pulse	255	2100000	8511	NA
P029	158	Response	101	2124934	3115	1
P029	159	Pulse	255	2130000	5014	NA
P029	161	Pulse	255	2160000	4516	NA
P029	162	Response	100	2168134	2485	1
P029	164	Pulse	255	2190000	11352	NA
P029	166	Response	101	2211694	2715	1
P029	167	Pulse	255	2220000	8188	NA
P029	169	Pulse	255	2250000	7690	NA
P029	170	Response	100	2257404	4928	1
P029	172	Pulse	255	2280000	12193	NA
P029	174	Response	101	2300965	2826	1
P029	175	Pulse	255	2310000	8862	NA
P029	177	Response	100	2335033	3398	1
P029	177	Pulse	255	2340000	8365	NA
P029	178	Response	100	2344454	2653	1
P029	180	Pulse	255	2370000	15033	NA
P029	182	Response	101	2387953	2656	1
P029	184	Pulse	255	2400000	1537	NA
P029	185	Response	100	2421903	3275	1
P029	186	Pulse	255	2430000	1206	NA
P029	186	Response	100	2431084	2290	1
P029	188	Pulse	255	2460000	18374	NA
P029	190	Response	101	2475854	3897	1
P029	192	Pulse	255	2490000	3711	NA
P029	194	Response	100	2519464	2844	1
P029	195	Pulse	255	2520000	381	NA
P029	196	Pulse	255	2550000	20048	NA
P029	198	Response	101	2563803	3521	1
P029	200	Pulse	255	2580000	5719	NA
P029	202	Response	100	2609175	4563	1
P029	203	Pulse	255	2610000	722	NA
P029	205	Pulse	255	2640000	224	NA
P029	206	Response	101	2653094	3153	1
P029	208	Pulse	255	2670000	6393	NA
P029	210	Response	100	2697314	3376	1
P029	211	Pulse	255	2700000	2562	NA
P029	213	Pulse	255	2730000	2065	NA
P029	213	Response	101	2731454	3519	1
P029	214	Response	101	2741424	3324	1
P029	216	Pulse	255	2760000	8067	NA
P029	218	Response	100	2786753	4490	1
P029	219	Pulse	255	2790000	3070	NA
P029	221	Pulse	255	2820000	2573	NA
P029	222	Response	101	2833244	5651	1
P029	224	Pulse	255	2850000	6242	NA
P029	226	Pulse	255	2880000	5911	NA
P029	226	Response	100	2880934	6845	1
P029	228	Pulse	255	2910000	18579	NA
P029	230	Response	101	2924704	2952	1
P029	232	Pulse	255	2940000	4916	NA
P029	234	Response	100	2968304	2889	1
P029	235	Pulse	255	2970000	1586	NA
P029	237	Pulse	255	3000000	1088	NA
P029	238	Response	101	3012524	3447	1
P029	240	Pulse	255	3030000	7090	NA
P029	242	Picture	instruct_trial	3053241	0	1	53829	1	0	next	other	0
P029	242	Pulse	255	3060000	6759	NA
P029	242	Pulse	255	3090000	36759	NA
P029	242	Response	100	3106954	53714	1
P029	243	Response	100	3115164	7928	1
P029	244	Pulse	255	3120000	4765	NA
P029	246	Pulse	255	3150000	4267	NA
P029	247	Response	100	3158454	2555	1
P029	249	Pulse	255	3180000	11103	NA
P029	251	Response	100	3202754	3526	1
P029	252	Pulse	255	3210000	7106	NA
P029	254	Pulse	255	3240000	6608	NA
P029	255	Response	100	3246654	3096	1
P029	257	Pulse	255	3270000	12943	NA
P029	259	Response	100	3290114	2726	1
P029	260	Pulse	255	3300000	9780	NA
P029	262	Pulse	255	3330000	9282	NA
P029	263	Response	100	3333454	2570	1
P029	265	Pulse	255	3360000	16117	NA
P029	267	Response	100	3376354	2141	1
P029	269	Pulse	255	3390000	3121	NA
P029	271	Response	100	3419924	2714	1
P029	271	Pulse	255	3420000	2790	NA
P029	273	Pulse	255	3450000	19625	NA
P029	275	Response	100	3462934	2228	1
P029	277	Pulse	255	3480000	6629	NA
P029	278	Response	100	3495794	2258	1
P029	279	Response	100	3505974	2272	1
P029	280	Pulse	255	3510000	3965	NA
P029	282	Pulse	255	3540000	3467	NA
P029	283	Response	100	3549234	2536	1
P029	285	Pulse	255	3570000	10303	NA
P029	287	Response	100	3593205	3176	1
P029	288	Pulse	255	3600000	6639	NA
P029	290	Pulse	255	3630000	6141	NA
P029	291	Response	100	3635344	1320	1
P029	293	Pulse	255	3660000	14143	NA
P029	295	Response	100	3678714	2526	1
P029	297	Pulse	255	3690000	814	NA
P029	299	Pulse	255	3720000	483	NA
P029	299	Response	100	3722034	2517	1
P029	301	Pulse	255	3750000	17484	NA
P029	303	Response	100	3765305	2458	1
P029	305	Pulse	255	3780000	4154	NA
P029	307	Response	100	3808344	2168	1
P029	308	Pulse	255	3810000	1491	NA
P029	310	Pulse	255	3840000	993	NA
P029	311	Response	100	3851625	2452	1
P029	313	Pulse	255	3870000	7995	NA
P029	315	Response	101	3895685	3349	1
P029	316	Pulse	255	3900000	4164	NA
P029	318	Pulse	255	3930000	3667	NA
P029	319	Response	101	3939565	3066	1
P029	321	Pulse	255	3960000	10002	NA
P029	323	Response	101	3983785	3457	1
P029	324	Pulse	255	3990000	6005	NA
P029	326	Pulse	255	4020000	5508	NA
P029	327	Response	101	4026844	2186	1
P029	329	Pulse	255	4050000	12677	NA
P029	331	Response	101	4073145	5491	1
P029	332	Pulse	255	4080000	6680	NA
P029	334	Pulse	255	4110000	6182	NA
P029	335	Response	101	4117844	3861	1
P029	336	Response	101	4124504	6521	1
P029	337	Response	101	4129594	1279	1
P029	337	Pulse	255	4140000	11684	NA
P029	339	Response	100	4162114	3468	1
P029	340	Pulse	255	4170000	7687	NA
P029	342	Pulse	255	4200000	7190	NA
P029	343	Response	100	4206885	3909	1
P029	345	Pulse	255	4230000	12692	NA
P029	347	Response	100	4250114	2476	1
P029	348	Response	100	4258104	7799	1
P029	348	Pulse	255	4260000	9695	NA
P029	350	Pulse	255	4290000	9197	NA
P029	351	Response	100	4294825	3856	1
P029	353	Pulse	255	4320000	14699	NA
P029	355	Response	100	4338185	2554	1
P029	357	Pulse	255	4350000	1370	NA
P029	358	Response	100	4376955	8160	1
P029	359	Pulse	255	4380000	1039	NA
P029	359	Response	100	4381405	2444	1
P029	360	Response	100	4391435	9975	1
P029	361	Pulse	255	4410000	18207	NA
P029	363	Response	100	4425245	3121	1
P029	364	Response	100	4435245	9954	1
P029	365	Pulse	255	4440000	4377	NA
P029	367	Response	101	4468877	2924	1
P029	368	Pulse	255	4470000	1047	NA
P029	369	Response	101	4479935	649	1
P029	370	Pulse	255	4500000	549	NA
P029	371	Response	101	4512015	2398	1
P029	373	Pulse	255	4530000	7551	NA
P029	375	Response	101	4556155	3376	1
P029	376	Pulse	255	4560000	3721	NA
P029	378	Pulse	255	4590000	3223	NA
P029	379	Response	100	4606555	9612	1
P029	381	Pulse	255	4620000	3059	NA
P029	383	Response	100	4649995	2724	1
P029	383	Pulse	255	4650000	2728	NA
P029	385	Pulse	255	4680000	19563	NA
P029	387	Response	101	4693994	3226	1
P029	389	Pulse	255	4710000	5567	NA
P029	391	Response	101	4738275	3511	1
P029	392	Pulse	255	4740000	1570	NA
P029	392	Response	101	4746626	8196	1
P029	394	Pulse	255	4770000	1072	NA
P029	395	Response	101	4781805	2712	1
P029	397	Response	101	4792295	36	1
P029	397	Pulse	255	4800000	7741	NA
P029	399	Response	101	4824805	2215	1
P029	400	Pulse	255	4830000	5077	NA
P029	402	Pulse	255	4860000	4580	NA
P029	403	Response	101	4871185	5599	1
P029	405	Pulse	255	4890000	8415	NA
P029	407	Pulse	255	4920000	8084	NA
P029	407	Response	100	4924255	12339	1
P029	409	Pulse	255	4950000	15253	NA
P029	411	Response	100	4972995	7917	1
P029	412	Pulse	255	4980000	6923	NA
P029	414	Pulse	255	5010000	6425	NA
P029	415	Response	101	5021405	7665	1
P029	417	Pulse	255	5040000	8095	NA
P029	419	Response	101	5064915	2679	1
P029	420	Pulse	255	5070000	4931	NA
P029	422	Pulse	255	5100000	4433	NA
P029	423	Response	101	5108475	2743	1
P029	425	Pulse	255	5130000	11102	NA
P029	427	Response	100	5153485	4257	1
P029	428	Pulse	255	5160000	6438	NA
P029	430	Response	100	5187236	3176	1
P029	430	Pulse	255	5190000	5941	NA
P029	431	Response	100	5198485	4260	1
P029	433	Pulse	255	5220000	11110	NA
P029	435	Response	101	5247806	8584	1
P029	436	Pulse	255	5250000	2113	NA
P029	438	Pulse	255	5280000	1615	NA
P029	439	Response	101	5298595	10045	1
P029	441	Pulse	255	5310000	951	NA
P029	443	Pulse	255	5340000	621	NA
P029	443	Response	101	5359205	19826	1
P029	445	Pulse	255	5370000	290	NA
P029	446	Pulse	255	5400000	10125	NA
P029	447	Response	100	5414825	14784	1
P029	449	Pulse	255	5430000	4795	NA
P029	451	Pulse	255	5460000	4464	NA
P029	451	Response	100	5464896	9360	1
P029	453	Pulse	255	5490000	14632	NA
P029	455	Response	101	5515986	10287	1
P029	456	Pulse	255	5520000	3802	NA
P029	458	Pulse	255	5550000	3305	NA
P029	459	Response	100	5567606	10745	1
P029	461	Pulse	255	5580000	1974	NA
P029	463	Pulse	255	5610000	1644	NA
P029	463	Response	100	5621576	13219	1
P029	465	Pulse	255	5640000	7979	NA
P029	467	Pulse	255	5670000	7648	NA
P029	467	Response	101	5671066	8714	1
P029	469	Pulse	255	5700000	18483	NA
P029	471	Response	100	5721936	10088	1
P029	472	Pulse	255	5730000	7987	NA
P029	474	Pulse	255	5760000	7489	NA
P029	475	Response	100	5765115	2439	1
P029	477	Pulse	255	5790000	14491	NA
P029	479	Response	100	5807436	1596	1
P029	481	Pulse	255	5820000	2161	NA
P029	483	Picture	instruct_trial	5848169	0	1	30497	1	0	next	other	0
P029	483	Pulse	255	5850000	1831	NA
P029	483	Response	100	5878466	30297	1
P029	484	Pulse	255	5880000	1167	NA
P029	484	Response	100	5901766	22932	1
P029	485	Pulse	255	5910000	8169	NA
P029	487	Pulse	255	5940000	7671	NA
P029	488	Response	100	5949796	7301	1
P029	490	Pulse	255	5970000	9674	NA
P029	492	Response	100	5993146	2489	1
P029	493	Pulse	255	6000000	6676	NA
P029	495	Pulse	255	6030000	6179	NA
P029	496	Response	100	6036366	2379	1
P029	498	Pulse	255	6060000	13181	NA
P029	500	Response	100	6079956	2806	1
P029	501	Pulse	255	6090000	9850	NA
P029	503	Pulse	255	6120000	9353	NA
P029	504	Response	100	6123036	2223	1
P029	506	Pulse	255	6150000	16522	NA
P029	508	Response	100	6168817	5007	1
P029	509	Response	100	6171036	2060	1
P029	510	Pulse	255	6180000	692	NA
P029	511	Response	100	6201696	2223	1
P029	512	Pulse	255	6210000	361	NA
P029	512	Response	100	6211926	2288	1
P029	513	Response	100	6222139	10000	127
P029	514	Pulse	255	6240000	17529	NA
P029	516	Response	100	6255336	2534	1
P029	518	Pulse	255	6270000	4200	NA
P029	520	Pulse	255	6300000	3869	NA
P029	520	Response	100	6301476	5345	1
P029	522	Pulse	255	6330000	18037	NA
P029	524	Response	100	6346396	4102	1
P029	526	Pulse	255	6360000	3207	NA
P029	528	Pulse	255	6390000	2877	NA
P029	528	Response	100	6390806	3682	1
P029	530	Pulse	255	6420000	18711	NA
P029	532	Response	100	6433706	2087	1
P029	534	Pulse	255	6450000	5881	NA
P029	536	Response	100	6477107	2657	1
P029	537	Pulse	255	6480000	2718	NA
P029	539	Pulse	255	6510000	2220	NA
P029	539	Response	100	6510066	2287	1
P029	540	Response	100	6521886	3941	1
P029	542	Pulse	255	6540000	7722	NA
P029	544	Response	100	6564826	2218	1
P029	545	Pulse	255	6570000	5058	NA
P029	547	Pulse	255	6600000	4561	NA
P029	548	Response	100	6607877	2272	1
P029	550	Pulse	255	6630000	11730	NA
P029	551	Response	100	6641446	3011	1
P029	552	Response	100	6651586	2985	1
P029	553	Pulse	255	6660000	8232	NA
P029	555	Pulse	255	6690000	7735	NA
P029	556	Response	100	6694767	2336	1
P029	558	Pulse	255	6720000	14737	NA
P029	560	Response	100	6739937	4343	1
P029	561	Pulse	255	6750000	9907	NA
P029	563	Pulse	255	6780000	9409	NA
P029	564	Response	100	6784676	3920	1
P029	566	Pulse	255	6810000	14911	NA
P029	568	Response	100	6829167	3747	1
P029	570	Pulse	255	6840000	415	NA
P029	572	Pulse	255	6870000	84	NA
P029	572	Response	100	6873366	3451	1
P029	574	Pulse	255	6900000	16252	NA
P029	576	Response	100	6917347	3268	1
P029	578	Pulse	255	6930000	2256	NA
P029	580	Pulse	255	6960000	1925	NA
P029	580	Response	100	6961497	3422	1
P029	582	Pulse	255	6990000	18093	NA
P029	584	Response	100	7005637	3399	1
P029	586	Pulse	255	7020000	3930	NA
P029	588	Pulse	255	7050000	3599	NA
P029	588	Response	100	7050646	4245	1
P029	590	Pulse	255	7080000	18934	NA
P029	592	Response	100	7096217	4820	1
P029	594	Pulse	255	7110000	3271	NA
P029	596	Pulse	255	7140000	2940	NA
P029	596	Response	100	7140827	3767	1
P029	598	Pulse	255	7170000	18775	NA
P029	600	Response	100	7185157	3601	1
P029	602	Pulse	255	7200000	4445	NA
P029	604	Response	100	7229026	3141	1
P029	605	Pulse	255	7230000	782	NA
P029	607	Pulse	255	7260000	284	NA
P029	608	Response	100	7272686	2805	1
P029	610	Pulse	255	7290000	6786	NA
P029	612	Response	100	7316086	2542	1
P029	613	Pulse	255	7320000	3789	NA
P029	615	Pulse	255	7350000	3292	NA
P029	616	Response	100	7361086	4212	1
P029	618	Pulse	255	7380000	8460	NA
P029	620	Response	100	7404997	3126	1
P029	621	Pulse	255	7410000	4797	NA
P029	623	Response	100	7438637	2936	1
P029	623	Pulse	255	7440000	4299	NA
P029	624	Response	100	7448367	2500	1
P029	626	Pulse	255	7470000	11134	NA
P029	628	Response	100	7491516	2320	1
P029	629	Pulse	255	7500000	8304	NA
P029	631	Pulse	255	7530000	7806	NA
P029	632	Response	100	7535507	3147	1
P029	634	Pulse	255	7560000	13975	NA
P029	636	Response	100	7578347	1991	1
P029	638	Pulse	255	7590000	1145	NA
P029	640	Pulse	255	7620000	815	NA
P029	640	Response	100	7622027	2841	1
P029	642	Pulse	255	7650000	17483	NA
P029	644	Response	100	7664917	2068	1
P029	646	Pulse	255	7680000	4653	NA
P029	648	Response	100	7708476	2798	1
P029	649	Pulse	255	7710000	1322	NA
P029	651	Pulse	255	7740000	825	NA
P029	652	Response	100	7752397	3056	1
P029	654	Pulse	255	7770000	7160	NA
P029	656	Response	100	7796447	3276	1
P029	657	Pulse	255	7800000	3496	NA
P029	659	Pulse	255	7830000	2999	NA
P029	660	Response	100	7840267	3100	1
P029	662	Pulse	255	7860000	9334	NA
P029	664	Response	100	7885747	4751	1
P029	665	Pulse	255	7890000	4171	NA
P029	667	Pulse	255	7920000	3673	NA
P029	668	Response	100	7928958	2465	1
P029	670	Pulse	255	7950000	10509	NA
P029	672	Response	100	7973037	3215	1
P029	673	Pulse	255	7980000	6845	NA
P029	675	Pulse	255	8010000	6347	NA
P029	676	Response	100	8016287	2469	1
P029	678	Pulse	255	8040000	13183	NA
P029	680	Response	100	8060117	2969	1
P029	681	Pulse	255	8070000	9686	NA
P029	683	Pulse	255	8100000	9188	NA
P029	684	Response	100	8103857	2879	1
P029	686	Pulse	255	8130000	15690	NA
P029	688	Response	100	8147997	3357	1
P029	690	Pulse	255	8160000	1527	NA
P029	691	Response	100	8181088	2450	1
P029	692	Pulse	255	8190000	1197	NA
P029	692	Response	100	8191528	2724	1
P029	694	Pulse	255	8220000	18031	NA
P029	696	Response	100	8234607	2307	1
P029	698	Pulse	255	8250000	4868	NA
P029	700	Response	100	8278948	3485	1
P029	701	Pulse	255	8280000	871	NA
P029	703	Pulse	255	8310000	374	NA
P029	704	Response	100	8323237	3444	1
P029	706	Pulse	255	8340000	6376	NA
P029	708	Response	100	8369227	5272	1
P029	709	Pulse	255	8370000	712	NA
P029	711	Pulse	255	8400000	215	NA
P029	712	Response	100	8413107	3156	1
P029	714	Pulse	255	8430000	6383	NA
P029	716	Response	100	8457257	3310	1
P029	717	Pulse	255	8460000	2553	NA
P029	719	Pulse	255	8490000	2055	NA
P029	720	Response	100	8501557	3447	1
P029	722	Pulse	255	8520000	8057	NA
P029	724	Picture	instruct_trial	8542273	0	1	40163	1	0	next	other	0
P029	724	Response	100	8545728	3454	1
P029	724	Pulse	255	8550000	7727	NA
P029	724	Pulse	255	8580000	37727	NA
