Scenario - learning_JJ_english
Logfile written - 08/17/2023 15:24:44

Subject	Trial	Event Type	Code	Time	TTime	Uncertainty	Duration	Uncertainty	ReqTime	ReqDur	Stim Type	Pair Index

P033	0	Pulse	255	0	0	NA
P033	1	Picture	instruct_trial	10500	0	1	157986	1	0	next	other	0
P033	1	Pulse	255	30000	19500	NA
P033	1	Pulse	255	60000	49500	NA
P033	1	Pulse	255	90000	79500	NA
P033	1	Pulse	255	120000	109500	NA
P033	1	Pulse	255	150000	139500	NA
P033	1	Response	101	168441	157941	1
P033	1	Pulse	255	180000	169500	NA
P033	2	Response	100	191771	11452	1
P033	4	Pulse	255	210000	7850	NA
P033	6	Pulse	255	240000	7520	NA
P033	6	Response	100	244361	11881	1
P033	8	Pulse	255	270000	15188	NA
P033	10	Response	101	295640	10498	1
P033	11	Pulse	255	300000	4192	NA
P033	13	Pulse	255	330000	3694	NA
P033	14	Response	100	348781	12310	1
P033	16	Pulse	255	360000	697	NA
P033	18	Pulse	255	390000	367	NA
P033	18	Response	100	405861	16227	1
P033	20	Pulse	255	420000	3702	NA
P033	22	Pulse	255	450000	3372	NA
P033	22	Response	100	453120	6492	1
P033	24	Pulse	255	480000	16373	NA
P033	26	Response	101	504780	10822	1
P033	27	Pulse	255	510000	5043	NA
P033	29	Pulse	255	540000	4546	NA
P033	30	Response	101	555031	9411	1
P033	32	Pulse	255	570000	4549	NA
P033	34	Pulse	255	600000	4218	NA
P033	34	Response	101	606470	10688	1
P033	36	Pulse	255	630000	13053	NA
P033	38	Response	100	655760	8483	1
P033	39	Pulse	255	660000	4057	NA
P033	41	Pulse	255	690000	3559	NA
P033	42	Response	101	705630	9024	1
P033	44	Pulse	255	720000	3895	NA
P033	46	Pulse	255	750000	3564	NA
P033	46	Response	101	755350	8914	1
P033	48	Pulse	255	780000	14233	NA
P033	50	Response	100	808370	12272	1
P033	51	Pulse	255	810000	1570	NA
P033	53	Pulse	255	840000	1072	NA
P033	54	Response	100	860040	10947	1
P033	55	Pulse	255	870000	9908	NA
P033	57	Pulse	255	900000	9410	NA
P033	58	Response	101	912350	11594	1
P033	60	Pulse	255	930000	7246	NA
P033	62	Pulse	255	960000	6916	NA
P033	62	Response	101	961179	8095	1
P033	64	Pulse	255	990000	18417	NA
P033	66	Response	101	1011100	9187	1
P033	67	Pulse	255	1020000	8754	NA
P033	69	Pulse	255	1050000	8257	NA
P033	70	Response	100	1061370	9461	1
P033	72	Pulse	255	1080000	8093	NA
P033	74	Response	101	1106190	3952	1
P033	75	Pulse	255	1110000	3762	NA
P033	77	Pulse	255	1140000	3265	NA
P033	78	Response	100	1153740	6839	1
P033	80	Pulse	255	1170000	5767	NA
P033	82	Response	101	1198560	3997	1
P033	83	Pulse	255	1200000	1270	NA
P033	85	Pulse	255	1230000	773	NA
P033	86	Response	101	1246259	6866	1
P033	88	Pulse	255	1260000	3275	NA
P033	90	Pulse	255	1290000	2945	NA
P033	90	Response	101	1296620	9564	1
P033	92	Pulse	255	1320000	12947	NA
P033	94	Response	100	1341729	4345	1
P033	95	Pulse	255	1350000	8116	NA
P033	97	Pulse	255	1380000	7619	NA
P033	98	Response	101	1388070	5523	1
P033	100	Pulse	255	1410000	11454	NA
P033	102	Response	101	1432859	3983	1
P033	103	Pulse	255	1440000	6957	NA
P033	105	Pulse	255	1470000	6460	NA
P033	106	Response	100	1480989	7284	1
P033	108	Pulse	255	1500000	8629	NA
P033	110	Response	101	1525739	4037	1
P033	111	Pulse	255	1530000	4132	NA
P033	113	Pulse	255	1560000	3635	NA
P033	114	Response	101	1573379	6848	1
P033	116	Pulse	255	1590000	6137	NA
P033	118	Response	100	1618419	4226	1
P033	119	Pulse	255	1620000	1474	NA
P033	121	Pulse	255	1650000	976	NA
P033	122	Response	100	1666400	7210	1
P033	124	Pulse	255	1680000	3145	NA
P033	126	Pulse	255	1710000	2815	NA
P033	126	Response	100	1714699	7513	1
P033	128	Pulse	255	1740000	14816	NA
P033	130	Response	100	1759629	4115	1
P033	131	Pulse	255	1770000	10319	NA
P033	133	Pulse	255	1800000	9822	NA
P033	134	Response	101	1806219	5875	1
P033	136	Pulse	255	1830000	13324	NA
P033	138	Response	101	1852508	5502	1
P033	139	Pulse	255	1860000	7327	NA
P033	141	Pulse	255	1890000	6830	NA
P033	142	Response	100	1897648	4312	1
P033	144	Pulse	255	1920000	11832	NA
P033	146	Response	100	1944199	5700	1
P033	147	Pulse	255	1950000	5669	NA
P033	149	Pulse	255	1980000	5171	NA
P033	150	Response	101	1990509	5514	1
P033	152	Pulse	255	2010000	9007	NA
P033	154	Response	101	2037679	6355	1
P033	155	Pulse	255	2040000	2177	NA
P033	157	Pulse	255	2070000	1679	NA
P033	158	Response	101	2082279	3792	1
P033	160	Pulse	255	2100000	7182	NA
P033	162	Response	100	2127658	4509	1
P033	163	Pulse	255	2130000	2185	NA
P033	165	Pulse	255	2160000	1687	NA
P033	166	Response	100	2172618	4139	1
P033	168	Pulse	255	2190000	6856	NA
P033	170	Response	101	2217138	3663	1
P033	171	Pulse	255	2220000	2692	NA
P033	173	Pulse	255	2250000	2195	NA
P033	174	Response	101	2264238	6267	1
P033	176	Pulse	255	2280000	5364	NA
P033	178	Pulse	255	2310000	5033	NA
P033	178	Response	101	2312479	7512	1
P033	180	Pulse	255	2340000	17035	NA
P033	182	Response	101	2357838	4543	1
P033	184	Pulse	255	2370000	1706	NA
P033	186	Pulse	255	2400000	1375	NA
P033	186	Response	100	2406248	7623	1
P033	188	Pulse	255	2430000	13210	NA
P033	190	Response	101	2451308	4187	1
P033	191	Pulse	255	2460000	8546	NA
P033	193	Pulse	255	2490000	8049	NA
P033	194	Response	100	2496358	4241	1
P033	196	Pulse	255	2520000	13218	NA
P033	198	Response	101	2543378	6265	1
P033	199	Pulse	255	2550000	6554	NA
P033	201	Pulse	255	2580000	6057	NA
P033	202	Response	100	2592078	7969	1
P033	204	Pulse	255	2610000	7393	NA
P033	206	Response	101	2639018	6080	1
P033	207	Pulse	255	2640000	896	NA
P033	209	Pulse	255	2670000	398	NA
P033	210	Response	100	2683108	3341	1
P033	212	Pulse	255	2700000	6401	NA
P033	214	Response	100	2728758	4828	1
P033	215	Pulse	255	2730000	1070	NA
P033	217	Pulse	255	2760000	573	NA
P033	218	Response	100	2774967	5374	1
P033	220	Pulse	255	2790000	4575	NA
P033	222	Response	101	2819307	3552	1
P033	223	Pulse	255	2820000	578	NA
P033	225	Pulse	255	2850000	81	NA
P033	226	Response	100	2865677	5593	1
P033	228	Pulse	255	2880000	3916	NA
P033	230	Pulse	255	2910000	3586	NA
P033	230	Response	100	2914097	7683	1
P033	232	Pulse	255	2940000	15421	NA
P033	234	Response	101	2961577	6667	1
P033	235	Pulse	255	2970000	8257	NA
P033	237	Pulse	255	3000000	7760	NA
P033	238	Response	101	3009727	7321	1
P033	240	Pulse	255	3030000	9762	NA
P033	242	Picture	instruct_trial	3050568	0	1	26998	1	0	next	other	0
P033	242	Pulse	255	3060000	9432	NA
P033	242	Response	100	3077437	26869	1
P033	243	Response	100	3088017	10285	1
P033	244	Pulse	255	3090000	1935	NA
P033	246	Pulse	255	3120000	1438	NA
P033	247	Response	101	3139647	10919	1
P033	248	Pulse	255	3150000	10273	NA
P033	250	Pulse	255	3180000	9775	NA
P033	251	Response	100	3188877	8486	1
P033	253	Pulse	255	3210000	10611	NA
P033	255	Response	101	3238947	9228	1
P033	256	Pulse	255	3240000	948	NA
P033	258	Pulse	255	3270000	451	NA
P033	259	Response	101	3290548	10833	1
P033	260	Pulse	255	3300000	9286	NA
P033	262	Pulse	255	3330000	8789	NA
P033	263	Response	101	3341326	9949	1
P033	265	Pulse	255	3360000	8291	NA
P033	267	Pulse	255	3390000	7960	NA
P033	267	Response	101	3393497	11457	1
P033	269	Pulse	255	3420000	15962	NA
P033	271	Response	100	3440596	6228	1
P033	272	Pulse	255	3450000	9299	NA
P033	274	Pulse	255	3480000	8802	NA
P033	275	Response	100	3493716	12352	1
P033	277	Pulse	255	3510000	5804	NA
P033	279	Pulse	255	3540000	5474	NA
P033	279	Response	101	3542907	8380	1
P033	281	Pulse	255	3570000	16642	NA
P033	283	Response	100	3590177	6488	1
P033	284	Pulse	255	3600000	9645	NA
P033	286	Pulse	255	3630000	9148	NA
P033	287	Response	100	3637506	6488	1
P033	289	Pulse	255	3660000	11984	NA
P033	291	Response	101	3686996	8649	1
P033	292	Pulse	255	3690000	2820	NA
P033	294	Pulse	255	3720000	2323	NA
P033	295	Response	100	3732446	4603	1
P033	297	Pulse	255	3750000	7159	NA
P033	299	Response	101	3778586	5414	1
P033	300	Pulse	255	3780000	1328	NA
P033	302	Pulse	255	3810000	831	NA
P033	303	Response	100	3825366	6031	1
P033	305	Pulse	255	3840000	4167	NA
P033	307	Pulse	255	3870000	3836	NA
P033	307	Response	101	3870476	4312	1
P033	309	Pulse	255	3900000	19004	NA
P033	311	Response	101	3917116	5789	1
P033	313	Pulse	255	3930000	2341	NA
P033	315	Pulse	255	3960000	2011	NA
P033	315	Response	100	3963196	5207	1
P033	317	Pulse	255	3990000	16345	NA
P033	319	Response	101	4010706	6721	1
P033	320	Pulse	255	4020000	9182	NA
P033	322	Pulse	255	4050000	8685	NA
P033	323	Response	100	4056196	4714	1
P033	325	Pulse	255	4080000	13353	NA
P033	327	Response	100	4101926	4949	1
P033	328	Pulse	255	4110000	8023	NA
P033	330	Pulse	255	4140000	7526	NA
P033	331	Response	101	4148286	5646	1
P033	333	Pulse	255	4170000	11195	NA
P033	335	Response	100	4194916	5780	1
P033	336	Pulse	255	4200000	5031	NA
P033	338	Pulse	255	4230000	4534	NA
P033	339	Response	101	4251846	16214	1
P033	340	Pulse	255	4260000	8036	NA
P033	342	Pulse	255	4290000	7539	NA
P033	343	Response	101	4300156	7536	1
P033	345	Pulse	255	4320000	9375	NA
P033	347	Response	100	4345376	4420	1
P033	348	Pulse	255	4350000	4544	NA
P033	350	Pulse	255	4380000	4047	NA
P033	351	Response	101	4391505	5386	1
P033	353	Pulse	255	4410000	8049	NA
P033	355	Response	101	4438766	6484	1
P033	356	Pulse	255	4440000	1052	NA
P033	358	Pulse	255	4470000	555	NA
P033	359	Response	100	4487185	7575	1
P033	361	Pulse	255	4500000	2391	NA
P033	363	Pulse	255	4530000	2060	NA
P033	363	Response	100	4532075	4136	1
P033	365	Pulse	255	4560000	17395	NA
P033	367	Response	100	4581596	8660	1
P033	368	Pulse	255	4590000	8232	NA
P033	370	Pulse	255	4620000	7734	NA
P033	371	Response	100	4627465	5033	1
P033	373	Pulse	255	4650000	12070	NA
P033	375	Response	101	4679175	10915	1
P033	376	Pulse	255	4680000	740	NA
P033	378	Pulse	255	4710000	243	NA
P033	379	Response	101	4726416	6493	1
P033	381	Pulse	255	4740000	3078	NA
P033	383	Pulse	255	4770000	2748	NA
P033	383	Response	100	4772915	5663	1
P033	385	Pulse	255	4800000	16582	NA
P033	387	Response	100	4824705	10956	1
P033	388	Pulse	255	4830000	5086	NA
P033	390	Pulse	255	4860000	4589	NA
P033	391	Response	101	4872725	7148	1
P033	393	Pulse	255	4890000	6758	NA
P033	395	Response	100	4919995	6422	1
P033	395	Pulse	255	4920000	6427	NA
P033	397	Pulse	255	4950000	19595	NA
P033	399	Response	101	4968404	7669	1
P033	401	Pulse	255	4980000	1099	NA
P033	403	Pulse	255	5010000	769	NA
P033	403	Response	100	5020765	11533	1
P033	405	Pulse	255	5040000	8771	NA
P033	407	Response	100	5065884	4324	1
P033	408	Pulse	255	5070000	3940	NA
P033	410	Pulse	255	5100000	3443	NA
P033	411	Response	101	5114125	7402	1
P033	413	Pulse	255	5130000	5446	NA
P033	415	Pulse	255	5160000	5115	NA
P033	415	Response	101	5160025	5140	1
P033	417	Pulse	255	5190000	19450	NA
P033	419	Response	101	5210324	9443	1
P033	420	Pulse	255	5220000	9620	NA
P033	422	Pulse	255	5250000	9122	NA
P033	423	Response	101	5258034	6991	1
P033	425	Pulse	255	5280000	11458	NA
P033	427	Response	100	5302764	3892	1
P033	428	Pulse	255	5310000	7128	NA
P033	430	Pulse	255	5340000	6630	NA
P033	431	Response	101	5352534	8998	1
P033	433	Pulse	255	5370000	6966	NA
P033	435	Pulse	255	5400000	6636	NA
P033	435	Response	100	5400974	7610	1
P033	437	Pulse	255	5430000	18637	NA
P033	439	Response	101	5450074	8381	1
P033	440	Pulse	255	5460000	9807	NA
P033	442	Pulse	255	5490000	9310	NA
P033	443	Response	100	5497564	6708	1
P033	445	Pulse	255	5520000	11979	NA
P033	447	Response	101	5548223	9872	1
P033	448	Pulse	255	5550000	1649	NA
P033	450	Pulse	255	5580000	1152	NA
P033	451	Response	100	5595474	6460	1
P033	453	Pulse	255	5610000	3987	NA
P033	455	Pulse	255	5640000	3657	NA
P033	455	Response	100	5643234	6890	1
P033	457	Pulse	255	5670000	16325	NA
P033	459	Response	100	5688844	4838	1
P033	461	Pulse	255	5700000	662	NA
P033	463	Pulse	255	5730000	332	NA
P033	463	Response	101	5736943	7275	1
P033	465	Pulse	255	5760000	12666	NA
P033	467	Response	100	5784744	7079	1
P033	468	Pulse	255	5790000	5170	NA
P033	470	Pulse	255	5820000	4672	NA
P033	471	Response	100	5830094	4600	1
P033	473	Pulse	255	5850000	9508	NA
P033	475	Response	101	5878753	7930	1
P033	476	Pulse	255	5880000	1178	NA
P033	478	Pulse	255	5910000	680	NA
P033	479	Response	101	5926773	7288	1
P033	481	Pulse	255	5940000	2850	NA
P033	483	Picture	instruct_trial	5967481	0	1	31331	1	0	next	other	0
P033	483	Pulse	255	5970000	2519	NA
P033	483	Response	100	5998633	31152	1
P033	484	Pulse	255	6000000	1022	NA
P033	484	Response	101	6018514	19535	1
P033	486	Pulse	255	6030000	1024	NA
P033	488	Pulse	255	6060000	694	NA
P033	488	Response	100	6073193	13887	1
P033	490	Pulse	255	6090000	6362	NA
P033	492	Pulse	255	6120000	6032	NA
P033	492	Response	100	6134173	20205	1
P033	494	Pulse	255	6150000	5368	NA
P033	496	Pulse	255	6180000	5037	NA
P033	496	Response	100	6186213	11250	1
P033	498	Pulse	255	6210000	13372	NA
P033	500	Response	100	6232783	5825	1
P033	501	Pulse	255	6240000	7042	NA
P033	503	Pulse	255	6270000	6545	NA
P033	504	Response	100	6284593	10972	1
P033	506	Pulse	255	6300000	4881	NA
P033	508	Pulse	255	6330000	4550	NA
P033	508	Response	101	6334423	8973	1
P033	510	Pulse	255	6360000	15052	NA
P033	512	Response	101	6382113	6834	1
P033	513	Pulse	255	6390000	7722	NA
P033	515	Pulse	255	6420000	7224	NA
P033	516	Response	101	6430123	7181	1
P033	518	Pulse	255	6450000	9393	NA
P033	520	Response	100	6475983	5045	1
P033	521	Pulse	255	6480000	3896	NA
P033	523	Pulse	255	6510000	3399	NA
P033	524	Response	100	6524693	7926	1
P033	526	Pulse	255	6540000	4902	NA
P033	528	Pulse	255	6570000	4571	NA
P033	528	Response	101	6571132	5703	1
P033	530	Pulse	255	6600000	18406	NA
P033	532	Response	100	6617762	5837	1
P033	534	Pulse	255	6630000	1743	NA
P033	536	Pulse	255	6660000	1412	NA
P033	536	Response	100	6662403	3815	1
P033	538	Pulse	255	6690000	17080	NA
P033	540	Response	101	6709622	6372	1
P033	541	Pulse	255	6720000	10250	NA
P033	543	Pulse	255	6750000	9753	NA
P033	544	Response	101	6758892	8479	1
P033	546	Pulse	255	6780000	10589	NA
P033	548	Response	101	6805922	6180	1
P033	549	Pulse	255	6810000	3925	NA
P033	551	Pulse	255	6840000	3428	NA
P033	552	Response	100	6852212	5474	1
P033	554	Pulse	255	6870000	7263	NA
P033	556	Response	100	6898532	5465	1
P033	557	Pulse	255	6900000	1267	NA
P033	559	Pulse	255	6930000	769	NA
P033	560	Response	100	6944582	5185	1
P033	562	Pulse	255	6960000	4938	NA
P033	564	Pulse	255	6990000	4608	NA
P033	564	Response	100	6990162	4770	1
P033	566	Pulse	255	7020000	19442	NA
P033	568	Response	101	7035742	4853	1
P033	570	Pulse	255	7050000	3779	NA
P033	572	Pulse	255	7080000	3449	NA
P033	572	Response	101	7081011	4460	1
P033	574	Pulse	255	7110000	18450	NA
P033	576	Response	101	7127351	5470	1
P033	578	Pulse	255	7140000	2121	NA
P033	580	Pulse	255	7170000	1790	NA
P033	580	Response	101	7173471	5261	1
P033	582	Pulse	255	7200000	16125	NA
P033	584	Response	100	7219881	5675	1
P033	585	Pulse	255	7230000	9961	NA
P033	587	Pulse	255	7260000	9464	NA
P033	588	Response	100	7269852	9150	1
P033	590	Pulse	255	7290000	9633	NA
P033	592	Response	101	7319631	8934	1
P033	593	Pulse	255	7320000	303	NA
P033	594	Pulse	255	7350000	19971	NA
P033	596	Response	101	7368601	8241	1
P033	598	Pulse	255	7380000	975	NA
P033	600	Pulse	255	7410000	644	NA
P033	600	Response	100	7417181	7825	1
P033	602	Pulse	255	7440000	12313	NA
P033	604	Response	100	7465720	7702	1
P033	605	Pulse	255	7470000	4149	NA
P033	607	Pulse	255	7500000	3485	NA
P033	608	Response	100	7514310	7630	1
P033	610	Pulse	255	7530000	5154	NA
P033	612	Pulse	255	7560000	4824	NA
P033	612	Response	100	7562250	7074	1
P033	614	Pulse	255	7590000	17325	NA
P033	616	Response	101	7610441	7436	1
P033	617	Pulse	255	7620000	9495	NA
P033	619	Pulse	255	7650000	8998	NA
P033	620	Response	101	7657991	6823	1
P033	622	Pulse	255	7680000	11500	NA
P033	624	Response	100	7705532	6707	1
P033	625	Pulse	255	7710000	4337	NA
P033	627	Pulse	255	7740000	3840	NA
P033	628	Response	100	7754640	8314	1
P033	630	Pulse	255	7770000	4842	NA
P033	632	Pulse	255	7800000	4511	NA
P033	632	Response	101	7803990	8501	1
P033	634	Pulse	255	7830000	15513	NA
P033	636	Response	101	7852570	7752	1
P033	637	Pulse	255	7860000	7350	NA
P033	639	Pulse	255	7890000	6519	NA
P033	640	Response	101	7900871	7224	1
P033	642	Pulse	255	7920000	8688	NA
P033	644	Pulse	255	7950000	8357	NA
P033	644	Response	100	7950871	9228	1
P033	646	Pulse	255	7980000	18692	NA
P033	648	Response	100	7998971	7333	1
P033	650	Pulse	255	8010000	530	NA
P033	652	Pulse	255	8040000	199	NA
P033	652	Response	101	8049501	9700	1
P033	654	Pulse	255	8070000	10034	NA
P033	656	Response	101	8098800	8504	1
P033	657	Pulse	255	8100000	1038	NA
P033	659	Pulse	255	8130000	540	NA
P033	660	Response	101	8147149	7524	1
P033	662	Pulse	255	8160000	2376	NA
P033	664	Pulse	255	8190000	2046	NA
P033	664	Response	101	8198500	10545	1
P033	666	Pulse	255	8220000	11047	NA
P033	668	Response	100	8246701	7417	1
P033	669	Pulse	255	8250000	3217	NA
P033	671	Pulse	255	8280000	2720	NA
P033	672	Response	101	8295041	7595	1
P033	674	Pulse	255	8310000	4556	NA
P033	676	Pulse	255	8340000	4225	NA
P033	676	Response	100	8342601	6826	1
P033	678	Pulse	255	8370000	16893	NA
P033	680	Response	101	8393869	10432	1
P033	681	Pulse	255	8400000	6063	NA
P033	683	Pulse	255	8430000	5566	NA
P033	684	Response	100	8442119	7520	1
P033	686	Pulse	255	8460000	7402	NA
P033	688	Pulse	255	8490000	7071	NA
P033	688	Response	101	8491859	8931	1
P033	690	Pulse	255	8520000	17740	NA
P033	692	Response	100	8540969	8378	1
P033	693	Pulse	255	8550000	8910	NA
P033	695	Pulse	255	8580000	8412	NA
P033	696	Response	100	8592060	10306	1
P033	698	Pulse	255	8610000	7415	NA
P033	700	Pulse	255	8640000	7084	NA
P033	700	Response	100	8645310	12394	1
P033	702	Pulse	255	8670000	14253	NA
P033	704	Response	101	8693449	7371	1
P033	705	Pulse	255	8700000	6423	NA
P033	707	Pulse	255	8730000	5926	NA
P033	708	Response	100	8741411	7171	1
P033	710	Pulse	255	8760000	8095	NA
P033	712	Pulse	255	8790000	7764	NA
P033	712	Response	100	8790649	8413	1
P033	714	Pulse	255	8820000	18932	NA
P033	716	Response	101	8838920	7521	1
P033	718	Pulse	255	8850000	603	NA
P033	720	Pulse	255	8880000	272	NA
P033	720	Response	101	8891109	11381	1
P033	722	Pulse	255	8910000	8441	NA
P033	724	Picture	instruct_trial	8931890	0	1	40163	1	0	next	other	0
P033	724	Pulse	255	8940000	8110	NA
P033	724	Pulse	255	8970000	38110	NA
