Scenario - learning_JJ_english
Logfile written - 08/24/2023 16:26:27

Subject	Trial	Event Type	Code	Time	TTime	Uncertainty	Duration	Uncertainty	ReqTime	ReqDur	Stim Type	Pair Index

P035	0	Pulse	255	0	0	NA
P035	1	Picture	instruct_trial	10500	0	1	73494	1	0	next	other	0
P035	1	Pulse	255	30000	19500	NA
P035	1	Pulse	255	60000	49500	NA
P035	1	Response	100	83920	73420	1
P035	1	Pulse	255	90000	79500	NA
P035	2	Response	100	113999	23840	1
P035	3	Pulse	255	120000	5843	NA
P035	5	Pulse	255	150000	5345	NA
P035	6	Response	100	168990	14169	1
P035	8	Pulse	255	180000	515	NA
P035	10	Pulse	255	210000	184	NA
P035	10	Response	100	219809	9994	1
P035	12	Pulse	255	240000	9686	NA
P035	14	Pulse	255	270000	9355	NA
P035	14	Response	101	271639	10994	1
P035	16	Pulse	255	300000	17857	NA
P035	18	Response	100	322969	10495	1
P035	19	Pulse	255	330000	6861	NA
P035	21	Pulse	255	360000	6363	NA
P035	22	Response	101	373259	9457	1
P035	24	Pulse	255	390000	6199	NA
P035	26	Pulse	255	420000	5869	NA
P035	26	Response	100	425029	10897	1
P035	28	Pulse	255	450000	14537	NA
P035	30	Response	101	477299	11505	1
P035	31	Pulse	255	480000	2541	NA
P035	33	Pulse	255	510000	2043	NA
P035	34	Response	100	526929	8807	1
P035	36	Pulse	255	540000	2546	NA
P035	38	Pulse	255	570000	2215	NA
P035	38	Response	101	583469	15684	1
P035	40	Pulse	255	600000	6051	NA
P035	42	Pulse	255	630000	5720	NA
P035	42	Response	101	633559	9279	1
P035	44	Pulse	255	660000	16055	NA
P035	46	Response	100	688569	14293	1
P035	47	Pulse	255	690000	1226	NA
P035	49	Pulse	255	720000	728	NA
P035	50	Response	101	738549	9112	1
P035	52	Pulse	255	750000	1064	NA
P035	54	Pulse	255	780000	733	NA
P035	54	Response	101	785459	6193	1
P035	56	Pulse	255	810000	14068	NA
P035	58	Response	100	834619	8356	1
P035	59	Pulse	255	840000	5238	NA
P035	61	Pulse	255	870000	4741	NA
P035	62	Response	100	885759	10334	1
P035	64	Pulse	255	900000	3744	NA
P035	66	Pulse	255	930000	3413	NA
P035	66	Response	100	932259	5672	1
P035	68	Pulse	255	960000	17248	NA
P035	70	Response	101	988989	15905	1
P035	71	Pulse	255	990000	918	NA
P035	73	Pulse	255	1020000	421	NA
P035	74	Response	101	1038899	9154	1
P035	76	Pulse	255	1050000	590	NA
P035	78	Pulse	255	1080000	259	NA
P035	78	Response	101	1090259	10518	1
P035	80	Pulse	255	1110000	9261	NA
P035	82	Response	101	1138839	7770	1
P035	83	Pulse	255	1140000	1098	NA
P035	85	Pulse	255	1170000	600	NA
P035	86	Response	100	1191379	11813	1
P035	87	Pulse	255	1200000	8436	NA
P035	89	Pulse	255	1230000	7938	NA
P035	90	Response	100	1236488	4261	1
P035	92	Pulse	255	1260000	13107	NA
P035	94	Response	100	1283939	6715	1
P035	95	Pulse	255	1290000	5944	NA
P035	97	Pulse	255	1320000	5446	NA
P035	98	Response	101	1338649	13939	1
P035	100	Pulse	255	1350000	949	NA
P035	102	Pulse	255	1380000	619	NA
P035	102	Response	100	1391588	12207	1
P035	104	Pulse	255	1410000	7954	NA
P035	106	Pulse	255	1440000	7623	NA
P035	106	Response	101	1443818	11441	1
P035	108	Pulse	255	1470000	15792	NA
P035	110	Response	100	1492239	7700	1
P035	111	Pulse	255	1500000	7628	NA
P035	113	Pulse	255	1530000	7131	NA
P035	114	Response	100	1541628	8593	1
P035	116	Pulse	255	1560000	7967	NA
P035	118	Response	101	1589148	6784	1
P035	119	Pulse	255	1590000	803	NA
P035	121	Pulse	255	1620000	306	NA
P035	122	Response	101	1635199	5339	1
P035	124	Pulse	255	1650000	4308	NA
P035	126	Pulse	255	1680000	3978	NA
P035	126	Response	101	1681659	5636	1
P035	128	Pulse	255	1710000	17812	NA
P035	130	Response	101	1726418	3900	1
P035	132	Pulse	255	1740000	3149	NA
P035	134	Pulse	255	1770000	2819	NA
P035	134	Response	100	1771988	4807	1
P035	136	Pulse	255	1800000	17487	NA
P035	138	Response	100	1818109	5265	1
P035	140	Pulse	255	1830000	1491	NA
P035	142	Pulse	255	1860000	1160	NA
P035	142	Response	100	1864528	5688	1
P035	144	Pulse	255	1890000	14995	NA
P035	146	Response	101	1912458	7122	1
P035	147	Pulse	255	1920000	7331	NA
P035	149	Pulse	255	1950000	6834	NA
P035	150	Response	100	1960348	7016	1
P035	152	Pulse	255	1980000	9170	NA
P035	154	Response	100	2006618	5457	1
P035	155	Pulse	255	2010000	3173	NA
P035	157	Pulse	255	2040000	2675	NA
P035	158	Response	100	2054358	6868	1
P035	160	Pulse	255	2070000	5178	NA
P035	162	Pulse	255	2100000	4847	NA
P035	162	Response	101	2100848	5695	1
P035	164	Pulse	255	2130000	18682	NA
P035	166	Response	101	2147755	6106	1
P035	168	Pulse	255	2160000	1852	NA
P035	170	Pulse	255	2190000	1522	NA
P035	170	Response	100	2194948	6470	1
P035	172	Pulse	255	2220000	14523	NA
P035	174	Response	100	2242067	6260	1
P035	175	Pulse	255	2250000	7860	NA
P035	177	Pulse	255	2280000	7362	NA
P035	178	Response	100	2290898	8095	1
P035	180	Pulse	255	2310000	8698	NA
P035	182	Response	100	2337038	5405	1
P035	183	Pulse	255	2340000	2868	NA
P035	185	Pulse	255	2370000	2371	NA
P035	186	Response	101	2385638	7842	1
P035	188	Pulse	255	2400000	3873	NA
P035	190	Pulse	255	2430000	3542	NA
P035	190	Response	100	2432217	5760	1
P035	192	Pulse	255	2460000	17377	NA
P035	194	Response	101	2479238	6284	1
P035	196	Pulse	255	2490000	381	NA
P035	198	Pulse	255	2520000	50	NA
P035	198	Response	100	2524517	4567	1
P035	200	Pulse	255	2550000	15052	NA
P035	202	Response	101	2571117	5838	1
P035	203	Pulse	255	2580000	8722	NA
P035	205	Pulse	255	2610000	8224	NA
P035	206	Response	100	2616779	4837	1
P035	208	Pulse	255	2640000	12726	NA
P035	210	Response	101	2662748	5144	1
P035	211	Pulse	255	2670000	7063	NA
P035	213	Pulse	255	2700000	6565	NA
P035	214	Response	101	2710717	7117	1
P035	216	Pulse	255	2730000	8901	NA
P035	218	Response	101	2757248	5818	1
P035	219	Pulse	255	2760000	2571	NA
P035	221	Pulse	255	2790000	2074	NA
P035	222	Response	100	2804458	6366	1
P035	224	Pulse	255	2820000	5076	NA
P035	226	Pulse	255	2850000	4745	NA
P035	226	Response	101	2850118	4863	1
P035	228	Pulse	255	2880000	19413	NA
P035	230	Response	101	2896576	5658	1
P035	232	Pulse	255	2910000	2917	NA
P035	234	Pulse	255	2940000	2586	NA
P035	234	Response	100	2944907	7494	1
P035	236	Pulse	255	2970000	14588	NA
P035	238	Response	100	2992097	6355	1
P035	239	Pulse	255	3000000	7758	NA
P035	241	Pulse	255	3030000	7261	NA
P035	242	Picture	instruct_trial	3032905	0	1	18998	1	0	next	other	0
P035	242	Response	101	3051697	18792	1
P035	243	Pulse	255	3060000	7930	NA
P035	243	Response	100	3063578	11508	1
P035	245	Pulse	255	3090000	15932	NA
P035	247	Response	101	3110588	6189	1
P035	248	Pulse	255	3120000	9268	NA
P035	250	Pulse	255	3150000	8771	NA
P035	251	Response	100	3170887	19492	1
P035	252	Pulse	255	3180000	8940	NA
P035	254	Pulse	255	3210000	8443	NA
P035	255	Response	100	3230597	18874	1
P035	256	Pulse	255	3240000	9278	NA
P035	258	Pulse	255	3270000	8781	NA
P035	259	Response	101	3280097	8713	1
P035	261	Pulse	255	3300000	9450	NA
P035	263	Response	100	3328987	8107	1
P035	264	Pulse	255	3330000	954	NA
P035	266	Pulse	255	3360000	456	NA
P035	267	Response	100	3377848	8138	1
P035	269	Pulse	255	3390000	1625	NA
P035	271	Pulse	255	3420000	1295	NA
P035	271	Response	100	3437797	19092	1
P035	273	Pulse	255	3450000	1797	NA
P035	275	Pulse	255	3480000	1467	NA
P035	275	Response	100	3484017	5484	1
P035	277	Pulse	255	3510000	15468	NA
P035	279	Pulse	255	3540000	15137	NA
P035	279	Response	100	3541790	16927	1
P035	281	Pulse	255	3570000	17806	NA
P035	283	Response	101	3594957	12432	1
P035	284	Pulse	255	3600000	4977	NA
P035	286	Pulse	255	3630000	4479	NA
P035	287	Response	101	3656498	20811	1
P035	288	Pulse	255	3660000	3315	NA
P035	290	Pulse	255	3690000	2818	NA
P035	291	Response	101	3719996	22648	1
P035	291	Pulse	255	3720000	22652	NA
P035	293	Pulse	255	3750000	19488	NA
P035	295	Response	101	3769416	8574	1
P035	297	Pulse	255	3780000	159	NA
P035	298	Pulse	255	3810000	9994	NA
P035	299	Response	100	3817147	6975	1
P035	301	Pulse	255	3840000	12330	NA
P035	303	Response	100	3867956	9956	1
P035	304	Pulse	255	3870000	1834	NA
P035	306	Pulse	255	3900000	1336	NA
P035	307	Response	100	3913127	4297	1
P035	309	Pulse	255	3930000	6338	NA
P035	311	Pulse	255	3960000	6008	NA
P035	311	Response	101	3961687	7695	1
P035	313	Pulse	255	3990000	17843	NA
P035	315	Response	101	4009836	7348	1
P035	316	Pulse	255	4020000	10012	NA
P035	318	Pulse	255	4050000	9515	NA
P035	319	Response	101	4057807	7156	1
P035	321	Pulse	255	4080000	11684	NA
P035	323	Response	101	4105607	6961	1
P035	324	Pulse	255	4110000	4187	NA
P035	326	Pulse	255	4140000	3690	NA
P035	327	Response	100	4154067	7591	1
P035	329	Pulse	255	4170000	5526	NA
P035	331	Pulse	255	4200000	5195	NA
P035	331	Response	100	4201817	7012	1
P035	333	Pulse	255	4230000	17697	NA
P035	335	Response	100	4248617	5983	1
P035	337	Pulse	255	4260000	867	NA
P035	339	Pulse	255	4290000	537	NA
P035	339	Response	100	4296827	7364	1
P035	341	Pulse	255	4320000	12705	NA
P035	343	Response	101	4344036	6410	1
P035	344	Pulse	255	4350000	5875	NA
P035	346	Pulse	255	4380000	5377	NA
P035	347	Response	101	4392687	7898	1
P035	349	Pulse	255	4410000	6880	NA
P035	351	Response	100	4439705	6254	1
P035	352	Pulse	255	4440000	216	NA
P035	353	Pulse	255	4470000	19884	NA
P035	355	Response	100	4486918	6471	1
P035	357	Pulse	255	4500000	2555	NA
P035	359	Pulse	255	4530000	2224	NA
P035	359	Response	101	4536287	8510	1
P035	361	Pulse	255	4560000	13225	NA
P035	363	Response	101	4584617	7512	1
P035	364	Pulse	255	4590000	5229	NA
P035	366	Pulse	255	4620000	4731	NA
P035	367	Response	101	4634066	8632	1
P035	369	Pulse	255	4650000	5401	NA
P035	371	Pulse	255	4680000	5070	NA
P035	371	Response	100	4691967	17036	1
P035	373	Pulse	255	4710000	7572	NA
P035	375	Pulse	255	4740000	7242	NA
P035	375	Response	100	4744336	11577	1
P035	377	Pulse	255	4770000	15243	NA
P035	379	Response	100	4791967	6879	1
P035	380	Pulse	255	4800000	7913	NA
P035	382	Pulse	255	4830000	7416	NA
P035	383	Response	101	4843646	10896	1
P035	385	Pulse	255	4860000	5919	NA
P035	387	Response	101	4889827	5415	1
P035	388	Pulse	255	4890000	88	NA
P035	389	Pulse	255	4920000	19756	NA
P035	391	Response	100	4941106	10532	1
P035	392	Pulse	255	4950000	8760	NA
P035	394	Pulse	255	4980000	8262	NA
P035	395	Response	100	4989137	7234	1
P035	397	Pulse	255	5010000	10431	NA
P035	399	Response	100	5037646	7746	1
P035	400	Pulse	255	5040000	2268	NA
P035	402	Pulse	255	5070000	1771	NA
P035	403	Response	101	5084367	5971	1
P035	405	Pulse	255	5100000	5106	NA
P035	407	Pulse	255	5130000	4775	NA
P035	407	Response	101	5132746	7522	1
P035	409	Pulse	255	5160000	16777	NA
P035	411	Response	100	5180505	6952	1
P035	412	Pulse	255	5190000	9447	NA
P035	414	Pulse	255	5220000	8950	NA
P035	415	Response	100	5228435	7219	1
P035	417	Pulse	255	5250000	11119	NA
P035	419	Response	100	5275519	6306	1
P035	420	Pulse	255	5280000	4288	NA
P035	422	Pulse	255	5310000	3791	NA
P035	423	Response	100	5325376	9002	1
P035	425	Pulse	255	5340000	4127	NA
P035	427	Pulse	255	5370000	3796	NA
P035	427	Response	101	5373116	6912	1
P035	429	Pulse	255	5400000	16464	NA
P035	431	Response	100	5417916	4049	1
P035	433	Pulse	255	5430000	1635	NA
P035	435	Pulse	255	5460000	1304	NA
P035	435	Response	101	5464026	5330	1
P035	437	Pulse	255	5490000	15472	NA
P035	439	Response	100	5511345	6487	1
P035	440	Pulse	255	5520000	8476	NA
P035	442	Pulse	255	5550000	7978	NA
P035	443	Response	101	5558996	6808	1
P035	445	Pulse	255	5580000	10481	NA
P035	447	Response	100	5607005	7155	1
P035	448	Pulse	255	5610000	2817	NA
P035	450	Pulse	255	5640000	2320	NA
P035	451	Response	101	5656706	8860	1
P035	453	Pulse	255	5670000	2822	NA
P035	455	Pulse	255	5700000	2492	NA
P035	455	Response	101	5702677	5169	1
P035	457	Pulse	255	5730000	16826	NA
P035	459	Response	101	5750316	6811	1
P035	460	Pulse	255	5760000	9496	NA
P035	462	Pulse	255	5790000	8999	NA
P035	463	Response	100	5796756	5589	1
P035	465	Pulse	255	5820000	12834	NA
P035	467	Response	101	5843816	6320	1
P035	468	Pulse	255	5850000	6004	NA
P035	470	Pulse	255	5880000	5507	NA
P035	471	Response	101	5889036	4377	1
P035	473	Pulse	255	5910000	10509	NA
P035	475	Response	100	5937316	7494	1
P035	476	Pulse	255	5940000	2512	NA
P035	478	Pulse	255	5970000	2015	NA
P035	479	Response	100	5988915	10765	1
P035	481	Pulse	255	6000000	684	NA
P035	483	Picture	instruct_trial	6029646	0	1	20332	1	0	next	other	0
P035	483	Pulse	255	6030000	354	NA
P035	483	Response	101	6049816	20170	1
P035	484	Response	100	6059086	8941	1
P035	485	Pulse	255	6060000	856	NA
P035	487	Pulse	255	6090000	359	NA
P035	488	Response	100	6111636	11829	1
P035	489	Pulse	255	6120000	8194	NA
P035	491	Pulse	255	6150000	7697	NA
P035	492	Response	101	6163115	10646	1
P035	494	Pulse	255	6180000	6366	NA
P035	496	Pulse	255	6210000	6035	NA
P035	496	Response	100	6211124	7160	1
P035	498	Pulse	255	6240000	18370	NA
P035	500	Response	100	6266366	14405	1
P035	501	Pulse	255	6270000	3541	NA
P035	503	Pulse	255	6300000	3043	NA
P035	504	Response	101	6314776	7653	1
P035	506	Pulse	255	6330000	4712	NA
P035	508	Pulse	255	6360000	4382	NA
P035	508	Response	100	6368894	13276	1
P035	510	Pulse	255	6390000	10717	NA
P035	512	Response	100	6415506	5892	1
P035	513	Pulse	255	6420000	4387	NA
P035	515	Pulse	255	6450000	3890	NA
P035	516	Response	100	6461345	5068	1
P035	518	Pulse	255	6480000	8225	NA
P035	520	Pulse	255	6510000	7894	NA
P035	520	Response	101	6511205	9099	1
P035	522	Pulse	255	6540000	18396	NA
P035	524	Response	101	6559266	7331	1
P035	526	Pulse	255	6570000	234	NA
P035	527	Pulse	255	6600000	10069	NA
P035	528	Response	100	6605795	5698	1
P035	530	Pulse	255	6630000	13738	NA
P035	532	Response	100	6651545	4952	1
P035	533	Pulse	255	6660000	8407	NA
P035	535	Pulse	255	6690000	7910	NA
P035	536	Response	101	6699475	7219	1
P035	538	Pulse	255	6720000	10079	NA
P035	540	Response	100	6746526	6274	1
P035	541	Pulse	255	6750000	3416	NA
P035	543	Pulse	255	6780000	2918	NA
P035	544	Response	100	6793255	6008	1
P035	546	Pulse	255	6810000	6254	NA
P035	548	Pulse	255	6840000	5923	NA
P035	548	Response	100	6841296	7219	1
P035	550	Pulse	255	6870000	18258	NA
P035	552	Response	101	6888705	6633	1
P035	554	Pulse	255	6900000	762	NA
P035	556	Pulse	255	6930000	431	NA
P035	556	Response	101	6937234	7666	1
P035	558	Pulse	255	6960000	12266	NA
P035	560	Response	101	6983425	5361	1
P035	561	Pulse	255	6990000	6436	NA
P035	563	Pulse	255	7020000	5939	NA
P035	564	Response	101	7031205	6978	1
P035	566	Pulse	255	7050000	8274	NA
P035	568	Response	100	7077635	5579	1
P035	569	Pulse	255	7080000	2277	NA
P035	571	Pulse	255	7110000	1780	NA
P035	572	Response	100	7123336	4950	1
P035	574	Pulse	255	7140000	6282	NA
P035	576	Response	100	7169155	5107	1
P035	577	Pulse	255	7170000	785	NA
P035	579	Pulse	255	7200000	288	NA
P035	580	Response	100	7214434	4557	1
P035	582	Pulse	255	7230000	5123	NA
P035	584	Pulse	255	7260000	4793	NA
P035	584	Response	101	7260355	5148	1
P035	586	Pulse	255	7290000	19127	NA
P035	588	Response	101	7307725	6522	1
P035	590	Pulse	255	7320000	1798	NA
P035	592	Pulse	255	7350000	1467	NA
P035	592	Response	100	7353075	4542	1
P035	594	Pulse	255	7380000	16469	NA
P035	596	Response	100	7398135	4273	1
P035	598	Pulse	255	7410000	1473	NA
P035	600	Pulse	255	7440000	1142	NA
P035	600	Response	101	7444185	5327	1
P035	602	Pulse	255	7470000	15310	NA
P035	604	Response	101	7490464	5444	1
P035	605	Pulse	255	7500000	9480	NA
P035	607	Pulse	255	7530000	8982	NA
P035	608	Response	101	7539145	7962	1
P035	610	Pulse	255	7560000	10318	NA
P035	612	Response	101	7587095	7082	1
P035	613	Pulse	255	7590000	2821	NA
P035	615	Pulse	255	7620000	2324	NA
P035	616	Response	100	7634674	6833	1
P035	618	Pulse	255	7650000	4826	NA
P035	620	Pulse	255	7680000	4496	NA
P035	620	Response	100	7682985	7480	1
P035	622	Pulse	255	7710000	16497	NA
P035	624	Response	100	7727404	3571	1
P035	626	Pulse	255	7740000	2168	NA
P035	628	Pulse	255	7770000	1837	NA
P035	628	Response	101	7773895	5732	1
P035	630	Pulse	255	7800000	15672	NA
P035	632	Response	100	7819814	5155	1
P035	633	Pulse	255	7830000	10008	NA
P035	635	Pulse	255	7860000	9511	NA
P035	636	Response	100	7866115	5460	1
P035	638	Pulse	255	7890000	13346	NA
P035	640	Response	100	7915785	8800	1
P035	641	Pulse	255	7920000	4017	NA
P035	643	Pulse	255	7950000	3519	NA
P035	644	Response	101	7965204	8557	1
P035	646	Pulse	255	7980000	4359	NA
P035	648	Pulse	255	8010000	4024	NA
P035	648	Response	101	8012665	6689	1
P035	650	Pulse	255	8040000	16859	NA
P035	652	Response	100	8058195	4723	1
P035	654	Pulse	255	8070000	1363	NA
P035	656	Pulse	255	8100000	1032	NA
P035	656	Response	100	8103944	4976	1
P035	658	Pulse	255	8130000	15534	NA
P035	660	Response	100	8150404	5607	1
P035	661	Pulse	255	8160000	9537	NA
P035	663	Pulse	255	8190000	9039	NA
P035	664	Response	100	8199945	8818	1
P035	666	Pulse	255	8220000	9542	NA
P035	668	Response	101	8247675	6886	1
P035	669	Pulse	255	8250000	2212	NA
P035	671	Pulse	255	8280000	1714	NA
P035	672	Response	100	8293414	4963	1
P035	674	Pulse	255	8310000	6050	NA
P035	676	Pulse	255	8340000	5719	NA
P035	676	Response	101	8341044	6764	1
P035	678	Pulse	255	8370000	18554	NA
P035	680	Response	100	8389224	7447	1
P035	682	Pulse	255	8400000	392	NA
P035	684	Pulse	255	8430000	61	NA
P035	684	Response	101	8438915	8975	1
P035	686	Pulse	255	8460000	10563	NA
P035	688	Response	100	8486205	6436	1
P035	689	Pulse	255	8490000	3732	NA
P035	691	Pulse	255	8520000	3235	NA
P035	692	Response	101	8532834	5903	1
P035	694	Pulse	255	8550000	6737	NA
P035	696	Response	101	8579785	6191	1
P035	697	Pulse	255	8580000	74	NA
P035	698	Pulse	255	8610000	19741	NA
P035	700	Response	101	8627294	6705	1
P035	702	Pulse	255	8640000	2246	NA
P035	704	Pulse	255	8670000	1915	NA
P035	704	Response	100	8673184	5099	1
P035	706	Pulse	255	8700000	16416	NA
P035	708	Response	101	8719563	5649	1
P035	709	Pulse	255	8730000	10253	NA
P035	711	Pulse	255	8760000	9755	NA
P035	712	Response	101	8765814	5403	1
P035	714	Pulse	255	8790000	13757	NA
P035	716	Response	100	8812764	6191	1
P035	717	Pulse	255	8820000	7094	NA
P035	719	Pulse	255	8850000	6597	NA
P035	720	Response	100	8860014	6445	1
P035	722	Pulse	255	8880000	9599	NA
P035	724	Picture	instruct_trial	8900732	0	1	40163	1	0	next	other	0
P035	724	Pulse	255	8910000	9268	NA
P035	724	Pulse	255	8940000	39268	NA
