Scenario - learning_JJ_english
Logfile written - 09/15/2023 15:11:16

Subject	Trial	Event Type	Code	Time	TTime	Uncertainty	Duration	Uncertainty	ReqTime	ReqDur	Stim Type	Pair Index

P037	0	Pulse	255	0	0	NA
P037	1	Picture	instruct_trial	10500	0	1	41163	1	0	next	other	0
P037	1	Pulse	255	30000	19500	NA
P037	1	Response	100	51577	41077	1
P037	1	Pulse	255	60000	49500	NA
P037	2	Response	101	69657	9495	1
P037	4	Pulse	255	90000	9840	NA
P037	6	Pulse	255	120000	9509	NA
P037	6	Response	101	124048	13557	1
P037	8	Pulse	255	150000	15511	NA
P037	10	Response	101	175938	11118	1
P037	11	Pulse	255	180000	4015	NA
P037	13	Pulse	255	210000	3518	NA
P037	14	Response	100	223397	6749	1
P037	16	Pulse	255	240000	6187	NA
P037	18	Pulse	255	270000	5856	NA
P037	18	Response	100	275427	11283	1
P037	20	Pulse	255	300000	14191	NA
P037	22	Response	101	327577	11437	1
P037	23	Pulse	255	330000	2361	NA
P037	25	Pulse	255	360000	1864	NA
P037	26	Response	101	388337	20035	1
P037	27	Pulse	255	390000	1533	NA
P037	29	Pulse	255	420000	1036	NA
P037	30	Response	101	433997	4867	1
P037	32	Pulse	255	450000	5538	NA
P037	34	Response	101	479847	5054	1
P037	35	Pulse	255	480000	41	NA
P037	36	Pulse	255	510000	19709	NA
P037	38	Response	100	531116	10495	1
P037	39	Pulse	255	540000	8713	NA
P037	41	Pulse	255	570000	8215	NA
P037	42	Response	100	580527	8576	1
P037	44	Pulse	255	600000	9051	NA
P037	46	Response	101	625556	4277	1
P037	47	Pulse	255	630000	4388	NA
P037	49	Pulse	255	660000	3890	NA
P037	50	Response	100	676496	10220	1
P037	52	Pulse	255	690000	3060	NA
P037	54	Pulse	255	720000	2729	NA
P037	54	Response	101	722916	5645	1
P037	56	Pulse	255	750000	16564	NA
P037	58	Response	100	773186	9419	1
P037	59	Pulse	255	780000	6734	NA
P037	61	Pulse	255	810000	6237	NA
P037	62	Response	101	819196	5266	1
P037	64	Pulse	255	840000	10405	NA
P037	66	Response	101	864096	4171	1
P037	67	Pulse	255	870000	5742	NA
P037	69	Pulse	255	900000	5244	NA
P037	70	Response	100	910685	5764	1
P037	72	Pulse	255	930000	8913	NA
P037	74	Response	100	955056	3639	1
P037	75	Pulse	255	960000	4750	NA
P037	77	Pulse	255	990000	4252	NA
P037	78	Response	100	999396	3482	1
P037	80	Pulse	255	1020000	10088	NA
P037	82	Response	100	1044215	3973	1
P037	83	Pulse	255	1050000	5591	NA
P037	85	Pulse	255	1080000	5094	NA
P037	86	Response	101	1092355	7283	1
P037	88	Pulse	255	1110000	7263	NA
P037	90	Pulse	255	1140000	6932	NA
P037	90	Response	101	1145845	12777	1
P037	92	Pulse	255	1170000	13767	NA
P037	94	Response	101	1197665	11102	1
P037	95	Pulse	255	1200000	2271	NA
P037	97	Pulse	255	1230000	1774	NA
P037	98	Response	101	1244166	5774	1
P037	100	Pulse	255	1260000	5443	NA
P037	102	Pulse	255	1290000	5112	NA
P037	102	Response	100	1294745	9857	1
P037	104	Pulse	255	1320000	14780	NA
P037	106	Response	100	1345435	9884	1
P037	107	Pulse	255	1350000	4451	NA
P037	109	Pulse	255	1380000	3953	NA
P037	110	Response	101	1393714	7502	1
P037	112	Pulse	255	1410000	5789	NA
P037	114	Pulse	255	1440000	5458	NA
P037	114	Response	101	1455856	21314	1
P037	116	Pulse	255	1470000	3628	NA
P037	118	Pulse	255	1500000	3297	NA
P037	118	Response	100	1500894	4192	1
P037	120	Pulse	255	1530000	18632	NA
P037	122	Response	100	1545874	4175	1
P037	124	Pulse	255	1560000	3636	NA
P037	126	Pulse	255	1590000	3305	NA
P037	126	Response	100	1594374	7679	1
P037	128	Pulse	255	1620000	15140	NA
P037	130	Response	100	1639234	4043	1
P037	132	Pulse	255	1650000	311	NA
P037	133	Pulse	255	1680000	10146	NA
P037	134	Response	101	1684105	4084	1
P037	136	Pulse	255	1710000	15481	NA
P037	138	Response	101	1728704	3855	1
P037	140	Pulse	255	1740000	818	NA
P037	142	Pulse	255	1770000	488	NA
P037	142	Response	100	1774984	5472	1
P037	144	Pulse	255	1800000	14489	NA
P037	146	Response	100	1819804	3963	1
P037	147	Pulse	255	1830000	9992	NA
P037	149	Pulse	255	1860000	9495	NA
P037	150	Response	101	1865953	5283	1
P037	152	Pulse	255	1890000	13664	NA
P037	154	Response	101	1910804	4137	1
P037	155	Pulse	255	1920000	9000	NA
P037	157	Pulse	255	1950000	8503	NA
P037	158	Response	101	1962564	10901	1
P037	160	Pulse	255	1980000	7006	NA
P037	162	Response	100	2008274	4949	1
P037	163	Pulse	255	2010000	1675	NA
P037	165	Pulse	255	2040000	1178	NA
P037	166	Response	100	2054454	5466	1
P037	168	Pulse	255	2070000	5014	NA
P037	170	Response	101	2099104	3787	1
P037	171	Pulse	255	2100000	850	NA
P037	173	Pulse	255	2130000	353	NA
P037	174	Response	101	2144973	5160	1
P037	176	Pulse	255	2160000	4522	NA
P037	178	Pulse	255	2190000	4191	NA
P037	178	Response	101	2193134	7325	1
P037	180	Pulse	255	2220000	16359	NA
P037	182	Response	101	2239013	5042	1
P037	184	Pulse	255	2250000	530	NA
P037	186	Pulse	255	2280000	199	NA
P037	186	Response	100	2284063	4262	1
P037	188	Pulse	255	2310000	15534	NA
P037	190	Response	101	2335353	10556	1
P037	191	Pulse	255	2340000	4537	NA
P037	193	Pulse	255	2370000	4040	NA
P037	194	Response	100	2381623	5497	1
P037	196	Pulse	255	2400000	7876	NA
P037	198	Response	101	2427253	4798	1
P037	199	Pulse	255	2430000	2545	NA
P037	201	Pulse	255	2460000	2048	NA
P037	202	Response	100	2473083	4965	1
P037	204	Pulse	255	2490000	6384	NA
P037	206	Response	101	2518973	5026	1
P037	207	Pulse	255	2520000	887	NA
P037	209	Pulse	255	2550000	389	NA
P037	210	Response	100	2564622	4846	1
P037	212	Pulse	255	2580000	4892	NA
P037	214	Response	100	2609922	4483	1
P037	214	Pulse	255	2610000	4561	NA
P037	216	Pulse	255	2640000	19562	NA
P037	218	Response	100	2655692	4924	1
P037	220	Pulse	255	2670000	3900	NA
P037	222	Pulse	255	2700000	3569	NA
P037	222	Response	101	2700682	4251	1
P037	224	Pulse	255	2730000	18904	NA
P037	226	Response	100	2745972	4545	1
P037	228	Pulse	255	2760000	3574	NA
P037	230	Pulse	255	2790000	3244	NA
P037	230	Response	100	2790872	4116	1
P037	232	Pulse	255	2820000	18745	NA
P037	234	Response	101	2836052	4466	1
P037	236	Pulse	255	2850000	3415	NA
P037	238	Pulse	255	2880000	3085	NA
P037	238	Response	101	2883002	6087	1
P037	240	Pulse	255	2910000	16586	NA
P037	242	Picture	instruct_trial	2923744	0	1	16832	1	0	next	other	0
P037	242	Pulse	255	2940000	16256	NA
P037	242	Response	100	2940483	16738	1
P037	243	Response	100	2954192	13449	1
P037	245	Pulse	255	2970000	5426	NA
P037	247	Pulse	255	3000000	5095	NA
P037	247	Response	100	3003791	8886	1
P037	249	Pulse	255	3030000	15763	NA
P037	251	Pulse	255	3060000	15433	NA
P037	251	Response	101	3062392	17824	1
P037	253	Pulse	255	3090000	17102	NA
P037	255	Response	101	3112931	9702	1
P037	256	Pulse	255	3120000	6939	NA
P037	258	Pulse	255	3150000	6441	NA
P037	259	Response	100	3177981	24257	1
P037	260	Pulse	255	3180000	1944	NA
P037	262	Pulse	255	3210000	1447	NA
P037	263	Response	100	3239781	21063	1
P037	264	Pulse	255	3240000	117	NA
P037	265	Pulse	255	3270000	19784	NA
P037	267	Response	100	3289391	8845	1
P037	269	Pulse	255	3300000	122	NA
P037	270	Pulse	255	3330000	9957	NA
P037	271	Response	101	3352611	22403	1
P037	272	Pulse	255	3360000	7293	NA
P037	274	Pulse	255	3390000	6796	NA
P037	275	Response	100	3403061	9691	1
P037	277	Pulse	255	3420000	6465	NA
P037	279	Pulse	255	3450000	6134	NA
P037	279	Response	101	3451151	7285	1
P037	281	Pulse	255	3480000	18469	NA
P037	283	Response	101	3498461	6600	1
P037	285	Pulse	255	3510000	1140	NA
P037	287	Pulse	255	3540000	809	NA
P037	287	Response	100	3553631	14441	1
P037	289	Pulse	255	3570000	5978	NA
P037	291	Pulse	255	3600000	5648	NA
P037	291	Response	101	3600801	6448	1
P037	293	Pulse	255	3630000	18816	NA
P037	295	Response	101	3650270	8756	1
P037	296	Pulse	255	3660000	9653	NA
P037	298	Pulse	255	3690000	9155	NA
P037	299	Response	100	3697630	6620	1
P037	301	Pulse	255	3720000	11991	NA
P037	303	Response	100	3744641	6301	1
P037	304	Pulse	255	3750000	5161	NA
P037	306	Pulse	255	3780000	4663	NA
P037	307	Response	100	3788920	3418	1
P037	309	Pulse	255	3810000	10666	NA
P037	311	Response	101	3836470	6805	1
P037	312	Pulse	255	3840000	3336	NA
P037	314	Pulse	255	3870000	2838	NA
P037	315	Response	101	3886230	8902	1
P037	317	Pulse	255	3900000	3341	NA
P037	319	Pulse	255	3930000	3010	NA
P037	319	Response	101	3933080	6090	1
P037	321	Pulse	255	3960000	16512	NA
P037	323	Response	101	3981161	7341	1
P037	324	Pulse	255	3990000	8682	NA
P037	326	Pulse	255	4020000	8184	NA
P037	327	Response	100	4028560	6578	1
P037	329	Pulse	255	4050000	11020	NA
P037	331	Response	100	4073850	4539	1
P037	332	Pulse	255	4080000	6023	NA
P037	334	Pulse	255	4110000	5526	NA
P037	335	Response	100	4118839	4199	1
P037	337	Pulse	255	4140000	10694	NA
P037	339	Response	100	4162879	3243	1
P037	340	Pulse	255	4170000	7031	NA
P037	342	Pulse	255	4200000	6533	NA
P037	343	Response	101	4210550	6917	1
P037	345	Pulse	255	4230000	9036	NA
P037	347	Response	101	4258400	7105	1
P037	348	Pulse	255	4260000	1539	NA
P037	350	Pulse	255	4290000	1042	NA
P037	351	Response	100	4305220	6096	1
P037	353	Pulse	255	4320000	4377	NA
P037	355	Pulse	255	4350000	4047	NA
P037	355	Response	100	4351529	5576	1
P037	357	Pulse	255	4380000	18048	NA
P037	359	Response	101	4398709	6427	1
P037	361	Pulse	255	4410000	886	NA
P037	363	Pulse	255	4440000	555	NA
P037	363	Response	101	4444949	5503	1
P037	365	Pulse	255	4470000	14556	NA
P037	367	Response	101	4493068	7294	1
P037	368	Pulse	255	4500000	6726	NA
P037	370	Pulse	255	4530000	6229	NA
P037	371	Response	101	4540299	6363	1
P037	373	Pulse	255	4560000	9231	NA
P037	375	Response	100	4586429	5330	1
P037	376	Pulse	255	4590000	3401	NA
P037	378	Pulse	255	4620000	2904	NA
P037	379	Response	100	4631989	4727	1
P037	381	Pulse	255	4650000	7573	NA
P037	383	Response	101	4679999	7241	1
P037	383	Pulse	255	4680000	7242	NA
P037	385	Pulse	255	4710000	19577	NA
P037	387	Response	101	4727118	6364	1
P037	389	Pulse	255	4740000	2414	NA
P037	391	Pulse	255	4770000	2084	NA
P037	391	Response	100	4772299	4383	1
P037	393	Pulse	255	4800000	17252	NA
P037	395	Response	100	4818278	5199	1
P037	397	Pulse	255	4830000	1256	NA
P037	399	Pulse	255	4860000	925	NA
P037	399	Response	101	4864609	5534	1
P037	401	Pulse	255	4890000	14926	NA
P037	403	Response	101	4912789	7384	1
P037	404	Pulse	255	4920000	7096	NA
P037	406	Pulse	255	4950000	6599	NA
P037	407	Response	101	4961788	8222	1
P037	409	Pulse	255	4980000	7768	NA
P037	411	Pulse	255	5010000	7438	NA
P037	411	Response	100	5010178	7615	1
P037	413	Pulse	255	5040000	19439	NA
P037	415	Response	100	5058447	7556	1
P037	417	Pulse	255	5070000	1110	NA
P037	419	Pulse	255	5100000	779	NA
P037	419	Response	100	5103409	4188	1
P037	421	Pulse	255	5130000	16114	NA
P037	423	Response	100	5152998	8781	1
P037	424	Pulse	255	5160000	6951	NA
P037	426	Pulse	255	5190000	6453	NA
P037	427	Response	101	5201427	7715	1
P037	429	Pulse	255	5220000	8123	NA
P037	431	Response	100	5247098	4890	1
P037	432	Pulse	255	5250000	2792	NA
P037	434	Pulse	255	5280000	2295	NA
P037	435	Response	101	5297567	9697	1
P037	437	Pulse	255	5310000	1964	NA
P037	439	Pulse	255	5340000	1634	NA
P037	439	Response	100	5350708	12341	1
P037	441	Pulse	255	5370000	8802	NA
P037	443	Pulse	255	5400000	8472	NA
P037	443	Response	101	5400458	8929	1
P037	445	Pulse	255	5430000	19140	NA
P037	447	Response	100	5446547	5357	1
P037	449	Pulse	255	5460000	2977	NA
P037	451	Pulse	255	5490000	2647	NA
P037	451	Response	101	5496409	9056	1
P037	453	Pulse	255	5520000	13148	NA
P037	455	Response	101	5545657	8475	1
P037	456	Pulse	255	5550000	4152	NA
P037	458	Pulse	255	5580000	3655	NA
P037	459	Response	101	5593956	7445	1
P037	461	Pulse	255	5610000	5657	NA
P037	463	Pulse	255	5640000	5326	NA
P037	463	Response	100	5644138	9465	1
P037	465	Pulse	255	5670000	15328	NA
P037	467	Response	101	5694728	9725	1
P037	468	Pulse	255	5700000	5165	NA
P037	470	Pulse	255	5730000	4668	NA
P037	471	Response	101	5742557	7059	1
P037	473	Pulse	255	5760000	7003	NA
P037	475	Response	100	5788207	4879	1
P037	476	Pulse	255	5790000	1673	NA
P037	478	Pulse	255	5820000	1176	NA
P037	479	Response	100	5836516	7526	1
P037	481	Pulse	255	5850000	3012	NA
P037	483	Picture	instruct_trial	5877319	0	1	11332	1	0	next	other	0
P037	483	Pulse	255	5880000	2681	NA
P037	483	Response	101	5888516	11197	1
P037	484	Response	100	5902047	13229	1
P037	485	Pulse	255	5910000	7850	NA
P037	487	Pulse	255	5940000	7352	NA
P037	488	Response	100	5949966	7153	1
P037	490	Pulse	255	5970000	9522	NA
P037	492	Pulse	255	6000000	9191	NA
P037	492	Response	100	6009466	18657	1
P037	494	Pulse	255	6030000	10027	NA
P037	496	Response	100	6057866	7562	1
P037	497	Pulse	255	6060000	2030	NA
P037	499	Pulse	255	6090000	1533	NA
P037	500	Pulse	255	6120000	21367	NA
P037	500	Response	100	6126435	27802	1
P037	502	Pulse	255	6150000	13037	NA
P037	504	Response	100	6174286	6992	1
P037	505	Pulse	255	6180000	5540	NA
P037	507	Pulse	255	6210000	5043	NA
P037	508	Response	101	6230816	15693	1
P037	509	Pulse	255	6240000	9045	NA
P037	511	Pulse	255	6270000	8548	NA
P037	512	Response	101	6278766	7148	1
P037	514	Pulse	255	6300000	10717	NA
P037	516	Pulse	255	6330000	10386	NA
P037	516	Response	101	6330615	11002	1
P037	518	Pulse	255	6360000	18888	NA
P037	520	Response	100	6377686	6243	1
P037	522	Pulse	255	6390000	1892	NA
P037	524	Pulse	255	6420000	1562	NA
P037	524	Response	100	6422455	4017	1
P037	526	Pulse	255	6450000	17063	NA
P037	528	Response	101	6471485	8218	1
P037	529	Pulse	255	6480000	8400	NA
P037	531	Pulse	255	6510000	7902	NA
P037	532	Response	100	6518195	5931	1
P037	534	Pulse	255	6540000	11405	NA
P037	536	Response	100	6565515	6589	1
P037	537	Pulse	255	6570000	4408	NA
P037	539	Pulse	255	6600000	3911	NA
P037	540	Response	101	6617346	11090	1
P037	542	Pulse	255	6630000	2247	NA
P037	544	Pulse	255	6660000	1916	NA
P037	544	Response	101	6664055	5971	1
P037	546	Pulse	255	6690000	15417	NA
P037	548	Response	101	6713845	8932	1
P037	549	Pulse	255	6720000	6088	NA
P037	551	Pulse	255	6750000	5590	NA
P037	552	Response	100	6761285	6709	1
P037	554	Pulse	255	6780000	8259	NA
P037	556	Pulse	255	6810000	7929	NA
P037	556	Response	100	6812865	10793	1
P037	558	Pulse	255	6840000	16597	NA
P037	560	Response	100	6858905	5171	1
P037	562	Pulse	255	6870000	601	NA
P037	564	Pulse	255	6900000	270	NA
P037	564	Response	100	6916644	16915	1
P037	566	Pulse	255	6930000	2940	NA
P037	568	Pulse	255	6960000	2609	NA
P037	568	Response	101	6966305	8914	1
P037	570	Pulse	255	6990000	13277	NA
P037	572	Response	101	7010594	3540	1
P037	573	Pulse	255	7020000	9280	NA
P037	575	Pulse	255	7050000	8783	NA
P037	576	Response	101	7058525	7142	1
P037	578	Pulse	255	7080000	10952	NA
P037	580	Response	101	7104124	4745	1
P037	581	Pulse	255	7110000	5788	NA
P037	583	Pulse	255	7140000	5291	NA
P037	584	Response	100	7149144	4269	1
P037	586	Pulse	255	7170000	10460	NA
P037	588	Response	100	7198544	8674	1
P037	589	Pulse	255	7200000	1297	NA
P037	591	Pulse	255	7230000	799	NA
P037	592	Response	101	7245124	5758	1
P037	594	Pulse	255	7260000	4468	NA
P037	596	Pulse	255	7290000	4138	NA
P037	596	Response	101	7293513	7651	1
P037	598	Pulse	255	7320000	15973	NA
P037	600	Response	100	7340303	5945	1
P037	601	Pulse	255	7350000	9642	NA
P037	603	Pulse	255	7380000	9145	NA
P037	604	Response	100	7388184	7163	1
P037	606	Pulse	255	7410000	11314	NA
P037	608	Response	100	7435823	6807	1
P037	609	Pulse	255	7440000	3984	NA
P037	611	Pulse	255	7470000	3487	NA
P037	612	Response	100	7482534	5855	1
P037	614	Pulse	255	7500000	6989	NA
P037	616	Response	101	7529563	6222	1
P037	617	Pulse	255	7530000	326	NA
P037	618	Pulse	255	7560000	19993	NA
P037	620	Response	101	7578874	8536	1
P037	622	Pulse	255	7590000	664	NA
P037	624	Pulse	255	7620000	334	NA
P037	624	Response	100	7624694	5027	1
P037	626	Pulse	255	7650000	14835	NA
P037	628	Response	100	7672333	6837	1
P037	629	Pulse	255	7680000	7505	NA
P037	631	Pulse	255	7710000	7008	NA
P037	632	Response	101	7719073	5915	1
P037	634	Pulse	255	7740000	10510	NA
P037	636	Response	101	7767903	8082	1
P037	637	Pulse	255	7770000	2013	NA
P037	639	Pulse	255	7800000	1516	NA
P037	640	Response	101	7814683	6033	1
P037	642	Pulse	255	7830000	4852	NA
P037	644	Pulse	255	7860000	4521	NA
P037	644	Response	100	7861783	6303	1
P037	646	Pulse	255	7890000	17689	NA
P037	648	Response	100	7906005	3363	1
P037	650	Pulse	255	7920000	3526	NA
P037	652	Pulse	255	7950000	3196	NA
P037	652	Response	101	7951673	4869	1
P037	654	Pulse	255	7980000	17864	NA
P037	656	Response	101	8000693	8225	1
P037	657	Pulse	255	8010000	9200	NA
P037	659	Pulse	255	8040000	8703	NA
P037	660	Response	101	8047282	5819	1
P037	662	Pulse	255	8070000	12205	NA
P037	664	Response	101	8095282	7158	1
P037	665	Pulse	255	8100000	4542	NA
P037	667	Pulse	255	8130000	4045	NA
P037	668	Response	100	8140802	4681	1
P037	670	Pulse	255	8160000	8713	NA
P037	672	Response	101	8187893	6276	1
P037	673	Pulse	255	8190000	2050	NA
P037	675	Pulse	255	8220000	1553	NA
P037	676	Response	100	8233302	4689	1
P037	678	Pulse	255	8250000	6222	NA
P037	680	Pulse	255	8280000	5891	NA
P037	680	Response	101	8280092	5983	1
P037	682	Pulse	255	8310000	19392	NA
P037	684	Response	100	8326822	5884	1
P037	686	Pulse	255	8340000	2730	NA
P037	688	Pulse	255	8370000	2399	NA
P037	688	Response	101	8375462	7861	1
P037	690	Pulse	255	8400000	14067	NA
P037	692	Response	100	8421411	5148	1
P037	693	Pulse	255	8430000	8404	NA
P037	695	Pulse	255	8460000	7906	NA
P037	696	Response	100	8466271	4012	1
P037	698	Pulse	255	8490000	13242	NA
P037	700	Response	100	8513592	6503	1
P037	701	Pulse	255	8520000	6245	NA
P037	703	Pulse	255	8550000	5748	NA
P037	704	Response	101	8559251	4833	1
P037	706	Pulse	255	8580000	10250	NA
P037	708	Response	100	8605141	5061	1
P037	709	Pulse	255	8610000	4753	NA
P037	711	Pulse	255	8640000	4256	NA
P037	712	Response	100	8653062	7152	1
P037	714	Pulse	255	8670000	6425	NA
P037	716	Response	101	8699072	5166	1
P037	717	Pulse	255	8700000	761	NA
P037	719	Pulse	255	8730000	264	NA
P037	720	Response	101	8746871	6969	1
P037	722	Pulse	255	8760000	2600	NA
P037	724	Picture	instruct_trial	8787731	0	1	40163	1	0	next	other	0
P037	724	Pulse	255	8790000	2269	NA
P037	724	Pulse	255	8820000	32269	NA
