Scenario - learning_JJ_english
Logfile written - 10/13/2023 15:29:11

Subject	Trial	Event Type	Code	Time	TTime	Uncertainty	Duration	Uncertainty	ReqTime	ReqDur	Stim Type	Pair Index

P041	0	Pulse	255	0	0	NA
P041	1	Picture	instruct_trial	10500	0	1	255311	1	0	next	other	0
P041	1	Pulse	255	30000	19500	NA
P041	1	Pulse	255	60000	49500	NA
P041	1	Pulse	255	90000	79500	NA
P041	1	Pulse	255	120000	109500	NA
P041	1	Pulse	255	150000	139500	NA
P041	1	Pulse	255	180000	169500	NA
P041	1	Pulse	255	210000	199500	NA
P041	1	Pulse	255	240000	229500	NA
P041	1	Response	101	265689	255190	1
P041	1	Pulse	255	270000	259500	NA
P041	2	Pulse	255	300000	29856	NA
P041	2	Response	100	319756	49612	1
P041	3	Pulse	255	330000	10027	NA
P041	5	Pulse	255	360000	9530	NA
P041	6	Pulse	255	390000	29364	NA
P041	6	Response	100	397777	37141	1
P041	8	Pulse	255	420000	11701	NA
P041	10	Pulse	255	450000	11371	NA
P041	10	Response	100	461907	23278	1
P041	12	Pulse	255	480000	7707	NA
P041	14	Pulse	255	510000	7376	NA
P041	14	Response	101	520996	18373	1
P041	16	Pulse	255	540000	8545	NA
P041	18	Pulse	255	570000	8215	NA
P041	18	Response	101	572096	10311	1
P041	20	Pulse	255	600000	17383	NA
P041	22	Response	100	629956	17009	1
P041	22	Pulse	255	630000	17052	NA
P041	24	Pulse	255	660000	19555	NA
P041	26	Response	101	683516	12740	1
P041	27	Pulse	255	690000	6392	NA
P041	29	Pulse	255	720000	5894	NA
P041	30	Response	100	732107	7835	1
P041	32	Pulse	255	750000	7397	NA
P041	34	Pulse	255	780000	7066	NA
P041	34	Response	100	791306	18372	1
P041	36	Pulse	255	810000	8235	NA
P041	38	Pulse	255	840000	7905	NA
P041	38	Response	101	844166	12071	1
P041	40	Pulse	255	870000	15406	NA
P041	42	Pulse	255	900000	15076	NA
P041	42	Response	101	901757	16832	1
P041	44	Pulse	255	930000	17745	NA
P041	46	Response	100	951356	8770	1
P041	47	Pulse	255	960000	8581	NA
P041	49	Pulse	255	990000	8084	NA
P041	50	Response	101	1000816	8734	1
P041	52	Pulse	255	1020000	8753	NA
P041	54	Pulse	255	1050000	8423	NA
P041	54	Response	101	1071798	30220	1
P041	55	Pulse	255	1080000	8092	NA
P041	57	Pulse	255	1110000	7594	NA
P041	58	Pulse	255	1140000	27429	NA
P041	58	Response	100	1140996	28425	1
P041	60	Pulse	255	1170000	18599	NA
P041	62	Response	100	1187607	5875	1
P041	64	Pulse	255	1200000	1936	NA
P041	66	Pulse	255	1230000	1605	NA
P041	66	Response	101	1240716	12321	1
P041	68	Pulse	255	1260000	8774	NA
P041	70	Pulse	255	1290000	8443	NA
P041	70	Response	101	1290966	9409	1
P041	72	Pulse	255	1320000	18612	NA
P041	74	Response	100	1341146	9427	1
P041	75	Pulse	255	1350000	8782	NA
P041	77	Pulse	255	1380000	8284	NA
P041	78	Response	101	1388679	6798	1
P041	80	Pulse	255	1410000	10787	NA
P041	82	Pulse	255	1440000	10456	NA
P041	82	Response	100	1459629	30085	1
P041	83	Pulse	255	1470000	10292	NA
P041	85	Pulse	255	1500000	9794	NA
P041	86	Response	100	1522068	21696	1
P041	87	Pulse	255	1530000	7797	NA
P041	89	Pulse	255	1560000	7300	NA
P041	90	Response	101	1583827	20962	1
P041	91	Pulse	255	1590000	5969	NA
P041	93	Pulse	255	1620000	5472	NA
P041	94	Response	100	1642093	17399	1
P041	95	Pulse	255	1650000	7808	NA
P041	97	Pulse	255	1680000	7310	NA
P041	98	Response	100	1691018	8162	1
P041	100	Pulse	255	1710000	8479	NA
P041	102	Pulse	255	1740000	8149	NA
P041	102	Response	101	1740526	8674	1
P041	104	Pulse	255	1770000	18984	NA
P041	106	Pulse	255	1800000	18653	NA
P041	106	Response	101	1815379	34032	1
P041	108	Pulse	255	1830000	4157	NA
P041	110	Pulse	255	1860000	3826	NA
P041	110	Response	100	1863897	7723	1
P041	112	Pulse	255	1890000	15661	NA
P041	114	Pulse	255	1920000	15330	NA
P041	114	Response	101	1926426	21756	1
P041	116	Pulse	255	1950000	13166	NA
P041	118	Pulse	255	1980000	12836	NA
P041	118	Response	101	1980567	13402	1
P041	120	Pulse	255	2010000	19004	NA
P041	122	Pulse	255	2040000	18674	NA
P041	122	Response	100	2052906	31580	1
P041	123	Response	101	2061376	8386	1
P041	124	Pulse	255	2070000	6677	NA
P041	126	Pulse	255	2100000	6346	NA
P041	126	Response	100	2106036	12382	1
P041	128	Pulse	255	2130000	13515	NA
P041	130	Response	101	2154708	7892	1
P041	131	Pulse	255	2160000	5185	NA
P041	133	Pulse	255	2190000	4688	NA
P041	134	Response	100	2205316	9837	1
P041	136	Pulse	255	2220000	4190	NA
P041	138	Pulse	255	2250000	3860	NA
P041	138	Response	100	2266389	20249	1
P041	140	Pulse	255	2280000	3196	NA
P041	142	Pulse	255	2310000	2865	NA
P041	142	Response	101	2314857	7722	1
P041	144	Pulse	255	2340000	14700	NA
P041	146	Response	101	2366376	10745	1
P041	147	Pulse	255	2370000	3537	NA
P041	149	Pulse	255	2400000	3039	NA
P041	150	Response	100	2414966	7839	1
P041	152	Pulse	255	2430000	4542	NA
P041	154	Pulse	255	2460000	4211	NA
P041	154	Response	101	2465636	9847	1
P041	156	Pulse	255	2490000	13879	NA
P041	158	Response	100	2513726	7275	1
P041	159	Pulse	255	2520000	6216	NA
P041	161	Pulse	255	2550000	5719	NA
P041	162	Response	101	2560296	5848	1
P041	164	Pulse	255	2580000	9221	NA
P041	166	Pulse	255	2610000	8890	NA
P041	166	Pulse	255	2640000	38890	NA
P041	166	Response	101	2647356	46247	1
P041	168	Pulse	255	2670000	12228	NA
P041	170	Response	100	2695006	6903	1
P041	171	Pulse	255	2700000	4898	NA
P041	173	Pulse	255	2730000	4401	NA
P041	174	Response	100	2745676	9911	1
P041	176	Pulse	255	2760000	3903	NA
P041	178	Pulse	255	2790000	3573	NA
P041	178	Response	100	2794147	7719	1
P041	180	Pulse	255	2820000	15408	NA
P041	182	Response	100	2846017	11094	1
P041	183	Pulse	255	2850000	3911	NA
P041	185	Pulse	255	2880000	3414	NA
P041	186	Pulse	255	2910000	23248	NA
P041	186	Response	101	2927027	40275	1
P041	188	Pulse	255	2940000	2586	NA
P041	190	Pulse	255	2970000	2255	NA
P041	190	Response	101	2977796	10051	1
P041	192	Pulse	255	3000000	11757	NA
P041	194	Pulse	255	3030000	11426	NA
P041	194	Response	101	3035227	16653	1
P041	196	Pulse	255	3060000	14262	NA
P041	198	Response	100	3082905	6836	1
P041	199	Pulse	255	3090000	6932	NA
P041	201	Pulse	255	3120000	6434	NA
P041	202	Pulse	255	3150000	26268	NA
P041	202	Response	100	3156766	33035	1
P041	204	Pulse	255	3180000	12772	NA
P041	206	Pulse	255	3210000	12441	NA
P041	206	Response	101	3210286	12728	1
P041	208	Pulse	255	3240000	19277	NA
P041	210	Pulse	255	3270000	18946	NA
P041	210	Response	100	3272315	21262	1
P041	212	Pulse	255	3300000	17282	NA
P041	214	Response	101	3322038	8989	1
P041	215	Pulse	255	3330000	7785	NA
P041	217	Pulse	255	3360000	7288	NA
P041	218	Response	101	3378615	15738	1
P041	220	Pulse	255	3390000	958	NA
P041	222	Pulse	255	3420000	627	NA
P041	222	Response	101	3431606	12234	1
P041	224	Pulse	255	3450000	7962	NA
P041	226	Pulse	255	3480000	7632	NA
P041	226	Response	101	3482806	10437	1
P041	228	Pulse	255	3510000	16800	NA
P041	230	Response	101	3534618	11088	1
P041	231	Pulse	255	3540000	5304	NA
P041	233	Pulse	255	3570000	4806	NA
P041	234	Response	100	3583185	7826	1
P041	236	Pulse	255	3600000	6309	NA
P041	238	Pulse	255	3630000	5978	NA
P041	238	Response	101	3636505	12483	1
P041	240	Pulse	255	3660000	12980	NA
P041	242	Picture	instruct_trial	3677351	0	1	777600	1	0	next	other	0
P041	242	Pulse	255	3690000	12649	NA
P041	242	Pulse	255	3720000	42649	NA
P041	242	Pulse	255	3750000	72649	NA
P041	242	Pulse	255	3780000	102649	NA
P041	242	Pulse	255	3810000	132649	NA
P041	242	Pulse	255	3840000	162649	NA
P041	242	Pulse	255	3870000	192649	NA
P041	242	Pulse	255	3900000	222649	NA
P041	242	Pulse	255	3930000	252649	NA
P041	242	Pulse	255	3960000	282649	NA
P041	242	Pulse	255	3990000	312649	NA
P041	242	Pulse	255	4020000	342649	NA
P041	242	Pulse	255	4050000	372649	NA
P041	242	Pulse	255	4080000	402649	NA
P041	242	Pulse	255	4110000	432649	NA
P041	242	Pulse	255	4140000	462649	NA
P041	242	Pulse	255	4170000	492649	NA
P041	242	Pulse	255	4200000	522649	NA
P041	242	Pulse	255	4230000	552649	NA
P041	242	Pulse	255	4260000	582649	NA
P041	242	Pulse	255	4290000	612649	NA
P041	242	Pulse	255	4320000	642649	NA
P041	242	Pulse	255	4350000	672649	NA
P041	242	Pulse	255	4380000	702649	NA
P041	242	Pulse	255	4410000	732649	NA
P041	242	Pulse	255	4440000	762649	NA
P041	242	Response	101	4454765	777415	1
P041	243	Pulse	255	4470000	14883	NA
P041	243	Response	100	4496217	41100	1
P041	244	Pulse	255	4500000	3720	NA
P041	246	Pulse	255	4530000	3222	NA
P041	247	Response	101	4552286	15343	1
P041	248	Pulse	255	4560000	7558	NA
P041	250	Pulse	255	4590000	7061	NA
P041	251	Response	101	4617865	24760	1
P041	252	Pulse	255	4620000	2064	NA
P041	254	Pulse	255	4650000	1566	NA
P041	255	Response	101	4672216	13616	1
P041	256	Pulse	255	4680000	7735	NA
P041	258	Pulse	255	4710000	7238	NA
P041	259	Response	100	4722275	9347	1
P041	261	Pulse	255	4740000	7240	NA
P041	263	Pulse	255	4770000	6909	NA
P041	263	Response	100	4770896	7805	1
P041	265	Pulse	255	4800000	18578	NA
P041	267	Response	101	4818085	6332	1
P041	269	Pulse	255	4830000	1415	NA
P041	271	Pulse	255	4860000	1084	NA
P041	271	Response	100	4865955	7040	1
P041	273	Pulse	255	4890000	13586	NA
P041	275	Response	101	4912865	6120	1
P041	276	Pulse	255	4920000	7089	NA
P041	278	Pulse	255	4950000	6592	NA
P041	279	Response	101	4963245	9671	1
P041	281	Pulse	255	4980000	6261	NA
P041	283	Pulse	255	5010000	5930	NA
P041	283	Response	101	5013245	9175	1
P041	285	Pulse	255	5040000	16265	NA
P041	287	Response	100	5062715	8649	1
P041	288	Pulse	255	5070000	7102	NA
P041	290	Pulse	255	5100000	6605	NA
P041	291	Response	100	5112025	8464	1
P041	293	Pulse	255	5130000	7440	NA
P041	295	Response	100	5159605	6715	1
P041	296	Pulse	255	5160000	277	NA
P041	297	Pulse	255	5190000	19945	NA
P041	299	Pulse	255	5220000	19614	NA
P041	299	Response	101	5226795	26409	1
P041	301	Pulse	255	5250000	12784	NA
P041	303	Response	101	5275115	7568	1
P041	304	Pulse	255	5280000	4787	NA
P041	306	Pulse	255	5310000	4290	NA
P041	307	Response	101	5323156	7279	1
P041	309	Pulse	255	5340000	6459	NA
P041	311	Pulse	255	5370000	6128	NA
P041	311	Response	100	5377125	13253	1
P041	313	Pulse	255	5400000	12463	NA
P041	315	Response	100	5425665	7798	1
P041	316	Pulse	255	5430000	4133	NA
P041	318	Pulse	255	5460000	3636	NA
P041	319	Response	100	5473145	6615	1
P041	321	Pulse	255	5490000	6471	NA
P041	323	Pulse	255	5520000	6141	NA
P041	323	Response	100	5520415	6555	1
P041	325	Pulse	255	5550000	19142	NA
P041	327	Response	100	5569756	8568	1
P041	328	Pulse	255	5580000	10146	NA
P041	330	Pulse	255	5610000	9648	NA
P041	331	Response	100	5620966	10448	1
P041	333	Pulse	255	5640000	8651	NA
P041	335	Pulse	255	5670000	8320	NA
P041	335	Response	100	5671605	9925	1
P041	337	Pulse	255	5700000	17989	NA
P041	339	Pulse	255	5730000	17658	NA
P041	339	Response	100	5731334	18992	1
P041	341	Pulse	255	5760000	18160	NA
P041	343	Response	101	5784926	12755	1
P041	344	Pulse	255	5790000	4997	NA
P041	346	Pulse	255	5820000	4500	NA
P041	347	Response	101	5839937	14272	1
P041	348	Pulse	255	5850000	10002	NA
P041	350	Pulse	255	5880000	9505	NA
P041	351	Response	100	5888944	8283	1
P041	353	Pulse	255	5910000	10674	NA
P041	355	Pulse	255	5940000	10343	NA
P041	355	Response	100	5952107	22450	1
P041	357	Pulse	255	5970000	7513	NA
P041	359	Pulse	255	6000000	7182	NA
P041	359	Response	101	6009546	16728	1
P041	361	Pulse	255	6030000	10018	NA
P041	363	Pulse	255	6060000	9687	NA
P041	363	Response	101	6079286	28973	1
P041	365	Pulse	255	6090000	190	NA
P041	366	Pulse	255	6120000	10025	NA
P041	367	Response	100	6128394	8254	1
P041	369	Pulse	255	6150000	11195	NA
P041	371	Pulse	255	6180000	10864	NA
P041	371	Response	101	6187128	17992	1
P041	373	Pulse	255	6210000	12366	NA
P041	375	Pulse	255	6240000	12036	NA
P041	375	Response	100	6240026	12062	1
P041	377	Pulse	255	6270000	19537	NA
P041	379	Pulse	255	6300000	19207	NA
P041	379	Response	100	6303695	22902	1
P041	381	Pulse	255	6330000	15876	NA
P041	383	Response	101	6351707	7253	1
P041	384	Pulse	255	6360000	8213	NA
P041	386	Pulse	255	6390000	7715	NA
P041	387	Response	100	6411094	18644	1
P041	388	Pulse	255	6420000	8718	NA
P041	390	Pulse	255	6450000	8221	NA
P041	391	Response	101	6459486	7541	1
P041	393	Pulse	255	6480000	10056	NA
P041	395	Pulse	255	6510000	9726	NA
P041	395	Response	101	6518976	18701	1
P041	397	Pulse	255	6540000	10561	NA
P041	399	Pulse	255	6570000	10231	NA
P041	399	Response	101	6575674	15905	1
P041	401	Pulse	255	6600000	13900	NA
P041	403	Pulse	255	6630000	13569	NA
P041	403	Response	100	6630336	13905	1
P041	405	Pulse	255	6660000	19238	NA
P041	407	Response	100	6687025	15932	1
P041	408	Pulse	255	6690000	2908	NA
P041	410	Pulse	255	6720000	2411	NA
P041	411	Response	101	6736747	8993	1
P041	413	Pulse	255	6750000	2747	NA
P041	415	Pulse	255	6780000	2416	NA
P041	415	Response	101	6788246	10662	1
P041	417	Pulse	255	6810000	11251	NA
P041	419	Pulse	255	6840000	10921	NA
P041	419	Response	101	6844236	15156	1
P041	421	Pulse	255	6870000	15256	NA
P041	423	Response	100	6895656	10581	1
P041	424	Pulse	255	6900000	4260	NA
P041	426	Pulse	255	6930000	3762	NA
P041	427	Response	101	6939945	3541	1
P041	429	Pulse	255	6960000	9598	NA
P041	431	Response	100	6988275	7542	1
P041	432	Pulse	255	6990000	1601	NA
P041	434	Pulse	255	7020000	1104	NA
P041	435	Response	101	7038176	9114	1
P041	437	Pulse	255	7050000	1439	NA
P041	439	Pulse	255	7080000	1109	NA
P041	439	Response	101	7087905	9014	1
P041	441	Pulse	255	7110000	11610	NA
P041	443	Response	101	7136447	7727	1
P041	444	Pulse	255	7140000	3447	NA
P041	446	Pulse	255	7170000	2950	NA
P041	447	Response	100	7188904	11688	1
P041	449	Pulse	255	7200000	619	NA
P041	451	Pulse	255	7230000	288	NA
P041	451	Response	101	7242885	13173	1
P041	453	Pulse	255	7260000	6624	NA
P041	455	Pulse	255	7290000	6293	NA
P041	455	Response	100	7296285	12578	1
P041	457	Pulse	255	7320000	13295	NA
P041	459	Pulse	255	7350000	12964	NA
P041	459	Response	100	7352505	15469	1
P041	461	Pulse	255	7380000	16967	NA
P041	463	Response	100	7402194	8830	1
P041	464	Pulse	255	7410000	7637	NA
P041	466	Pulse	255	7440000	7139	NA
P041	467	Pulse	255	7470000	26973	NA
P041	467	Response	100	7473477	30450	1
P041	469	Pulse	255	7500000	16144	NA
P041	471	Response	101	7525156	10969	1
P041	472	Pulse	255	7530000	4647	NA
P041	474	Pulse	255	7560000	4150	NA
P041	475	Pulse	255	7590000	23984	NA
P041	475	Response	100	7590436	24420	1
P041	477	Pulse	255	7620000	19154	NA
P041	479	Pulse	255	7650000	18823	NA
P041	479	Response	101	7650814	19637	1
P041	481	Pulse	255	7680000	18659	NA
P041	483	Picture	instruct_trial	7691672	0	1	381301	1	0	next	other	0
P041	483	Pulse	255	7710000	18328	NA
P041	483	Pulse	255	7740000	48328	NA
P041	483	Pulse	255	7770000	78328	NA
P041	483	Pulse	255	7800000	108328	NA
P041	483	Pulse	255	7830000	138328	NA
P041	483	Pulse	255	7860000	168328	NA
P041	483	Pulse	255	7890000	198328	NA
P041	483	Pulse	255	7920000	228328	NA
P041	483	Pulse	255	7950000	258328	NA
P041	483	Pulse	255	7980000	288328	NA
P041	483	Pulse	255	8010000	318328	NA
P041	483	Pulse	255	8040000	348328	NA
P041	483	Pulse	255	8070000	378328	NA
P041	483	Response	101	8072905	381234	1
P041	484	Response	100	8097636	24497	1
P041	485	Pulse	255	8100000	2196	NA
P041	487	Pulse	255	8130000	1699	NA
P041	488	Pulse	255	8160000	21533	NA
P041	488	Response	100	8167484	29017	1
P041	490	Pulse	255	8190000	12037	NA
P041	492	Pulse	255	8220000	11706	NA
P041	492	Response	101	8238024	29730	1
P041	494	Pulse	255	8250000	1543	NA
P041	496	Pulse	255	8280000	1212	NA
P041	496	Response	101	8294385	15597	1
P041	498	Pulse	255	8310000	5214	NA
P041	500	Pulse	255	8340000	4884	NA
P041	500	Response	100	8347545	12428	1
P041	502	Pulse	255	8370000	12052	NA
P041	504	Pulse	255	8400000	11721	NA
P041	504	Response	101	8400954	12675	1
P041	506	Pulse	255	8430000	18557	NA
P041	508	Pulse	255	8460000	18226	NA
P041	508	Response	100	8460464	18690	1
P041	510	Pulse	255	8490000	19062	NA
P041	512	Pulse	255	8520000	18731	NA
P041	512	Response	100	8522774	21505	1
P041	514	Pulse	255	8550000	16734	NA
P041	516	Pulse	255	8580000	16403	NA
P041	516	Response	100	8591224	27627	1
P041	518	Pulse	255	8610000	8240	NA
P041	520	Pulse	255	8640000	7909	NA
P041	520	Response	101	8641564	9473	1
P041	522	Pulse	255	8670000	17911	NA
P041	524	Response	101	8697844	15424	1
P041	525	Pulse	255	8700000	2081	NA
P041	527	Pulse	255	8730000	1584	NA
P041	528	Response	100	8750954	12372	1
P041	529	Pulse	255	8760000	8919	NA
P041	531	Pulse	255	8790000	8422	NA
P041	532	Response	101	8800254	8510	1
P041	533	Response	100	8804195	3786	1
P041	533	Response	100	8810123	9714	1
P041	534	Pulse	255	8820000	9258	NA
P041	536	Pulse	255	8850000	8927	NA
P041	536	Response	101	8853084	12011	1
P041	538	Pulse	255	8880000	16429	NA
P041	540	Response	100	8899264	5363	1
P041	542	Pulse	255	8910000	266	NA
P041	543	Pulse	255	8940000	10101	NA
P041	544	Response	101	8958954	18889	1
P041	546	Pulse	255	8970000	605	NA
P041	548	Pulse	255	9000000	274	NA
P041	548	Response	100	9007084	7358	1
P041	550	Pulse	255	9030000	12442	NA
P041	552	Pulse	255	9060000	12112	NA
P041	552	Response	100	9064124	16235	1
P041	554	Pulse	255	9090000	15447	NA
P041	556	Response	101	9118124	13240	1
P041	557	Pulse	255	9120000	1784	NA
P041	559	Pulse	255	9150000	1287	NA
P041	560	Response	101	9171266	12388	1
P041	561	Pulse	255	9180000	8622	NA
P041	563	Pulse	255	9210000	8125	NA
P041	564	Response	101	9219383	7342	1
P041	566	Pulse	255	9240000	10127	NA
P041	568	Pulse	255	9270000	9796	NA
P041	568	Response	100	9295223	35020	1
P041	569	Pulse	255	9300000	4633	NA
P041	571	Pulse	255	9330000	4135	NA
P041	572	Response	101	9342434	6404	1
P041	573	Response	100	9345614	3084	1
P041	574	Pulse	255	9360000	7138	NA
P041	576	Pulse	255	9390000	6807	NA
P041	576	Response	100	9392246	9053	1
P041	578	Pulse	255	9420000	17309	NA
P041	580	Pulse	255	9450000	16978	NA
P041	580	Pulse	255	9480000	46978	NA
P041	580	Response	101	9495693	62671	1
P041	582	Pulse	255	9510000	3818	NA
P041	584	Pulse	255	9540000	3487	NA
P041	584	Pulse	255	9570000	33487	NA
P041	584	Response	101	9595296	58783	1
P041	585	Pulse	255	9600000	4659	NA
P041	587	Pulse	255	9630000	4161	NA
P041	588	Response	101	9644983	8979	1
P041	590	Pulse	255	9660000	4497	NA
P041	592	Pulse	255	9690000	4166	NA
P041	592	Response	101	9701195	15361	1
P041	594	Pulse	255	9720000	8335	NA
P041	596	Pulse	255	9750000	8005	NA
P041	596	Response	100	9750693	8698	1
P041	598	Pulse	255	9780000	18840	NA
P041	600	Response	100	9803076	11585	1
P041	601	Pulse	255	9810000	6843	NA
P041	603	Pulse	255	9840000	6346	NA
P041	604	Response	101	9853705	9885	1
P041	606	Pulse	255	9870000	5848	NA
P041	608	Pulse	255	9900000	5518	NA
P041	608	Response	101	9910463	15981	1
P041	610	Pulse	255	9930000	9020	NA
P041	612	Pulse	255	9960000	8689	NA
P041	612	Response	100	9977153	25843	1
P041	614	Pulse	255	9990000	2359	NA
P041	616	Pulse	255	10020000	2028	NA
P041	616	Response	100	10044793	26822	1
P041	617	Pulse	255	10050000	5031	NA
P041	619	Pulse	255	10080000	4533	NA
P041	620	Response	100	10092485	6852	1
P041	622	Pulse	255	10110000	7036	NA
P041	624	Pulse	255	10140000	6705	NA
P041	624	Pulse	255	10170000	36705	NA
P041	624	Pulse	255	10200000	66705	NA
P041	624	Response	100	10201495	68200	1
P041	626	Pulse	255	10230000	18045	NA
P041	628	Response	101	10250986	8701	1
P041	629	Pulse	255	10260000	8882	NA
P041	631	Pulse	255	10290000	8384	NA
P041	632	Response	101	10310085	18304	1
P041	633	Pulse	255	10320000	9720	NA
P041	635	Pulse	255	10350000	9223	NA
P041	636	Response	100	10357536	6593	1
P041	638	Pulse	255	10380000	12058	NA
P041	640	Response	100	10405924	7652	1
P041	641	Pulse	255	10410000	3895	NA
P041	643	Pulse	255	10440000	3398	NA
P041	644	Response	101	10455934	9166	1
P041	646	Pulse	255	10470000	3567	NA
P041	648	Pulse	255	10500000	3236	NA
P041	648	Response	101	10505433	8669	1
P041	650	Pulse	255	10530000	14071	NA
P041	652	Pulse	255	10560000	13741	NA
P041	652	Pulse	255	10590000	43741	NA
P041	652	Pulse	255	10620000	73741	NA
P041	652	Pulse	255	10650000	103741	NA
P041	652	Pulse	255	10680000	133741	NA
P041	652	Pulse	255	10710000	163741	NA
P041	652	Response	101	10726923	180664	1
P041	654	Pulse	255	10740000	2590	NA
P041	656	Pulse	255	10770000	2260	NA
P041	656	Response	100	10786283	18543	1
P041	658	Pulse	255	10800000	3262	NA
P041	660	Pulse	255	10830000	2931	NA
P041	660	Response	100	10831653	4584	1
P041	662	Pulse	255	10860000	17933	NA
P041	664	Pulse	255	10890000	17602	NA
P041	664	Response	100	10906143	33745	1
P041	666	Pulse	255	10920000	3439	NA
P041	668	Pulse	255	10950000	3108	NA
P041	668	Response	101	10959263	12371	1
P041	670	Pulse	255	10980000	10277	NA
P041	672	Response	100	11009343	9289	1
P041	673	Pulse	255	11010000	614	NA
P041	675	Pulse	255	11040000	116	NA
P041	676	Response	100	11058123	8074	1
P041	678	Pulse	255	11070000	1452	NA
P041	680	Pulse	255	11100000	1121	NA
P041	680	Response	100	11114323	15444	1
P041	682	Pulse	255	11130000	5290	NA
P041	684	Pulse	255	11160000	4960	NA
P041	684	Response	101	11164233	9192	1
P041	686	Pulse	255	11190000	15295	NA
P041	688	Response	100	11213853	8817	1
P041	689	Pulse	255	11220000	5965	NA
P041	691	Pulse	255	11250000	5467	NA
P041	692	Response	100	11263943	9244	1
P041	694	Pulse	255	11280000	5636	NA
P041	696	Pulse	255	11310000	5306	NA
P041	696	Response	101	11320383	15689	1
P041	698	Pulse	255	11340000	9141	NA
P041	700	Pulse	255	11370000	8811	NA
P041	700	Response	101	11370733	9543	1
P041	702	Pulse	255	11400000	18812	NA
P041	704	Response	101	11424506	12988	1
P041	705	Pulse	255	11430000	5316	NA
P041	707	Pulse	255	11460000	4819	NA
P041	708	Pulse	255	11490000	24653	NA
P041	708	Response	101	11491275	25928	1
P041	710	Pulse	255	11520000	18323	NA
P041	712	Response	101	11539923	7915	1
P041	713	Pulse	255	11550000	9993	NA
P041	715	Pulse	255	11580000	9495	NA
P041	716	Response	100	11587993	7322	1
P041	718	Pulse	255	11610000	11498	NA
P041	720	Pulse	255	11640000	11167	NA
P041	720	Pulse	255	11670000	41167	NA
P041	720	Pulse	255	11700000	71167	NA
P041	720	Pulse	255	11730000	101167	NA
P041	720	Response	101	11746673	117840	1
P041	722	Pulse	255	11760000	2845	NA
P041	724	Picture	instruct_trial	11787486	0	1	40163	1	0	next	other	0
P041	724	Pulse	255	11790000	2514	NA
P041	724	Pulse	255	11820000	32514	NA
