Scenario - learning_JJ_english
Logfile written - 10/16/2023 15:11:59

Subject	Trial	Event Type	Code	Time	TTime	Uncertainty	Duration	Uncertainty	ReqTime	ReqDur	Stim Type	Pair Index

P042	0	Pulse	255	0	0	NA
P042	1	Picture	instruct_trial	10500	0	1	60161	1	0	next	other	0
P042	1	Pulse	255	30000	19500	NA
P042	1	Pulse	255	60000	49500	NA
P042	1	Response	101	70498	59998	1
P042	1	Pulse	255	90000	79500	NA
P042	2	Response	100	99447	9288	1
P042	4	Pulse	255	120000	10009	NA
P042	6	Pulse	255	150000	9678	NA
P042	6	Response	100	153207	12885	1
P042	8	Pulse	255	180000	16347	NA
P042	10	Response	101	201427	7443	1
P042	11	Pulse	255	210000	8517	NA
P042	13	Pulse	255	240000	8019	NA
P042	14	Response	100	253857	11711	1
P042	16	Pulse	255	270000	5689	NA
P042	18	Pulse	255	300000	5358	NA
P042	18	Response	101	305747	11105	1
P042	20	Pulse	255	330000	13860	NA
P042	22	Response	101	354968	8330	1
P042	23	Pulse	255	360000	4863	NA
P042	25	Pulse	255	390000	4366	NA
P042	26	Response	100	403258	7458	1
P042	28	Pulse	255	420000	6202	NA
P042	30	Pulse	255	450000	5871	NA
P042	30	Response	100	453277	9148	1
P042	32	Pulse	255	480000	16206	NA
P042	34	Response	101	501297	7172	1
P042	35	Pulse	255	510000	8543	NA
P042	37	Pulse	255	540000	8045	NA
P042	38	Response	100	554227	12106	1
P042	40	Pulse	255	570000	5381	NA
P042	42	Pulse	255	600000	5051	NA
P042	42	Response	101	603777	8827	1
P042	44	Pulse	255	630000	15719	NA
P042	46	Response	100	650707	6095	1
P042	47	Pulse	255	660000	9222	NA
P042	49	Pulse	255	690000	8725	NA
P042	50	Response	100	706227	14786	1
P042	52	Pulse	255	720000	3394	NA
P042	54	Pulse	255	750000	3064	NA
P042	54	Response	101	752938	6001	1
P042	56	Pulse	255	780000	16565	NA
P042	58	Response	100	803927	10162	1
P042	59	Pulse	255	810000	5902	NA
P042	61	Pulse	255	840000	5405	NA
P042	62	Response	100	852397	7636	1
P042	64	Pulse	255	870000	7074	NA
P042	66	Response	100	897347	4090	1
P042	67	Pulse	255	900000	2577	NA
P042	69	Pulse	255	930000	2079	NA
P042	70	Response	101	948537	10450	1
P042	72	Pulse	255	960000	1082	NA
P042	74	Pulse	255	990000	751	NA
P042	74	Response	101	996347	7098	1
P042	76	Pulse	255	1020000	13253	NA
P042	78	Response	101	1046986	9908	1
P042	79	Pulse	255	1050000	2923	NA
P042	81	Pulse	255	1080000	2425	NA
P042	82	Response	101	1092987	5247	1
P042	84	Pulse	255	1110000	6594	NA
P042	86	Pulse	255	1140000	6264	NA
P042	86	Response	100	1141347	7611	1
P042	88	Pulse	255	1170000	18265	NA
P042	90	Response	100	1186667	4602	1
P042	92	Pulse	255	1200000	2936	NA
P042	94	Pulse	255	1230000	2605	NA
P042	94	Response	100	1232837	5442	1
P042	96	Pulse	255	1260000	16773	NA
P042	98	Response	100	1287327	13769	1
P042	99	Pulse	255	1290000	2610	NA
P042	101	Pulse	255	1320000	2113	NA
P042	102	Response	101	1336817	8764	1
P042	104	Pulse	255	1350000	2782	NA
P042	106	Pulse	255	1380000	2451	NA
P042	106	Response	101	1381417	3869	1
P042	108	Pulse	255	1410000	18119	NA
P042	110	Response	100	1431117	8906	1
P042	111	Pulse	255	1440000	8789	NA
P042	113	Pulse	255	1470000	8292	NA
P042	114	Response	100	1479977	8103	1
P042	116	Pulse	255	1500000	9628	NA
P042	118	Response	101	1527557	6854	1
P042	119	Pulse	255	1530000	2298	NA
P042	121	Pulse	255	1560000	1800	NA
P042	122	Response	100	1575407	7042	1
P042	124	Pulse	255	1590000	4136	NA
P042	126	Pulse	255	1620000	3805	NA
P042	126	Response	101	1628187	11992	1
P042	128	Pulse	255	1650000	11307	NA
P042	130	Response	101	1675067	6043	1
P042	131	Pulse	255	1680000	4810	NA
P042	133	Pulse	255	1710000	4313	NA
P042	134	Response	100	1722440	6587	1
P042	136	Pulse	255	1740000	7149	NA
P042	138	Response	100	1767367	4185	1
P042	139	Pulse	255	1770000	2485	NA
P042	141	Pulse	255	1800000	1988	NA
P042	142	Response	101	1814417	6239	1
P042	144	Pulse	255	1830000	5156	NA
P042	146	Response	101	1858536	3362	1
P042	147	Pulse	255	1860000	1326	NA
P042	149	Pulse	255	1890000	829	NA
P042	150	Response	100	1905037	5700	1
P042	152	Pulse	255	1920000	4498	NA
P042	154	Pulse	255	1950000	4167	NA
P042	154	Response	100	1950018	4185	1
P042	156	Pulse	255	1980000	19502	NA
P042	158	Response	100	1997007	6177	1
P042	160	Pulse	255	2010000	2506	NA
P042	162	Pulse	255	2040000	2175	NA
P042	162	Response	101	2045047	7222	1
P042	164	Pulse	255	2070000	14510	NA
P042	166	Response	101	2090437	4616	1
P042	167	Pulse	255	2100000	9513	NA
P042	169	Pulse	255	2130000	9015	NA
P042	170	Response	100	2138387	7236	1
P042	172	Pulse	255	2160000	11184	NA
P042	174	Response	100	2182457	3310	1
P042	175	Pulse	255	2190000	7354	NA
P042	177	Pulse	255	2220000	6857	NA
P042	178	Response	100	2229316	6007	1
P042	180	Pulse	255	2250000	10192	NA
P042	182	Response	100	2276717	6578	1
P042	183	Pulse	255	2280000	3195	NA
P042	185	Pulse	255	2310000	2698	NA
P042	186	Response	101	2320906	3438	1
P042	188	Pulse	255	2340000	8700	NA
P042	190	Response	100	2369127	7496	1
P042	191	Pulse	255	2370000	703	NA
P042	193	Pulse	255	2400000	206	NA
P042	194	Response	101	2414987	5027	1
P042	196	Pulse	255	2430000	4541	NA
P042	198	Pulse	255	2460000	4211	NA
P042	198	Response	100	2461877	6087	1
P042	200	Pulse	255	2490000	17712	NA
P042	202	Response	101	2506007	3388	1
P042	204	Pulse	255	2520000	3549	NA
P042	206	Pulse	255	2550000	3219	NA
P042	206	Response	100	2563057	16276	1
P042	208	Pulse	255	2580000	6554	NA
P042	210	Pulse	255	2610000	6224	NA
P042	210	Response	101	2610067	6290	1
P042	212	Pulse	255	2640000	19392	NA
P042	214	Response	101	2658307	7367	1
P042	216	Pulse	255	2670000	1229	NA
P042	218	Pulse	255	2700000	898	NA
P042	218	Response	101	2702796	3695	1
P042	220	Pulse	255	2730000	16733	NA
P042	222	Response	100	2748746	5148	1
P042	224	Pulse	255	2760000	737	NA
P042	226	Pulse	255	2790000	406	NA
P042	226	Response	101	2795836	6242	1
P042	228	Pulse	255	2820000	13741	NA
P042	230	Response	101	2842987	6397	1
P042	231	Pulse	255	2850000	6911	NA
P042	233	Pulse	255	2880000	6413	NA
P042	234	Response	100	2888876	5124	1
P042	236	Pulse	255	2910000	10582	NA
P042	238	Response	100	2937336	7588	1
P042	239	Pulse	255	2940000	2586	NA
P042	241	Pulse	255	2970000	2088	NA
P042	242	Picture	instruct_trial	2978078	0	1	28331	1	0	next	other	0
P042	242	Pulse	255	3000000	21922	NA
P042	242	Response	101	3006276	28199	1
P042	243	Response	101	3020176	13601	1
P042	244	Pulse	255	3030000	9759	NA
P042	246	Pulse	255	3060000	9262	NA
P042	247	Response	101	3070737	9833	1
P042	249	Pulse	255	3090000	8765	NA
P042	251	Pulse	255	3120000	8434	NA
P042	251	Response	101	3123246	11680	1
P042	253	Pulse	255	3150000	16269	NA
P042	255	Response	101	3170507	6445	1
P042	256	Pulse	255	3180000	9439	NA
P042	258	Pulse	255	3210000	8942	NA
P042	259	Response	101	3222746	11522	1
P042	261	Pulse	255	3240000	6778	NA
P042	263	Pulse	255	3270000	6447	NA
P042	263	Response	100	3273348	9795	1
P042	265	Pulse	255	3300000	16115	NA
P042	267	Response	100	3325406	11190	1
P042	268	Pulse	255	3330000	4452	NA
P042	270	Pulse	255	3360000	3955	NA
P042	271	Response	100	3379396	13185	1
P042	273	Pulse	255	3390000	124	NA
P042	274	Pulse	255	3420000	9960	NA
P042	275	Response	100	3427986	7780	1
P042	277	Pulse	255	3450000	11629	NA
P042	279	Response	100	3479276	10574	1
P042	280	Pulse	255	3480000	632	NA
P042	282	Pulse	255	3510000	135	NA
P042	283	Response	101	3528556	8525	1
P042	285	Pulse	255	3540000	971	NA
P042	287	Pulse	255	3570000	640	NA
P042	287	Response	100	3579136	9776	1
P042	289	Pulse	255	3600000	10475	NA
P042	291	Pulse	255	3630000	10144	NA
P042	291	Response	101	3630486	10630	1
P042	293	Pulse	255	3660000	18979	NA
P042	295	Response	101	3679716	8365	1
P042	296	Pulse	255	3690000	10149	NA
P042	298	Pulse	255	3720000	9652	NA
P042	299	Response	100	3727976	7463	1
P042	301	Pulse	255	3750000	11488	NA
P042	303	Response	100	3779396	10553	1
P042	304	Pulse	255	3780000	491	NA
P042	305	Pulse	255	3810000	20159	NA
P042	307	Response	100	3825027	4855	1
P042	309	Pulse	255	3840000	4496	NA
P042	311	Pulse	255	3870000	4165	NA
P042	311	Response	101	3872756	6921	1
P042	313	Pulse	255	3900000	16834	NA
P042	315	Response	101	3919766	6268	1
P042	316	Pulse	255	3930000	10170	NA
P042	318	Pulse	255	3960000	9673	NA
P042	319	Response	101	3968226	7733	1
P042	321	Pulse	255	3990000	11342	NA
P042	323	Response	101	4016967	7978	1
P042	324	Pulse	255	4020000	2845	NA
P042	326	Pulse	255	4050000	2348	NA
P042	327	Response	100	4065876	8058	1
P042	329	Pulse	255	4080000	3684	NA
P042	331	Pulse	255	4110000	3353	NA
P042	331	Response	100	4111956	5309	1
P042	333	Pulse	255	4140000	17521	NA
P042	335	Response	101	4164715	11905	1
P042	336	Pulse	255	4170000	5191	NA
P042	338	Pulse	255	4200000	4694	NA
P042	339	Response	100	4213066	7594	1
P042	341	Pulse	255	4230000	6530	NA
P042	343	Pulse	255	4260000	6199	NA
P042	343	Response	101	4264046	10245	1
P042	345	Pulse	255	4290000	15534	NA
P042	347	Response	101	4311816	7019	1
P042	348	Pulse	255	4320000	8037	NA
P042	350	Pulse	255	4350000	7540	NA
P042	351	Response	100	4359876	7250	1
P042	353	Pulse	255	4380000	9709	NA
P042	355	Response	100	4405346	4724	1
P042	356	Pulse	255	4410000	4545	NA
P042	358	Pulse	255	4440000	4048	NA
P042	359	Response	101	4455076	8958	1
P042	361	Pulse	255	4470000	4384	NA
P042	363	Pulse	255	4500000	4053	NA
P042	363	Response	101	4502485	6538	1
P042	365	Pulse	255	4530000	17054	NA
P042	367	Response	101	4551506	8230	1
P042	368	Pulse	255	4560000	8391	NA
P042	370	Pulse	255	4590000	7894	NA
P042	371	Response	101	4598365	6093	1
P042	373	Pulse	255	4620000	11229	NA
P042	375	Response	100	4645146	6044	1
P042	376	Pulse	255	4650000	4733	NA
P042	378	Pulse	255	4680000	4235	NA
P042	379	Response	100	4694706	8775	1
P042	381	Pulse	255	4710000	4904	NA
P042	383	Pulse	255	4740000	4574	NA
P042	383	Response	101	4741205	5779	1
P042	385	Pulse	255	4770000	18408	NA
P042	387	Response	101	4788918	6995	1
P042	389	Pulse	255	4800000	579	NA
P042	391	Pulse	255	4830000	248	NA
P042	391	Response	100	4836756	7005	1
P042	393	Pulse	255	4860000	12750	NA
P042	395	Response	100	4885636	8055	1
P042	396	Pulse	255	4890000	4253	NA
P042	398	Pulse	255	4920000	3756	NA
P042	399	Response	100	4933486	7076	1
P042	401	Pulse	255	4950000	6092	NA
P042	403	Pulse	255	4980000	5761	NA
P042	403	Response	101	4980466	6227	1
P042	405	Pulse	255	5010000	19096	NA
P042	407	Response	101	5028696	7461	1
P042	409	Pulse	255	5040000	766	NA
P042	411	Pulse	255	5070000	436	NA
P042	411	Response	100	5076246	6681	1
P042	413	Pulse	255	5100000	13271	NA
P042	415	Response	100	5124116	7056	1
P042	416	Pulse	255	5130000	5774	NA
P042	418	Pulse	255	5160000	5276	NA
P042	419	Response	100	5172306	7416	1
P042	421	Pulse	255	5190000	7279	NA
P042	423	Response	100	5218606	5554	1
P042	424	Pulse	255	5220000	1282	NA
P042	426	Pulse	255	5250000	785	NA
P042	427	Response	101	5265796	6415	1
P042	429	Pulse	255	5280000	3787	NA
P042	431	Pulse	255	5310000	3456	NA
P042	431	Response	100	5313476	6932	1
P042	433	Pulse	255	5340000	16124	NA
P042	435	Response	101	5361276	7070	1
P042	436	Pulse	255	5370000	8627	NA
P042	438	Pulse	255	5400000	8130	NA
P042	439	Response	100	5407956	5920	1
P042	441	Pulse	255	5430000	11632	NA
P042	443	Response	101	5455606	6908	1
P042	444	Pulse	255	5460000	4302	NA
P042	446	Pulse	255	5490000	3805	NA
P042	447	Response	100	5502906	6545	1
P042	449	Pulse	255	5520000	6641	NA
P042	451	Pulse	255	5550000	6310	NA
P042	451	Response	101	5550986	7295	1
P042	453	Pulse	255	5580000	18478	NA
P042	455	Response	101	5598086	6233	1
P042	457	Pulse	255	5610000	1482	NA
P042	459	Pulse	255	5640000	1151	NA
P042	459	Response	101	5645355	6507	1
P042	461	Pulse	255	5670000	14153	NA
P042	463	Response	100	5691047	4869	1
P042	464	Pulse	255	5700000	8823	NA
P042	466	Pulse	255	5730000	8325	NA
P042	467	Response	101	5737646	5806	1
P042	469	Pulse	255	5760000	11827	NA
P042	471	Response	101	5787265	8762	1
P042	472	Pulse	255	5790000	2664	NA
P042	474	Pulse	255	5820000	2167	NA
P042	475	Response	100	5834713	6714	1
P042	477	Pulse	255	5850000	4836	NA
P042	479	Pulse	255	5880000	4505	NA
P042	479	Response	100	5881525	6030	1
P042	481	Pulse	255	5910000	18006	NA
P042	483	Picture	instruct_trial	5922324	0	1	19498	1	0	next	other	0
P042	483	Pulse	255	5940000	17676	NA
P042	483	Response	101	5941766	19441	1
P042	484	Response	101	5952986	10997	1
P042	486	Pulse	255	5970000	6513	NA
P042	488	Pulse	255	6000000	6182	NA
P042	488	Response	101	6003022	9204	1
P042	490	Pulse	255	6030000	16517	NA
P042	492	Response	101	6059406	15592	1
P042	493	Pulse	255	6060000	521	NA
P042	495	Pulse	255	6090000	24	NA
P042	496	Response	101	6108666	8524	1
P042	498	Pulse	255	6120000	859	NA
P042	500	Pulse	255	6150000	529	NA
P042	500	Response	101	6159866	10394	1
P042	502	Pulse	255	6180000	9697	NA
P042	504	Response	101	6204466	3832	1
P042	505	Pulse	255	6210000	5367	NA
P042	507	Pulse	255	6240000	4869	NA
P042	508	Response	100	6255736	10439	1
P042	510	Pulse	255	6270000	3872	NA
P042	512	Pulse	255	6300000	3541	NA
P042	512	Response	100	6301165	4706	1
P042	514	Pulse	255	6330000	18376	NA
P042	516	Response	100	6346975	5020	1
P042	518	Pulse	255	6360000	2547	NA
P042	520	Pulse	255	6390000	2216	NA
P042	520	Response	101	6391215	3431	1
P042	522	Pulse	255	6420000	18384	NA
P042	524	Response	100	6437185	5238	1
P042	526	Pulse	255	6450000	2388	NA
P042	528	Pulse	255	6480000	2057	NA
P042	528	Response	100	6485155	7212	1
P042	530	Pulse	255	6510000	14392	NA
P042	532	Response	101	6534346	8407	1
P042	533	Pulse	255	6540000	5562	NA
P042	535	Pulse	255	6570000	5064	NA
P042	536	Response	101	6581555	6454	1
P042	538	Pulse	255	6600000	8067	NA
P042	540	Pulse	255	6630000	7736	NA
P042	540	Response	100	6631975	9711	1
P042	542	Pulse	255	6660000	17571	NA
P042	544	Response	100	6676195	3436	1
P042	546	Pulse	255	6690000	3408	NA
P042	548	Pulse	255	6720000	3077	NA
P042	548	Response	100	6721975	5053	1
P042	550	Pulse	255	6750000	17579	NA
P042	552	Response	101	6767396	4644	1
P042	554	Pulse	255	6780000	2083	NA
P042	556	Pulse	255	6810000	1752	NA
P042	556	Response	101	6814445	6197	1
P042	558	Pulse	255	6840000	15087	NA
P042	560	Response	101	6861835	6591	1
P042	561	Pulse	255	6870000	8090	NA
P042	563	Pulse	255	6900000	7593	NA
P042	564	Response	101	6907865	5292	1
P042	566	Pulse	255	6930000	11595	NA
P042	568	Response	100	6953797	5061	1
P042	569	Pulse	255	6960000	6098	NA
P042	571	Pulse	255	6990000	5600	NA
P042	572	Response	100	6999766	5200	1
P042	574	Pulse	255	7020000	9769	NA
P042	576	Response	100	7046815	6254	1
P042	577	Pulse	255	7050000	3106	NA
P042	579	Pulse	255	7080000	2609	NA
P042	580	Response	100	7091475	3918	1
P042	582	Pulse	255	7110000	8111	NA
P042	584	Response	101	7139376	7156	1
P042	585	Pulse	255	7140000	447	NA
P042	586	Pulse	255	7170000	20115	NA
P042	588	Response	101	7185835	5619	1
P042	590	Pulse	255	7200000	3785	NA
P042	592	Pulse	255	7230000	3455	NA
P042	592	Response	100	7232515	5970	1
P042	594	Pulse	255	7260000	16956	NA
P042	596	Response	100	7278225	4850	1
P042	598	Pulse	255	7290000	1293	NA
P042	600	Pulse	255	7320000	963	NA
P042	600	Response	101	7322335	3298	1
P042	602	Pulse	255	7350000	17130	NA
P042	604	Response	101	7367955	4755	1
P042	606	Pulse	255	7380000	1634	NA
P042	608	Pulse	255	7410000	1304	NA
P042	608	Response	101	7418795	10099	1
P042	610	Pulse	255	7440000	10805	NA
P042	612	Response	101	7462845	3320	1
P042	613	Pulse	255	7470000	6975	NA
P042	615	Pulse	255	7500000	6478	NA
P042	616	Response	100	7508725	5037	1
P042	618	Pulse	255	7530000	10813	NA
P042	620	Response	100	7554675	5158	1
P042	621	Pulse	255	7560000	5150	NA
P042	623	Pulse	255	7590000	4652	NA
P042	624	Response	101	7600135	4621	1
P042	626	Pulse	255	7620000	9488	NA
P042	628	Response	100	7645365	4522	1
P042	629	Pulse	255	7650000	4491	NA
P042	631	Pulse	255	7680000	3993	NA
P042	632	Response	100	7689165	2993	1
P042	634	Pulse	255	7710000	10329	NA
P042	636	Response	100	7734675	4673	1
P042	637	Pulse	255	7740000	5165	NA
P042	639	Pulse	255	7770000	4668	NA
P042	640	Response	100	7779345	3847	1
P042	642	Pulse	255	7800000	10170	NA
P042	644	Response	101	7825295	5134	1
P042	645	Pulse	255	7830000	4506	NA
P042	647	Pulse	255	7860000	4009	NA
P042	648	Response	101	7871835	5678	1
P042	650	Pulse	255	7890000	7678	NA
P042	652	Response	100	7918185	5532	1
P042	653	Pulse	255	7920000	1681	NA
P042	655	Pulse	255	7950000	1183	NA
P042	656	Response	100	7964405	5423	1
P042	658	Pulse	255	7980000	5186	NA
P042	660	Pulse	255	8010000	4855	NA
P042	660	Response	100	8011595	6450	1
P042	662	Pulse	255	8040000	18023	NA
P042	664	Response	100	8056245	3937	1
P042	666	Pulse	255	8070000	3360	NA
P042	668	Pulse	255	8100000	3030	NA
P042	668	Response	101	8102535	5565	1
P042	670	Pulse	255	8130000	17031	NA
P042	672	Response	100	8150295	6995	1
P042	673	Pulse	255	8160000	9534	NA
P042	675	Pulse	255	8190000	9037	NA
P042	676	Response	101	8195285	4156	1
P042	678	Pulse	255	8220000	14206	NA
P042	680	Response	100	8240565	4440	1
P042	681	Pulse	255	8250000	9375	NA
P042	683	Pulse	255	8280000	8878	NA
P042	684	Response	101	8285955	4667	1
P042	686	Pulse	255	8310000	13547	NA
P042	688	Response	100	8334495	7711	1
P042	689	Pulse	255	8340000	5383	NA
P042	691	Pulse	255	8370000	4886	NA
P042	692	Response	101	8378405	3125	1
P042	694	Pulse	255	8400000	11055	NA
P042	696	Response	101	8424216	4940	1
P042	697	Pulse	255	8430000	5724	NA
P042	699	Pulse	255	8460000	5227	NA
P042	700	Response	101	8469675	4736	1
P042	702	Pulse	255	8490000	9896	NA
P042	704	Response	100	8515014	4580	1
P042	705	Pulse	255	8520000	4899	NA
P042	707	Pulse	255	8550000	4402	NA
P042	708	Response	101	8561175	5411	1
P042	710	Pulse	255	8580000	8404	NA
P042	712	Response	101	8608415	6488	1
P042	713	Pulse	255	8610000	1407	NA
P042	715	Pulse	255	8640000	910	NA
P042	716	Response	100	8654055	4798	1
P042	718	Pulse	255	8670000	5412	NA
P042	720	Response	100	8699864	4945	1
P042	721	Pulse	255	8700000	88	NA
P042	722	Pulse	255	8730000	19749	NA
P042	724	Picture	instruct_trial	8740582	0	1	40163	1	0	next	other	0
P042	724	Pulse	255	8760000	19418	NA
