Scenario - learning_JJ_english
Logfile written - 10/25/2023 16:11:40

Subject	Trial	Event Type	Code	Time	TTime	Uncertainty	Duration	Uncertainty	ReqTime	ReqDur	Stim Type	Pair Index

P045	0	Pulse	255	0	0	NA
P045	1	Picture	instruct_trial	10500	0	1	39997	1	0	next	other	0
P045	1	Pulse	255	30000	19500	NA
P045	1	Response	100	50347	39847	1
P045	1	Pulse	255	60000	49500	NA
P045	2	Pulse	255	90000	29838	NA
P045	2	Response	101	95298	35136	1
P045	4	Pulse	255	120000	14175	NA
P045	6	Pulse	255	150000	13844	NA
P045	6	Response	100	158828	22673	1
P045	8	Pulse	255	180000	10681	NA
P045	10	Pulse	255	210000	10350	NA
P045	10	Response	100	219348	19698	1
P045	12	Pulse	255	240000	10186	NA
P045	14	Pulse	255	270000	9855	NA
P045	14	Response	100	271917	11772	1
P045	16	Pulse	255	300000	17690	NA
P045	18	Response	100	323568	10927	1
P045	19	Pulse	255	330000	6361	NA
P045	21	Pulse	255	360000	5863	NA
P045	22	Response	100	381728	17425	1
P045	23	Pulse	255	390000	8199	NA
P045	25	Pulse	255	420000	7702	NA
P045	26	Response	101	440438	17973	1
P045	27	Pulse	255	450000	9371	NA
P045	29	Pulse	255	480000	8873	NA
P045	30	Response	101	487958	6665	1
P045	32	Pulse	255	510000	11542	NA
P045	34	Response	100	536859	8070	1
P045	35	Pulse	255	540000	3046	NA
P045	37	Pulse	255	570000	2548	NA
P045	38	Response	100	586538	8920	1
P045	40	Pulse	255	600000	3051	NA
P045	42	Pulse	255	630000	2720	NA
P045	42	Response	100	637377	10097	1
P045	44	Pulse	255	660000	12222	NA
P045	46	Response	101	684067	5958	1
P045	47	Pulse	255	690000	5725	NA
P045	49	Pulse	255	720000	5228	NA
P045	50	Response	100	732337	7399	1
P045	52	Pulse	255	750000	7230	NA
P045	54	Response	100	778798	5697	1
P045	55	Pulse	255	780000	1066	NA
P045	57	Pulse	255	810000	569	NA
P045	58	Response	101	834838	15242	1
P045	59	Pulse	255	840000	5071	NA
P045	61	Pulse	255	870000	4574	NA
P045	62	Response	101	880518	4926	1
P045	64	Pulse	255	900000	9076	NA
P045	66	Response	100	927438	6183	1
P045	67	Pulse	255	930000	2413	NA
P045	69	Pulse	255	960000	1915	NA
P045	70	Response	100	972778	4528	1
P045	72	Pulse	255	990000	6751	NA
P045	74	Pulse	255	1020000	6420	NA
P045	74	Response	100	1021415	7835	1
P045	76	Pulse	255	1050000	18088	NA
P045	78	Response	100	1069028	6786	1
P045	80	Pulse	255	1080000	592	NA
P045	82	Pulse	255	1110000	262	NA
P045	82	Response	100	1114508	4769	1
P045	84	Pulse	255	1140000	15096	NA
P045	86	Response	101	1163258	8024	1
P045	87	Pulse	255	1170000	6600	NA
P045	89	Pulse	255	1200000	6102	NA
P045	90	Response	101	1211048	6985	1
P045	92	Pulse	255	1230000	8438	NA
P045	94	Pulse	255	1260000	8107	NA
P045	94	Response	101	1264597	12705	1
P045	96	Pulse	255	1290000	14942	NA
P045	98	Response	101	1310328	4940	1
P045	99	Pulse	255	1320000	9612	NA
P045	101	Pulse	255	1350000	9115	NA
P045	102	Response	100	1359417	8366	1
P045	104	Pulse	255	1380000	10117	NA
P045	106	Response	101	1409008	8794	1
P045	107	Pulse	255	1410000	787	NA
P045	109	Pulse	255	1440000	290	NA
P045	110	Response	101	1457077	7202	1
P045	112	Pulse	255	1470000	2459	NA
P045	114	Pulse	255	1500000	2128	NA
P045	114	Response	101	1504068	6196	1
P045	116	Pulse	255	1530000	15463	NA
P045	118	Response	100	1549657	4790	1
P045	119	Pulse	255	1560000	10133	NA
P045	121	Pulse	255	1590000	9635	NA
P045	122	Response	100	1594177	3647	1
P045	124	Pulse	255	1620000	15304	NA
P045	126	Response	100	1643798	8771	1
P045	127	Pulse	255	1650000	6141	NA
P045	129	Pulse	255	1680000	5644	NA
P045	130	Response	100	1689847	5324	1
P045	132	Pulse	255	1710000	9646	NA
P045	134	Response	101	1736788	6103	1
P045	135	Pulse	255	1740000	3149	NA
P045	137	Pulse	255	1770000	2652	NA
P045	138	Response	101	1782618	5104	1
P045	140	Pulse	255	1800000	6987	NA
P045	142	Response	100	1827318	3974	1
P045	143	Pulse	255	1830000	2490	NA
P045	145	Pulse	255	1860000	1993	NA
P045	146	Response	100	1877507	9333	1
P045	148	Pulse	255	1890000	1995	NA
P045	150	Pulse	255	1920000	1664	NA
P045	150	Response	101	1923388	5052	1
P045	152	Pulse	255	1950000	16166	NA
P045	154	Response	101	1969958	5793	1
P045	155	Pulse	255	1980000	9836	NA
P045	157	Pulse	255	2010000	9338	NA
P045	158	Response	101	2015698	4870	1
P045	160	Pulse	255	2040000	13840	NA
P045	162	Response	100	2063557	7067	1
P045	163	Pulse	255	2070000	6344	NA
P045	165	Pulse	255	2100000	5846	NA
P045	166	Response	100	2112428	8108	1
P045	168	Pulse	255	2130000	7182	NA
P045	170	Response	101	2158007	4859	1
P045	171	Pulse	255	2160000	1852	NA
P045	173	Pulse	255	2190000	1354	NA
P045	174	Response	101	2207377	8566	1
P045	176	Pulse	255	2220000	2190	NA
P045	178	Pulse	255	2250000	1860	NA
P045	178	Response	101	2257247	9106	1
P045	180	Pulse	255	2280000	12361	NA
P045	182	Response	101	2304227	6258	1
P045	183	Pulse	255	2310000	5698	NA
P045	185	Pulse	255	2340000	5200	NA
P045	186	Response	100	2350666	5701	1
P045	188	Pulse	255	2370000	8869	NA
P045	190	Pulse	255	2400000	8539	NA
P045	190	Response	101	2402326	10865	1
P045	192	Pulse	255	2430000	17207	NA
P045	194	Response	100	2448957	5833	1
P045	196	Pulse	255	2460000	544	NA
P045	198	Pulse	255	2490000	214	NA
P045	198	Response	101	2497088	7301	1
P045	200	Pulse	255	2520000	12382	NA
P045	202	Response	100	2544828	6879	1
P045	203	Pulse	255	2550000	5052	NA
P045	205	Pulse	255	2580000	4554	NA
P045	206	Response	101	2596134	10523	1
P045	208	Pulse	255	2610000	3390	NA
P045	210	Pulse	255	2640000	3060	NA
P045	210	Response	100	2642157	5217	1
P045	212	Pulse	255	2670000	17394	NA
P045	214	Response	100	2687758	4822	1
P045	216	Pulse	255	2700000	1732	NA
P045	218	Pulse	255	2730000	1401	NA
P045	218	Response	101	2734017	5418	1
P045	220	Pulse	255	2760000	15569	NA
P045	222	Response	101	2781067	6305	1
P045	223	Pulse	255	2790000	8739	NA
P045	225	Pulse	255	2820000	8241	NA
P045	226	Response	100	2827767	5843	1
P045	228	Pulse	255	2850000	11744	NA
P045	230	Response	100	2876037	7450	1
P045	231	Pulse	255	2880000	3914	NA
P045	233	Pulse	255	2910000	3416	NA
P045	234	Response	101	2925567	8817	1
P045	236	Pulse	255	2940000	3919	NA
P045	238	Pulse	255	2970000	3588	NA
P045	238	Response	101	2972436	6024	1
P045	240	Pulse	255	3000000	17089	NA
P045	242	Picture	instruct_trial	3013241	0	1	82326	1	0	next	other	0
P045	242	Pulse	255	3030000	16759	NA
P045	242	Pulse	255	3060000	46759	NA
P045	242	Pulse	255	3090000	76759	NA
P045	242	Response	100	3095507	82266	1
P045	243	Pulse	255	3120000	24273	NA
P045	243	Response	100	3126087	30360	1
P045	245	Pulse	255	3150000	13436	NA
P045	247	Pulse	255	3180000	13105	NA
P045	247	Response	100	3184877	17983	1
P045	249	Pulse	255	3210000	14608	NA
P045	251	Response	101	3234819	9096	1
P045	252	Pulse	255	3240000	5111	NA
P045	254	Pulse	255	3270000	4614	NA
P045	255	Response	101	3288166	12614	1
P045	257	Pulse	255	3300000	1450	NA
P045	259	Pulse	255	3330000	1119	NA
P045	259	Response	100	3346647	17766	1
P045	261	Pulse	255	3360000	2955	NA
P045	263	Pulse	255	3390000	2624	NA
P045	263	Response	101	3395317	7942	1
P045	265	Pulse	255	3420000	14293	NA
P045	267	Pulse	255	3450000	13962	NA
P045	267	Response	100	3451349	15311	1
P045	269	Pulse	255	3480000	18131	NA
P045	271	Response	100	3498997	6797	1
P045	273	Pulse	255	3510000	468	NA
P045	275	Pulse	255	3540000	137	NA
P045	275	Response	100	3545947	6085	1
P045	277	Pulse	255	3570000	13639	NA
P045	279	Response	101	3593268	6576	1
P045	280	Pulse	255	3600000	6642	NA
P045	282	Pulse	255	3630000	6145	NA
P045	283	Response	101	3640137	6116	1
P045	285	Pulse	255	3660000	9480	NA
P045	287	Response	100	3685787	4937	1
P045	288	Pulse	255	3690000	4150	NA
P045	290	Pulse	255	3720000	3653	NA
P045	291	Response	101	3731787	5274	1
P045	293	Pulse	255	3750000	7821	NA
P045	295	Pulse	255	3780000	7491	NA
P045	295	Response	101	3782527	10017	1
P045	297	Pulse	255	3810000	16993	NA
P045	299	Response	100	3836217	12879	1
P045	300	Pulse	255	3840000	3663	NA
P045	302	Pulse	255	3870000	3166	NA
P045	303	Response	100	3886157	9157	1
P045	305	Pulse	255	3900000	3335	NA
P045	307	Pulse	255	3930000	3004	NA
P045	307	Response	100	3933547	6551	1
P045	309	Pulse	255	3960000	16005	NA
P045	311	Response	101	3979187	4862	1
P045	313	Pulse	255	3990000	343	NA
P045	315	Pulse	255	4020000	12	NA
P045	315	Response	100	4025857	5869	1
P045	317	Pulse	255	4050000	13680	NA
P045	319	Response	101	4071667	5016	1
P045	320	Pulse	255	4080000	8183	NA
P045	322	Pulse	255	4110000	7686	NA
P045	323	Response	101	4120366	7886	1
P045	325	Pulse	255	4140000	9188	NA
P045	327	Response	100	4166747	5605	1
P045	328	Pulse	255	4170000	3191	NA
P045	330	Pulse	255	4200000	2694	NA
P045	331	Response	100	4214977	7505	1
P045	333	Pulse	255	4230000	4530	NA
P045	335	Pulse	255	4260000	4199	NA
P045	335	Response	100	4263027	7226	1
P045	337	Pulse	255	4290000	16534	NA
P045	339	Response	100	4308006	4210	1
P045	341	Pulse	255	4320000	1538	NA
P045	343	Pulse	255	4350000	1207	NA
P045	343	Response	101	4355547	6754	1
P045	345	Pulse	255	4380000	14042	NA
P045	347	Response	101	4403367	7078	1
P045	348	Pulse	255	4410000	6545	NA
P045	350	Pulse	255	4440000	6048	NA
P045	351	Response	100	4449056	4938	1
P045	353	Pulse	255	4470000	10550	NA
P045	355	Response	100	4495298	5517	1
P045	356	Pulse	255	4500000	4553	NA
P045	358	Pulse	255	4530000	4056	NA
P045	359	Response	101	4540284	4174	1
P045	361	Pulse	255	4560000	9224	NA
P045	363	Response	101	4589296	8190	1
P045	364	Pulse	255	4590000	561	NA
P045	366	Pulse	255	4620000	64	NA
P045	367	Response	101	4639817	9715	1
P045	368	Pulse	255	4650000	10065	NA
P045	370	Pulse	255	4680000	9568	NA
P045	371	Response	101	4687577	6979	1
P045	373	Pulse	255	4710000	11904	NA
P045	375	Response	100	4736607	8180	1
P045	376	Pulse	255	4740000	3240	NA
P045	378	Pulse	255	4770000	2743	NA
P045	379	Response	100	4783479	6056	1
P045	381	Pulse	255	4800000	6079	NA
P045	383	Response	101	4829867	5615	1
P045	384	Pulse	255	4830000	82	NA
P045	385	Pulse	255	4860000	19749	NA
P045	387	Response	101	4876107	5526	1
P045	389	Pulse	255	4890000	3420	NA
P045	391	Pulse	255	4920000	3089	NA
P045	391	Response	100	4925647	8736	1
P045	393	Pulse	255	4950000	13924	NA
P045	395	Response	100	4971616	5210	1
P045	396	Pulse	255	4980000	8261	NA
P045	398	Pulse	255	5010000	7763	NA
P045	399	Response	100	5017337	4934	1
P045	401	Pulse	255	5040000	12265	NA
P045	403	Response	101	5064287	6222	1
P045	404	Pulse	255	5070000	5602	NA
P045	406	Pulse	255	5100000	5105	NA
P045	407	Response	101	5111467	6406	1
P045	409	Pulse	255	5130000	8107	NA
P045	411	Response	100	5157306	5082	1
P045	412	Pulse	255	5160000	2610	NA
P045	414	Pulse	255	5190000	2113	NA
P045	415	Response	100	5204887	6833	1
P045	417	Pulse	255	5220000	4615	NA
P045	419	Pulse	255	5250000	4284	NA
P045	419	Response	100	5252586	6871	1
P045	421	Pulse	255	5280000	16952	NA
P045	423	Response	100	5297767	4388	1
P045	425	Pulse	255	5310000	1790	NA
P045	427	Pulse	255	5340000	1459	NA
P045	427	Response	101	5345357	6815	1
P045	429	Pulse	255	5370000	14127	NA
P045	431	Response	100	5392636	6433	1
P045	432	Pulse	255	5400000	7297	NA
P045	434	Pulse	255	5430000	6799	NA
P045	435	Response	101	5438605	5239	1
P045	437	Pulse	255	5460000	10968	NA
P045	439	Response	100	5486086	6724	1
P045	440	Pulse	255	5490000	3805	NA
P045	442	Pulse	255	5520000	3308	NA
P045	443	Response	101	5532139	5281	1
P045	445	Pulse	255	5550000	7476	NA
P045	447	Pulse	255	5580000	7146	NA
P045	447	Response	100	5580727	7872	1
P045	449	Pulse	255	5610000	18814	NA
P045	451	Response	101	5629257	7740	1
P045	453	Pulse	255	5640000	318	NA
P045	454	Pulse	255	5670000	10153	NA
P045	455	Response	101	5676356	6343	1
P045	457	Pulse	255	5700000	13155	NA
P045	459	Response	101	5722107	4932	1
P045	460	Pulse	255	5730000	7825	NA
P045	462	Pulse	255	5760000	7328	NA
P045	463	Response	100	5768736	5898	1
P045	465	Pulse	255	5790000	10830	NA
P045	467	Response	101	5815395	5895	1
P045	468	Pulse	255	5820000	4500	NA
P045	470	Pulse	255	5850000	4003	NA
P045	471	Response	101	5860276	4113	1
P045	473	Pulse	255	5880000	9338	NA
P045	475	Response	100	5905986	4993	1
P045	476	Pulse	255	5910000	3841	NA
P045	478	Pulse	255	5940000	3344	NA
P045	479	Response	100	5952247	5425	1
P045	481	Pulse	255	5970000	7346	NA
P045	483	Picture	instruct_trial	5992985	0	1	238979	1	0	next	other	0
P045	483	Pulse	255	6000000	7015	NA
P045	483	Pulse	255	6030000	37015	NA
P045	483	Pulse	255	6060000	67015	NA
P045	483	Pulse	255	6090000	97015	NA
P045	483	Pulse	255	6120000	127015	NA
P045	483	Pulse	255	6150000	157015	NA
P045	483	Pulse	255	6180000	187015	NA
P045	483	Pulse	255	6210000	217015	NA
P045	483	Response	100	6231906	238921	1
P045	484	Pulse	255	6240000	7869	NA
P045	484	Response	101	6248446	16315	1
P045	486	Pulse	255	6270000	11038	NA
P045	488	Response	101	6299736	10443	1
P045	489	Pulse	255	6300000	208	NA
P045	490	Pulse	255	6330000	19876	NA
P045	492	Response	100	6357766	17311	1
P045	493	Pulse	255	6360000	2047	NA
P045	495	Pulse	255	6390000	1549	NA
P045	496	Response	100	6404083	5467	1
P045	498	Pulse	255	6420000	5385	NA
P045	500	Pulse	255	6450000	5054	NA
P045	500	Response	100	6454716	9770	1
P045	502	Pulse	255	6480000	14889	NA
P045	504	Response	100	6501636	6195	1
P045	505	Pulse	255	6510000	8226	NA
P045	507	Pulse	255	6540000	7728	NA
P045	508	Response	101	6549136	6698	1
P045	510	Pulse	255	6570000	10397	NA
P045	512	Response	101	6595066	5133	1
P045	513	Pulse	255	6600000	4734	NA
P045	515	Pulse	255	6630000	4236	NA
P045	516	Response	101	6640126	4196	1
P045	518	Pulse	255	6660000	9405	NA
P045	520	Response	100	6686857	5931	1
P045	521	Pulse	255	6690000	3075	NA
P045	523	Pulse	255	6720000	2577	NA
P045	524	Response	100	6732577	4989	1
P045	526	Pulse	255	6750000	6913	NA
P045	528	Response	101	6777896	4479	1
P045	529	Pulse	255	6780000	1916	NA
P045	531	Pulse	255	6810000	1419	NA
P045	532	Response	100	6825906	7159	1
P045	534	Pulse	255	6840000	3588	NA
P045	536	Pulse	255	6870000	3257	NA
P045	536	Response	100	6870016	3273	1
P045	538	Pulse	255	6900000	19592	NA
P045	540	Response	101	6915535	4796	1
P045	542	Pulse	255	6930000	3929	NA
P045	544	Pulse	255	6960000	3598	NA
P045	544	Response	101	6963416	7014	1
P045	546	Pulse	255	6990000	16100	NA
P045	548	Response	101	7010965	6734	1
P045	549	Pulse	255	7020000	8936	NA
P045	551	Pulse	255	7050000	8439	NA
P045	552	Response	100	7056695	4968	1
P045	554	Pulse	255	7080000	12774	NA
P045	556	Response	101	7103256	5699	1
P045	557	Pulse	255	7110000	6611	NA
P045	559	Pulse	255	7140000	6113	NA
P045	560	Response	101	7149446	5394	1
P045	561	Response	100	7155124	5572	1
P045	562	Pulse	255	7170000	10116	NA
P045	564	Response	100	7193465	3250	1
P045	565	Pulse	255	7200000	6452	NA
P045	567	Pulse	255	7230000	5954	NA
P045	568	Response	101	7240186	5975	1
P045	570	Pulse	255	7260000	9290	NA
P045	572	Response	101	7286235	5195	1
P045	573	Pulse	255	7290000	3627	NA
P045	575	Pulse	255	7320000	3129	NA
P045	576	Response	101	7334096	7059	1
P045	578	Pulse	255	7350000	5465	NA
P045	580	Pulse	255	7380000	5134	NA
P045	580	Response	101	7380275	5409	1
P045	582	Pulse	255	7410000	19302	NA
P045	584	Response	100	7426246	5217	1
P045	586	Pulse	255	7440000	3306	NA
P045	588	Pulse	255	7470000	2975	NA
P045	588	Response	100	7470306	3281	1
P045	590	Pulse	255	7500000	19310	NA
P045	592	Response	101	7516196	5175	1
P045	594	Pulse	255	7530000	3314	NA
P045	596	Pulse	255	7560000	2983	NA
P045	596	Response	101	7562148	5131	1
P045	598	Pulse	255	7590000	17318	NA
P045	600	Response	100	7608995	5983	1
P045	602	Pulse	255	7620000	488	NA
P045	604	Pulse	255	7650000	158	NA
P045	604	Response	100	7656405	6563	1
P045	606	Pulse	255	7680000	13159	NA
P045	608	Response	100	7701825	4654	1
P045	609	Pulse	255	7710000	7996	NA
P045	611	Pulse	255	7740000	7498	NA
P045	612	Response	100	7748316	5648	1
P045	614	Pulse	255	7770000	11167	NA
P045	616	Response	101	7796635	7471	1
P045	617	Pulse	255	7800000	3170	NA
P045	619	Pulse	255	7830000	2673	NA
P045	620	Response	101	7842906	5413	1
P045	622	Pulse	255	7860000	6675	NA
P045	624	Response	100	7888075	4420	1
P045	625	Pulse	255	7890000	1845	NA
P045	627	Pulse	255	7920000	1348	NA
P045	628	Response	100	7932346	3527	1
P045	630	Pulse	255	7950000	7183	NA
P045	632	Response	101	7979636	6488	1
P045	633	Pulse	255	7980000	186	NA
P045	634	Pulse	255	8010000	19854	NA
P045	636	Response	101	8025836	5359	1
P045	638	Pulse	255	8040000	3691	NA
P045	640	Pulse	255	8070000	3360	NA
P045	640	Response	101	8071775	5136	1
P045	642	Pulse	255	8100000	17695	NA
P045	644	Response	100	8121356	8720	1
P045	645	Pulse	255	8130000	8532	NA
P045	647	Pulse	255	8160000	8034	NA
P045	648	Response	100	8167316	5184	1
P045	650	Pulse	255	8190000	12203	NA
P045	652	Response	101	8214036	5908	1
P045	653	Pulse	255	8220000	5873	NA
P045	655	Pulse	255	8250000	5376	NA
P045	656	Response	101	8259416	4626	1
P045	658	Pulse	255	8280000	10045	NA
P045	660	Response	101	8305295	5009	1
P045	661	Pulse	255	8310000	4548	NA
P045	663	Pulse	255	8340000	4050	NA
P045	664	Response	101	8357295	11180	1
P045	666	Pulse	255	8370000	2220	NA
P045	668	Pulse	255	8400000	1889	NA
P045	668	Response	100	8409315	11204	1
P045	670	Pulse	255	8430000	10224	NA
P045	672	Pulse	255	8460000	9893	NA
P045	672	Response	101	8460146	10039	1
P045	674	Pulse	255	8490000	19395	NA
P045	676	Response	100	8509925	8989	1
P045	677	Pulse	255	8520000	9898	NA
P045	679	Pulse	255	8550000	9401	NA
P045	680	Response	101	8556236	5471	1
P045	682	Pulse	255	8580000	13237	NA
P045	684	Response	100	8607154	10060	1
P045	685	Pulse	255	8610000	2740	NA
P045	687	Pulse	255	8640000	2243	NA
P045	688	Response	101	8651794	3871	1
P045	690	Pulse	255	8670000	7745	NA
P045	692	Response	100	8697566	4980	1
P045	693	Pulse	255	8700000	2248	NA
P045	695	Pulse	255	8730000	1751	NA
P045	696	Response	100	8743026	4610	1
P045	698	Pulse	255	8760000	6586	NA
P045	700	Response	100	8789435	5690	1
P045	701	Pulse	255	8790000	423	NA
P045	702	Pulse	255	8820000	20090	NA
P045	704	Response	101	8836925	6685	1
P045	706	Pulse	255	8850000	2594	NA
P045	708	Pulse	255	8880000	2263	NA
P045	708	Response	100	8883366	5629	1
P045	710	Pulse	255	8910000	16098	NA
P045	712	Response	100	8929105	4873	1
P045	714	Pulse	255	8940000	435	NA
P045	716	Pulse	255	8970000	105	NA
P045	716	Response	101	8979116	9220	1
P045	718	Pulse	255	9000000	10440	NA
P045	720	Response	101	9025385	5494	1
P045	721	Pulse	255	9030000	4443	NA
P045	723	Pulse	255	9060000	3945	NA
P045	724	Picture	instruct_trial	9066220	0	1	40163	1	0	next	other	0
P045	724	Pulse	255	9090000	23780	NA
