Scenario - learning_JJ_english
Logfile written - 11/09/2023 15:04:54

Subject	Trial	Event Type	Code	Time	TTime	Uncertainty	Duration	Uncertainty	ReqTime	ReqDur	Stim Type	Pair Index

P046	0	Pulse	255	0	0	NA
P046	1	Picture	instruct_trial	10500	0	1	102491	1	0	next	other	0
P046	1	Pulse	255	30000	19500	NA
P046	1	Pulse	255	60000	49500	NA
P046	1	Pulse	255	90000	79500	NA
P046	1	Response	101	112907	102407	1
P046	1	Pulse	255	120000	109500	NA
P046	2	Response	100	139517	19360	1
P046	4	Pulse	255	150000	12	NA
P046	5	Pulse	255	180000	9847	NA
P046	6	Response	101	200597	20279	1
P046	7	Pulse	255	210000	9350	NA
P046	9	Pulse	255	240000	8853	NA
P046	10	Response	100	252107	10794	1
P046	12	Pulse	255	270000	7355	NA
P046	14	Pulse	255	300000	7025	NA
P046	14	Response	100	308275	15300	1
P046	16	Pulse	255	330000	11194	NA
P046	18	Response	101	359776	10639	1
P046	19	Pulse	255	360000	30	NA
P046	20	Pulse	255	390000	19698	NA
P046	22	Response	101	416227	15594	1
P046	23	Pulse	255	420000	3702	NA
P046	25	Pulse	255	450000	3205	NA
P046	26	Response	101	467797	10836	1
P046	28	Pulse	255	480000	1707	NA
P046	30	Pulse	255	510000	1377	NA
P046	30	Response	101	523777	15154	1
P046	32	Pulse	255	540000	5712	NA
P046	34	Pulse	255	570000	5381	NA
P046	34	Response	101	572527	7908	1
P046	36	Pulse	255	600000	17050	NA
P046	38	Response	100	629627	16346	1
P046	39	Pulse	255	630000	220	NA
P046	40	Pulse	255	660000	19888	NA
P046	42	Response	101	678007	7564	1
P046	44	Pulse	255	690000	1559	NA
P046	46	Pulse	255	720000	1228	NA
P046	46	Response	101	729086	10314	1
P046	48	Pulse	255	750000	10396	NA
P046	50	Response	100	778396	8462	1
P046	51	Pulse	255	780000	1400	NA
P046	53	Pulse	255	810000	902	NA
P046	54	Response	100	825427	6163	1
P046	56	Pulse	255	840000	4071	NA
P046	58	Pulse	255	870000	3741	NA
P046	58	Response	101	875817	9558	1
P046	60	Pulse	255	900000	13742	NA
P046	62	Response	101	924837	8249	1
P046	63	Pulse	255	930000	5079	NA
P046	65	Pulse	255	960000	4582	NA
P046	66	Response	101	973666	8082	1
P046	68	Pulse	255	990000	5918	NA
P046	70	Pulse	255	1020000	5587	NA
P046	70	Response	100	1022667	8253	1
P046	72	Pulse	255	1050000	16922	NA
P046	74	Response	101	1077907	14498	1
P046	75	Pulse	255	1080000	1926	NA
P046	77	Pulse	255	1110000	1428	NA
P046	78	Response	100	1127376	8639	1
P046	80	Pulse	255	1140000	2097	NA
P046	82	Pulse	255	1170000	1767	NA
P046	82	Response	100	1175387	7153	1
P046	84	Pulse	255	1200000	14102	NA
P046	86	Response	101	1221385	5156	1
P046	87	Pulse	255	1230000	8438	NA
P046	89	Pulse	255	1260000	7941	NA
P046	90	Response	101	1268777	6552	1
P046	92	Pulse	255	1290000	10776	NA
P046	94	Response	101	1317156	7602	1
P046	95	Pulse	255	1320000	2780	NA
P046	97	Pulse	255	1350000	2282	NA
P046	98	Response	101	1363636	5753	1
P046	100	Pulse	255	1380000	5951	NA
P046	102	Pulse	255	1410000	5620	NA
P046	102	Response	100	1413256	8877	1
P046	104	Pulse	255	1440000	16289	NA
P046	106	Response	100	1462127	8085	1
P046	107	Pulse	255	1470000	7792	NA
P046	109	Pulse	255	1500000	7295	NA
P046	110	Response	100	1507946	5075	1
P046	112	Pulse	255	1530000	11630	NA
P046	114	Response	101	1556547	7846	1
P046	115	Pulse	255	1560000	3300	NA
P046	117	Pulse	255	1590000	2803	NA
P046	118	Response	100	1606596	9233	1
P046	120	Pulse	255	1620000	2972	NA
P046	122	Pulse	255	1650000	2641	NA
P046	122	Response	100	1655686	8328	1
P046	124	Pulse	255	1680000	13810	NA
P046	126	Response	100	1705136	8615	1
P046	127	Pulse	255	1710000	4813	NA
P046	129	Pulse	255	1740000	4316	NA
P046	130	Response	100	1753016	7166	1
P046	132	Pulse	255	1770000	6485	NA
P046	134	Pulse	255	1800000	6154	NA
P046	134	Response	101	1800446	6600	1
P046	136	Pulse	255	1830000	19155	NA
P046	138	Response	101	1847936	6760	1
P046	140	Pulse	255	1860000	1659	NA
P046	142	Pulse	255	1890000	1329	NA
P046	142	Response	100	1896067	7396	1
P046	144	Pulse	255	1920000	13497	NA
P046	146	Response	100	1944037	7203	1
P046	147	Pulse	255	1950000	5833	NA
P046	149	Pulse	255	1980000	5336	NA
P046	150	Response	101	1990236	5406	1
P046	152	Pulse	255	2010000	9338	NA
P046	154	Response	101	2034855	3863	1
P046	155	Pulse	255	2040000	5008	NA
P046	157	Pulse	255	2070000	4511	NA
P046	158	Response	101	2080387	4731	1
P046	160	Pulse	255	2100000	9179	NA
P046	162	Response	100	2127067	5915	1
P046	163	Pulse	255	2130000	2849	NA
P046	165	Pulse	255	2160000	2352	NA
P046	166	Response	100	2173887	6073	1
P046	168	Pulse	255	2190000	5687	NA
P046	170	Pulse	255	2220000	5357	NA
P046	170	Response	101	2220236	5592	1
P046	172	Pulse	255	2250000	19358	NA
P046	174	Response	101	2266506	5534	1
P046	176	Pulse	255	2280000	3029	NA
P046	178	Pulse	255	2310000	2698	NA
P046	178	Response	101	2318086	10784	1
P046	180	Pulse	255	2340000	11533	NA
P046	182	Response	101	2364336	5539	1
P046	183	Pulse	255	2370000	5536	NA
P046	185	Pulse	255	2400000	5039	NA
P046	186	Response	100	2411447	6320	1
P046	188	Pulse	255	2430000	8041	NA
P046	190	Response	101	2459326	7036	1
P046	191	Pulse	255	2460000	544	NA
P046	193	Pulse	255	2490000	47	NA
P046	194	Response	100	2505386	5268	1
P046	196	Pulse	255	2520000	4216	NA
P046	198	Pulse	255	2550000	3885	NA
P046	198	Response	101	2551666	5551	1
P046	200	Pulse	255	2580000	17887	NA
P046	202	Response	100	2597407	4963	1
P046	204	Pulse	255	2610000	2057	NA
P046	206	Pulse	255	2640000	1727	NA
P046	206	Response	101	2643976	5703	1
P046	208	Pulse	255	2670000	15561	NA
P046	210	Response	100	2690506	5737	1
P046	211	Pulse	255	2700000	9398	NA
P046	213	Pulse	255	2730000	8900	NA
P046	214	Response	100	2735816	4551	1
P046	216	Pulse	255	2760000	13736	NA
P046	218	Response	100	2781366	4771	1
P046	219	Pulse	255	2790000	8572	NA
P046	221	Pulse	255	2820000	8075	NA
P046	222	Response	101	2826756	4665	1
P046	224	Pulse	255	2850000	12744	NA
P046	226	Response	100	2872216	4629	1
P046	227	Pulse	255	2880000	7580	NA
P046	229	Pulse	255	2910000	7083	NA
P046	230	Response	100	2918545	5462	1
P046	232	Pulse	255	2940000	10918	NA
P046	234	Response	101	2964466	5053	1
P046	235	Pulse	255	2970000	5421	NA
P046	237	Pulse	255	3000000	4924	NA
P046	238	Response	101	3011076	5834	1
P046	240	Pulse	255	3030000	8426	NA
P046	242	Picture	instruct_trial	3051905	0	1	41496	1	0	next	other	0
P046	242	Pulse	255	3060000	8095	NA
P046	242	Pulse	255	3090000	38095	NA
P046	242	Response	101	3093237	41332	1
P046	243	Response	101	3108046	14478	1
P046	245	Pulse	255	3120000	1435	NA
P046	247	Pulse	255	3150000	1104	NA
P046	247	Response	101	3163836	14939	1
P046	249	Pulse	255	3180000	5773	NA
P046	251	Pulse	255	3210000	5442	NA
P046	251	Response	101	3214686	10128	1
P046	253	Pulse	255	3240000	14777	NA
P046	255	Pulse	255	3270000	14446	NA
P046	255	Response	101	3272566	17012	1
P046	257	Pulse	255	3300000	16949	NA
P046	259	Response	100	3321616	8234	1
P046	260	Pulse	255	3330000	8285	NA
P046	262	Pulse	255	3360000	7788	NA
P046	263	Response	100	3374086	11708	1
P046	265	Pulse	255	3390000	5457	NA
P046	267	Pulse	255	3420000	5127	NA
P046	267	Response	100	3426556	11683	1
P046	269	Pulse	255	3450000	12962	NA
P046	271	Response	101	3476556	9187	1
P046	272	Pulse	255	3480000	3299	NA
P046	274	Pulse	255	3510000	2801	NA
P046	275	Response	100	3525626	8262	1
P046	277	Pulse	255	3540000	3970	NA
P046	279	Pulse	255	3570000	3640	NA
P046	279	Response	100	3577035	10675	1
P046	281	Pulse	255	3600000	12475	NA
P046	283	Pulse	255	3630000	12144	NA
P046	283	Response	101	3630954	13099	1
P046	285	Pulse	255	3660000	18646	NA
P046	287	Response	100	3680503	8819	1
P046	288	Pulse	255	3690000	9316	NA
P046	290	Pulse	255	3720000	8819	NA
P046	291	Response	100	3737456	16109	1
P046	293	Pulse	255	3750000	2155	NA
P046	295	Pulse	255	3780000	1825	NA
P046	295	Response	101	3789236	11060	1
P046	297	Pulse	255	3810000	10326	NA
P046	299	Pulse	255	3840000	9996	NA
P046	299	Response	101	3848145	18141	1
P046	301	Pulse	255	3870000	11332	NA
P046	303	Pulse	255	3900000	11001	NA
P046	303	Response	100	3900445	11446	1
P046	305	Pulse	255	3930000	19169	NA
P046	307	Response	100	3952976	11814	1
P046	308	Pulse	255	3960000	6840	NA
P046	310	Pulse	255	3990000	6342	NA
P046	311	Response	101	4003585	9762	1
P046	313	Pulse	255	4020000	6012	NA
P046	315	Pulse	255	4050000	5681	NA
P046	315	Response	101	4052646	8326	1
P046	317	Pulse	255	4080000	16849	NA
P046	319	Response	101	4102925	9444	1
P046	320	Pulse	255	4110000	7019	NA
P046	322	Pulse	255	4140000	6522	NA
P046	323	Response	101	4149935	6291	1
P046	325	Pulse	255	4170000	9524	NA
P046	327	Pulse	255	4200000	9193	NA
P046	327	Response	100	4203482	12675	1
P046	329	Pulse	255	4230000	16029	NA
P046	331	Response	100	4251356	7054	1
P046	332	Pulse	255	4260000	8532	NA
P046	334	Pulse	255	4290000	8035	NA
P046	335	Response	100	4297025	4894	1
P046	337	Pulse	255	4320000	12537	NA
P046	339	Response	100	4345975	8181	1
P046	340	Pulse	255	4350000	3874	NA
P046	342	Pulse	255	4380000	3376	NA
P046	343	Response	101	4394985	8196	1
P046	345	Pulse	255	4410000	4545	NA
P046	347	Pulse	255	4440000	4215	NA
P046	347	Response	101	4441926	6140	1
P046	349	Pulse	255	4470000	17549	NA
P046	351	Response	100	4489366	6584	1
P046	353	Pulse	255	4500000	220	NA
P046	354	Pulse	255	4530000	10055	NA
P046	355	Response	100	4535426	5315	1
P046	357	Pulse	255	4560000	14057	NA
P046	359	Response	101	4582385	6112	1
P046	360	Pulse	255	4590000	7561	NA
P046	362	Pulse	255	4620000	7063	NA
P046	363	Response	101	4629476	6373	1
P046	365	Pulse	255	4650000	10065	NA
P046	367	Response	101	4676155	5890	1
P046	368	Pulse	255	4680000	3735	NA
P046	370	Pulse	255	4710000	3238	NA
P046	371	Response	101	4724985	8057	1
P046	373	Pulse	255	4740000	4574	NA
P046	375	Pulse	255	4770000	4243	NA
P046	375	Response	100	4776225	10468	1
P046	377	Pulse	255	4800000	13245	NA
P046	379	Response	100	4823095	6009	1
P046	380	Pulse	255	4830000	6748	NA
P046	382	Pulse	255	4860000	6251	NA
P046	383	Response	101	4871035	7119	1
P046	385	Pulse	255	4890000	8420	NA
P046	387	Response	101	4917105	5194	1
P046	388	Pulse	255	4920000	2756	NA
P046	390	Pulse	255	4950000	2259	NA
P046	391	Response	100	4964863	6956	1
P046	393	Pulse	255	4980000	4594	NA
P046	395	Pulse	255	5010000	4264	NA
P046	395	Response	100	5011407	5671	1
P046	397	Pulse	255	5040000	18098	NA
P046	399	Response	100	5059036	6803	1
P046	401	Pulse	255	5070000	436	NA
P046	403	Pulse	255	5100000	105	NA
P046	403	Response	101	5106976	7081	1
P046	405	Pulse	255	5130000	12607	NA
P046	407	Response	101	5153195	5471	1
P046	408	Pulse	255	5160000	6610	NA
P046	410	Pulse	255	5190000	6112	NA
P046	411	Response	100	5199585	5532	1
P046	413	Pulse	255	5220000	9948	NA
P046	415	Response	100	5245505	5122	1
P046	416	Pulse	255	5250000	4284	NA
P046	418	Pulse	255	5280000	3787	NA
P046	419	Response	100	5292015	5637	1
P046	421	Pulse	255	5310000	7456	NA
P046	423	Response	100	5338375	5501	1
P046	424	Pulse	255	5340000	1459	NA
P046	426	Pulse	255	5370000	962	NA
P046	427	Response	101	5384325	5121	1
P046	429	Pulse	255	5400000	5297	NA
P046	431	Response	100	5429225	4192	1
P046	432	Pulse	255	5430000	633	NA
P046	434	Pulse	255	5460000	136	NA
P046	435	Response	101	5476798	6768	1
P046	437	Pulse	255	5490000	2805	NA
P046	439	Pulse	255	5520000	2474	NA
P046	439	Response	100	5523436	5910	1
P046	441	Pulse	255	5550000	16142	NA
P046	443	Response	101	5569685	5497	1
P046	444	Pulse	255	5580000	10146	NA
P046	446	Pulse	255	5610000	9648	NA
P046	447	Response	100	5616506	5988	1
P046	449	Pulse	255	5640000	12984	NA
P046	451	Response	101	5664675	7328	1
P046	452	Pulse	255	5670000	5154	NA
P046	454	Pulse	255	5700000	4656	NA
P046	455	Response	101	5712235	6725	1
P046	457	Pulse	255	5730000	7325	NA
P046	459	Response	101	5758733	5728	1
P046	460	Pulse	255	5760000	1162	NA
P046	462	Pulse	255	5790000	664	NA
P046	463	Response	100	5803525	4024	1
P046	465	Pulse	255	5820000	6000	NA
P046	467	Pulse	255	5850000	5669	NA
P046	467	Response	101	5853825	9494	1
P046	469	Pulse	255	5880000	15671	NA
P046	471	Response	101	5899615	4956	1
P046	472	Pulse	255	5910000	10174	NA
P046	474	Pulse	255	5940000	9677	NA
P046	475	Response	100	5945266	4776	1
P046	477	Pulse	255	5970000	14345	NA
P046	479	Response	100	5990575	4590	1
P046	480	Pulse	255	6000000	9348	NA
P046	482	Pulse	255	6030000	8851	NA
P046	483	Picture	instruct_trial	6031315	0	1	30664	1	0	next	other	0
P046	483	Pulse	255	6060000	28685	NA
P046	483	Response	101	6061885	30570	1
P046	484	Response	101	6081974	19829	1
P046	485	Pulse	255	6090000	7856	NA
P046	487	Pulse	255	6120000	7359	NA
P046	488	Response	101	6140515	17708	1
P046	489	Pulse	255	6150000	9361	NA
P046	491	Pulse	255	6180000	8864	NA
P046	492	Response	100	6207025	25723	1
P046	493	Pulse	255	6210000	2867	NA
P046	495	Pulse	255	6240000	2370	NA
P046	496	Response	100	6256915	9119	1
P046	498	Pulse	255	6270000	2705	NA
P046	500	Pulse	255	6300000	2375	NA
P046	500	Response	100	6304714	7089	1
P046	502	Pulse	255	6330000	14876	NA
P046	504	Response	100	6349435	3980	1
P046	506	Pulse	255	6360000	47	NA
P046	507	Pulse	255	6390000	9882	NA
P046	508	Response	101	6401554	11270	1
P046	510	Pulse	255	6420000	8051	NA
P046	512	Response	101	6448684	6405	1
P046	513	Pulse	255	6450000	1221	NA
P046	515	Pulse	255	6480000	724	NA
P046	516	Response	101	6496785	7343	1
P046	518	Pulse	255	6510000	2726	NA
P046	520	Pulse	255	6540000	2395	NA
P046	520	Response	100	6542885	5281	1
P046	522	Pulse	255	6570000	16738	NA
P046	524	Response	100	6592405	8804	1
P046	525	Pulse	255	6600000	7400	NA
P046	527	Pulse	255	6630000	6903	NA
P046	528	Response	101	6639025	5762	1
P046	530	Pulse	255	6660000	10572	NA
P046	532	Response	100	6684294	4535	1
P046	533	Pulse	255	6690000	5575	NA
P046	535	Pulse	255	6720000	5077	NA
P046	536	Response	100	6737014	11926	1
P046	538	Pulse	255	6750000	2580	NA
P046	540	Pulse	255	6780000	2249	NA
P046	540	Response	101	6785275	7525	1
P046	542	Pulse	255	6810000	14251	NA
P046	544	Response	101	6832065	5985	1
P046	545	Pulse	255	6840000	7754	NA
P046	547	Pulse	255	6870000	7257	NA
P046	548	Response	101	6880295	7386	1
P046	550	Pulse	255	6900000	9259	NA
P046	552	Response	100	6926325	5253	1
P046	553	Pulse	255	6930000	3596	NA
P046	555	Pulse	255	6960000	3098	NA
P046	556	Response	100	6973884	6816	1
P046	558	Pulse	255	6990000	5601	NA
P046	560	Pulse	255	7020000	5270	NA
P046	560	Response	100	7020225	5495	1
P046	562	Pulse	255	7050000	19271	NA
P046	564	Response	100	7064915	3855	1
P046	566	Pulse	255	7080000	4608	NA
P046	568	Pulse	255	7110000	4278	NA
P046	568	Response	101	7110675	4952	1
P046	570	Pulse	255	7140000	18946	NA
P046	572	Response	101	7157927	6542	1
P046	574	Pulse	255	7170000	1616	NA
P046	576	Pulse	255	7200000	1286	NA
P046	576	Response	101	7206455	7740	1
P046	578	Pulse	255	7230000	13121	NA
P046	580	Response	101	7251964	4754	1
P046	581	Pulse	255	7260000	7957	NA
P046	583	Pulse	255	7290000	7460	NA
P046	584	Response	100	7298345	5639	1
P046	586	Pulse	255	7320000	11128	NA
P046	588	Response	100	7345885	6683	1
P046	589	Pulse	255	7350000	3965	NA
P046	591	Pulse	255	7380000	3468	NA
P046	592	Response	101	7391444	4746	1
P046	594	Pulse	255	7410000	8136	NA
P046	596	Response	101	7436095	3901	1
P046	597	Pulse	255	7440000	3806	NA
P046	599	Pulse	255	7470000	3309	NA
P046	600	Response	100	7482965	6108	1
P046	602	Pulse	255	7500000	6644	NA
P046	604	Response	100	7529974	6288	1
P046	604	Pulse	255	7530000	6314	NA
P046	606	Pulse	255	7560000	19482	NA
P046	608	Response	100	7576583	5734	1
P046	610	Pulse	255	7590000	2986	NA
P046	612	Pulse	255	7620000	2655	NA
P046	612	Response	100	7621715	4370	1
P046	614	Pulse	255	7650000	17823	NA
P046	616	Response	101	7669285	6777	1
P046	618	Pulse	255	7680000	327	NA
P046	619	Pulse	255	7710000	10162	NA
P046	620	Response	101	7717705	7701	1
P046	622	Pulse	255	7740000	11831	NA
P046	624	Response	100	7763534	5034	1
P046	625	Pulse	255	7770000	6334	NA
P046	627	Pulse	255	7800000	5837	NA
P046	628	Response	100	7810774	6445	1
P046	630	Pulse	255	7830000	8839	NA
P046	632	Response	101	7856458	4967	1
P046	633	Pulse	255	7860000	3342	NA
P046	635	Pulse	255	7890000	2845	NA
P046	636	Response	101	7903655	6334	1
P046	638	Pulse	255	7920000	5847	NA
P046	640	Pulse	255	7950000	5517	NA
P046	640	Response	101	7950325	5841	1
P046	642	Pulse	255	7980000	19185	NA
P046	644	Response	101	7997594	6448	1
P046	646	Pulse	255	8010000	2022	NA
P046	648	Pulse	255	8040000	1691	NA
P046	648	Response	100	8046434	8126	1
P046	650	Pulse	255	8070000	13026	NA
P046	652	Response	101	8093954	6650	1
P046	653	Pulse	255	8100000	5863	NA
P046	655	Pulse	255	8130000	5365	NA
P046	656	Response	101	8141993	7192	1
P046	658	Pulse	255	8160000	7534	NA
P046	660	Pulse	255	8190000	7204	NA
P046	660	Response	101	8190204	7408	1
P046	662	Pulse	255	8220000	19372	NA
P046	664	Response	101	8237363	6404	1
P046	666	Pulse	255	8250000	2209	NA
P046	668	Pulse	255	8280000	1879	NA
P046	668	Response	100	8284303	6182	1
P046	670	Pulse	255	8310000	15213	NA
P046	672	Response	101	8331195	6078	1
P046	673	Pulse	255	8340000	8716	NA
P046	675	Pulse	255	8370000	8219	NA
P046	676	Response	100	8378284	6338	1
P046	678	Pulse	255	8400000	11221	NA
P046	680	Response	101	8426145	7035	1
P046	681	Pulse	255	8430000	3725	NA
P046	683	Pulse	255	8460000	3227	NA
P046	684	Response	100	8474904	7966	1
P046	686	Pulse	255	8490000	4563	NA
P046	688	Pulse	255	8520000	4232	NA
P046	688	Response	101	8526014	10247	1
P046	690	Pulse	255	8550000	13567	NA
P046	692	Response	100	8573104	6341	1
P046	693	Pulse	255	8580000	6737	NA
P046	695	Pulse	255	8610000	6240	NA
P046	696	Response	100	8624675	10749	1
P046	698	Pulse	255	8640000	4909	NA
P046	700	Pulse	255	8670000	4579	NA
P046	700	Response	100	8674745	9323	1
P046	702	Pulse	255	8700000	14747	NA
P046	704	Response	101	8721583	5999	1
P046	705	Pulse	255	8730000	8250	NA
P046	707	Pulse	255	8760000	7753	NA
P046	708	Response	100	8768474	6061	1
P046	710	Pulse	255	8790000	11088	NA
P046	712	Response	100	8815026	5784	1
P046	713	Pulse	255	8820000	4925	NA
P046	715	Pulse	255	8850000	4427	NA
P046	716	Response	101	8862143	6405	1
P046	718	Pulse	255	8880000	7430	NA
P046	720	Response	101	8909193	6292	1
P046	721	Pulse	255	8910000	600	NA
P046	723	Pulse	255	8940000	102	NA
P046	724	Picture	instruct_trial	8950064	0	1	40163	1	0	next	other	0
P046	724	Pulse	255	8970000	19936	NA
