Scenario - learning_JJ_english
Logfile written - 10/30/2023 15:12:05

Subject	Trial	Event Type	Code	Time	TTime	Uncertainty	Duration	Uncertainty	ReqTime	ReqDur	Stim Type	Pair Index

P047	0	Pulse	255	0	0	NA
P047	1	Picture	instruct_trial	10500	0	1	64661	1	0	next	other	0
P047	1	Pulse	255	30000	19500	NA
P047	1	Pulse	255	60000	49500	NA
P047	1	Response	100	75065	64566	1
P047	1	Pulse	255	90000	79500	NA
P047	2	Response	100	106695	16535	1
P047	4	Pulse	255	120000	2843	NA
P047	6	Pulse	255	150000	2512	NA
P047	6	Response	101	172535	25047	1
P047	7	Pulse	255	180000	7348	NA
P047	9	Pulse	255	210000	6850	NA
P047	10	Response	101	234415	21099	1
P047	11	Pulse	255	240000	5520	NA
P047	13	Pulse	255	270000	5022	NA
P047	14	Response	100	286474	11330	1
P047	16	Pulse	255	300000	3025	NA
P047	18	Pulse	255	330000	2694	NA
P047	18	Response	100	348723	21417	1
P047	20	Pulse	255	360000	864	NA
P047	22	Pulse	255	390000	533	NA
P047	22	Response	101	411554	22087	1
P047	23	Pulse	255	420000	8368	NA
P047	25	Pulse	255	450000	7871	NA
P047	26	Response	100	465615	13320	1
P047	28	Pulse	255	480000	3874	NA
P047	30	Pulse	255	510000	3543	NA
P047	30	Response	100	512265	5808	1
P047	32	Pulse	255	540000	17211	NA
P047	34	Response	100	563575	10455	1
P047	35	Pulse	255	570000	6381	NA
P047	37	Pulse	255	600000	5884	NA
P047	38	Response	101	613513	9232	1
P047	40	Pulse	255	630000	6053	NA
P047	42	Pulse	255	660000	5722	NA
P047	42	Response	101	663714	9436	1
P047	44	Pulse	255	690000	15891	NA
P047	46	Response	100	714434	9994	1
P047	47	Pulse	255	720000	5394	NA
P047	49	Pulse	255	750000	4897	NA
P047	50	Response	100	768784	13516	1
P047	52	Pulse	255	780000	733	NA
P047	54	Pulse	255	810000	402	NA
P047	54	Response	101	816374	6777	1
P047	56	Pulse	255	840000	13237	NA
P047	58	Response	100	864644	7550	1
P047	59	Pulse	255	870000	5241	NA
P047	61	Pulse	255	900000	4743	NA
P047	62	Response	100	910915	5493	1
P047	64	Pulse	255	930000	8579	NA
P047	66	Response	100	956874	5122	1
P047	67	Pulse	255	960000	2915	NA
P047	69	Pulse	255	990000	2418	NA
P047	70	Response	101	1007075	9327	1
P047	72	Pulse	255	1020000	2420	NA
P047	74	Pulse	255	1050000	2090	NA
P047	74	Response	101	1057034	9124	1
P047	76	Pulse	255	1080000	12425	NA
P047	78	Pulse	255	1110000	12094	NA
P047	78	Response	101	1111535	13628	1
P047	80	Pulse	255	1140000	17929	NA
P047	82	Response	101	1159275	6873	1
P047	84	Pulse	255	1170000	267	NA
P047	85	Pulse	255	1200000	10102	NA
P047	86	Response	101	1214174	14110	1
P047	88	Pulse	255	1230000	5438	NA
P047	90	Pulse	255	1260000	5107	NA
P047	90	Response	100	1260234	5342	1
P047	92	Pulse	255	1290000	19275	NA
P047	94	Response	100	1307723	6668	1
P047	96	Pulse	255	1320000	1780	NA
P047	98	Pulse	255	1350000	1449	NA
P047	98	Response	100	1353984	5433	1
P047	100	Pulse	255	1380000	15617	NA
P047	102	Pulse	255	1410000	15286	NA
P047	102	Response	100	1416753	22039	1
P047	104	Pulse	255	1440000	12789	NA
P047	106	Response	101	1464204	6662	1
P047	107	Pulse	255	1470000	5625	NA
P047	109	Pulse	255	1500000	5128	NA
P047	110	Response	100	1520854	15816	1
P047	111	Pulse	255	1530000	8964	NA
P047	113	Pulse	255	1560000	8466	NA
P047	114	Response	100	1566044	4345	1
P047	116	Pulse	255	1590000	13468	NA
P047	118	Response	101	1611084	4222	1
P047	119	Pulse	255	1620000	8805	NA
P047	121	Pulse	255	1650000	8307	NA
P047	122	Response	101	1658164	6305	1
P047	124	Pulse	255	1680000	11310	NA
P047	126	Response	101	1708713	9692	1
P047	127	Pulse	255	1710000	1146	NA
P047	129	Pulse	255	1740000	649	NA
P047	130	Response	101	1762484	12967	1
P047	131	Pulse	255	1770000	7318	NA
P047	133	Pulse	255	1800000	6820	NA
P047	134	Response	100	1817674	14328	1
P047	136	Pulse	255	1830000	1823	NA
P047	138	Pulse	255	1860000	1493	NA
P047	138	Response	100	1865714	7207	1
P047	140	Pulse	255	1890000	13828	NA
P047	142	Response	100	1911194	4691	1
P047	143	Pulse	255	1920000	8664	NA
P047	145	Pulse	255	1950000	8167	NA
P047	146	Response	101	1956664	4665	1
P047	148	Pulse	255	1980000	12835	NA
P047	150	Response	100	2003244	5748	1
P047	151	Pulse	255	2010000	6672	NA
P047	153	Pulse	255	2040000	6174	NA
P047	154	Response	100	2048494	4503	1
P047	156	Pulse	255	2070000	11010	NA
P047	158	Response	100	2092834	3513	1
P047	159	Pulse	255	2100000	7013	NA
P047	161	Pulse	255	2130000	6516	NA
P047	162	Response	101	2143054	9404	1
P047	164	Pulse	255	2160000	6518	NA
P047	166	Response	101	2189774	5961	1
P047	167	Pulse	255	2190000	21	NA
P047	168	Pulse	255	2220000	19689	NA
P047	170	Response	100	2237564	6922	1
P047	172	Pulse	255	2250000	2026	NA
P047	174	Pulse	255	2280000	1695	NA
P047	174	Response	100	2284194	5890	1
P047	176	Pulse	255	2310000	15364	NA
P047	178	Response	100	2330784	5817	1
P047	179	Pulse	255	2340000	9033	NA
P047	181	Pulse	255	2370000	8536	NA
P047	182	Response	100	2375213	3583	1
P047	184	Pulse	255	2400000	14371	NA
P047	186	Response	101	2420564	4604	1
P047	187	Pulse	255	2430000	9374	NA
P047	189	Pulse	255	2460000	8877	NA
P047	190	Response	100	2466464	5175	1
P047	192	Pulse	255	2490000	13046	NA
P047	194	Response	101	2515363	8078	1
P047	195	Pulse	255	2520000	4549	NA
P047	197	Pulse	255	2550000	4052	NA
P047	198	Response	100	2564214	8100	1
P047	200	Pulse	255	2580000	5388	NA
P047	202	Response	101	2609203	4260	1
P047	203	Pulse	255	2610000	724	NA
P047	205	Pulse	255	2640000	227	NA
P047	206	Response	100	2654223	4284	1
P047	208	Pulse	255	2670000	5395	NA
P047	210	Pulse	255	2700000	5065	NA
P047	210	Response	101	2701684	6749	1
P047	212	Pulse	255	2730000	17899	NA
P047	214	Response	101	2749924	7493	1
P047	215	Pulse	255	2760000	9903	NA
P047	217	Pulse	255	2790000	9405	NA
P047	218	Response	101	2796544	5783	1
P047	220	Pulse	255	2820000	13074	NA
P047	222	Response	100	2844464	7207	1
P047	223	Pulse	255	2850000	5411	NA
P047	225	Pulse	255	2880000	4914	NA
P047	226	Response	101	2890784	5532	1
P047	228	Pulse	255	2910000	8749	NA
P047	230	Response	101	2936093	4511	1
P047	231	Pulse	255	2940000	3752	NA
P047	233	Pulse	255	2970000	3255	NA
P047	234	Response	100	2981594	4683	1
P047	236	Pulse	255	3000000	7924	NA
P047	238	Response	100	3027934	5527	1
P047	239	Pulse	255	3030000	1927	NA
P047	241	Pulse	255	3060000	1429	NA
P047	242	Picture	instruct_trial	3068736	0	1	17998	1	0	next	other	0
P047	242	Response	100	3086572	17836	1
P047	243	Pulse	255	3090000	3098	NA
P047	243	Response	100	3111194	24292	1
P047	244	Pulse	255	3120000	8601	NA
P047	246	Pulse	255	3150000	8103	NA
P047	247	Response	100	3178413	26350	1
P047	248	Pulse	255	3180000	1440	NA
P047	250	Pulse	255	3210000	942	NA
P047	251	Response	100	3238033	18810	1
P047	252	Pulse	255	3240000	1778	NA
P047	254	Pulse	255	3270000	1281	NA
P047	255	Response	100	3298324	19439	1
P047	256	Pulse	255	3300000	1617	NA
P047	258	Pulse	255	3330000	1119	NA
P047	259	Response	101	3355673	16627	1
P047	260	Pulse	255	3360000	4122	NA
P047	262	Pulse	255	3390000	3624	NA
P047	263	Response	100	3401643	5101	1
P047	265	Pulse	255	3420000	7960	NA
P047	267	Pulse	255	3450000	7629	NA
P047	267	Response	101	3454583	12212	1
P047	269	Pulse	255	3480000	14964	NA
P047	271	Response	100	3508333	12967	1
P047	272	Pulse	255	3510000	1468	NA
P047	274	Pulse	255	3540000	971	NA
P047	275	Response	101	3561582	12387	1
P047	276	Pulse	255	3570000	8306	NA
P047	278	Pulse	255	3600000	7809	NA
P047	279	Response	101	3617073	14716	1
P047	281	Pulse	255	3630000	2478	NA
P047	283	Pulse	255	3660000	2148	NA
P047	283	Response	101	3668924	11071	1
P047	285	Pulse	255	3690000	10649	NA
P047	287	Pulse	255	3720000	10319	NA
P047	287	Response	101	3726534	16852	1
P047	289	Pulse	255	3750000	12988	NA
P047	291	Pulse	255	3780000	12657	NA
P047	291	Response	100	3780784	13441	1
P047	293	Pulse	255	3810000	18826	NA
P047	295	Response	100	3835722	14217	1
P047	296	Pulse	255	3840000	4163	NA
P047	298	Pulse	255	3870000	3665	NA
P047	299	Response	100	3891233	14733	1
P047	300	Pulse	255	3900000	8668	NA
P047	302	Pulse	255	3930000	8170	NA
P047	303	Response	100	3950773	18778	1
P047	304	Pulse	255	3960000	9173	NA
P047	306	Pulse	255	3990000	8675	NA
P047	307	Response	101	4003162	11672	1
P047	309	Pulse	255	4020000	6345	NA
P047	311	Pulse	255	4050000	6014	NA
P047	311	Response	100	4059843	15857	1
P047	313	Pulse	255	4080000	9683	NA
P047	315	Pulse	255	4110000	9352	NA
P047	315	Response	100	4111462	10814	1
P047	317	Pulse	255	4140000	18021	NA
P047	319	Response	100	4163722	11412	1
P047	320	Pulse	255	4170000	6191	NA
P047	322	Pulse	255	4200000	5694	NA
P047	323	Response	100	4214323	9851	1
P047	325	Pulse	255	4230000	5196	NA
P047	327	Pulse	255	4260000	4866	NA
P047	327	Response	101	4263914	8780	1
P047	329	Pulse	255	4290000	15701	NA
P047	331	Response	101	4312463	7833	1
P047	332	Pulse	255	4320000	7371	NA
P047	334	Pulse	255	4350000	6873	NA
P047	335	Response	100	4365773	12481	1
P047	337	Pulse	255	4380000	3709	NA
P047	339	Pulse	255	4410000	3379	NA
P047	339	Response	101	4415243	8622	1
P047	341	Pulse	255	4440000	14380	NA
P047	343	Response	100	4462682	6732	1
P047	344	Pulse	255	4470000	7217	NA
P047	346	Pulse	255	4500000	6719	NA
P047	347	Response	100	4513673	10227	1
P047	349	Pulse	255	4530000	5889	NA
P047	351	Response	101	4559994	5552	1
P047	351	Pulse	255	4560000	5558	NA
P047	353	Pulse	255	4590000	19559	NA
P047	355	Response	101	4606552	5781	1
P047	357	Pulse	255	4620000	3063	NA
P047	359	Pulse	255	4650000	2733	NA
P047	359	Response	100	4655673	8406	1
P047	361	Pulse	255	4680000	13901	NA
P047	363	Response	100	4701652	5223	1
P047	364	Pulse	255	4710000	8237	NA
P047	366	Pulse	255	4740000	7740	NA
P047	367	Response	100	4749123	6697	1
P047	369	Pulse	255	4770000	10409	NA
P047	371	Response	100	4796973	7051	1
P047	372	Pulse	255	4800000	2912	NA
P047	374	Pulse	255	4830000	2415	NA
P047	375	Response	101	4847313	9563	1
P047	377	Pulse	255	4860000	2251	NA
P047	379	Pulse	255	4890000	1920	NA
P047	379	Response	101	4894522	6443	1
P047	381	Pulse	255	4920000	15088	NA
P047	383	Response	100	4944943	9701	1
P047	384	Pulse	255	4950000	4925	NA
P047	386	Pulse	255	4980000	4428	NA
P047	387	Response	100	4990973	5235	1
P047	389	Pulse	255	5010000	8597	NA
P047	391	Response	101	5038772	7038	1
P047	392	Pulse	255	5040000	1100	NA
P047	394	Pulse	255	5070000	602	NA
P047	395	Response	100	5083904	4340	1
P047	397	Pulse	255	5100000	5605	NA
P047	399	Pulse	255	5130000	5274	NA
P047	399	Response	101	5133903	9176	1
P047	401	Pulse	255	5160000	15609	NA
P047	403	Response	100	5183113	8391	1
P047	404	Pulse	255	5190000	6779	NA
P047	406	Pulse	255	5220000	6281	NA
P047	407	Response	100	5230363	6479	1
P047	409	Pulse	255	5250000	9117	NA
P047	411	Response	101	5277952	6738	1
P047	412	Pulse	255	5280000	1954	NA
P047	414	Pulse	255	5310000	1456	NA
P047	415	Response	101	5327392	8683	1
P047	417	Pulse	255	5340000	2125	NA
P047	419	Pulse	255	5370000	1795	NA
P047	419	Response	101	5374673	6467	1
P047	421	Pulse	255	5400000	14796	NA
P047	423	Response	101	5422783	7249	1
P047	424	Pulse	255	5430000	7133	NA
P047	426	Pulse	255	5460000	6635	NA
P047	427	Response	100	5471342	7811	1
P047	429	Pulse	255	5490000	8138	NA
P047	431	Response	101	5518232	6039	1
P047	432	Pulse	255	5520000	1641	NA
P047	434	Pulse	255	5550000	1144	NA
P047	435	Response	100	5569231	10209	1
P047	437	Pulse	255	5580000	313	NA
P047	438	Pulse	255	5610000	10148	NA
P047	439	Response	101	5616113	6095	1
P047	441	Pulse	255	5640000	13484	NA
P047	443	Response	100	5662612	5764	1
P047	444	Pulse	255	5670000	7320	NA
P047	446	Pulse	255	5700000	6823	NA
P047	447	Response	101	5711083	7740	1
P047	449	Pulse	255	5730000	8492	NA
P047	451	Pulse	255	5760000	8161	NA
P047	451	Response	100	5760703	8864	1
P047	453	Pulse	255	5790000	18829	NA
P047	455	Response	100	5810273	8772	1
P047	456	Pulse	255	5820000	9666	NA
P047	458	Pulse	255	5850000	9169	NA
P047	459	Response	100	5862452	11455	1
P047	461	Pulse	255	5880000	7171	NA
P047	463	Pulse	255	5910000	6841	NA
P047	463	Response	101	5910662	7502	1
P047	465	Pulse	255	5940000	18842	NA
P047	467	Response	100	5961193	9705	1
P047	468	Pulse	255	5970000	8679	NA
P047	470	Pulse	255	6000000	8182	NA
P047	471	Response	100	6011733	9749	1
P047	473	Pulse	255	6030000	7851	NA
P047	475	Pulse	255	6060000	7520	NA
P047	475	Response	101	6064463	11983	1
P047	477	Pulse	255	6090000	15022	NA
P047	479	Response	101	6112683	7375	1
P047	480	Pulse	255	6120000	7192	NA
P047	482	Pulse	255	6150000	6695	NA
P047	483	Picture	instruct_trial	6153471	0	1	62995	1	0	next	other	0
P047	483	Pulse	255	6180000	26529	NA
P047	483	Pulse	255	6210000	56529	NA
P047	483	Response	100	6216382	62911	1
P047	484	Response	100	6234083	17450	1
P047	485	Pulse	255	6240000	5869	NA
P047	487	Pulse	255	6270000	5372	NA
P047	488	Response	101	6291153	16359	1
P047	489	Pulse	255	6300000	8708	NA
P047	491	Pulse	255	6330000	8210	NA
P047	492	Response	101	6349993	18037	1
P047	493	Pulse	255	6360000	9879	NA
P047	495	Pulse	255	6390000	9382	NA
P047	496	Response	100	6403763	12979	1
P047	498	Pulse	255	6420000	5718	NA
P047	500	Pulse	255	6450000	5387	NA
P047	500	Response	100	6451303	6690	1
P047	502	Pulse	255	6480000	18222	NA
P047	504	Response	101	6502783	10674	1
P047	505	Pulse	255	6510000	7059	NA
P047	507	Pulse	255	6540000	6562	NA
P047	508	Response	100	6552113	8508	1
P047	510	Pulse	255	6570000	7398	NA
P047	512	Response	100	6597572	4639	1
P047	513	Pulse	255	6600000	2234	NA
P047	515	Pulse	255	6630000	1737	NA
P047	516	Response	100	6643473	5044	1
P047	518	Pulse	255	6660000	6072	NA
P047	520	Response	101	6688303	4044	1
P047	521	Pulse	255	6690000	1575	NA
P047	523	Pulse	255	6720000	1078	NA
P047	524	Response	101	6736873	7785	1
P047	526	Pulse	255	6750000	2747	NA
P047	528	Pulse	255	6780000	2416	NA
P047	528	Response	100	6782620	5036	1
P047	530	Pulse	255	6810000	16917	NA
P047	532	Response	101	6828032	4619	1
P047	534	Pulse	255	6840000	1588	NA
P047	536	Pulse	255	6870000	1257	NA
P047	536	Response	101	6874711	5968	1
P047	538	Pulse	255	6900000	14759	NA
P047	540	Response	100	6922842	7270	1
P047	541	Pulse	255	6930000	7095	NA
P047	543	Pulse	255	6960000	6598	NA
P047	544	Response	100	6967681	4113	1
P047	546	Pulse	255	6990000	11933	NA
P047	548	Response	100	7014542	6145	1
P047	549	Pulse	255	7020000	5270	NA
P047	551	Pulse	255	7050000	4772	NA
P047	552	Response	101	7058843	3449	1
P047	554	Pulse	255	7080000	10774	NA
P047	556	Response	101	7106003	6446	1
P047	557	Pulse	255	7110000	3944	NA
P047	559	Pulse	255	7140000	3447	NA
P047	560	Response	100	7154521	7802	1
P047	562	Pulse	255	7170000	4949	NA
P047	564	Pulse	255	7200000	4619	NA
P047	564	Response	101	7201052	5671	1
P047	566	Pulse	255	7230000	18453	NA
P047	568	Response	100	7245232	3355	1
P047	570	Pulse	255	7260000	4290	NA
P047	572	Pulse	255	7290000	3960	NA
P047	572	Response	100	7290882	4842	1
P047	574	Pulse	255	7320000	18628	NA
P047	576	Response	100	7336973	5270	1
P047	578	Pulse	255	7350000	2632	NA
P047	580	Pulse	255	7380000	2301	NA
P047	580	Response	100	7386232	8533	1
P047	582	Pulse	255	7410000	13303	NA
P047	584	Response	101	7433483	6455	1
P047	585	Pulse	255	7440000	6306	NA
P047	587	Pulse	255	7470000	5808	NA
P047	588	Response	101	7480333	5975	1
P047	590	Pulse	255	7500000	9144	NA
P047	592	Response	100	7525842	4655	1
P047	593	Pulse	255	7530000	3980	NA
P047	595	Pulse	255	7560000	3483	NA
P047	596	Response	100	7571791	5109	1
P047	598	Pulse	255	7590000	7819	NA
P047	600	Response	101	7619111	6599	1
P047	601	Pulse	255	7620000	822	NA
P047	603	Pulse	255	7650000	324	NA
P047	604	Response	101	7665393	5551	1
P047	606	Pulse	255	7680000	4160	NA
P047	608	Pulse	255	7710000	3829	NA
P047	608	Response	101	7711662	5492	1
P047	610	Pulse	255	7740000	17831	NA
P047	612	Response	101	7759071	6571	1
P047	614	Pulse	255	7770000	501	NA
P047	616	Pulse	255	7800000	171	NA
P047	616	Response	100	7806251	6421	1
P047	618	Pulse	255	7830000	13339	NA
P047	620	Response	100	7852841	5849	1
P047	621	Pulse	255	7860000	7009	NA
P047	623	Pulse	255	7890000	6511	NA
P047	624	Response	101	7897991	4336	1
P047	626	Pulse	255	7920000	11513	NA
P047	628	Response	101	7944582	5764	1
P047	629	Pulse	255	7950000	5350	NA
P047	631	Pulse	255	7980000	4852	NA
P047	632	Response	100	7991080	5766	1
P047	634	Pulse	255	8010000	8521	NA
P047	636	Response	100	8037302	5493	1
P047	637	Pulse	255	8040000	2524	NA
P047	639	Pulse	255	8070000	2027	NA
P047	640	Response	101	8085872	7733	1
P047	642	Pulse	255	8100000	3696	NA
P047	644	Pulse	255	8130000	3365	NA
P047	644	Response	101	8137913	11278	1
P047	646	Pulse	255	8160000	11701	NA
P047	648	Response	101	8189201	10571	1
P047	649	Pulse	255	8190000	704	NA
P047	651	Pulse	255	8220000	207	NA
P047	652	Response	101	8235712	5753	1
P047	654	Pulse	255	8250000	3876	NA
P047	656	Pulse	255	8280000	3545	NA
P047	656	Response	100	8281392	4937	1
P047	658	Pulse	255	8310000	18213	NA
P047	660	Response	100	8327522	5404	1
P047	662	Pulse	255	8340000	2050	NA
P047	664	Pulse	255	8370000	1720	NA
P047	664	Response	100	8375231	6951	1
P047	666	Pulse	255	8400000	14388	NA
P047	668	Response	101	8420091	4148	1
P047	669	Pulse	255	8430000	9724	NA
P047	671	Pulse	255	8460000	9227	NA
P047	672	Response	100	8466803	5863	1
P047	674	Pulse	255	8490000	12729	NA
P047	676	Response	101	8514411	6809	1
P047	677	Pulse	255	8520000	5399	NA
P047	679	Pulse	255	8550000	4901	NA
P047	680	Response	100	8561962	6698	1
P047	682	Pulse	255	8580000	7570	NA
P047	684	Response	101	8606921	4161	1
P047	685	Pulse	255	8610000	2907	NA
P047	687	Pulse	255	8640000	2409	NA
P047	688	Response	100	8654632	6876	1
P047	690	Pulse	255	8670000	4912	NA
P047	692	Pulse	255	8700000	4581	NA
P047	692	Response	101	8700022	4603	1
P047	694	Pulse	255	8730000	19582	NA
P047	696	Response	101	8751861	11113	1
P047	697	Pulse	255	8760000	8086	NA
P047	699	Pulse	255	8790000	7589	NA
P047	700	Response	101	8797612	5035	1
P047	702	Pulse	255	8820000	11924	NA
P047	704	Response	100	8844542	6135	1
P047	705	Pulse	255	8850000	5261	NA
P047	707	Pulse	255	8880000	4763	NA
P047	708	Response	101	8890922	5519	1
P047	710	Pulse	255	8910000	8599	NA
P047	712	Response	101	8938162	6430	1
P047	713	Pulse	255	8940000	1769	NA
P047	715	Pulse	255	8970000	1271	NA
P047	716	Response	100	8985292	6397	1
P047	718	Pulse	255	9000000	4274	NA
P047	720	Pulse	255	9030000	3943	NA
P047	720	Response	100	9036531	10474	1
P047	722	Pulse	255	9060000	12945	NA
P047	724	Picture	instruct_trial	9077386	0	1	40163	1	0	next	other	0
P047	724	Response	100	9083961	6575	1
P047	724	Pulse	255	9090000	12614	NA
