Scenario - learning_JJ_english
Logfile written - 01/12/2024 15:21:59

Subject	Trial	Event Type	Code	Time	TTime	Uncertainty	Duration	Uncertainty	ReqTime	ReqDur	Stim Type	Pair Index

P056	0	Pulse	255	0	0	NA
P056	1	Picture	instruct_trial	10499	0	1	105658	1	0	next	other	0
P056	1	Pulse	255	30000	19501	NA
P056	1	Pulse	255	60000	49501	NA
P056	1	Pulse	255	90000	79501	NA
P056	1	Response	101	115969	105470	1
P056	1	Pulse	255	120000	109501	NA
P056	2	Response	100	129899	9742	1
P056	4	Pulse	255	150000	9512	NA
P056	6	Response	101	179930	9111	1
P056	7	Pulse	255	180000	15	NA
P056	8	Pulse	255	210000	19683	NA
P056	10	Response	101	232868	12220	1
P056	11	Pulse	255	240000	7020	NA
P056	13	Pulse	255	270000	6522	NA
P056	14	Response	100	284558	10915	1
P056	16	Pulse	255	300000	5025	NA
P056	18	Pulse	255	330000	4694	NA
P056	18	Response	101	338019	12713	1
P056	20	Pulse	255	360000	11530	NA
P056	22	Pulse	255	390000	11199	NA
P056	22	Response	101	394749	15948	1
P056	24	Pulse	255	420000	14868	NA
P056	26	Response	100	447200	11737	1
P056	27	Pulse	255	450000	2705	NA
P056	29	Pulse	255	480000	2208	NA
P056	30	Response	100	498419	10461	1
P056	32	Pulse	255	510000	1044	NA
P056	34	Pulse	255	540000	713	NA
P056	34	Response	101	549318	10031	1
P056	36	Pulse	255	570000	10215	NA
P056	38	Response	100	598829	8713	1
P056	39	Pulse	255	600000	1052	NA
P056	41	Pulse	255	630000	554	NA
P056	42	Response	101	649548	9937	1
P056	44	Pulse	255	660000	57	NA
P056	45	Pulse	255	690000	9892	NA
P056	46	Response	100	696700	6426	1
P056	48	Pulse	255	720000	12894	NA
P056	50	Response	101	744888	7451	1
P056	51	Pulse	255	750000	5064	NA
P056	53	Pulse	255	780000	4567	NA
P056	54	Response	100	792388	6789	1
P056	56	Pulse	255	810000	7236	NA
P056	58	Pulse	255	840000	6905	NA
P056	58	Response	100	840879	7784	1
P056	60	Pulse	255	870000	18740	NA
P056	62	Response	101	889788	8197	1
P056	63	Pulse	255	900000	10077	NA
P056	65	Pulse	255	930000	9579	NA
P056	66	Response	100	938538	7952	1
P056	68	Pulse	255	960000	11082	NA
P056	70	Response	101	988469	9220	1
P056	71	Pulse	255	990000	1419	NA
P056	73	Pulse	255	1020000	921	NA
P056	74	Response	101	1038448	9204	1
P056	76	Pulse	255	1050000	1091	NA
P056	78	Pulse	255	1080000	760	NA
P056	78	Response	101	1089161	9921	1
P056	80	Pulse	255	1110000	10428	NA
P056	82	Response	101	1136068	6165	1
P056	83	Pulse	255	1140000	3765	NA
P056	85	Pulse	255	1170000	3267	NA
P056	86	Response	100	1189728	12830	1
P056	87	Pulse	255	1200000	10103	NA
P056	89	Pulse	255	1230000	9605	NA
P056	90	Response	100	1237699	7138	1
P056	92	Pulse	255	1260000	11774	NA
P056	94	Response	101	1285138	6582	1
P056	95	Pulse	255	1290000	4778	NA
P056	97	Pulse	255	1320000	4280	NA
P056	98	Response	100	1336988	11103	1
P056	100	Pulse	255	1350000	2616	NA
P056	102	Pulse	255	1380000	2286	NA
P056	102	Response	101	1386408	8694	1
P056	104	Pulse	255	1410000	13121	NA
P056	106	Response	101	1433948	6738	1
P056	107	Pulse	255	1440000	5957	NA
P056	109	Pulse	255	1470000	5460	NA
P056	110	Response	101	1486458	11752	1
P056	112	Pulse	255	1500000	3129	NA
P056	114	Pulse	255	1530000	2799	NA
P056	114	Response	100	1533288	6086	1
P056	116	Pulse	255	1560000	16300	NA
P056	118	Response	101	1581917	7886	1
P056	119	Pulse	255	1590000	7970	NA
P056	121	Pulse	255	1620000	7473	NA
P056	122	Response	101	1632728	10035	1
P056	124	Pulse	255	1650000	6809	NA
P056	126	Response	101	1678158	4636	1
P056	127	Pulse	255	1680000	1645	NA
P056	129	Pulse	255	1710000	1148	NA
P056	130	Response	101	1728447	9429	1
P056	132	Pulse	255	1740000	1150	NA
P056	134	Pulse	255	1770000	820	NA
P056	134	Response	100	1779718	10537	1
P056	136	Pulse	255	1800000	9821	NA
P056	138	Response	100	1827347	6838	1
P056	139	Pulse	255	1830000	2491	NA
P056	141	Pulse	255	1860000	1994	NA
P056	142	Response	101	1874378	6206	1
P056	144	Pulse	255	1890000	5163	NA
P056	146	Pulse	255	1920000	4832	NA
P056	146	Response	101	1922197	7030	1
P056	148	Pulse	255	1950000	17334	NA
P056	150	Response	100	1969937	6940	1
P056	151	Pulse	255	1980000	10004	NA
P056	153	Pulse	255	2010000	9506	NA
P056	154	Response	100	2018207	7548	1
P056	156	Pulse	255	2040000	11342	NA
P056	158	Pulse	255	2070000	11011	NA
P056	158	Response	100	2070887	11899	1
P056	160	Pulse	255	2100000	18680	NA
P056	162	Response	101	2119137	7486	1
P056	164	Pulse	255	2130000	351	NA
P056	166	Pulse	255	2160000	20	NA
P056	166	Response	101	2166807	6828	1
P056	168	Pulse	255	2190000	12688	NA
P056	170	Response	101	2216368	8726	1
P056	171	Pulse	255	2220000	3525	NA
P056	173	Pulse	255	2250000	3028	NA
P056	174	Response	100	2263126	5988	1
P056	176	Pulse	255	2280000	6363	NA
P056	178	Pulse	255	2310000	6033	NA
P056	178	Response	100	2310687	6720	1
P056	180	Pulse	255	2340000	18867	NA
P056	182	Response	100	2360298	8834	1
P056	183	Pulse	255	2370000	9538	NA
P056	185	Pulse	255	2400000	9040	NA
P056	186	Response	101	2409788	8662	1
P056	188	Pulse	255	2430000	9709	NA
P056	190	Response	100	2457628	7006	1
P056	191	Pulse	255	2460000	2213	NA
P056	193	Pulse	255	2490000	1715	NA
P056	194	Response	101	2507586	9136	1
P056	196	Pulse	255	2520000	1885	NA
P056	198	Pulse	255	2550000	1554	NA
P056	198	Response	100	2554496	6050	1
P056	200	Pulse	255	2580000	15055	NA
P056	202	Response	101	2600757	5481	1
P056	203	Pulse	255	2610000	9058	NA
P056	205	Pulse	255	2640000	8561	NA
P056	206	Response	100	2647296	5692	1
P056	208	Pulse	255	2670000	12230	NA
P056	210	Response	101	2694877	6776	1
P056	211	Pulse	255	2700000	5067	NA
P056	213	Pulse	255	2730000	4569	NA
P056	214	Response	101	2744577	8980	1
P056	216	Pulse	255	2760000	4905	NA
P056	218	Pulse	255	2790000	4574	NA
P056	218	Response	101	2791376	5951	1
P056	220	Pulse	255	2820000	18242	NA
P056	222	Response	100	2838806	6718	1
P056	224	Pulse	255	2850000	747	NA
P056	226	Pulse	255	2880000	416	NA
P056	226	Response	101	2884906	5322	1
P056	228	Pulse	255	2910000	14584	NA
P056	230	Response	101	2929768	4021	1
P056	231	Pulse	255	2940000	10087	NA
P056	233	Pulse	255	2970000	9590	NA
P056	234	Response	100	2975086	4510	1
P056	236	Pulse	255	3000000	14425	NA
P056	238	Response	100	3026017	10111	1
P056	239	Pulse	255	3030000	3929	NA
P056	241	Pulse	255	3060000	3439	NA
P056	242	Picture	instruct_trial	3066735	0	1	94825	1	0	next	other	0
P056	242	Pulse	255	3090000	23265	NA
P056	242	Pulse	255	3120000	53265	NA
P056	242	Pulse	255	3150000	83265	NA
P056	242	Response	101	3161506	94771	1
P056	243	Response	100	3175137	13410	1
P056	244	Pulse	255	3180000	4775	NA
P056	246	Pulse	255	3210000	4277	NA
P056	247	Response	101	3222356	6467	1
P056	249	Pulse	255	3240000	7113	NA
P056	251	Pulse	255	3270000	6782	NA
P056	251	Response	101	3270356	7138	1
P056	253	Pulse	255	3300000	19117	NA
P056	255	Response	100	3320917	9703	1
P056	256	Pulse	255	3330000	8954	NA
P056	258	Pulse	255	3360000	8457	NA
P056	259	Response	100	3371725	10016	1
P056	261	Pulse	255	3390000	7793	NA
P056	263	Pulse	255	3420000	7462	NA
P056	263	Response	101	3424056	11518	1
P056	265	Pulse	255	3450000	15464	NA
P056	267	Response	101	3478846	13979	1
P056	268	Pulse	255	3480000	968	NA
P056	270	Pulse	255	3510000	470	NA
P056	271	Response	101	3529816	10121	1
P056	272	Pulse	255	3540000	9972	NA
P056	274	Pulse	255	3570000	9475	NA
P056	275	Response	100	3583145	12454	1
P056	277	Pulse	255	3600000	6478	NA
P056	279	Pulse	255	3630000	6147	NA
P056	279	Response	100	3632756	8903	1
P056	281	Pulse	255	3660000	16815	NA
P056	283	Response	100	3685235	11720	1
P056	284	Pulse	255	3690000	4652	NA
P056	286	Pulse	255	3720000	4155	NA
P056	287	Response	100	3739666	13655	1
P056	288	Pulse	255	3750000	10157	NA
P056	290	Pulse	255	3780000	9660	NA
P056	291	Response	101	3790986	10480	1
P056	293	Pulse	255	3810000	8496	NA
P056	295	Pulse	255	3840000	8165	NA
P056	295	Response	100	3849096	17261	1
P056	297	Pulse	255	3870000	10501	NA
P056	299	Response	101	3897336	7506	1
P056	300	Pulse	255	3900000	2504	NA
P056	302	Pulse	255	3930000	2007	NA
P056	303	Response	100	3951286	13127	1
P056	304	Pulse	255	3960000	8509	NA
P056	306	Pulse	255	3990000	8011	NA
P056	307	Response	101	3997306	5151	1
P056	309	Pulse	255	4020000	12180	NA
P056	311	Response	101	4049285	11134	1
P056	312	Pulse	255	4050000	517	NA
P056	314	Pulse	255	4080000	20	NA
P056	315	Response	100	4096105	5959	1
P056	317	Pulse	255	4110000	3356	NA
P056	319	Pulse	255	4140000	3025	NA
P056	319	Response	101	4144826	7851	1
P056	321	Pulse	255	4170000	14693	NA
P056	323	Response	100	4192145	6507	1
P056	324	Pulse	255	4200000	7696	NA
P056	326	Pulse	255	4230000	7199	NA
P056	327	Response	100	4241755	8788	1
P056	329	Pulse	255	4260000	7868	NA
P056	331	Response	101	4288754	6292	1
P056	332	Pulse	255	4290000	1038	NA
P056	334	Pulse	255	4320000	541	NA
P056	335	Response	101	4334696	5071	1
P056	337	Pulse	255	4350000	4876	NA
P056	339	Pulse	255	4380000	4546	NA
P056	339	Response	100	4388195	12741	1
P056	341	Pulse	255	4410000	11381	NA
P056	343	Response	101	4438586	9636	1
P056	344	Pulse	255	4440000	1218	NA
P056	346	Pulse	255	4470000	720	NA
P056	347	Response	100	4484786	5340	1
P056	349	Pulse	255	4500000	4723	NA
P056	351	Pulse	255	4530000	4392	NA
P056	351	Response	100	4537855	12247	1
P056	353	Pulse	255	4560000	11727	NA
P056	355	Response	101	4584354	5751	1
P056	356	Pulse	255	4590000	5564	NA
P056	358	Pulse	255	4620000	5066	NA
P056	359	Response	101	4631504	6405	1
P056	361	Pulse	255	4650000	8069	NA
P056	363	Response	100	4679714	7452	1
P056	364	Pulse	255	4680000	239	NA
P056	365	Pulse	255	4710000	19906	NA
P056	367	Response	100	4725034	4610	1
P056	369	Pulse	255	4740000	4577	NA
P056	371	Pulse	255	4770000	4246	NA
P056	371	Response	101	4774024	8270	1
P056	373	Pulse	255	4800000	15581	NA
P056	375	Response	100	4822384	7634	1
P056	376	Pulse	255	4830000	7418	NA
P056	378	Pulse	255	4860000	6920	NA
P056	379	Response	101	4870244	6998	1
P056	381	Pulse	255	4890000	9256	NA
P056	383	Pulse	255	4920000	8925	NA
P056	383	Response	100	4920144	9069	1
P056	385	Pulse	255	4950000	19427	NA
P056	387	Response	100	4968674	7770	1
P056	389	Pulse	255	4980000	931	NA
P056	391	Pulse	255	5010000	600	NA
P056	391	Response	100	5023224	13824	1
P056	393	Pulse	255	5040000	6269	NA
P056	395	Pulse	255	5070000	5939	NA
P056	395	Response	101	5070144	6082	1
P056	397	Pulse	255	5100000	19440	NA
P056	399	Response	100	5121214	10323	1
P056	400	Pulse	255	5130000	8610	NA
P056	402	Pulse	255	5160000	8113	NA
P056	403	Response	101	5172944	10891	1
P056	405	Pulse	255	5190000	6616	NA
P056	407	Response	100	5218534	4818	1
P056	408	Pulse	255	5220000	1285	NA
P056	410	Pulse	255	5250000	788	NA
P056	411	Response	100	5266484	7106	1
P056	413	Pulse	255	5280000	3124	NA
P056	415	Pulse	255	5310000	2793	NA
P056	415	Response	101	5314124	6917	1
P056	417	Pulse	255	5340000	15461	NA
P056	419	Response	101	5358795	3925	1
P056	421	Pulse	255	5370000	798	NA
P056	423	Pulse	255	5400000	468	NA
P056	423	Response	100	5408353	8821	1
P056	425	Pulse	255	5430000	11136	NA
P056	427	Response	100	5454683	5489	1
P056	428	Pulse	255	5460000	5139	NA
P056	430	Pulse	255	5490000	4642	NA
P056	431	Response	101	5501123	5599	1
P056	433	Pulse	255	5520000	8477	NA
P056	435	Response	101	5548405	6551	1
P056	436	Pulse	255	5550000	1481	NA
P056	438	Pulse	255	5580000	983	NA
P056	439	Response	100	5596823	7641	1
P056	441	Pulse	255	5610000	2652	NA
P056	443	Pulse	255	5640000	2322	NA
P056	443	Response	100	5642204	4525	1
P056	445	Pulse	255	5670000	17323	NA
P056	447	Response	101	5687473	4465	1
P056	449	Pulse	255	5700000	1993	NA
P056	451	Pulse	255	5730000	1663	NA
P056	451	Response	101	5734573	6236	1
P056	453	Pulse	255	5760000	14998	NA
P056	455	Response	101	5781403	6070	1
P056	456	Pulse	255	5790000	8501	NA
P056	458	Pulse	255	5820000	8003	NA
P056	459	Response	100	5829733	5904	1
P056	461	Pulse	255	5850000	9839	NA
P056	463	Response	100	5876223	5732	1
P056	464	Pulse	255	5880000	3676	NA
P056	466	Pulse	255	5910000	3178	NA
P056	466	Response	101	5916033	9211	1
P056	467	Response	101	5932493	15505	1
P056	468	Pulse	255	5940000	7347	NA
P056	469	Response	101	5958313	15328	1
P056	470	Pulse	255	5970000	6850	NA
P056	471	Response	100	5977813	4497	1
P056	472	Response	101	5980743	2761	1
P056	473	Pulse	255	6000000	11685	NA
P056	475	Response	101	6026643	7997	1
P056	476	Pulse	255	6030000	3189	NA
P056	478	Pulse	255	6060000	2691	NA
P056	479	Response	100	6073443	5968	1
P056	481	Pulse	255	6090000	6027	NA
P056	483	Picture	instruct_trial	6114304	0	1	298974	1	0	next	other	0
P056	483	Pulse	255	6120000	5696	NA
P056	483	Pulse	255	6150000	35696	NA
P056	483	Pulse	255	6180000	65696	NA
P056	483	Pulse	255	6210000	95696	NA
P056	483	Pulse	255	6240000	125696	NA
P056	483	Pulse	255	6270000	155696	NA
P056	483	Pulse	255	6300000	185696	NA
P056	483	Pulse	255	6330000	215696	NA
P056	483	Pulse	255	6360000	245696	NA
P056	483	Pulse	255	6390000	275696	NA
P056	483	Response	101	6413134	298831	1
P056	484	Pulse	255	6420000	6556	NA
P056	484	Response	100	6431604	18159	1
P056	486	Pulse	255	6450000	7891	NA
P056	488	Pulse	255	6480000	7561	NA
P056	488	Response	100	6485413	12974	1
P056	490	Pulse	255	6510000	14063	NA
P056	492	Response	100	6538563	12295	1
P056	493	Pulse	255	6540000	1233	NA
P056	495	Pulse	255	6570000	736	NA
P056	496	Response	101	6591393	11963	1
P056	497	Pulse	255	6600000	8404	NA
P056	499	Pulse	255	6630000	7907	NA
P056	500	Response	101	6642163	9904	1
P056	502	Pulse	255	6660000	7410	NA
P056	504	Pulse	255	6690000	7079	NA
P056	504	Response	101	6696043	13122	1
P056	506	Pulse	255	6720000	13414	NA
P056	508	Response	101	6744072	7156	1
P056	509	Pulse	255	6750000	5751	NA
P056	511	Pulse	255	6780000	5253	NA
P056	512	Response	101	6798092	13180	1
P056	514	Pulse	255	6810000	1423	NA
P056	516	Pulse	255	6840000	1092	NA
P056	516	Response	101	6848313	9405	1
P056	518	Pulse	255	6870000	11261	NA
P056	520	Pulse	255	6900000	10930	NA
P056	520	Response	101	6904573	15503	1
P056	522	Pulse	255	6930000	14932	NA
P056	524	Response	100	6957092	11694	1
P056	525	Pulse	255	6960000	2769	NA
P056	527	Pulse	255	6990000	2272	NA
P056	528	Response	100	7007772	9879	1
P056	530	Pulse	255	7020000	1775	NA
P056	532	Pulse	255	7050000	1444	NA
P056	532	Response	101	7056473	7917	1
P056	534	Pulse	255	7080000	13112	NA
P056	536	Response	100	7106523	9305	1
P056	537	Pulse	255	7110000	3282	NA
P056	539	Pulse	255	7140000	2785	NA
P056	540	Response	101	7158143	10762	1
P056	542	Pulse	255	7170000	1454	NA
P056	544	Pulse	255	7200000	1124	NA
P056	544	Response	100	7211222	12346	1
P056	546	Pulse	255	7230000	8292	NA
P056	548	Pulse	255	7260000	7962	NA
P056	548	Response	101	7262982	10944	1
P056	550	Pulse	255	7290000	16630	NA
P056	552	Response	100	7310224	6523	1
P056	553	Pulse	255	7320000	9633	NA
P056	555	Pulse	255	7350000	9136	NA
P056	556	Response	101	7361323	10293	1
P056	558	Pulse	255	7380000	8139	NA
P056	560	Pulse	255	7410000	7808	NA
P056	560	Response	101	7413182	10990	1
P056	562	Pulse	255	7440000	16310	NA
P056	564	Response	100	7462992	8971	1
P056	565	Pulse	255	7470000	6813	NA
P056	567	Pulse	255	7500000	6316	NA
P056	568	Response	101	7520342	16492	1
P056	569	Pulse	255	7530000	9485	NA
P056	571	Pulse	255	7560000	8987	NA
P056	572	Response	101	7573683	12505	1
P056	574	Pulse	255	7590000	5824	NA
P056	576	Pulse	255	7620000	5493	NA
P056	576	Response	101	7622771	8264	1
P056	578	Pulse	255	7650000	16828	NA
P056	580	Response	100	7668511	5009	1
P056	582	Pulse	255	7680000	999	NA
P056	584	Pulse	255	7710000	668	NA
P056	584	Response	101	7714753	5420	1
P056	586	Pulse	255	7740000	14836	NA
P056	588	Response	100	7764173	8678	1
P056	589	Pulse	255	7770000	5673	NA
P056	591	Pulse	255	7800000	5175	NA
P056	592	Response	101	7820495	15504	1
P056	593	Pulse	255	7830000	9344	NA
P056	595	Pulse	255	7860000	8847	NA
P056	596	Response	101	7870781	9462	1
P056	598	Pulse	255	7890000	8683	NA
P056	600	Pulse	255	7920000	8352	NA
P056	600	Response	100	7923562	11914	1
P056	602	Pulse	255	7950000	16021	NA
P056	604	Response	100	7979811	15501	1
P056	605	Pulse	255	7980000	25	NA
P056	606	Pulse	255	8010000	19692	NA
P056	608	Response	100	8034441	13803	1
P056	609	Pulse	255	8040000	5363	NA
P056	611	Pulse	255	8070000	4865	NA
P056	612	Response	100	8087731	12431	1
P056	614	Pulse	255	8100000	1868	NA
P056	616	Pulse	255	8130000	1537	NA
P056	616	Response	100	8146251	17789	1
P056	618	Pulse	255	8160000	3373	NA
P056	620	Pulse	255	8190000	3043	NA
P056	620	Response	101	8201821	14863	1
P056	622	Pulse	255	8220000	7711	NA
P056	624	Pulse	255	8250000	7381	NA
P056	624	Response	100	8256801	14182	1
P056	626	Pulse	255	8280000	12716	NA
P056	628	Pulse	255	8310000	12385	NA
P056	628	Response	100	8314012	16397	1
P056	630	Pulse	255	8340000	15554	NA
P056	632	Response	101	8369051	14274	1
P056	633	Pulse	255	8370000	892	NA
P056	635	Pulse	255	8400000	394	NA
P056	636	Response	100	8421062	11290	1
P056	637	Pulse	255	8430000	8730	NA
P056	639	Pulse	255	8460000	8232	NA
P056	640	Response	100	8475501	13568	1
P056	642	Pulse	255	8490000	4068	NA
P056	644	Pulse	255	8520000	3738	NA
P056	644	Response	100	8535021	18759	1
P056	646	Pulse	255	8550000	4574	NA
P056	648	Pulse	255	8580000	4243	NA
P056	648	Response	100	8589280	13523	1
P056	650	Pulse	255	8610000	10245	NA
P056	652	Pulse	255	8640000	9914	NA
P056	652	Response	101	8648590	18505	1
P056	654	Pulse	255	8670000	10917	NA
P056	656	Response	101	8696861	7447	1
P056	657	Pulse	255	8700000	3087	NA
P056	659	Pulse	255	8730000	2589	NA
P056	660	Response	101	8746171	8595	1
P056	662	Pulse	255	8760000	3425	NA
P056	664	Pulse	255	8790000	3095	NA
P056	664	Response	100	8796450	9545	1
P056	666	Pulse	255	8820000	13096	NA
P056	668	Response	100	8845031	7796	1
P056	669	Pulse	255	8850000	4766	NA
P056	671	Pulse	255	8880000	4269	NA
P056	672	Response	101	8895652	9755	1
P056	674	Pulse	255	8910000	3938	NA
P056	676	Pulse	255	8940000	3608	NA
P056	676	Response	100	8946601	10208	1
P056	678	Pulse	255	8970000	12943	NA
P056	680	Pulse	255	9000000	12612	NA
P056	680	Response	101	9002881	15493	1
P056	682	Pulse	255	9030000	16614	NA
P056	684	Response	100	9056971	13254	1
P056	685	Pulse	255	9060000	2951	NA
P056	687	Pulse	255	9090000	2454	NA
P056	688	Response	101	9107701	9990	1
P056	690	Pulse	255	9120000	1790	NA
P056	692	Pulse	255	9150000	1459	NA
P056	692	Response	100	9158361	9820	1
P056	694	Pulse	255	9180000	11128	NA
P056	696	Response	100	9207371	8168	1
P056	697	Pulse	255	9210000	2464	NA
P056	699	Pulse	255	9240000	1967	NA
P056	700	Response	100	9253811	5612	1
P056	702	Pulse	255	9270000	5803	NA
P056	704	Pulse	255	9300000	5472	NA
P056	704	Response	101	9304490	9962	1
P056	706	Pulse	255	9330000	14974	NA
P056	708	Pulse	255	9360000	14643	NA
P056	708	Response	100	9361291	15934	1
P056	710	Pulse	255	9390000	18312	NA
P056	712	Response	100	9408130	6111	1
P056	714	Pulse	255	9420000	1483	NA
P056	716	Pulse	255	9450000	1152	NA
P056	716	Response	101	9461980	13132	1
P056	718	Pulse	255	9480000	7487	NA
P056	720	Pulse	255	9510000	7157	NA
P056	720	Response	101	9516260	13417	1
P056	722	Pulse	255	9540000	13325	NA
P056	724	Picture	instruct_trial	9557005	0	1	40163	1	0	next	other	0
P056	724	Pulse	255	9570000	12995	NA
